Archive member included because of file (symbol)

/Users/Baram/gcc-arm-none-eabi/bin/../lib/gcc/arm-none-eabi/4.7.4/../../../../arm-none-eabi/lib/armv7-m/libm.a(lib_a-sf_cos.o)
                              obj/SKYROVER/gps.o (cosf)
/Users/Baram/gcc-arm-none-eabi/bin/../lib/gcc/arm-none-eabi/4.7.4/../../../../arm-none-eabi/lib/armv7-m/libm.a(lib_a-sf_lrint.o)
                              obj/SKYROVER/imu.o (lrintf)
/Users/Baram/gcc-arm-none-eabi/bin/../lib/gcc/arm-none-eabi/4.7.4/../../../../arm-none-eabi/lib/armv7-m/libm.a(lib_a-sf_sin.o)
                              obj/SKYROVER/gps.o (sinf)
/Users/Baram/gcc-arm-none-eabi/bin/../lib/gcc/arm-none-eabi/4.7.4/../../../../arm-none-eabi/lib/armv7-m/libm.a(lib_a-wf_atan2.o)
                              obj/SKYROVER/gps.o (atan2f)
/Users/Baram/gcc-arm-none-eabi/bin/../lib/gcc/arm-none-eabi/4.7.4/../../../../arm-none-eabi/lib/armv7-m/libm.a(lib_a-wf_pow.o)
                              obj/SKYROVER/imu.o (powf)
/Users/Baram/gcc-arm-none-eabi/bin/../lib/gcc/arm-none-eabi/4.7.4/../../../../arm-none-eabi/lib/armv7-m/libm.a(lib_a-wf_sqrt.o)
                              obj/SKYROVER/gps.o (sqrtf)
/Users/Baram/gcc-arm-none-eabi/bin/../lib/gcc/arm-none-eabi/4.7.4/../../../../arm-none-eabi/lib/armv7-m/libm.a(lib_a-ef_atan2.o)
                              /Users/Baram/gcc-arm-none-eabi/bin/../lib/gcc/arm-none-eabi/4.7.4/../../../../arm-none-eabi/lib/armv7-m/libm.a(lib_a-wf_atan2.o) (__ieee754_atan2f)
/Users/Baram/gcc-arm-none-eabi/bin/../lib/gcc/arm-none-eabi/4.7.4/../../../../arm-none-eabi/lib/armv7-m/libm.a(lib_a-ef_pow.o)
                              /Users/Baram/gcc-arm-none-eabi/bin/../lib/gcc/arm-none-eabi/4.7.4/../../../../arm-none-eabi/lib/armv7-m/libm.a(lib_a-wf_pow.o) (__ieee754_powf)
/Users/Baram/gcc-arm-none-eabi/bin/../lib/gcc/arm-none-eabi/4.7.4/../../../../arm-none-eabi/lib/armv7-m/libm.a(lib_a-ef_rem_pio2.o)
                              /Users/Baram/gcc-arm-none-eabi/bin/../lib/gcc/arm-none-eabi/4.7.4/../../../../arm-none-eabi/lib/armv7-m/libm.a(lib_a-sf_cos.o) (__ieee754_rem_pio2f)
/Users/Baram/gcc-arm-none-eabi/bin/../lib/gcc/arm-none-eabi/4.7.4/../../../../arm-none-eabi/lib/armv7-m/libm.a(lib_a-ef_sqrt.o)
                              /Users/Baram/gcc-arm-none-eabi/bin/../lib/gcc/arm-none-eabi/4.7.4/../../../../arm-none-eabi/lib/armv7-m/libm.a(lib_a-wf_sqrt.o) (__ieee754_sqrtf)
/Users/Baram/gcc-arm-none-eabi/bin/../lib/gcc/arm-none-eabi/4.7.4/../../../../arm-none-eabi/lib/armv7-m/libm.a(lib_a-kf_cos.o)
                              /Users/Baram/gcc-arm-none-eabi/bin/../lib/gcc/arm-none-eabi/4.7.4/../../../../arm-none-eabi/lib/armv7-m/libm.a(lib_a-sf_cos.o) (__kernel_cosf)
/Users/Baram/gcc-arm-none-eabi/bin/../lib/gcc/arm-none-eabi/4.7.4/../../../../arm-none-eabi/lib/armv7-m/libm.a(lib_a-kf_rem_pio2.o)
                              /Users/Baram/gcc-arm-none-eabi/bin/../lib/gcc/arm-none-eabi/4.7.4/../../../../arm-none-eabi/lib/armv7-m/libm.a(lib_a-ef_rem_pio2.o) (__kernel_rem_pio2f)
/Users/Baram/gcc-arm-none-eabi/bin/../lib/gcc/arm-none-eabi/4.7.4/../../../../arm-none-eabi/lib/armv7-m/libm.a(lib_a-kf_sin.o)
                              /Users/Baram/gcc-arm-none-eabi/bin/../lib/gcc/arm-none-eabi/4.7.4/../../../../arm-none-eabi/lib/armv7-m/libm.a(lib_a-sf_cos.o) (__kernel_sinf)
/Users/Baram/gcc-arm-none-eabi/bin/../lib/gcc/arm-none-eabi/4.7.4/../../../../arm-none-eabi/lib/armv7-m/libm.a(lib_a-s_lib_ver.o)
                              /Users/Baram/gcc-arm-none-eabi/bin/../lib/gcc/arm-none-eabi/4.7.4/../../../../arm-none-eabi/lib/armv7-m/libm.a(lib_a-wf_pow.o) (__fdlib_version)
/Users/Baram/gcc-arm-none-eabi/bin/../lib/gcc/arm-none-eabi/4.7.4/../../../../arm-none-eabi/lib/armv7-m/libm.a(lib_a-s_matherr.o)
                              /Users/Baram/gcc-arm-none-eabi/bin/../lib/gcc/arm-none-eabi/4.7.4/../../../../arm-none-eabi/lib/armv7-m/libm.a(lib_a-wf_pow.o) (matherr)
/Users/Baram/gcc-arm-none-eabi/bin/../lib/gcc/arm-none-eabi/4.7.4/../../../../arm-none-eabi/lib/armv7-m/libm.a(lib_a-s_rint.o)
                              /Users/Baram/gcc-arm-none-eabi/bin/../lib/gcc/arm-none-eabi/4.7.4/../../../../arm-none-eabi/lib/armv7-m/libm.a(lib_a-wf_pow.o) (rint)
/Users/Baram/gcc-arm-none-eabi/bin/../lib/gcc/arm-none-eabi/4.7.4/../../../../arm-none-eabi/lib/armv7-m/libm.a(lib_a-sf_atan.o)
                              /Users/Baram/gcc-arm-none-eabi/bin/../lib/gcc/arm-none-eabi/4.7.4/../../../../arm-none-eabi/lib/armv7-m/libm.a(lib_a-ef_atan2.o) (atanf)
/Users/Baram/gcc-arm-none-eabi/bin/../lib/gcc/arm-none-eabi/4.7.4/../../../../arm-none-eabi/lib/armv7-m/libm.a(lib_a-sf_fabs.o)
                              /Users/Baram/gcc-arm-none-eabi/bin/../lib/gcc/arm-none-eabi/4.7.4/../../../../arm-none-eabi/lib/armv7-m/libm.a(lib_a-ef_atan2.o) (fabsf)
/Users/Baram/gcc-arm-none-eabi/bin/../lib/gcc/arm-none-eabi/4.7.4/../../../../arm-none-eabi/lib/armv7-m/libm.a(lib_a-sf_finite.o)
[...]
Memory Configuration

Name             Origin             Length             Attributes
FLASH            0x0000000008003000 0x000000000001cc00 xr
RAM              0x0000000020000000 0x0000000000005000 xrw
MEMORY_B1        0x0000000060000000 0x0000000000000000 xr
*default*        0x0000000000000000 0xffffffffffffffff

Linker script and memory map

LOAD /Users/Baram/gcc-arm-none-eabi/bin/../lib/gcc/arm-none-eabi/4.7.4/armv7-m/crti.o
LOAD /Users/Baram/gcc-arm-none-eabi/bin/../lib/gcc/arm-none-eabi/4.7.4/armv7-m/crtbegin.o
LOAD /Users/Baram/gcc-arm-none-eabi/bin/../lib/gcc/arm-none-eabi/4.7.4/../../../../arm-none-eabi/lib/armv7-m/crt0.o
LOAD obj/SKYROVER/drv_adc.o
LOAD obj/SKYROVER/drv_adxl345.o
LOAD obj/SKYROVER/drv_bma280.o
LOAD obj/SKYROVER/drv_bmp085.o
LOAD obj/SKYROVER/drv_ms5611.o
LOAD obj/SKYROVER/drv_hcsr04.o
LOAD obj/SKYROVER/drv_hmc5883l.o
LOAD obj/SKYROVER/drv_ledring.o
LOAD obj/SKYROVER/drv_mma845x.o
LOAD obj/SKYROVER/drv_mpu3050.o
LOAD obj/SKYROVER/drv_mpu6050.o
LOAD obj/SKYROVER/drv_l3g4200d.o
LOAD obj/SKYROVER/drv_pwm.o
LOAD obj/SKYROVER/drv_spi.o
LOAD obj/SKYROVER/drv_timer.o
LOAD obj/SKYROVER/hexairbot.o
LOAD obj/SKYROVER/startup_stm32f10x_md_gcc.o
LOAD obj/SKYROVER/buzzer.o
LOAD obj/SKYROVER/cli.o
LOAD obj/SKYROVER/config.o
LOAD obj/SKYROVER/gps.o
LOAD obj/SKYROVER/imu.o
LOAD obj/SKYROVER/main.o
LOAD obj/SKYROVER/mixer.o
LOAD obj/SKYROVER/mw.o
LOAD obj/SKYROVER/sensors.o
LOAD obj/SKYROVER/serial.o
LOAD obj/SKYROVER/sbus.o
LOAD obj/SKYROVER/sumd.o
LOAD obj/SKYROVER/spektrum.o
LOAD obj/SKYROVER/telemetry.o
LOAD obj/SKYROVER/drv_gpio.o
LOAD obj/SKYROVER/drv_i2c.o
LOAD obj/SKYROVER/drv_i2c_soft.o
LOAD obj/SKYROVER/drv_system.o
LOAD obj/SKYROVER/drv_serial.o
LOAD obj/SKYROVER/drv_softserial.o
LOAD obj/SKYROVER/drv_uart.o
LOAD obj/SKYROVER/drv_vcom.o
LOAD obj/SKYROVER/drv_vcom_q.o
LOAD obj/SKYROVER/printf.o
LOAD obj/SKYROVER/utils.o
LOAD obj/SKYROVER/system_stm32f10x.o
LOAD obj/SKYROVER/misc.o
LOAD obj/SKYROVER/stm32f10x_adc.o
LOAD obj/SKYROVER/stm32f10x_bkp.o
LOAD obj/SKYROVER/stm32f10x_can.o
LOAD obj/SKYROVER/stm32f10x_cec.o
LOAD obj/SKYROVER/stm32f10x_crc.o
LOAD obj/SKYROVER/stm32f10x_dac.o
LOAD obj/SKYROVER/stm32f10x_dbgmcu.o
LOAD obj/SKYROVER/stm32f10x_dma.o
LOAD obj/SKYROVER/stm32f10x_exti.o
LOAD obj/SKYROVER/stm32f10x_flash.o
LOAD obj/SKYROVER/stm32f10x_fsmc.o
LOAD obj/SKYROVER/stm32f10x_gpio.o
LOAD obj/SKYROVER/stm32f10x_i2c.o
LOAD obj/SKYROVER/stm32f10x_iwdg.o
LOAD obj/SKYROVER/stm32f10x_pwr.o
LOAD obj/SKYROVER/stm32f10x_rcc.o
LOAD obj/SKYROVER/stm32f10x_rtc.o
LOAD obj/SKYROVER/stm32f10x_sdio.o
LOAD obj/SKYROVER/stm32f10x_spi.o
LOAD obj/SKYROVER/stm32f10x_tim.o
LOAD obj/SKYROVER/stm32f10x_usart.o
LOAD obj/SKYROVER/stm32f10x_wwdg.o
LOAD obj/SKYROVER/croutine.o
LOAD obj/SKYROVER/list.o
LOAD obj/SKYROVER/queue.o
LOAD obj/SKYROVER/tasks.o
LOAD obj/SKYROVER/timers.o
LOAD obj/SKYROVER/cmsis_os.o
LOAD obj/SKYROVER/heap_2.o
LOAD obj/SKYROVER/port.o
LOAD obj/SKYROVER/usb_core.o
LOAD obj/SKYROVER/usb_init.o
LOAD obj/SKYROVER/usb_int.o
LOAD obj/SKYROVER/usb_mem.o
LOAD obj/SKYROVER/usb_regs.o
LOAD obj/SKYROVER/usb_sil.o
LOAD obj/SKYROVER/hw_config.o
LOAD obj/SKYROVER/usb_desc.o
LOAD obj/SKYROVER/usb_endp.o
LOAD obj/SKYROVER/usb_istr.o
LOAD obj/SKYROVER/usb_prop.o
LOAD obj/SKYROVER/usb_pwr.o
LOAD obj/SKYROVER/thread_main.o
LOAD obj/SKYROVER/thread_menu.o
LOAD obj/SKYROVER/thread_mw.o
LOAD /Users/Baram/gcc-arm-none-eabi/bin/../lib/gcc/arm-none-eabi/4.7.4/../../../../arm-none-eabi/lib/armv7-m/libm.a
START GROUP
LOAD /Users/Baram/gcc-arm-none-eabi/bin/../lib/gcc/arm-none-eabi/4.7.4/armv7-m/libgcc.a
LOAD /Users/Baram/gcc-arm-none-eabi/bin/../lib/gcc/arm-none-eabi/4.7.4/../../../../arm-none-eabi/lib/armv7-m/libc.a
END GROUP
LOAD /Users/Baram/gcc-arm-none-eabi/bin/../lib/gcc/arm-none-eabi/4.7.4/armv7-m/crtend.o
LOAD /Users/Baram/gcc-arm-none-eabi/bin/../lib/gcc/arm-none-eabi/4.7.4/armv7-m/crtn.o
                0x0000000020005000                _estack = 0x20005000
                0x0000000000000000                _Min_Heap_Size = 0x0
                0x0000000000000400                _Min_Stack_Size = 0x400

.isr_vector     0x0000000008003000      0x10c
                0x0000000008003000                . = ALIGN (0x4)
 *(.isr_vector)
 .isr_vector    0x0000000008003000      0x10c obj/SKYROVER/startup_stm32f10x_md_gcc.o
                0x0000000008003000                g_pfnVectors
                0x000000000800310c                . = ALIGN (0x4)

.text           0x0000000008003110    0x157b4
                0x0000000008003110                . = ALIGN (0x4)
 *(.text)
 .text          0x0000000008003110       0x54 /Users/Baram/gcc-arm-none-eabi/bin/../lib/gcc/arm-none-eabi/4.7.4/armv7-m/crtbegin.o
 .text          0x0000000008003164      0x370 /Users/Baram/gcc-arm-none-eabi/bin/../lib/gcc/arm-none-eabi/4.7.4/armv7-m/libgcc.a(_arm_addsubdf3.o)
                0x0000000008003164                __aeabi_drsub
                0x000000000800316c                __subdf3
                0x000000000800316c                __aeabi_dsub
                0x0000000008003170                __aeabi_dadd
                0x0000000008003170                __adddf3
                0x00000000080033e8                __aeabi_ui2d
                0x00000000080033e8                __floatunsidf
                0x0000000008003408                __floatsidf
                0x0000000008003408                __aeabi_i2d
                0x000000000800342c                __extendsfdf2
                0x000000000800342c                __aeabi_f2d
                0x0000000008003468                __aeabi_ul2d
                0x0000000008003468                __floatundidf
                0x0000000008003478                __aeabi_l2d
                0x0000000008003478                __floatdidf
 .text          0x00000000080034d4      0x424 /Users/Baram/gcc-arm-none-eabi/bin/../lib/gcc/arm-none-eabi/4.7.4/armv7-m/libgcc.a(_arm_muldivdf3.o)
                0x00000000080034d4                __aeabi_dmul
                0x00000000080034d4                __muldf3
                0x0000000008003728                __aeabi_ddiv
                0x0000000008003728                __divdf3
 .text          0x00000000080038f8      0x110 /Users/Baram/gcc-arm-none-eabi/bin/../lib/gcc/arm-none-eabi/4.7.4/armv7-m/libgcc.a(_arm_cmpdf2.o)
                0x00000000080038f8                __gtdf2
                0x00000000080038f8                __gedf2
                0x0000000008003900                __ltdf2
                0x0000000008003900                __ledf2
                0x0000000008003908                __eqdf2
                0x0000000008003908                __nedf2
                0x0000000008003908                __cmpdf2
                0x0000000008003984                __aeabi_cdrcmple
                0x0000000008003994                __aeabi_cdcmple
                0x0000000008003994                __aeabi_cdcmpeq
                0x00000000080039a4                __aeabi_dcmpeq
                0x00000000080039b8                __aeabi_dcmplt
                0x00000000080039cc                __aeabi_dcmple
                0x00000000080039e0                __aeabi_dcmpge
                0x00000000080039f4                __aeabi_dcmpgt
 .text          0x0000000008003a08       0xa0 /Users/Baram/gcc-arm-none-eabi/bin/../lib/gcc/arm-none-eabi/4.7.4/armv7-m/libgcc.a(_arm_truncdfsf2.o)
                0x0000000008003a08                __aeabi_d2f
                0x0000000008003a08                __truncdfsf2
 .text          0x0000000008003aa8      0x21c /Users/Baram/gcc-arm-none-eabi/bin/../lib/gcc/arm-none-eabi/4.7.4/armv7-m/libgcc.a(_arm_addsubsf3.o)
                0x0000000008003aa8                __aeabi_frsub
                0x0000000008003ab0                __aeabi_fsub
                0x0000000008003ab0                __subsf3
                0x0000000008003ab4                __aeabi_fadd
                0x0000000008003ab4                __addsf3
                0x0000000008003c14                __aeabi_ui2f
                0x0000000008003c14                __floatunsisf
                0x0000000008003c1c                __floatsisf
                0x0000000008003c1c                __aeabi_i2f
                0x0000000008003c38                __aeabi_ul2f
                0x0000000008003c38                __floatundisf
                0x0000000008003c48                __aeabi_l2f
                0x0000000008003c48                __floatdisf
 .text          0x0000000008003cc4      0x2a0 /Users/Baram/gcc-arm-none-eabi/bin/../lib/gcc/arm-none-eabi/4.7.4/armv7-m/libgcc.a(_arm_muldivsf3.o)
                0x0000000008003cc4                __mulsf3
                0x0000000008003cc4                __aeabi_fmul
                0x0000000008003e2c                __divsf3
                0x0000000008003e2c                __aeabi_fdiv
 .text          0x0000000008003f64       0xec /Users/Baram/gcc-arm-none-eabi/bin/../lib/gcc/arm-none-eabi/4.7.4/armv7-m/libgcc.a(_arm_cmpsf2.o)
                0x0000000008003f64                __gesf2
                0x0000000008003f64                __gtsf2
                0x0000000008003f6c                __ltsf2
                0x0000000008003f6c                __lesf2
                0x0000000008003f74                __nesf2
                0x0000000008003f74                __eqsf2
                0x0000000008003f74                __cmpsf2
                0x0000000008003fd4                __aeabi_cfrcmple
                0x0000000008003fdc                __aeabi_cfcmpeq
                0x0000000008003fdc                __aeabi_cfcmple
                0x0000000008003fec                __aeabi_fcmpeq
                0x0000000008004000                __aeabi_fcmplt
                0x0000000008004014                __aeabi_fcmple
                0x0000000008004028                __aeabi_fcmpge
                0x000000000800403c                __aeabi_fcmpgt
 .text          0x0000000008004050       0x4c /Users/Baram/gcc-arm-none-eabi/bin/../lib/gcc/arm-none-eabi/4.7.4/armv7-m/libgcc.a(_arm_fixsfsi.o)
                0x0000000008004050                __fixsfsi
                0x0000000008004050                __aeabi_f2iz
 .text          0x000000000800409c       0x40 /Users/Baram/gcc-arm-none-eabi/bin/../lib/gcc/arm-none-eabi/4.7.4/armv7-m/libgcc.a(_arm_fixunssfsi.o)
                0x000000000800409c                __aeabi_f2uiz
                0x000000000800409c                __fixunssfsi
 *(.text*)
 .text.adcInit  0x00000000080040dc       0xec obj/SKYROVER/drv_adc.o
                0x00000000080040dc                adcInit
 .text.adcGetChannel
                0x00000000080041c8       0x10 obj/SKYROVER/drv_adc.o
                0x00000000080041c8                adcGetChannel
 .text.adxl345Read
                0x00000000080041d8       0xe0 obj/SKYROVER/drv_adxl345.o
 .text.adxl345Init
                0x00000000080042b8       0x64 obj/SKYROVER/drv_adxl345.o
 .text.adxl345Detect
                0x000000000800431c       0x58 obj/SKYROVER/drv_adxl345.o
                0x000000000800431c                adxl345Detect
 .text.bma280Read
                0x0000000008004374       0x58 obj/SKYROVER/drv_bma280.o
 .text.bma280Init
                0x00000000080043cc       0x30 obj/SKYROVER/drv_bma280.o
 .text.bma280Detect
                0x00000000080043fc       0x38 obj/SKYROVER/drv_bma280.o
                0x00000000080043fc                bma280Detect
 .text.bmp085_calculate
                0x0000000008004434       0xe0 obj/SKYROVER/drv_bmp085.o
 .text.bmp085_get_up
                0x0000000008004514       0x54 obj/SKYROVER/drv_bmp085.o
 .text.bmp085_get_ut
                0x0000000008004568       0x3c obj/SKYROVER/drv_bmp085.o
 .text.bmp085_start_up
                0x00000000080045a4       0x24 obj/SKYROVER/drv_bmp085.o
 .text.bmp085_start_ut
                0x00000000080045c8       0x14 obj/SKYROVER/drv_bmp085.o
 .text.EXTI15_10_IRQHandler
                0x00000000080045dc       0x24 obj/SKYROVER/drv_bmp085.o
                0x00000000080045dc                EXTI15_10_IRQHandler
 .text.bmp085Detect
                0x0000000008004600      0x1dc obj/SKYROVER/drv_bmp085.o
                0x0000000008004600                bmp085Detect
 .text.ms5611_calculate
                0x00000000080047dc      0x150 obj/SKYROVER/drv_ms5611.o
 .text.ms5611_read_adc
                0x000000000800492c       0x24 obj/SKYROVER/drv_ms5611.o
 .text.ms5611_get_up
                0x0000000008004950       0x10 obj/SKYROVER/drv_ms5611.o
 .text.ms5611_get_ut
                0x0000000008004960       0x10 obj/SKYROVER/drv_ms5611.o
 .text.ms5611_start_up
                0x0000000008004970        0xa obj/SKYROVER/drv_ms5611.o
 .text.ms5611_start_ut
                0x000000000800497a        0xa obj/SKYROVER/drv_ms5611.o
 .text.ms5611Detect
                0x0000000008004984      0x13c obj/SKYROVER/drv_ms5611.o
                0x0000000008004984                ms5611Detect
 .text.hmc5883lDetect
                0x0000000008004ac0       0x34 obj/SKYROVER/drv_hmc5883l.o
                0x0000000008004ac0                hmc5883lDetect
 .text.hmc5883lRead
                0x0000000008004af4       0x8c obj/SKYROVER/drv_hmc5883l.o
                0x0000000008004af4                hmc5883lRead
 .text.hmc5883lInit
                0x0000000008004b80      0x1b4 obj/SKYROVER/drv_hmc5883l.o
                0x0000000008004b80                hmc5883lInit
 .text.mma8452Read
                0x0000000008004d34       0x6c obj/SKYROVER/drv_mma845x.o
 .text.mma8452Init
                0x0000000008004da0       0x8c obj/SKYROVER/drv_mma845x.o
 .text.mma8452Detect
                0x0000000008004e2c       0x5c obj/SKYROVER/drv_mma845x.o
                0x0000000008004e2c                mma8452Detect
 .text.mpu3050ReadTemp
                0x0000000008004e88       0x30 obj/SKYROVER/drv_mpu3050.o
 .text.mpu3050Read
                0x0000000008004eb8       0x68 obj/SKYROVER/drv_mpu3050.o
 .text.mpu3050Init
                0x0000000008004f20       0x5c obj/SKYROVER/drv_mpu3050.o
 .text.mpu3050Detect
                0x0000000008004f7c       0x78 obj/SKYROVER/drv_mpu3050.o
                0x0000000008004f7c                mpu3050Detect
 .text.mpu6050AccInit
                0x0000000008004ff4       0x28 obj/SKYROVER/drv_mpu6050.o
 .text.mpu6050GyroRead
                0x000000000800501c       0x68 obj/SKYROVER/drv_mpu6050.o
 .text.mpu6050AccRead
                0x0000000008005084       0x54 obj/SKYROVER/drv_mpu6050.o
 .text.mpu6050GyroInit
                0x00000000080050d8       0xa8 obj/SKYROVER/drv_mpu6050.o
 .text.mpu6050Detect
                0x0000000008005180      0x128 obj/SKYROVER/drv_mpu6050.o
                0x0000000008005180                mpu6050Detect
 .text.l3g4200dRead
                0x00000000080052a8       0x68 obj/SKYROVER/drv_l3g4200d.o
 .text.l3g4200dInit
                0x0000000008005310       0x44 obj/SKYROVER/drv_l3g4200d.o
 .text.l3g4200dDetect
                0x0000000008005354       0x64 obj/SKYROVER/drv_l3g4200d.o
                0x0000000008005354                l3g4200dDetect
 .text.pwmWriteBrushed
                0x00000000080053b8       0x24 obj/SKYROVER/drv_pwm.o
 .text.pwmWriteStandard
                0x00000000080053dc       0x10 obj/SKYROVER/drv_pwm.o
 .text.pwmOutConfig
                0x00000000080053ec      0x134 obj/SKYROVER/drv_pwm.o
 .text.ppmCallback
                0x0000000008005520       0x8c obj/SKYROVER/drv_pwm.o
 .text.pwmICConfig
                0x00000000080055ac       0x30 obj/SKYROVER/drv_pwm.o
                0x00000000080055ac                pwmICConfig
 .text.pwmInConfig
                0x00000000080055dc       0x64 obj/SKYROVER/drv_pwm.o
 .text.pwmCallback
                0x0000000008005640       0x60 obj/SKYROVER/drv_pwm.o
 .text.pwmInit  0x00000000080056a0      0x160 obj/SKYROVER/drv_pwm.o
                0x00000000080056a0                pwmInit
 .text.pwmWriteMotor
                0x0000000008005800       0x1c obj/SKYROVER/drv_pwm.o
                0x0000000008005800                pwmWriteMotor
 .text.pwmWriteServo
                0x000000000800581c       0x1c obj/SKYROVER/drv_pwm.o
                0x000000000800581c                pwmWriteServo
 .text.pwmRead  0x0000000008005838        0xc obj/SKYROVER/drv_pwm.o
                0x0000000008005838                pwmRead
 .text.spiTransfer
                0x0000000008005844       0x54 obj/SKYROVER/drv_spi.o
                0x0000000008005844                spiTransfer
 .text.spiInit  0x0000000008005898       0xf8 obj/SKYROVER/drv_spi.o
                0x0000000008005898                spiInit
 .text.configureTimerChannelCallback
                0x0000000008005990       0x4c obj/SKYROVER/drv_timer.o
                0x0000000008005990                configureTimerChannelCallback
 .text.configureTimerInputCaptureCompareChannel
                0x00000000080059dc       0x2c obj/SKYROVER/drv_timer.o
                0x00000000080059dc                configureTimerInputCaptureCompareChannel
 .text.configureTimerCaptureCompareInterrupt
                0x0000000008005a08       0x1e obj/SKYROVER/drv_timer.o
                0x0000000008005a08                configureTimerCaptureCompareInterrupt
 .text.timerNVICConfig
                0x0000000008005a26       0x1e obj/SKYROVER/drv_timer.o
                0x0000000008005a26                timerNVICConfig
 .text.configTimeBase
                0x0000000008005a44       0x44 obj/SKYROVER/drv_timer.o
                0x0000000008005a44                configTimeBase
 .text.timerInConfig
                0x0000000008005a88       0x1c obj/SKYROVER/drv_timer.o
                0x0000000008005a88                timerInConfig
 .text.findTimerConfig
                0x0000000008005aa4       0x40 obj/SKYROVER/drv_timer.o
                0x0000000008005aa4                findTimerConfig
 .text.timCCxHandler
                0x0000000008005ae4       0x9e obj/SKYROVER/drv_timer.o
 *fill*         0x0000000008005b82        0x2 00
 .text.TIM1_CC_IRQHandler
                0x0000000008005b84        0xc obj/SKYROVER/drv_timer.o
                0x0000000008005b84                TIM1_CC_IRQHandler
 .text.TIM2_IRQHandler
                0x0000000008005b90        0x8 obj/SKYROVER/drv_timer.o
                0x0000000008005b90                TIM2_IRQHandler
 .text.TIM3_IRQHandler
                0x0000000008005b98        0xc obj/SKYROVER/drv_timer.o
                0x0000000008005b98                TIM3_IRQHandler
 .text.TIM4_IRQHandler
                0x0000000008005ba4        0xc obj/SKYROVER/drv_timer.o
                0x0000000008005ba4                TIM4_IRQHandler
 .text.hexairbotReadRawRC
                0x0000000008005bb0        0xc obj/SKYROVER/hexairbot.o
 .text.hexairbotInit
                0x0000000008005bbc       0x18 obj/SKYROVER/hexairbot.o
                0x0000000008005bbc                hexairbotInit
 .text.hexairbotSetData
                0x0000000008005bd4       0x1c obj/SKYROVER/hexairbot.o
                0x0000000008005bd4                hexairbotSetData
 .text.hexairbotFrameComplete
                0x0000000008005bf0       0x14 obj/SKYROVER/hexairbot.o
                0x0000000008005bf0                hexairbotFrameComplete
 .text.Reset_Handler
                0x0000000008005c04       0xb0 obj/SKYROVER/startup_stm32f10x_md_gcc.o
                0x0000000008005c04                Reset_Handler
 .text.Default_Handler
                0x0000000008005cb4        0x4 obj/SKYROVER/startup_stm32f10x_md_gcc.o
                0x0000000008005cb4                BusFault_Handler
                0x0000000008005cb4                DebugMon_Handler
                0x0000000008005cb4                PVD_IRQHandler
                0x0000000008005cb4                NMI_Handler
                0x0000000008005cb4                EXTI3_IRQHandler
                0x0000000008005cb4                EXTI0_IRQHandler
                0x0000000008005cb4                UsageFault_Handler
                0x0000000008005cb4                ADC1_2_IRQHandler
                0x0000000008005cb4                SPI1_IRQHandler
                0x0000000008005cb4                TAMPER_IRQHandler
                0x0000000008005cb4                USART3_IRQHandler
                0x0000000008005cb4                RTC_IRQHandler
                0x0000000008005cb4                DMA1_Channel7_IRQHandler
                0x0000000008005cb4                CAN1_RX1_IRQHandler
                0x0000000008005cb4                DMA1_Channel6_IRQHandler
                0x0000000008005cb4                RCC_IRQHandler
                0x0000000008005cb4                TIM1_TRG_COM_IRQHandler
                0x0000000008005cb4                DMA1_Channel1_IRQHandler
                0x0000000008005cb4                Default_Handler
                0x0000000008005cb4                EXTI9_5_IRQHandler
                0x0000000008005cb4                SPI2_IRQHandler
                0x0000000008005cb4                MemManage_Handler
                0x0000000008005cb4                DMA1_Channel5_IRQHandler
                0x0000000008005cb4                EXTI4_IRQHandler
                0x0000000008005cb4                USB_HP_CAN1_TX_IRQHandler
                0x0000000008005cb4                DMA1_Channel3_IRQHandler
                0x0000000008005cb4                TIM1_UP_IRQHandler
                0x0000000008005cb4                WWDG_IRQHandler
                0x0000000008005cb4                TIM1_BRK_IRQHandler
                0x0000000008005cb4                EXTI1_IRQHandler
                0x0000000008005cb4                RTCAlarm_IRQHandler
                0x0000000008005cb4                DMA1_Channel2_IRQHandler
                0x0000000008005cb4                CAN1_SCE_IRQHandler
                0x0000000008005cb4                FLASH_IRQHandler
                0x0000000008005cb4                EXTI2_IRQHandler
 .text.beep     0x0000000008005cb8       0x70 obj/SKYROVER/buzzer.o
 .text.beep_code
                0x0000000008005d28       0xa8 obj/SKYROVER/buzzer.o
 .text.buzzer   0x0000000008005dd0      0x120 obj/SKYROVER/buzzer.o
                0x0000000008005dd0                buzzer
 .text.i2a      0x0000000008005ef0       0x28 obj/SKYROVER/cli.o
 .text._atof    0x0000000008005f18      0x12c obj/SKYROVER/cli.o
 .text.cliPrint
                0x0000000008006044       0x1c obj/SKYROVER/cli.o
 .text.cliVersion
                0x0000000008006060        0xc obj/SKYROVER/cli.o
 .text.cliHelp  0x000000000800606c       0x2c obj/SKYROVER/cli.o
 .text.cliStatus
                0x0000000008006098       0xe4 obj/SKYROVER/cli.o
 .text.cliCompare
                0x000000000800617c       0x1a obj/SKYROVER/cli.o
 *fill*         0x0000000008006196        0x2 00
 .text.cliSave  0x0000000008006198       0x30 obj/SKYROVER/cli.o
 .text.cliMap   0x00000000080061c8       0xa0 obj/SKYROVER/cli.o
 .text.cliGpsPassthrough
                0x0000000008006268       0x20 obj/SKYROVER/cli.o
 .text.cliFeature
                0x0000000008006288       0xec obj/SKYROVER/cli.o
 .text.cliExit  0x0000000008006374       0x38 obj/SKYROVER/cli.o
 .text.cliDefaults
                0x00000000080063ac       0x2c obj/SKYROVER/cli.o
 .text.cliMixer
                0x00000000080063d8       0xa0 obj/SKYROVER/cli.o
 .text.cliProfile
                0x0000000008006478       0x4c obj/SKYROVER/cli.o
 .text.cliMotor
                0x00000000080064c4       0xa8 obj/SKYROVER/cli.o
 .text.cliAux   0x000000000800656c       0x60 obj/SKYROVER/cli.o
 .text.itoa     0x00000000080065cc       0x24 obj/SKYROVER/cli.o
                0x00000000080065cc                itoa
 .text.ftoa     0x00000000080065f0       0xd0 obj/SKYROVER/cli.o
 .text.cliPrintVar
                0x00000000080066c0       0x9c obj/SKYROVER/cli.o
 .text.cliSet   0x000000000800675c      0x154 obj/SKYROVER/cli.o
 .text.cliDump  0x00000000080068b0      0x1b4 obj/SKYROVER/cli.o
 .text.cliCMix  0x0000000008006a64      0x244 obj/SKYROVER/cli.o
 .text.cliProcess
                0x0000000008006ca8      0x1e0 obj/SKYROVER/cli.o
                0x0000000008006ca8                cliProcess
 .text.validEEPROM
                0x0000000008006e88       0x44 obj/SKYROVER/config.o
 .text.parseRcChannels
                0x0000000008006ecc       0x30 obj/SKYROVER/config.o
                0x0000000008006ecc                parseRcChannels
 .text.readEEPROM
                0x0000000008006efc      0x110 obj/SKYROVER/config.o
                0x0000000008006efc                readEEPROM
 .text.writeEEPROM
                0x000000000800700c       0xc8 obj/SKYROVER/config.o
                0x000000000800700c                writeEEPROM
 .text.sensors  0x00000000080070d4       0x14 obj/SKYROVER/config.o
                0x00000000080070d4                sensors
 .text.sensorsSet
                0x00000000080070e8       0x10 obj/SKYROVER/config.o
                0x00000000080070e8                sensorsSet
 .text.sensorsClear
                0x00000000080070f8       0x10 obj/SKYROVER/config.o
                0x00000000080070f8                sensorsClear
 .text.sensorsMask
                0x0000000008007108        0xc obj/SKYROVER/config.o
                0x0000000008007108                sensorsMask
 .text.feature  0x0000000008007114       0x14 obj/SKYROVER/config.o
                0x0000000008007114                feature
 .text.featureSet
                0x0000000008007128       0x10 obj/SKYROVER/config.o
                0x0000000008007128                featureSet
 .text.checkFirstTime
                0x0000000008007138      0x2f4 obj/SKYROVER/config.o
                0x0000000008007138                checkFirstTime
 .text.featureClear
                0x000000000800742c       0x10 obj/SKYROVER/config.o
                0x000000000800742c                featureClear
 .text.featureMask
                0x000000000800743c        0xc obj/SKYROVER/config.o
                0x000000000800743c                featureMask
 .text.GPS_calc_longitude_scaling
                0x0000000008007448       0x3c obj/SKYROVER/gps.o
 .text.gpsSetState
                0x0000000008007484       0x18 obj/SKYROVER/gps.o
 .text.GPS_distance_cm_bearing.isra.1
                0x000000000800749c       0x84 obj/SKYROVER/gps.o
 .text.get_I.isra.2
                0x0000000008007520       0x4e obj/SKYROVER/gps.o
 *fill*         0x000000000800756e        0x2 00
 .text.grab_fields.constprop.6
                0x0000000008007570       0x3c obj/SKYROVER/gps.o
 .text.gpsInitHardware
                0x00000000080075ac       0xd4 obj/SKYROVER/gps.o
                0x00000000080075ac                gpsInitHardware
 .text.gpsThread
                0x0000000008007680       0x78 obj/SKYROVER/gps.o
                0x0000000008007680                gpsThread
 .text.GPS_reset_home_position
                0x00000000080076f8       0x48 obj/SKYROVER/gps.o
                0x00000000080076f8                GPS_reset_home_position
 .text.GPS_reset_nav
                0x0000000008007740       0x5c obj/SKYROVER/gps.o
                0x0000000008007740                GPS_reset_nav
 .text.gpsSetPIDs
                0x000000000800779c       0xa4 obj/SKYROVER/gps.o
                0x000000000800779c                gpsSetPIDs
 .text.gpsInit  0x0000000008007840       0x70 obj/SKYROVER/gps.o
                0x0000000008007840                gpsInit
 .text.gpsSetPassthrough
                0x00000000080078b0       0x78 obj/SKYROVER/gps.o
                0x00000000080078b0                gpsSetPassthrough
 .text.GPS_set_next_wp
                0x0000000008007928       0x88 obj/SKYROVER/gps.o
                0x0000000008007928                GPS_set_next_wp
 .text.wrap_18000
                0x00000000080079b0       0x24 obj/SKYROVER/gps.o
                0x00000000080079b0                wrap_18000
 .text.GPS_coord_to_degrees
                0x00000000080079d4       0xa0 obj/SKYROVER/gps.o
                0x00000000080079d4                GPS_coord_to_degrees
 *fill*         0x0000000008007a74        0x4 00
 .text.gpsNewData
                0x0000000008007a78      0xc00 obj/SKYROVER/gps.o
 .text.calculateHeading
                0x0000000008008678       0xf8 obj/SKYROVER/imu.o
 .text.imuInit  0x0000000008008770       0x58 obj/SKYROVER/imu.o
                0x0000000008008770                imuInit
 .text.rotateV  0x00000000080087c8      0x16e obj/SKYROVER/imu.o
                0x00000000080087c8                rotateV
 .text.applyDeadband
                0x0000000008008936       0x1e obj/SKYROVER/imu.o
                0x0000000008008936                applyDeadband
 *fill*         0x0000000008008954        0x4 00
 .text.acc_calc
                0x0000000008008958      0x190 obj/SKYROVER/imu.o
                0x0000000008008958                acc_calc
 .text.computeIMU
                0x0000000008008ae8      0x340 obj/SKYROVER/imu.o
                0x0000000008008ae8                computeIMU
 .text.accSum_reset
                0x0000000008008e28       0x20 obj/SKYROVER/imu.o
                0x0000000008008e28                accSum_reset
 .text.getEstimatedAltitude
                0x0000000008008e48      0x37c obj/SKYROVER/imu.o
                0x0000000008008e48                getEstimatedAltitude
 .text._putc    0x00000000080091c4        0xc obj/SKYROVER/main.o
 .text.startup.main
                0x00000000080091d0      0x29c obj/SKYROVER/main.o
                0x00000000080091d0                main
 .text.HardFault_Handler
                0x000000000800946c       0x14 obj/SKYROVER/main.o
                0x000000000800946c                HardFault_Handler
 .text.servoMiddle
                0x0000000008009480       0x28 obj/SKYROVER/mixer.o
                0x0000000008009480                servoMiddle
 .text.mixerResetMotors
                0x00000000080094a8       0x30 obj/SKYROVER/mixer.o
                0x00000000080094a8                mixerResetMotors
 .text.mixerInit
                0x00000000080094d8      0x114 obj/SKYROVER/mixer.o
                0x00000000080094d8                mixerInit
 .text.mixerLoadMix
                0x00000000080095ec       0x4c obj/SKYROVER/mixer.o
                0x00000000080095ec                mixerLoadMix
 .text.writeServos
                0x0000000008009638       0xc0 obj/SKYROVER/mixer.o
                0x0000000008009638                writeServos
 .text.writeMotors
                0x00000000080096f8       0x28 obj/SKYROVER/mixer.o
                0x00000000080096f8                writeMotors
 .text.writeAllMotors
                0x0000000008009720       0x24 obj/SKYROVER/mixer.o
                0x0000000008009720                writeAllMotors
 .text.mixTable
                0x0000000008009744      0x644 obj/SKYROVER/mixer.o
                0x0000000008009744                mixTable
 .text.pidMultiWii
                0x0000000008009d88      0x230 obj/SKYROVER/mw.o
 .text.pidRewrite
                0x0000000008009fb8      0x164 obj/SKYROVER/mw.o
 .text.blinkLED
                0x000000000800a11c       0x4c obj/SKYROVER/mw.o
                0x000000000800a11c                blinkLED
 .text.annexCode
                0x000000000800a168      0x410 obj/SKYROVER/mw.o
                0x000000000800a168                annexCode
 .text.pwmReadRawRC
                0x000000000800a578       0x28 obj/SKYROVER/mw.o
                0x000000000800a578                pwmReadRawRC
 .text.computeRC
                0x000000000800a5a0       0xa0 obj/SKYROVER/mw.o
                0x000000000800a5a0                computeRC
 .text.mwArm    0x000000000800a640       0x40 obj/SKYROVER/mw.o
                0x000000000800a640                mwArm
 .text.mwDisarm
                0x000000000800a680       0x10 obj/SKYROVER/mw.o
                0x000000000800a680                mwDisarm
 .text.setPIDController
                0x000000000800a690       0x1c obj/SKYROVER/mw.o
                0x000000000800a690                setPIDController
 .text.loop     0x000000000800a6ac      0xafc obj/SKYROVER/mw.o
                0x000000000800a6ac                loop
 .text.sensorsAutodetect
                0x000000000800b1a8      0x1d8 obj/SKYROVER/sensors.o
                0x000000000800b1a8                sensorsAutodetect
 .text.batteryAdcToVoltage
                0x000000000800b380       0x3c obj/SKYROVER/sensors.o
                0x000000000800b380                batteryAdcToVoltage
 .text.batteryInit
                0x000000000800b3bc       0x58 obj/SKYROVER/sensors.o
                0x000000000800b3bc                batteryInit
 .text.ACC_getADC
                0x000000000800b414      0x1cc obj/SKYROVER/sensors.o
                0x000000000800b414                ACC_getADC
 .text.Baro_Common
                0x000000000800b5e0       0x44 obj/SKYROVER/sensors.o
                0x000000000800b5e0                Baro_Common
 .text.Baro_update
                0x000000000800b624       0x70 obj/SKYROVER/sensors.o
                0x000000000800b624                Baro_update
 .text.Gyro_getADC
                0x000000000800b694      0x198 obj/SKYROVER/sensors.o
                0x000000000800b694                Gyro_getADC
 .text.Mag_init
                0x000000000800b82c       0x20 obj/SKYROVER/sensors.o
                0x000000000800b82c                Mag_init
 .text.Mag_getADC
                0x000000000800b84c      0x120 obj/SKYROVER/sensors.o
                0x000000000800b84c                Mag_getADC
 .text.serialize32
                0x000000000800b96c       0x6c obj/SKYROVER/serial.o
                0x000000000800b96c                serialize32
 .text.serialize16
                0x000000000800b9d8       0x44 obj/SKYROVER/serial.o
                0x000000000800b9d8                serialize16
 .text.serialize8
                0x000000000800ba1c       0x20 obj/SKYROVER/serial.o
                0x000000000800ba1c                serialize8
 .text.read8    0x000000000800ba3c       0x18 obj/SKYROVER/serial.o
                0x000000000800ba3c                read8
 .text.read16   0x000000000800ba54       0x14 obj/SKYROVER/serial.o
                0x000000000800ba54                read16
 .text.read32   0x000000000800ba68       0x12 obj/SKYROVER/serial.o
                0x000000000800ba68                read32
 *fill*         0x000000000800ba7a        0x2 00
 .text.headSerialResponse
                0x000000000800ba7c       0x40 obj/SKYROVER/serial.o
                0x000000000800ba7c                headSerialResponse
 .text.headSerialReply
                0x000000000800babc        0x8 obj/SKYROVER/serial.o
                0x000000000800babc                headSerialReply
 .text.headSerialError
                0x000000000800bac4        0x8 obj/SKYROVER/serial.o
                0x000000000800bac4                headSerialError
 .text.tailSerialReply
                0x000000000800bacc        0xc obj/SKYROVER/serial.o
                0x000000000800bacc                tailSerialReply
 .text.s_struct
                0x000000000800bad8       0x24 obj/SKYROVER/serial.o
                0x000000000800bad8                s_struct
 .text.serializeNames
                0x000000000800bafc       0x12 obj/SKYROVER/serial.o
                0x000000000800bafc                serializeNames
 *fill*         0x000000000800bb0e        0x2 00
 .text.serializeBoxNamesReply
                0x000000000800bb10       0x68 obj/SKYROVER/serial.o
                0x000000000800bb10                serializeBoxNamesReply
 .text.serialInit
                0x000000000800bb78      0x10c obj/SKYROVER/serial.o
                0x000000000800bb78                serialInit
 .text.serialCom
                0x000000000800bc84      0xbac obj/SKYROVER/serial.o
                0x000000000800bc84                serialCom
 .text.sbusReadRawRC
                0x000000000800c830       0x20 obj/SKYROVER/sbus.o
 .text.sbusDataReceive
                0x000000000800c850       0x5c obj/SKYROVER/sbus.o
 .text.sbusInit
                0x000000000800c8ac       0x5c obj/SKYROVER/sbus.o
                0x000000000800c8ac                sbusInit
 .text.sbusFrameComplete
                0x000000000800c908       0xb0 obj/SKYROVER/sbus.o
                0x000000000800c908                sbusFrameComplete
 .text.sumdReadRawRC
                0x000000000800c9b8       0x1c obj/SKYROVER/sumd.o
 .text.sumdDataReceive
                0x000000000800c9d4       0x74 obj/SKYROVER/sumd.o
 .text.sumdInit
                0x000000000800ca48       0x30 obj/SKYROVER/sumd.o
                0x000000000800ca48                sumdInit
 .text.sumdFrameComplete
                0x000000000800ca78       0x68 obj/SKYROVER/sumd.o
                0x000000000800ca78                sumdFrameComplete
 .text.spektrumDataReceive
                0x000000000800cae0       0x68 obj/SKYROVER/spektrum.o
 .text.spektrumReadRawRC
                0x000000000800cb48       0x90 obj/SKYROVER/spektrum.o
 .text.spektrumInit
                0x000000000800cbd8       0x68 obj/SKYROVER/spektrum.o
                0x000000000800cbd8                spektrumInit
 .text.spektrumFrameComplete
                0x000000000800cc40        0xc obj/SKYROVER/spektrum.o
                0x000000000800cc40                spektrumFrameComplete
 .text.sendDataHead
                0x000000000800cc4c       0x20 obj/SKYROVER/telemetry.o
 .text.sendTelemetryTail
                0x000000000800cc6c       0x10 obj/SKYROVER/telemetry.o
 .text.serializeFrsky
                0x000000000800cc7c       0x30 obj/SKYROVER/telemetry.o
 .text.serialize16
                0x000000000800ccac       0x16 obj/SKYROVER/telemetry.o
 *fill*         0x000000000800ccc2        0x2 00
 .text.initTelemetry
                0x000000000800ccc4       0x30 obj/SKYROVER/telemetry.o
                0x000000000800ccc4                initTelemetry
 .text.updateTelemetryState
                0x000000000800ccf4       0x5c obj/SKYROVER/telemetry.o
                0x000000000800ccf4                updateTelemetryState
 .text.sendTelemetry
                0x000000000800cd50      0x30c obj/SKYROVER/telemetry.o
                0x000000000800cd50                sendTelemetry
 .text.gpioInit
                0x000000000800d05c       0x76 obj/SKYROVER/drv_gpio.o
                0x000000000800d05c                gpioInit
 *fill*         0x000000000800d0d2        0x2 00
 .text.gpioExtiLineConfig
                0x000000000800d0d4       0x34 obj/SKYROVER/drv_gpio.o
                0x000000000800d0d4                gpioExtiLineConfig
 .text.i2c_ev_handler
                0x000000000800d108      0x31c obj/SKYROVER/drv_i2c.o
 .text.I2C1_EV_IRQHandler
                0x000000000800d424        0x4 obj/SKYROVER/drv_i2c.o
                0x000000000800d424                I2C1_EV_IRQHandler
 .text.I2C2_EV_IRQHandler
                0x000000000800d428        0x4 obj/SKYROVER/drv_i2c.o
                0x000000000800d428                I2C2_EV_IRQHandler
 .text.i2cInit  0x000000000800d42c      0x130 obj/SKYROVER/drv_i2c.o
                0x000000000800d42c                i2cInit
 .text.i2cRead  0x000000000800d55c       0xc4 obj/SKYROVER/drv_i2c.o
                0x000000000800d55c                i2cRead
 .text.i2cWriteBuffer
                0x000000000800d620       0xc4 obj/SKYROVER/drv_i2c.o
                0x000000000800d620                i2cWriteBuffer
 .text.i2cWrite
                0x000000000800d6e4       0x10 obj/SKYROVER/drv_i2c.o
                0x000000000800d6e4                i2cWrite
 .text.i2c_er_handler
                0x000000000800d6f4       0xac obj/SKYROVER/drv_i2c.o
 .text.I2C2_ER_IRQHandler
                0x000000000800d7a0        0x4 obj/SKYROVER/drv_i2c.o
                0x000000000800d7a0                I2C2_ER_IRQHandler
 .text.I2C1_ER_IRQHandler
                0x000000000800d7a4        0x4 obj/SKYROVER/drv_i2c.o
                0x000000000800d7a4                I2C1_ER_IRQHandler
 .text.i2cGetErrorCounter
                0x000000000800d7a8        0xc obj/SKYROVER/drv_i2c.o
                0x000000000800d7a8                i2cGetErrorCounter
 .text.SysTick_Handler
                0x000000000800d7b4       0x1c obj/SKYROVER/drv_system.o
                0x000000000800d7b4                SysTick_Handler
 .text.micros   0x000000000800d7d0       0x34 obj/SKYROVER/drv_system.o
                0x000000000800d7d0                micros
 .text.millis   0x000000000800d804        0xc obj/SKYROVER/drv_system.o
                0x000000000800d804                millis
 .text.delayMicroseconds
                0x000000000800d810       0x16 obj/SKYROVER/drv_system.o
                0x000000000800d810                delayMicroseconds
 .text.delay    0x000000000800d826       0x14 obj/SKYROVER/drv_system.o
                0x000000000800d826                delay
 *fill*         0x000000000800d83a        0x2 00
 .text.systemInit
                0x000000000800d83c      0x130 obj/SKYROVER/drv_system.o
                0x000000000800d83c                systemInit
 .text.failureMode
                0x000000000800d96c       0x38 obj/SKYROVER/drv_system.o
                0x000000000800d96c                failureMode
 .text.systemReset
                0x000000000800d9a4       0x20 obj/SKYROVER/drv_system.o
                0x000000000800d9a4                systemReset
 .text.systemBeep
                0x000000000800d9c4        0x2 obj/SKYROVER/drv_system.o
                0x000000000800d9c4                systemBeep
 .text.serialWrite
                0x000000000800d9c6        0xa obj/SKYROVER/drv_serial.o
                0x000000000800d9c6                serialWrite
 .text.serialPrint
                0x000000000800d9d0       0x16 obj/SKYROVER/drv_serial.o
                0x000000000800d9d0                serialPrint
 .text.serialTotalBytesWaiting
                0x000000000800d9e6        0xa obj/SKYROVER/drv_serial.o
                0x000000000800d9e6                serialTotalBytesWaiting
 .text.serialRead
                0x000000000800d9f0        0xa obj/SKYROVER/drv_serial.o
                0x000000000800d9f0                serialRead
 .text.serialSetBaudRate
                0x000000000800d9fa        0xa obj/SKYROVER/drv_serial.o
                0x000000000800d9fa                serialSetBaudRate
 .text.isSerialTransmitBufferEmpty
                0x000000000800da04        0xa obj/SKYROVER/drv_serial.o
                0x000000000800da04                isSerialTransmitBufferEmpty
 .text.softSerialTotalBytesWaiting
                0x000000000800da0e       0x18 obj/SKYROVER/drv_softserial.o
                0x000000000800da0e                softSerialTotalBytesWaiting
 .text.softSerialWriteByte
                0x000000000800da26       0x18 obj/SKYROVER/drv_softserial.o
                0x000000000800da26                softSerialWriteByte
 .text.softSerialSetBaudRate
                0x000000000800da3e        0x2 obj/SKYROVER/drv_softserial.o
                0x000000000800da3e                softSerialSetBaudRate
 .text.isSoftSerialTransmitBufferEmpty
                0x000000000800da40        0xe obj/SKYROVER/drv_softserial.o
                0x000000000800da40                isSoftSerialTransmitBufferEmpty
 .text.softSerialReadByte
                0x000000000800da4e       0x22 obj/SKYROVER/drv_softserial.o
                0x000000000800da4e                softSerialReadByte
 .text.readRxSignal
                0x000000000800da70       0x20 obj/SKYROVER/drv_softserial.o
                0x000000000800da70                readRxSignal
 .text.setTxSignal
                0x000000000800da90       0x2e obj/SKYROVER/drv_softserial.o
                0x000000000800da90                setTxSignal
 .text.serialInputPortConfig
                0x000000000800dabe       0x20 obj/SKYROVER/drv_softserial.o
                0x000000000800dabe                serialInputPortConfig
 *fill*         0x000000000800dade        0x2 00
 .text.serialTimerConfig
                0x000000000800dae0       0x2c obj/SKYROVER/drv_softserial.o
                0x000000000800dae0                serialTimerConfig
 .text.serialOutputPortConfig
                0x000000000800db0c       0x20 obj/SKYROVER/drv_softserial.o
                0x000000000800db0c                serialOutputPortConfig
 .text.setupSoftSerial1
                0x000000000800db2c       0x8c obj/SKYROVER/drv_softserial.o
                0x000000000800db2c                setupSoftSerial1
 .text.updateBufferIndex
                0x000000000800dbb8       0x14 obj/SKYROVER/drv_softserial.o
                0x000000000800dbb8                updateBufferIndex
 .text.searchForStartBit
                0x000000000800dbcc       0x30 obj/SKYROVER/drv_softserial.o
                0x000000000800dbcc                searchForStartBit
 .text.searchForStopBit
                0x000000000800dbfc       0x38 obj/SKYROVER/drv_softserial.o
                0x000000000800dbfc                searchForStopBit
 .text.readDataBit
                0x000000000800dc34       0x46 obj/SKYROVER/drv_softserial.o
                0x000000000800dc34                readDataBit
 .text.processRxState
                0x000000000800dc7a       0x2a obj/SKYROVER/drv_softserial.o
                0x000000000800dc7a                processRxState
 .text.processTxState
                0x000000000800dca4       0x74 obj/SKYROVER/drv_softserial.o
                0x000000000800dca4                processTxState
 .text.onSerialTimer
                0x000000000800dd18       0x20 obj/SKYROVER/drv_softserial.o
                0x000000000800dd18                onSerialTimer
 .text.uartTotalBytesWaiting
                0x000000000800dd38       0x16 obj/SKYROVER/drv_uart.o
                0x000000000800dd38                uartTotalBytesWaiting
 .text.isUartTransmitBufferEmpty
                0x000000000800dd4e       0x18 obj/SKYROVER/drv_uart.o
                0x000000000800dd4e                isUartTransmitBufferEmpty
 .text.uartStartTxDMA
                0x000000000800dd66       0x30 obj/SKYROVER/drv_uart.o
 .text.uartSetBaudRate
                0x000000000800dd96       0x4a obj/SKYROVER/drv_uart.o
                0x000000000800dd96                uartSetBaudRate
 .text.uartRead
                0x000000000800dde0       0x30 obj/SKYROVER/drv_uart.o
                0x000000000800dde0                uartRead
 .text.uartWrite
                0x000000000800de10       0x3c obj/SKYROVER/drv_uart.o
                0x000000000800de10                uartWrite
 .text.serialUSART1
                0x000000000800de4c       0xa0 obj/SKYROVER/drv_uart.o
                0x000000000800de4c                serialUSART1
 .text.serialUSART2
                0x000000000800deec       0x98 obj/SKYROVER/drv_uart.o
                0x000000000800deec                serialUSART2
 .text.uartOpen
                0x000000000800df84      0x170 obj/SKYROVER/drv_uart.o
                0x000000000800df84                uartOpen
 .text.DMA1_Channel4_IRQHandler
                0x000000000800e0f4       0x34 obj/SKYROVER/drv_uart.o
                0x000000000800e0f4                DMA1_Channel4_IRQHandler
 .text.USART1_IRQHandler
                0x000000000800e128       0x3c obj/SKYROVER/drv_uart.o
                0x000000000800e128                USART1_IRQHandler
 .text.USART2_IRQHandler
                0x000000000800e164       0x78 obj/SKYROVER/drv_uart.o
                0x000000000800e164                USART2_IRQHandler
 .text.Hw_VCom_Init
                0x000000000800e1dc       0x24 obj/SKYROVER/drv_vcom.o
                0x000000000800e1dc                Hw_VCom_Init
 .text.Hw_VCom_Q_Init
                0x000000000800e200       0x14 obj/SKYROVER/drv_vcom_q.o
                0x000000000800e200                Hw_VCom_Q_Init
 .text.HW_VCOM_Q_SIZE
                0x000000000800e214       0x34 obj/SKYROVER/drv_vcom_q.o
                0x000000000800e214                HW_VCOM_Q_SIZE
 .text.Hw_VCom_Q_Push
                0x000000000800e248       0x58 obj/SKYROVER/drv_vcom_q.o
                0x000000000800e248                Hw_VCom_Q_Push
 .text.uli2a    0x000000000800e2a0       0x4a obj/SKYROVER/printf.o
 .text.ui2a     0x000000000800e2ea       0x4a obj/SKYROVER/printf.o
 .text.putchw   0x000000000800e334       0x48 obj/SKYROVER/printf.o
 .text.tfp_format
                0x000000000800e37c      0x16c obj/SKYROVER/printf.o
                0x000000000800e37c                tfp_format
 .text.init_printf
                0x000000000800e4e8       0x14 obj/SKYROVER/printf.o
                0x000000000800e4e8                init_printf
 .text.tfp_printf
                0x000000000800e4fc       0x38 obj/SKYROVER/printf.o
                0x000000000800e4fc                tfp_printf
 .text.constrain
                0x000000000800e534       0x10 obj/SKYROVER/utils.o
                0x000000000800e534                constrain
 *fill*         0x000000000800e544        0x4 00
 .text.initBoardAlignment
                0x000000000800e548      0x170 obj/SKYROVER/utils.o
                0x000000000800e548                initBoardAlignment
 .text.alignBoard
                0x000000000800e6b8       0xc4 obj/SKYROVER/utils.o
                0x000000000800e6b8                alignBoard
 .text.alignSensors
                0x000000000800e77c       0x7c obj/SKYROVER/utils.o
                0x000000000800e77c                alignSensors
 .text.SystemInit
                0x000000000800e7f8       0x4c obj/SKYROVER/system_stm32f10x.o
                0x000000000800e7f8                SystemInit
 .text.SystemCoreClockUpdate
                0x000000000800e844       0x74 obj/SKYROVER/system_stm32f10x.o
                0x000000000800e844                SystemCoreClockUpdate
 .text.SetSysClock
                0x000000000800e8b8      0x15c obj/SKYROVER/system_stm32f10x.o
                0x000000000800e8b8                SetSysClock
 .text.NVIC_PriorityGroupConfig
                0x000000000800ea14       0x14 obj/SKYROVER/misc.o
                0x000000000800ea14                NVIC_PriorityGroupConfig
 .text.NVIC_Init
                0x000000000800ea28       0x68 obj/SKYROVER/misc.o
                0x000000000800ea28                NVIC_Init
 .text.ADC_Init
                0x000000000800ea90       0x48 obj/SKYROVER/stm32f10x_adc.o
                0x000000000800ea90                ADC_Init
 .text.ADC_Cmd  0x000000000800ead8       0x12 obj/SKYROVER/stm32f10x_adc.o
                0x000000000800ead8                ADC_Cmd
 .text.ADC_DMACmd
                0x000000000800eaea       0x12 obj/SKYROVER/stm32f10x_adc.o
                0x000000000800eaea                ADC_DMACmd
 .text.ADC_ResetCalibration
                0x000000000800eafc        0xa obj/SKYROVER/stm32f10x_adc.o
                0x000000000800eafc                ADC_ResetCalibration
 .text.ADC_GetResetCalibrationStatus
                0x000000000800eb06        0x8 obj/SKYROVER/stm32f10x_adc.o
                0x000000000800eb06                ADC_GetResetCalibrationStatus
 .text.ADC_StartCalibration
                0x000000000800eb0e        0xa obj/SKYROVER/stm32f10x_adc.o
                0x000000000800eb0e                ADC_StartCalibration
 .text.ADC_GetCalibrationStatus
                0x000000000800eb18        0x8 obj/SKYROVER/stm32f10x_adc.o
                0x000000000800eb18                ADC_GetCalibrationStatus
 .text.ADC_SoftwareStartConvCmd
                0x000000000800eb20       0x12 obj/SKYROVER/stm32f10x_adc.o
                0x000000000800eb20                ADC_SoftwareStartConvCmd
 .text.ADC_RegularChannelConfig
                0x000000000800eb32       0x9a obj/SKYROVER/stm32f10x_adc.o
                0x000000000800eb32                ADC_RegularChannelConfig
 .text.DMA_DeInit
                0x000000000800ebcc       0xf0 obj/SKYROVER/stm32f10x_dma.o
                0x000000000800ebcc                DMA_DeInit
 .text.DMA_Init
                0x000000000800ecbc       0x40 obj/SKYROVER/stm32f10x_dma.o
                0x000000000800ecbc                DMA_Init
 .text.DMA_StructInit
                0x000000000800ecfc       0x1a obj/SKYROVER/stm32f10x_dma.o
                0x000000000800ecfc                DMA_StructInit
 .text.DMA_Cmd  0x000000000800ed16       0x16 obj/SKYROVER/stm32f10x_dma.o
                0x000000000800ed16                DMA_Cmd
 .text.DMA_ITConfig
                0x000000000800ed2c       0x10 obj/SKYROVER/stm32f10x_dma.o
                0x000000000800ed2c                DMA_ITConfig
 .text.DMA_SetCurrDataCounter
                0x000000000800ed3c        0x4 obj/SKYROVER/stm32f10x_dma.o
                0x000000000800ed3c                DMA_SetCurrDataCounter
 .text.DMA_GetCurrDataCounter
                0x000000000800ed40        0x6 obj/SKYROVER/stm32f10x_dma.o
                0x000000000800ed40                DMA_GetCurrDataCounter
 *fill*         0x000000000800ed46        0x2 00
 .text.DMA_ClearITPendingBit
                0x000000000800ed48       0x14 obj/SKYROVER/stm32f10x_dma.o
                0x000000000800ed48                DMA_ClearITPendingBit
 .text.EXTI_Init
                0x000000000800ed5c       0x78 obj/SKYROVER/stm32f10x_exti.o
                0x000000000800ed5c                EXTI_Init
 .text.EXTI_GetITStatus
                0x000000000800edd4       0x20 obj/SKYROVER/stm32f10x_exti.o
                0x000000000800edd4                EXTI_GetITStatus
 .text.EXTI_ClearITPendingBit
                0x000000000800edf4        0xc obj/SKYROVER/stm32f10x_exti.o
                0x000000000800edf4                EXTI_ClearITPendingBit
 .text.FLASH_Unlock
                0x000000000800ee00       0x18 obj/SKYROVER/stm32f10x_flash.o
                0x000000000800ee00                FLASH_Unlock
 .text.FLASH_Lock
                0x000000000800ee18       0x10 obj/SKYROVER/stm32f10x_flash.o
                0x000000000800ee18                FLASH_Lock
 .text.FLASH_ClearFlag
                0x000000000800ee28        0xc obj/SKYROVER/stm32f10x_flash.o
                0x000000000800ee28                FLASH_ClearFlag
 .text.FLASH_GetBank1Status
                0x000000000800ee34       0x28 obj/SKYROVER/stm32f10x_flash.o
                0x000000000800ee34                FLASH_GetBank1Status
 .text.FLASH_WaitForLastOperation
                0x000000000800ee5c       0x22 obj/SKYROVER/stm32f10x_flash.o
                0x000000000800ee5c                FLASH_WaitForLastOperation
 *fill*         0x000000000800ee7e        0x2 00
 .text.FLASH_ProgramWord
                0x000000000800ee80       0x54 obj/SKYROVER/stm32f10x_flash.o
                0x000000000800ee80                FLASH_ProgramWord
 .text.FLASH_ErasePage
                0x000000000800eed4       0x3c obj/SKYROVER/stm32f10x_flash.o
                0x000000000800eed4                FLASH_ErasePage
 .text.GPIO_Init
                0x000000000800ef10       0xa0 obj/SKYROVER/stm32f10x_gpio.o
                0x000000000800ef10                GPIO_Init
 .text.GPIO_SetBits
                0x000000000800efb0        0x4 obj/SKYROVER/stm32f10x_gpio.o
                0x000000000800efb0                GPIO_SetBits
 .text.GPIO_ResetBits
                0x000000000800efb4        0x4 obj/SKYROVER/stm32f10x_gpio.o
                0x000000000800efb4                GPIO_ResetBits
 .text.I2C_DeInit
                0x000000000800efb8       0x34 obj/SKYROVER/stm32f10x_i2c.o
                0x000000000800efb8                I2C_DeInit
 .text.I2C_Init
                0x000000000800efec       0xd4 obj/SKYROVER/stm32f10x_i2c.o
                0x000000000800efec                I2C_Init
 .text.I2C_StructInit
                0x000000000800f0c0       0x1c obj/SKYROVER/stm32f10x_i2c.o
                0x000000000800f0c0                I2C_StructInit
 .text.I2C_Cmd  0x000000000800f0dc       0x18 obj/SKYROVER/stm32f10x_i2c.o
                0x000000000800f0dc                I2C_Cmd
 .text.I2C_GenerateSTART
                0x000000000800f0f4       0x18 obj/SKYROVER/stm32f10x_i2c.o
                0x000000000800f0f4                I2C_GenerateSTART
 .text.I2C_GenerateSTOP
                0x000000000800f10c       0x18 obj/SKYROVER/stm32f10x_i2c.o
                0x000000000800f10c                I2C_GenerateSTOP
 .text.I2C_AcknowledgeConfig
                0x000000000800f124       0x18 obj/SKYROVER/stm32f10x_i2c.o
                0x000000000800f124                I2C_AcknowledgeConfig
 .text.I2C_ITConfig
                0x000000000800f13c       0x12 obj/SKYROVER/stm32f10x_i2c.o
                0x000000000800f13c                I2C_ITConfig
 .text.I2C_SendData
                0x000000000800f14e        0x4 obj/SKYROVER/stm32f10x_i2c.o
                0x000000000800f14e                I2C_SendData
 .text.I2C_ReceiveData
                0x000000000800f152        0x6 obj/SKYROVER/stm32f10x_i2c.o
                0x000000000800f152                I2C_ReceiveData
 .text.I2C_Send7bitAddress
                0x000000000800f158       0x10 obj/SKYROVER/stm32f10x_i2c.o
                0x000000000800f158                I2C_Send7bitAddress
 .text.RCC_USBCLKConfig
                0x000000000800f168        0xc obj/SKYROVER/stm32f10x_rcc.o
                0x000000000800f168                RCC_USBCLKConfig
 .text.RCC_GetClocksFreq
                0x000000000800f174       0x9c obj/SKYROVER/stm32f10x_rcc.o
                0x000000000800f174                RCC_GetClocksFreq
 .text.RCC_AHBPeriphClockCmd
                0x000000000800f210       0x18 obj/SKYROVER/stm32f10x_rcc.o
                0x000000000800f210                RCC_AHBPeriphClockCmd
 .text.RCC_APB2PeriphClockCmd
                0x000000000800f228       0x18 obj/SKYROVER/stm32f10x_rcc.o
                0x000000000800f228                RCC_APB2PeriphClockCmd
 .text.RCC_APB1PeriphClockCmd
                0x000000000800f240       0x18 obj/SKYROVER/stm32f10x_rcc.o
                0x000000000800f240                RCC_APB1PeriphClockCmd
 .text.RCC_APB2PeriphResetCmd
                0x000000000800f258       0x18 obj/SKYROVER/stm32f10x_rcc.o
                0x000000000800f258                RCC_APB2PeriphResetCmd
 .text.RCC_APB1PeriphResetCmd
                0x000000000800f270       0x18 obj/SKYROVER/stm32f10x_rcc.o
                0x000000000800f270                RCC_APB1PeriphResetCmd
 .text.RCC_ClearFlag
                0x000000000800f288       0x10 obj/SKYROVER/stm32f10x_rcc.o
                0x000000000800f288                RCC_ClearFlag
 .text.SPI_I2S_DeInit
                0x000000000800f298       0x64 obj/SKYROVER/stm32f10x_spi.o
                0x000000000800f298                SPI_I2S_DeInit
 .text.SPI_Init
                0x000000000800f2fc       0x3e obj/SKYROVER/stm32f10x_spi.o
                0x000000000800f2fc                SPI_Init
 .text.SPI_Cmd  0x000000000800f33a       0x18 obj/SKYROVER/stm32f10x_spi.o
                0x000000000800f33a                SPI_Cmd
 .text.SPI_I2S_SendData
                0x000000000800f352        0x4 obj/SKYROVER/stm32f10x_spi.o
                0x000000000800f352                SPI_I2S_SendData
 .text.SPI_I2S_ReceiveData
                0x000000000800f356        0x6 obj/SKYROVER/stm32f10x_spi.o
                0x000000000800f356                SPI_I2S_ReceiveData
 .text.SPI_I2S_GetFlagStatus
                0x000000000800f35c        0xc obj/SKYROVER/stm32f10x_spi.o
                0x000000000800f35c                SPI_I2S_GetFlagStatus
 .text.TI1_Config
                0x000000000800f368       0x68 obj/SKYROVER/stm32f10x_tim.o
 .text.TI2_Config
                0x000000000800f3d0       0x78 obj/SKYROVER/stm32f10x_tim.o
 .text.TIM_TimeBaseInit
                0x000000000800f448       0x94 obj/SKYROVER/stm32f10x_tim.o
                0x000000000800f448                TIM_TimeBaseInit
 .text.TIM_OC1Init
                0x000000000800f4dc       0x88 obj/SKYROVER/stm32f10x_tim.o
                0x000000000800f4dc                TIM_OC1Init
 .text.TIM_OC2Init
                0x000000000800f564       0x88 obj/SKYROVER/stm32f10x_tim.o
                0x000000000800f564                TIM_OC2Init
 .text.TIM_OC3Init
                0x000000000800f5ec       0x84 obj/SKYROVER/stm32f10x_tim.o
                0x000000000800f5ec                TIM_OC3Init
 .text.TIM_OC4Init
                0x000000000800f670       0x68 obj/SKYROVER/stm32f10x_tim.o
                0x000000000800f670                TIM_OC4Init
 .text.TIM_TimeBaseStructInit
                0x000000000800f6d8       0x12 obj/SKYROVER/stm32f10x_tim.o
                0x000000000800f6d8                TIM_TimeBaseStructInit
 .text.TIM_OCStructInit
                0x000000000800f6ea       0x14 obj/SKYROVER/stm32f10x_tim.o
                0x000000000800f6ea                TIM_OCStructInit
 .text.TIM_ICStructInit
                0x000000000800f6fe       0x10 obj/SKYROVER/stm32f10x_tim.o
                0x000000000800f6fe                TIM_ICStructInit
 .text.TIM_Cmd  0x000000000800f70e       0x18 obj/SKYROVER/stm32f10x_tim.o
                0x000000000800f70e                TIM_Cmd
 .text.TIM_CtrlPWMOutputs
                0x000000000800f726       0x1c obj/SKYROVER/stm32f10x_tim.o
                0x000000000800f726                TIM_CtrlPWMOutputs
 .text.TIM_ITConfig
                0x000000000800f742       0x12 obj/SKYROVER/stm32f10x_tim.o
                0x000000000800f742                TIM_ITConfig
 .text.TIM_OC1PreloadConfig
                0x000000000800f754       0x10 obj/SKYROVER/stm32f10x_tim.o
                0x000000000800f754                TIM_OC1PreloadConfig
 .text.TIM_OC2PreloadConfig
                0x000000000800f764       0x14 obj/SKYROVER/stm32f10x_tim.o
                0x000000000800f764                TIM_OC2PreloadConfig
 .text.TIM_OC3PreloadConfig
                0x000000000800f778       0x10 obj/SKYROVER/stm32f10x_tim.o
                0x000000000800f778                TIM_OC3PreloadConfig
 .text.TIM_OC4PreloadConfig
                0x000000000800f788       0x14 obj/SKYROVER/stm32f10x_tim.o
                0x000000000800f788                TIM_OC4PreloadConfig
 .text.TIM_SetIC1Prescaler
                0x000000000800f79c       0x16 obj/SKYROVER/stm32f10x_tim.o
                0x000000000800f79c                TIM_SetIC1Prescaler
 .text.TIM_SetIC2Prescaler
                0x000000000800f7b2       0x1a obj/SKYROVER/stm32f10x_tim.o
                0x000000000800f7b2                TIM_SetIC2Prescaler
 .text.TIM_SetIC3Prescaler
                0x000000000800f7cc       0x16 obj/SKYROVER/stm32f10x_tim.o
                0x000000000800f7cc                TIM_SetIC3Prescaler
 .text.TIM_SetIC4Prescaler
                0x000000000800f7e2       0x1a obj/SKYROVER/stm32f10x_tim.o
                0x000000000800f7e2                TIM_SetIC4Prescaler
 .text.TIM_ICInit
                0x000000000800f7fc      0x138 obj/SKYROVER/stm32f10x_tim.o
                0x000000000800f7fc                TIM_ICInit
 .text.TIM_GetCapture1
                0x000000000800f934        0x6 obj/SKYROVER/stm32f10x_tim.o
                0x000000000800f934                TIM_GetCapture1
 .text.TIM_GetCapture2
                0x000000000800f93a        0x6 obj/SKYROVER/stm32f10x_tim.o
                0x000000000800f93a                TIM_GetCapture2
 .text.TIM_GetCapture3
                0x000000000800f940        0x6 obj/SKYROVER/stm32f10x_tim.o
                0x000000000800f940                TIM_GetCapture3
 .text.TIM_GetCapture4
                0x000000000800f946        0x8 obj/SKYROVER/stm32f10x_tim.o
                0x000000000800f946                TIM_GetCapture4
 .text.TIM_GetITStatus
                0x000000000800f94e       0x16 obj/SKYROVER/stm32f10x_tim.o
                0x000000000800f94e                TIM_GetITStatus
 .text.TIM_ClearITPendingBit
                0x000000000800f964        0x8 obj/SKYROVER/stm32f10x_tim.o
                0x000000000800f964                TIM_ClearITPendingBit
 .text.USART_Init
                0x000000000800f96c       0xb0 obj/SKYROVER/stm32f10x_usart.o
                0x000000000800f96c                USART_Init
 .text.USART_Cmd
                0x000000000800fa1c       0x18 obj/SKYROVER/stm32f10x_usart.o
                0x000000000800fa1c                USART_Cmd
 .text.USART_ITConfig
                0x000000000800fa34       0x34 obj/SKYROVER/stm32f10x_usart.o
                0x000000000800fa34                USART_ITConfig
 .text.USART_DMACmd
                0x000000000800fa68       0x12 obj/SKYROVER/stm32f10x_usart.o
                0x000000000800fa68                USART_DMACmd
 .text.vListInitialise
                0x000000000800fa7a       0x16 obj/SKYROVER/list.o
                0x000000000800fa7a                vListInitialise
 .text.vListInitialiseItem
                0x000000000800fa90        0x6 obj/SKYROVER/list.o
                0x000000000800fa90                vListInitialiseItem
 .text.vListInsertEnd
                0x000000000800fa96       0x18 obj/SKYROVER/list.o
                0x000000000800fa96                vListInsertEnd
 .text.vListInsert
                0x000000000800faae       0x30 obj/SKYROVER/list.o
                0x000000000800faae                vListInsert
 .text.uxListRemove
                0x000000000800fade       0x20 obj/SKYROVER/list.o
                0x000000000800fade                uxListRemove
 .text.prvUnlockQueue
                0x000000000800fafe       0x64 obj/SKYROVER/queue.o
 .text.prvCopyDataFromQueue
                0x000000000800fb62       0x26 obj/SKYROVER/queue.o
 .text.prvCopyDataToQueue
                0x000000000800fb88       0x66 obj/SKYROVER/queue.o
 .text.xQueueGenericReset
                0x000000000800fbee       0x64 obj/SKYROVER/queue.o
                0x000000000800fbee                xQueueGenericReset
 .text.xQueueGenericCreate
                0x000000000800fc52       0x42 obj/SKYROVER/queue.o
                0x000000000800fc52                xQueueGenericCreate
 .text.xQueueGenericSend
                0x000000000800fc94      0x100 obj/SKYROVER/queue.o
                0x000000000800fc94                xQueueGenericSend
 .text.xQueueCreateMutex
                0x000000000800fd94       0x52 obj/SKYROVER/queue.o
                0x000000000800fd94                xQueueCreateMutex
 .text.xQueueGenericSendFromISR
                0x000000000800fde6       0x84 obj/SKYROVER/queue.o
                0x000000000800fde6                xQueueGenericSendFromISR
 .text.xQueueGenericReceive
                0x000000000800fe6a      0x126 obj/SKYROVER/queue.o
                0x000000000800fe6a                xQueueGenericReceive
 .text.vQueueWaitForMessageRestricted
                0x000000000800ff90       0x3a obj/SKYROVER/queue.o
                0x000000000800ff90                vQueueWaitForMessageRestricted
 *fill*         0x000000000800ffca        0x2 00
 .text.prvAddCurrentTaskToDelayedList
                0x000000000800ffcc       0x50 obj/SKYROVER/tasks.o
 .text.xTaskGenericCreate
                0x000000000801001c      0x198 obj/SKYROVER/tasks.o
                0x000000000801001c                xTaskGenericCreate
 .text.vTaskStartScheduler
                0x00000000080101b4       0x5c obj/SKYROVER/tasks.o
                0x00000000080101b4                vTaskStartScheduler
 .text.vTaskSuspendAll
                0x0000000008010210       0x10 obj/SKYROVER/tasks.o
                0x0000000008010210                vTaskSuspendAll
 .text.xTaskGetTickCount
                0x0000000008010220       0x18 obj/SKYROVER/tasks.o
                0x0000000008010220                xTaskGetTickCount
 .text.xTaskIncrementTick
                0x0000000008010238      0x114 obj/SKYROVER/tasks.o
                0x0000000008010238                xTaskIncrementTick
 .text.xTaskResumeAll
                0x000000000801034c       0xc8 obj/SKYROVER/tasks.o
                0x000000000801034c                xTaskResumeAll
 .text.prvIdleTask
                0x0000000008010414       0x64 obj/SKYROVER/tasks.o
 .text.vTaskDelay
                0x0000000008010478       0x3c obj/SKYROVER/tasks.o
                0x0000000008010478                vTaskDelay
 .text.vTaskSwitchContext
                0x00000000080104b4       0x68 obj/SKYROVER/tasks.o
                0x00000000080104b4                vTaskSwitchContext
 .text.vTaskPlaceOnEventList
                0x000000000801051c       0x4c obj/SKYROVER/tasks.o
                0x000000000801051c                vTaskPlaceOnEventList
 .text.vTaskPlaceOnEventListRestricted
                0x0000000008010568       0x34 obj/SKYROVER/tasks.o
                0x0000000008010568                vTaskPlaceOnEventListRestricted
 .text.xTaskRemoveFromEventList
                0x000000000801059c       0x74 obj/SKYROVER/tasks.o
                0x000000000801059c                xTaskRemoveFromEventList
 .text.vTaskSetTimeOutState
                0x0000000008010610       0x20 obj/SKYROVER/tasks.o
                0x0000000008010610                vTaskSetTimeOutState
 .text.xTaskCheckForTimeOut
                0x0000000008010630       0x5c obj/SKYROVER/tasks.o
                0x0000000008010630                xTaskCheckForTimeOut
 .text.vTaskMissedYield
                0x000000000801068c        0xc obj/SKYROVER/tasks.o
                0x000000000801068c                vTaskMissedYield
 .text.xTaskGetCurrentTaskHandle
                0x0000000008010698        0xc obj/SKYROVER/tasks.o
                0x0000000008010698                xTaskGetCurrentTaskHandle
 .text.xTaskGetSchedulerState
                0x00000000080106a4       0x1c obj/SKYROVER/tasks.o
                0x00000000080106a4                xTaskGetSchedulerState
 .text.vTaskPriorityInherit
                0x00000000080106c0       0x6c obj/SKYROVER/tasks.o
                0x00000000080106c0                vTaskPriorityInherit
 .text.vTaskPriorityDisinherit
                0x000000000801072c       0x48 obj/SKYROVER/tasks.o
                0x000000000801072c                vTaskPriorityDisinherit
 .text.prvCheckForValidListAndQueue
                0x0000000008010774       0x4c obj/SKYROVER/timers.o
 .text.prvInsertTimerInActiveList
                0x00000000080107c0       0x3c obj/SKYROVER/timers.o
 .text.xTimerCreateTimerTask
                0x00000000080107fc       0x40 obj/SKYROVER/timers.o
                0x00000000080107fc                xTimerCreateTimerTask
 .text.xTimerGenericCommand
                0x000000000801083c       0x44 obj/SKYROVER/timers.o
                0x000000000801083c                xTimerGenericCommand
 .text.prvSwitchTimerLists.isra.1
                0x0000000008010880       0x64 obj/SKYROVER/timers.o
 .text.prvTimerTask
                0x00000000080108e4      0x150 obj/SKYROVER/timers.o
 .text.osThreadCreate
                0x0000000008010a34       0x32 obj/SKYROVER/cmsis_os.o
                0x0000000008010a34                osThreadCreate
 .text.osKernelStart
                0x0000000008010a66       0x10 obj/SKYROVER/cmsis_os.o
                0x0000000008010a66                osKernelStart
 .text.osDelay  0x0000000008010a76       0x10 obj/SKYROVER/cmsis_os.o
                0x0000000008010a76                osDelay
 .text.osMutexCreate
                0x0000000008010a86        0x6 obj/SKYROVER/cmsis_os.o
                0x0000000008010a86                osMutexCreate
 .text.osMutexWait
                0x0000000008010a8c       0x24 obj/SKYROVER/cmsis_os.o
                0x0000000008010a8c                osMutexWait
 .text.osMutexRelease
                0x0000000008010ab0       0x1e obj/SKYROVER/cmsis_os.o
                0x0000000008010ab0                osMutexRelease
 *fill*         0x0000000008010ace        0x2 00
 .text.pvPortMalloc
                0x0000000008010ad0       0xb4 obj/SKYROVER/heap_2.o
                0x0000000008010ad0                pvPortMalloc
 .text.vPortFree
                0x0000000008010b84       0x40 obj/SKYROVER/heap_2.o
                0x0000000008010b84                vPortFree
 .text.prvPortStartFirstTask
                0x0000000008010bc4       0x14 obj/SKYROVER/port.o
 .text.pxPortInitialiseStack
                0x0000000008010bd8       0x1c obj/SKYROVER/port.o
                0x0000000008010bd8                pxPortInitialiseStack
 .text.SVC_Handler
                0x0000000008010bf4       0x20 obj/SKYROVER/port.o
                0x0000000008010bf4                SVC_Handler
 .text.vPortYield
                0x0000000008010c14       0x18 obj/SKYROVER/port.o
                0x0000000008010c14                vPortYield
 .text.ulPortSetInterruptMask
                0x0000000008010c2c       0x10 obj/SKYROVER/port.o
                0x0000000008010c2c                ulPortSetInterruptMask
 .text.vPortEnterCritical
                0x0000000008010c3c       0x1c obj/SKYROVER/port.o
                0x0000000008010c3c                vPortEnterCritical
 .text.prvTaskExitError
                0x0000000008010c58       0x1c obj/SKYROVER/port.o
 .text.vPortClearInterruptMask
                0x0000000008010c74        0x6 obj/SKYROVER/port.o
                0x0000000008010c74                vPortClearInterruptMask
 *fill*         0x0000000008010c7a        0x2 00
 .text.vPortExitCritical
                0x0000000008010c7c       0x14 obj/SKYROVER/port.o
                0x0000000008010c7c                vPortExitCritical
 .text.PendSV_Handler
                0x0000000008010c90       0x3c obj/SKYROVER/port.o
                0x0000000008010c90                PendSV_Handler
 .text.xPortSysTickHandler
                0x0000000008010ccc       0x24 obj/SKYROVER/port.o
                0x0000000008010ccc                xPortSysTickHandler
 .text.vPortSetupTimerInterrupt
                0x0000000008010cf0       0x24 obj/SKYROVER/port.o
                0x0000000008010cf0                vPortSetupTimerInterrupt
 .text.xPortStartScheduler
                0x0000000008010d14       0x8c obj/SKYROVER/port.o
                0x0000000008010d14                xPortStartScheduler
 .text.vPortValidateInterruptPriority
                0x0000000008010da0       0x44 obj/SKYROVER/port.o
                0x0000000008010da0                vPortValidateInterruptPriority
 .text.Standard_GetConfiguration
                0x0000000008010de4       0x24 obj/SKYROVER/usb_core.o
                0x0000000008010de4                Standard_GetConfiguration
 .text.Standard_GetInterface
                0x0000000008010e08       0x24 obj/SKYROVER/usb_core.o
                0x0000000008010e08                Standard_GetInterface
 .text.Standard_GetStatus
                0x0000000008010e2c       0x9c obj/SKYROVER/usb_core.o
                0x0000000008010e2c                Standard_GetStatus
 .text.DataStageIn
                0x0000000008010ec8       0xa0 obj/SKYROVER/usb_core.o
 .text.Standard_SetConfiguration
                0x0000000008010f68       0x38 obj/SKYROVER/usb_core.o
                0x0000000008010f68                Standard_SetConfiguration
 .text.Standard_SetInterface
                0x0000000008010fa0       0x48 obj/SKYROVER/usb_core.o
                0x0000000008010fa0                Standard_SetInterface
 .text.Standard_ClearFeature
                0x0000000008010fe8       0xdc obj/SKYROVER/usb_core.o
                0x0000000008010fe8                Standard_ClearFeature
 .text.Standard_SetEndPointFeature
                0x00000000080110c4       0x8c obj/SKYROVER/usb_core.o
                0x00000000080110c4                Standard_SetEndPointFeature
 .text.Standard_SetDeviceFeature
                0x0000000008011150       0x24 obj/SKYROVER/usb_core.o
                0x0000000008011150                Standard_SetDeviceFeature
 .text.Standard_GetDescriptorData
                0x0000000008011174       0x1c obj/SKYROVER/usb_core.o
                0x0000000008011174                Standard_GetDescriptorData
 .text.Post0_Process
                0x0000000008011190       0x40 obj/SKYROVER/usb_core.o
                0x0000000008011190                Post0_Process
 .text.Out0_Process
                0x00000000080111d0       0xd4 obj/SKYROVER/usb_core.o
                0x00000000080111d0                Out0_Process
 .text.Setup0_Process
                0x00000000080112a4      0x2f4 obj/SKYROVER/usb_core.o
                0x00000000080112a4                Setup0_Process
 .text.SetDeviceAddress
                0x0000000008011598       0x40 obj/SKYROVER/usb_core.o
                0x0000000008011598                SetDeviceAddress
 .text.In0_Process
                0x00000000080115d8       0x60 obj/SKYROVER/usb_core.o
                0x00000000080115d8                In0_Process
 .text.NOP_Process
                0x0000000008011638        0x2 obj/SKYROVER/usb_core.o
                0x0000000008011638                NOP_Process
 *fill*         0x000000000801163a        0x2 00
 .text.USB_Init
                0x000000000801163c       0x38 obj/SKYROVER/usb_init.o
                0x000000000801163c                USB_Init
 .text.CTR_LP   0x0000000008011674      0x18c obj/SKYROVER/usb_int.o
                0x0000000008011674                CTR_LP
 .text.UserToPMABufferCopy
                0x0000000008011800       0x2e obj/SKYROVER/usb_mem.o
                0x0000000008011800                UserToPMABufferCopy
 .text.PMAToUserBufferCopy
                0x000000000801182e       0x24 obj/SKYROVER/usb_mem.o
                0x000000000801182e                PMAToUserBufferCopy
 *fill*         0x0000000008011852        0x2 00
 .text.SetBTABLE
                0x0000000008011854       0x10 obj/SKYROVER/usb_regs.o
                0x0000000008011854                SetBTABLE
 .text.SetEPType
                0x0000000008011864       0x18 obj/SKYROVER/usb_regs.o
                0x0000000008011864                SetEPType
 .text.SetEPTxStatus
                0x000000000801187c       0x3a obj/SKYROVER/usb_regs.o
                0x000000000801187c                SetEPTxStatus
 .text.SetEPRxStatus
                0x00000000080118b6       0x3a obj/SKYROVER/usb_regs.o
                0x00000000080118b6                SetEPRxStatus
 .text.SetEPTxValid
                0x00000000080118f0       0x22 obj/SKYROVER/usb_regs.o
                0x00000000080118f0                SetEPTxValid
 .text.SetEPRxValid
                0x0000000008011912       0x22 obj/SKYROVER/usb_regs.o
                0x0000000008011912                SetEPRxValid
 .text.Clear_Status_Out
                0x0000000008011934       0x1e obj/SKYROVER/usb_regs.o
                0x0000000008011934                Clear_Status_Out
 .text.ClearDTOG_RX
                0x0000000008011952       0x24 obj/SKYROVER/usb_regs.o
                0x0000000008011952                ClearDTOG_RX
 .text.ClearDTOG_TX
                0x0000000008011976       0x24 obj/SKYROVER/usb_regs.o
                0x0000000008011976                ClearDTOG_TX
 *fill*         0x000000000801199a        0x2 00
 .text.SetEPTxAddr
                0x000000000801199c       0x20 obj/SKYROVER/usb_regs.o
                0x000000000801199c                SetEPTxAddr
 .text.SetEPRxAddr
                0x00000000080119bc       0x20 obj/SKYROVER/usb_regs.o
                0x00000000080119bc                SetEPRxAddr
 .text.GetEPTxAddr
                0x00000000080119dc       0x1c obj/SKYROVER/usb_regs.o
                0x00000000080119dc                GetEPTxAddr
 .text.GetEPRxAddr
                0x00000000080119f8       0x1c obj/SKYROVER/usb_regs.o
                0x00000000080119f8                GetEPRxAddr
 .text.SetEPTxCount
                0x0000000008011a14       0x1c obj/SKYROVER/usb_regs.o
                0x0000000008011a14                SetEPTxCount
 .text.SetEPRxCount
                0x0000000008011a30       0x3c obj/SKYROVER/usb_regs.o
                0x0000000008011a30                SetEPRxCount
 .text.GetEPRxCount
                0x0000000008011a6c       0x20 obj/SKYROVER/usb_regs.o
                0x0000000008011a6c                GetEPRxCount
 .text.ByteSwap
                0x0000000008011a8c        0xa obj/SKYROVER/usb_regs.o
                0x0000000008011a8c                ByteSwap
 *fill*         0x0000000008011a96        0x2 00
 .text.USB_SIL_Init
                0x0000000008011a98       0x20 obj/SKYROVER/usb_sil.o
                0x0000000008011a98                USB_SIL_Init
 .text.USB_SIL_Read
                0x0000000008011ab8       0x24 obj/SKYROVER/usb_sil.o
                0x0000000008011ab8                USB_SIL_Read
 .text.IntToUnicode
                0x0000000008011adc       0x2a obj/SKYROVER/hw_config.o
 .text.USB_LP_CAN1_RX0_IRQHandler
                0x0000000008011b06        0x4 obj/SKYROVER/hw_config.o
                0x0000000008011b06                USB_LP_CAN1_RX0_IRQHandler
 .text.USBWakeUp_IRQHandler
                0x0000000008011b0a        0x8 obj/SKYROVER/hw_config.o
                0x0000000008011b0a                USBWakeUp_IRQHandler
 *fill*         0x0000000008011b12        0x2 00
 .text.Set_System
                0x0000000008011b14       0x4c obj/SKYROVER/hw_config.o
                0x0000000008011b14                Set_System
 .text.Set_USBClock
                0x0000000008011b60       0x16 obj/SKYROVER/hw_config.o
                0x0000000008011b60                Set_USBClock
 .text.USB_Interrupts_Config
                0x0000000008011b76       0x3a obj/SKYROVER/hw_config.o
                0x0000000008011b76                USB_Interrupts_Config
 .text.USB_Cable_Config
                0x0000000008011bb0       0x1c obj/SKYROVER/hw_config.o
                0x0000000008011bb0                USB_Cable_Config
 .text.USB_To_USART_Send_Data
                0x0000000008011bcc       0x30 obj/SKYROVER/hw_config.o
                0x0000000008011bcc                USB_To_USART_Send_Data
 .text.Handle_USBAsynchXfer
                0x0000000008011bfc       0x94 obj/SKYROVER/hw_config.o
                0x0000000008011bfc                Handle_USBAsynchXfer
 .text.Get_SerialNum
                0x0000000008011c90       0x34 obj/SKYROVER/hw_config.o
                0x0000000008011c90                Get_SerialNum
 .text.EP1_IN_Callback
                0x0000000008011cc4       0x64 obj/SKYROVER/usb_endp.o
                0x0000000008011cc4                EP1_IN_Callback
 .text.EP3_OUT_Callback
                0x0000000008011d28       0x24 obj/SKYROVER/usb_endp.o
                0x0000000008011d28                EP3_OUT_Callback
 .text.SOF_Callback
                0x0000000008011d4c       0x28 obj/SKYROVER/usb_endp.o
                0x0000000008011d4c                SOF_Callback
 .text.USB_Istr
                0x0000000008011d74       0x7c obj/SKYROVER/usb_istr.o
                0x0000000008011d74                USB_Istr
 .text.Virtual_Com_Port_SetConfiguration
                0x0000000008011df0       0x18 obj/SKYROVER/usb_prop.o
                0x0000000008011df0                Virtual_Com_Port_SetConfiguration
 .text.Virtual_Com_Port_SetDeviceAddress
                0x0000000008011e08        0xc obj/SKYROVER/usb_prop.o
                0x0000000008011e08                Virtual_Com_Port_SetDeviceAddress
 .text.Virtual_Com_Port_Status_In
                0x0000000008011e14       0x14 obj/SKYROVER/usb_prop.o
                0x0000000008011e14                Virtual_Com_Port_Status_In
 .text.Virtual_Com_Port_Status_Out
                0x0000000008011e28        0x2 obj/SKYROVER/usb_prop.o
                0x0000000008011e28                Virtual_Com_Port_Status_Out
 *fill*         0x0000000008011e2a        0x2 00
 .text.Virtual_Com_Port_Data_Setup
                0x0000000008011e2c       0x5c obj/SKYROVER/usb_prop.o
                0x0000000008011e2c                Virtual_Com_Port_Data_Setup
 .text.Virtual_Com_Port_NoData_Setup
                0x0000000008011e88       0x24 obj/SKYROVER/usb_prop.o
                0x0000000008011e88                Virtual_Com_Port_NoData_Setup
 .text.Virtual_Com_Port_Get_Interface_Setting
                0x0000000008011eac        0xe obj/SKYROVER/usb_prop.o
                0x0000000008011eac                Virtual_Com_Port_Get_Interface_Setting
 *fill*         0x0000000008011eba        0x2 00
 .text.Virtual_Com_Port_GetLineCoding
                0x0000000008011ebc       0x18 obj/SKYROVER/usb_prop.o
                0x0000000008011ebc                Virtual_Com_Port_GetLineCoding
 .text.Virtual_Com_Port_SetLineCoding
                0x0000000008011ed4       0x18 obj/SKYROVER/usb_prop.o
                0x0000000008011ed4                Virtual_Com_Port_SetLineCoding
 .text.Virtual_Com_Port_GetStringDescriptor
                0x0000000008011eec       0x20 obj/SKYROVER/usb_prop.o
                0x0000000008011eec                Virtual_Com_Port_GetStringDescriptor
 .text.Virtual_Com_Port_GetConfigDescriptor
                0x0000000008011f0c        0xc obj/SKYROVER/usb_prop.o
                0x0000000008011f0c                Virtual_Com_Port_GetConfigDescriptor
 .text.Virtual_Com_Port_GetDeviceDescriptor
                0x0000000008011f18        0xc obj/SKYROVER/usb_prop.o
                0x0000000008011f18                Virtual_Com_Port_GetDeviceDescriptor
 .text.Virtual_Com_Port_Reset
                0x0000000008011f24       0xe0 obj/SKYROVER/usb_prop.o
                0x0000000008011f24                Virtual_Com_Port_Reset
 .text.Virtual_Com_Port_init
                0x0000000008012004       0x24 obj/SKYROVER/usb_prop.o
                0x0000000008012004                Virtual_Com_Port_init
 .text.PowerOn  0x0000000008012028       0x30 obj/SKYROVER/usb_pwr.o
                0x0000000008012028                PowerOn
 .text.thread_main
                0x0000000008012058       0x70 obj/SKYROVER/thread_main.o
                0x0000000008012058                thread_main
 .text._menu_putc
                0x00000000080120c8       0x20 obj/SKYROVER/thread_menu.o
 .text._menu_received
                0x00000000080120e8        0xc obj/SKYROVER/thread_menu.o
                0x00000000080120e8                _menu_received
 .text._menu_getch
                0x00000000080120f4        0xc obj/SKYROVER/thread_menu.o
                0x00000000080120f4                _menu_getch
 .text._menu_putch
                0x0000000008012100       0x20 obj/SKYROVER/thread_menu.o
                0x0000000008012100                _menu_putch
 .text._menu_printf
                0x0000000008012120       0x20 obj/SKYROVER/thread_menu.o
                0x0000000008012120                _menu_printf
 .text._menu_show_menu
                0x0000000008012140       0xa0 obj/SKYROVER/thread_menu.o
 .text.cmd_bluetooth_setup
                0x00000000080121e0      0x118 obj/SKYROVER/thread_menu.o
                0x00000000080121e0                cmd_bluetooth_setup
 .text.cmd_bluetooth_check
                0x00000000080122f8       0xe4 obj/SKYROVER/thread_menu.o
                0x00000000080122f8                cmd_bluetooth_check
 .text.thread_menu
                0x00000000080123dc       0xb4 obj/SKYROVER/thread_menu.o
                0x00000000080123dc                thread_menu
 .text.thread_mw
                0x0000000008012490       0x34 obj/SKYROVER/thread_mw.o
                0x0000000008012490                thread_mw
 .text.cosf     0x00000000080124c4       0x68 /Users/Baram/gcc-arm-none-eabi/bin/../lib/gcc/arm-none-eabi/4.7.4/../../../../arm-none-eabi/lib/armv7-m/libm.a(lib_a-sf_cos.o)
                0x00000000080124c4                cosf
 .text.lrintf   0x000000000801252c       0x80 /Users/Baram/gcc-arm-none-eabi/bin/../lib/gcc/arm-none-eabi/4.7.4/../../../../arm-none-eabi/lib/armv7-m/libm.a(lib_a-sf_lrint.o)
                0x000000000801252c                lrintf
 .text.sinf     0x00000000080125ac       0x78 /Users/Baram/gcc-arm-none-eabi/bin/../lib/gcc/arm-none-eabi/4.7.4/../../../../arm-none-eabi/lib/armv7-m/libm.a(lib_a-sf_sin.o)
                0x00000000080125ac                sinf
 .text.atan2f   0x0000000008012624        0x4 /Users/Baram/gcc-arm-none-eabi/bin/../lib/gcc/arm-none-eabi/4.7.4/../../../../arm-none-eabi/lib/armv7-m/libm.a(lib_a-wf_atan2.o)
                0x0000000008012624                atan2f
 .text.powf     0x0000000008012628      0x328 /Users/Baram/gcc-arm-none-eabi/bin/../lib/gcc/arm-none-eabi/4.7.4/../../../../arm-none-eabi/lib/armv7-m/libm.a(lib_a-wf_pow.o)
                0x0000000008012628                powf
 .text.sqrtf    0x0000000008012950       0x9c /Users/Baram/gcc-arm-none-eabi/bin/../lib/gcc/arm-none-eabi/4.7.4/../../../../arm-none-eabi/lib/armv7-m/libm.a(lib_a-wf_sqrt.o)
                0x0000000008012950                sqrtf
 .text.__ieee754_atan2f
                0x00000000080129ec      0x14c /Users/Baram/gcc-arm-none-eabi/bin/../lib/gcc/arm-none-eabi/4.7.4/../../../../arm-none-eabi/lib/armv7-m/libm.a(lib_a-ef_atan2.o)
                0x00000000080129ec                __ieee754_atan2f
 .text.__ieee754_powf
                0x0000000008012b38      0x740 /Users/Baram/gcc-arm-none-eabi/bin/../lib/gcc/arm-none-eabi/4.7.4/../../../../arm-none-eabi/lib/armv7-m/libm.a(lib_a-ef_pow.o)
                0x0000000008012b38                __ieee754_powf
 .text.__ieee754_rem_pio2f
                0x0000000008013278      0x358 /Users/Baram/gcc-arm-none-eabi/bin/../lib/gcc/arm-none-eabi/4.7.4/../../../../arm-none-eabi/lib/armv7-m/libm.a(lib_a-ef_rem_pio2.o)
                0x0000000008013278                __ieee754_rem_pio2f
 .text.__ieee754_sqrtf
                0x00000000080135d0       0xd4 /Users/Baram/gcc-arm-none-eabi/bin/../lib/gcc/arm-none-eabi/4.7.4/../../../../arm-none-eabi/lib/armv7-m/libm.a(lib_a-ef_sqrt.o)
                0x00000000080135d0                __ieee754_sqrtf
 .text.__kernel_cosf
                0x00000000080136a4      0x1b8 /Users/Baram/gcc-arm-none-eabi/bin/../lib/gcc/arm-none-eabi/4.7.4/../../../../arm-none-eabi/lib/armv7-m/libm.a(lib_a-kf_cos.o)
                0x00000000080136a4                __kernel_cosf
 .text.__kernel_rem_pio2f
                0x000000000801385c      0xba0 /Users/Baram/gcc-arm-none-eabi/bin/../lib/gcc/arm-none-eabi/4.7.4/../../../../arm-none-eabi/lib/armv7-m/libm.a(lib_a-kf_rem_pio2.o)
                0x000000000801385c                __kernel_rem_pio2f
 .text.__kernel_sinf
                0x00000000080143fc      0x100 /Users/Baram/gcc-arm-none-eabi/bin/../lib/gcc/arm-none-eabi/4.7.4/../../../../arm-none-eabi/lib/armv7-m/libm.a(lib_a-kf_sin.o)
                0x00000000080143fc                __kernel_sinf
 .text.matherr  0x00000000080144fc        0x4 /Users/Baram/gcc-arm-none-eabi/bin/../lib/gcc/arm-none-eabi/4.7.4/../../../../arm-none-eabi/lib/armv7-m/libm.a(lib_a-s_matherr.o)
                0x00000000080144fc                matherr
 .text.rint     0x0000000008014500      0x128 /Users/Baram/gcc-arm-none-eabi/bin/../lib/gcc/arm-none-eabi/4.7.4/../../../../arm-none-eabi/lib/armv7-m/libm.a(lib_a-s_rint.o)
                0x0000000008014500                rint
 .text.atanf    0x0000000008014628      0x258 /Users/Baram/gcc-arm-none-eabi/bin/../lib/gcc/arm-none-eabi/4.7.4/../../../../arm-none-eabi/lib/armv7-m/libm.a(lib_a-sf_atan.o)
                0x0000000008014628                atanf
 .text.fabsf    0x0000000008014880        0x8 /Users/Baram/gcc-arm-none-eabi/bin/../lib/gcc/arm-none-eabi/4.7.4/../../../../arm-none-eabi/lib/armv7-m/libm.a(lib_a-sf_fabs.o)
                0x0000000008014880                fabsf
 .text.finitef  0x0000000008014888       0x10 /Users/Baram/gcc-arm-none-eabi/bin/../lib/gcc/arm-none-eabi/4.7.4/../../../../arm-none-eabi/lib/armv7-m/libm.a(lib_a-sf_finite.o)
                0x0000000008014888                finitef
 .text.floorf   0x0000000008014898       0x94 /Users/Baram/gcc-arm-none-eabi/bin/../lib/gcc/arm-none-eabi/4.7.4/../../../../arm-none-eabi/lib/armv7-m/libm.a(lib_a-sf_floor.o)
                0x0000000008014898                floorf
 .text.__fpclassifyf
                0x000000000801492c       0x58 /Users/Baram/gcc-arm-none-eabi/bin/../lib/gcc/arm-none-eabi/4.7.4/../../../../arm-none-eabi/lib/armv7-m/libm.a(lib_a-sf_fpclassify.o)
                0x000000000801492c                __fpclassifyf
 .text.nanf     0x0000000008014984        0x8 /Users/Baram/gcc-arm-none-eabi/bin/../lib/gcc/arm-none-eabi/4.7.4/../../../../arm-none-eabi/lib/armv7-m/libm.a(lib_a-sf_nan.o)
                0x0000000008014984                nanf
 .text.scalbnf  0x000000000801498c       0xc0 /Users/Baram/gcc-arm-none-eabi/bin/../lib/gcc/arm-none-eabi/4.7.4/../../../../arm-none-eabi/lib/armv7-m/libm.a(lib_a-sf_scalbn.o)
                0x000000000801498c                scalbnf
 .text.copysignf
                0x0000000008014a4c        0xc /Users/Baram/gcc-arm-none-eabi/bin/../lib/gcc/arm-none-eabi/4.7.4/../../../../arm-none-eabi/lib/armv7-m/libm.a(lib_a-sf_copysign.o)
                0x0000000008014a4c                copysignf
 .text.__register_exitproc
                0x0000000008014a58       0xac /Users/Baram/gcc-arm-none-eabi/bin/../lib/gcc/arm-none-eabi/4.7.4/../../../../arm-none-eabi/lib/armv7-m/libc.a(lib_a-__atexit.o)
                0x0000000008014a58                __register_exitproc
 .text.atoi     0x0000000008014b04        0x8 /Users/Baram/gcc-arm-none-eabi/bin/../lib/gcc/arm-none-eabi/4.7.4/../../../../arm-none-eabi/lib/armv7-m/libc.a(lib_a-atoi.o)
                0x0000000008014b04                atoi
 .text.bsearch  0x0000000008014b0c       0x40 /Users/Baram/gcc-arm-none-eabi/bin/../lib/gcc/arm-none-eabi/4.7.4/../../../../arm-none-eabi/lib/armv7-m/libc.a(lib_a-bsearch.o)
                0x0000000008014b0c                bsearch
 .text.__errno  0x0000000008014b4c        0xc /Users/Baram/gcc-arm-none-eabi/bin/../lib/gcc/arm-none-eabi/4.7.4/../../../../arm-none-eabi/lib/armv7-m/libc.a(lib_a-errno.o)
                0x0000000008014b4c                __errno
 .text.__libc_fini_array
                0x0000000008014b58       0x50 /Users/Baram/gcc-arm-none-eabi/bin/../lib/gcc/arm-none-eabi/4.7.4/../../../../arm-none-eabi/lib/armv7-m/libc.a(lib_a-fini.o)
                0x0000000008014b58                __libc_fini_array
 .text.__libc_init_array
                0x0000000008014ba8       0x94 /Users/Baram/gcc-arm-none-eabi/bin/../lib/gcc/arm-none-eabi/4.7.4/../../../../arm-none-eabi/lib/armv7-m/libc.a(lib_a-init.o)
                0x0000000008014ba8                __libc_init_array
 .text.memcpy   0x0000000008014c3c      0x15c /Users/Baram/gcc-arm-none-eabi/bin/../lib/gcc/arm-none-eabi/4.7.4/../../../../arm-none-eabi/lib/armv7-m/libc.a(lib_a-memcpy.o)
                0x0000000008014c3c                memcpy
 .text.memset   0x0000000008014d98      0x12c /Users/Baram/gcc-arm-none-eabi/bin/../lib/gcc/arm-none-eabi/4.7.4/../../../../arm-none-eabi/lib/armv7-m/libc.a(lib_a-memset.o)
                0x0000000008014d98                memset
 .text.strcat   0x0000000008014ec4       0x4c /Users/Baram/gcc-arm-none-eabi/bin/../lib/gcc/arm-none-eabi/4.7.4/../../../../arm-none-eabi/lib/armv7-m/libc.a(lib_a-strcat.o)
                0x0000000008014ec4                strcat
 .text.strchr   0x0000000008014f10       0xfc /Users/Baram/gcc-arm-none-eabi/bin/../lib/gcc/arm-none-eabi/4.7.4/../../../../arm-none-eabi/lib/armv7-m/libc.a(lib_a-strchr.o)