Archive member included because of file (symbol)

/Users/imac/Develop/stm32f4/arm_gcc/gcc-arm-none-eabi-4_8-2014q2/bin/../lib/gcc/arm-none-eabi/4.8.4/../../../../arm-none-eabi/lib/armv7-m/libm.a(lib_a-sf_cos.o)
                              obj/SKYROVER/gps.o (cosf)
/Users/imac/Develop/stm32f4/arm_gcc/gcc-arm-none-eabi-4_8-2014q2/bin/../lib/gcc/arm-none-eabi/4.8.4/../../../../arm-none-eabi/lib/armv7-m/libm.a(lib_a-sf_lrint.o)
                              obj/SKYROVER/imu.o (lrintf)
/Users/imac/Develop/stm32f4/arm_gcc/gcc-arm-none-eabi-4_8-2014q2/bin/../lib/gcc/arm-none-eabi/4.8.4/../../../../arm-none-eabi/lib/armv7-m/libm.a(lib_a-sf_sin.o)
                              obj/SKYROVER/gps.o (sinf)
/Users/imac/Develop/stm32f4/arm_gcc/gcc-arm-none-eabi-4_8-2014q2/bin/../lib/gcc/arm-none-eabi/4.8.4/../../../../arm-none-eabi/lib/armv7-m/libm.a(lib_a-wf_atan2.o)
                              obj/SKYROVER/gps.o (atan2f)
/Users/imac/Develop/stm32f4/arm_gcc/gcc-arm-none-eabi-4_8-2014q2/bin/../lib/gcc/arm-none-eabi/4.8.4/../../../../arm-none-eabi/lib/armv7-m/libm.a(lib_a-wf_pow.o)
                              obj/SKYROVER/imu.o (powf)
/Users/imac/Develop/stm32f4/arm_gcc/gcc-arm-none-eabi-4_8-2014q2/bin/../lib/gcc/arm-none-eabi/4.8.4/../../../../arm-none-eabi/lib/armv7-m/libm.a(lib_a-wf_sqrt.o)
                              obj/SKYROVER/gps.o (sqrtf)
/Users/imac/Develop/stm32f4/arm_gcc/gcc-arm-none-eabi-4_8-2014q2/bin/../lib/gcc/arm-none-eabi/4.8.4/../../../../arm-none-eabi/lib/armv7-m/libm.a(lib_a-ef_atan2.o)
                              /Users/imac/Develop/stm32f4/arm_gcc/gcc-arm-none-eabi-4_8-2014q2/bin/../lib/gcc/arm-none-eabi/4.8.4/../../../../arm-none-eabi/lib/armv7-m/libm.a(lib_a-wf_atan2.o) (__ieee754_atan2f)
/Users/imac/Develop/stm32f4/arm_gcc/gcc-arm-none-eabi-4_8-2014q2/bin/../lib/gcc/arm-none-eabi/4.8.4/../../../../arm-none-eabi/lib/armv7-m/libm.a(lib_a-ef_pow.o)
                              /Users/imac/Develop/stm32f4/arm_gcc/gcc-arm-none-eabi-4_8-2014q2/bin/../lib/gcc/arm-none-eabi/4.8.4/../../../../arm-none-eabi/lib/armv7-m/libm.a(lib_a-wf_pow.o) (__ieee754_powf)
/Users/imac/Develop/stm32f4/arm_gcc/gcc-arm-none-eabi-4_8-2014q2/bin/../lib/gcc/arm-none-eabi/4.8.4/../../../../arm-none-eabi/lib/armv7-m/libm.a(lib_a-ef_rem_pio2.o)
                              /Users/imac/Develop/stm32f4/arm_gcc/gcc-arm-none-eabi-4_8-2014q2/bin/../lib/gcc/arm-none-eabi/4.8.4/../../../../arm-none-eabi/lib/armv7-m/libm.a(lib_a-sf_cos.o) (__ieee754_rem_pio2f)
/Users/imac/Develop/stm32f4/arm_gcc/gcc-arm-none-eabi-4_8-2014q2/bin/../lib/gcc/arm-none-eabi/4.8.4/../../../../arm-none-eabi/lib/armv7-m/libm.a(lib_a-ef_sqrt.o)
                              /Users/imac/Develop/stm32f4/arm_gcc/gcc-arm-none-eabi-4_8-2014q2/bin/../lib/gcc/arm-none-eabi/4.8.4/../../../../arm-none-eabi/lib/armv7-m/libm.a(lib_a-wf_sqrt.o) (__ieee754_sqrtf)
/Users/imac/Develop/stm32f4/arm_gcc/gcc-arm-none-eabi-4_8-2014q2/bin/../lib/gcc/arm-none-eabi/4.8.4/../../../../arm-none-eabi/lib/armv7-m/libm.a(lib_a-kf_cos.o)
                              /Users/imac/Develop/stm32f4/arm_gcc/gcc-arm-none-eabi-4_8-2014q2/bin/../lib/gcc/arm-none-eabi/4.8.4/../../../../arm-none-eabi/lib/armv7-m/libm.a(lib_a-sf_cos.o) (__kernel_cosf)
/Users/imac/Develop/stm32f4/arm_gcc/gcc-arm-none-eabi-4_8-2014q2/bin/../lib/gcc/arm-none-eabi/4.8.4/../../../../arm-none-eabi/lib/armv7-m/libm.a(lib_a-kf_rem_pio2.o)
                              /Users/imac/Develop/stm32f4/arm_gcc/gcc-arm-none-eabi-4_8-2014q2/bin/../lib/gcc/arm-none-eabi/4.8.4/../../../../arm-none-eabi/lib/armv7-m/libm.a(lib_a-ef_rem_pio2.o) (__kernel_rem_pio2f)
/Users/imac/Develop/stm32f4/arm_gcc/gcc-arm-none-eabi-4_8-2014q2/bin/../lib/gcc/arm-none-eabi/4.8.4/../../../../arm-none-eabi/lib/armv7-m/libm.a(lib_a-kf_sin.o)
                              /Users/imac/Develop/stm32f4/arm_gcc/gcc-arm-none-eabi-4_8-2014q2/bin/../lib/gcc/arm-none-eabi/4.8.4/../../../../arm-none-eabi/lib/armv7-m/libm.a(lib_a-sf_cos.o) (__kernel_sinf)
/Users/imac/Develop/stm32f4/arm_gcc/gcc-arm-none-eabi-4_8-2014q2/bin/../lib/gcc/arm-none-eabi/4.8.4/../../../../arm-none-eabi/lib/armv7-m/libm.a(lib_a-s_lib_ver.o)
                              /Users/imac/Develop/stm32f4/arm_gcc/gcc-arm-none-eabi-4_8-2014q2/bin/../lib/gcc/arm-none-eabi/4.8.4/../../../../arm-none-eabi/lib/armv7-m/libm.a(lib_a-wf_pow.o) (__fdlib_version)
/Users/imac/Develop/stm32f4/arm_gcc/gcc-arm-none-eabi-4_8-2014q2/bin/../lib/gcc/arm-none-eabi/4.8.4/../../../../arm-none-eabi/lib/armv7-m/libm.a(lib_a-s_matherr.o)
                              /Users/imac/Develop/stm32f4/arm_gcc/gcc-arm-none-eabi-4_8-2014q2/bin/../lib/gcc/arm-none-eabi/4.8.4/../../../../arm-none-eabi/lib/armv7-m/libm.a(lib_a-wf_pow.o) (matherr)
/Users/imac/Develop/stm32f4/arm_gcc/gcc-arm-none-eabi-4_8-2014q2/bin/../lib/gcc/arm-none-eabi/4.8.4/../../../../arm-none-eabi/lib/armv7-m/libm.a(lib_a-s_rint.o)
[...]
Memory Configuration

Name             Origin             Length             Attributes
FLASH            0x0000000008003000 0x000000000001cc00 xr
RAM              0x0000000020000000 0x0000000000005000 xrw
MEMORY_B1        0x0000000060000000 0x0000000000000000 xr
*default*        0x0000000000000000 0xffffffffffffffff

Linker script and memory map

LOAD /Users/imac/Develop/stm32f4/arm_gcc/gcc-arm-none-eabi-4_8-2014q2/bin/../lib/gcc/arm-none-eabi/4.8.4/armv7-m/crti.o
LOAD /Users/imac/Develop/stm32f4/arm_gcc/gcc-arm-none-eabi-4_8-2014q2/bin/../lib/gcc/arm-none-eabi/4.8.4/armv7-m/crtbegin.o
LOAD /Users/imac/Develop/stm32f4/arm_gcc/gcc-arm-none-eabi-4_8-2014q2/bin/../lib/gcc/arm-none-eabi/4.8.4/../../../../arm-none-eabi/lib/armv7-m/crt0.o
LOAD obj/SKYROVER/drv_adc.o
LOAD obj/SKYROVER/drv_adxl345.o
LOAD obj/SKYROVER/drv_bma280.o
LOAD obj/SKYROVER/drv_bmp085.o
LOAD obj/SKYROVER/drv_ms5611.o
LOAD obj/SKYROVER/drv_hcsr04.o
LOAD obj/SKYROVER/drv_hmc5883l.o
LOAD obj/SKYROVER/drv_ledring.o
LOAD obj/SKYROVER/drv_mma845x.o
LOAD obj/SKYROVER/drv_mpu3050.o
LOAD obj/SKYROVER/drv_mpu6050.o
LOAD obj/SKYROVER/drv_l3g4200d.o
LOAD obj/SKYROVER/drv_pwm.o
LOAD obj/SKYROVER/drv_spi.o
LOAD obj/SKYROVER/drv_timer.o
LOAD obj/SKYROVER/hexairbot.o
LOAD obj/SKYROVER/startup_stm32f10x_md_gcc.o
LOAD obj/SKYROVER/buzzer.o
LOAD obj/SKYROVER/cli.o
LOAD obj/SKYROVER/config.o
LOAD obj/SKYROVER/gps.o
LOAD obj/SKYROVER/imu.o
LOAD obj/SKYROVER/main.o
LOAD obj/SKYROVER/mixer.o
LOAD obj/SKYROVER/mw.o
LOAD obj/SKYROVER/sensors.o
LOAD obj/SKYROVER/serial.o
LOAD obj/SKYROVER/sbus.o
LOAD obj/SKYROVER/sumd.o
LOAD obj/SKYROVER/spektrum.o
LOAD obj/SKYROVER/telemetry.o
LOAD obj/SKYROVER/drv_gpio.o
LOAD obj/SKYROVER/drv_i2c.o
LOAD obj/SKYROVER/drv_i2c_soft.o
LOAD obj/SKYROVER/drv_system.o
LOAD obj/SKYROVER/drv_serial.o
LOAD obj/SKYROVER/drv_softserial.o
LOAD obj/SKYROVER/drv_uart.o
LOAD obj/SKYROVER/drv_vcom.o
LOAD obj/SKYROVER/drv_vcom_q.o
LOAD obj/SKYROVER/printf.o
LOAD obj/SKYROVER/utils.o
LOAD obj/SKYROVER/system_stm32f10x.o
LOAD obj/SKYROVER/misc.o
LOAD obj/SKYROVER/stm32f10x_adc.o
LOAD obj/SKYROVER/stm32f10x_bkp.o
LOAD obj/SKYROVER/stm32f10x_can.o
LOAD obj/SKYROVER/stm32f10x_cec.o
LOAD obj/SKYROVER/stm32f10x_crc.o
LOAD obj/SKYROVER/stm32f10x_dac.o
LOAD obj/SKYROVER/stm32f10x_dbgmcu.o
LOAD obj/SKYROVER/stm32f10x_dma.o
LOAD obj/SKYROVER/stm32f10x_exti.o
LOAD obj/SKYROVER/stm32f10x_flash.o
LOAD obj/SKYROVER/stm32f10x_fsmc.o
LOAD obj/SKYROVER/stm32f10x_gpio.o
LOAD obj/SKYROVER/stm32f10x_i2c.o
LOAD obj/SKYROVER/stm32f10x_iwdg.o
LOAD obj/SKYROVER/stm32f10x_pwr.o
LOAD obj/SKYROVER/stm32f10x_rcc.o
LOAD obj/SKYROVER/stm32f10x_rtc.o
LOAD obj/SKYROVER/stm32f10x_sdio.o
LOAD obj/SKYROVER/stm32f10x_spi.o
LOAD obj/SKYROVER/stm32f10x_tim.o
LOAD obj/SKYROVER/stm32f10x_usart.o
LOAD obj/SKYROVER/stm32f10x_wwdg.o
LOAD obj/SKYROVER/croutine.o
LOAD obj/SKYROVER/list.o
LOAD obj/SKYROVER/queue.o
LOAD obj/SKYROVER/tasks.o
LOAD obj/SKYROVER/timers.o
LOAD obj/SKYROVER/cmsis_os.o
LOAD obj/SKYROVER/heap_2.o
LOAD obj/SKYROVER/port.o
LOAD obj/SKYROVER/usb_core.o
LOAD obj/SKYROVER/usb_init.o
LOAD obj/SKYROVER/usb_int.o
LOAD obj/SKYROVER/usb_mem.o
LOAD obj/SKYROVER/usb_regs.o
LOAD obj/SKYROVER/usb_sil.o
LOAD obj/SKYROVER/hw_config.o
LOAD obj/SKYROVER/usb_desc.o
LOAD obj/SKYROVER/usb_endp.o
LOAD obj/SKYROVER/usb_istr.o
LOAD obj/SKYROVER/usb_prop.o
LOAD obj/SKYROVER/usb_pwr.o
LOAD obj/SKYROVER/thread_main.o
LOAD obj/SKYROVER/thread_menu.o
LOAD obj/SKYROVER/thread_mw.o
LOAD /Users/imac/Develop/stm32f4/arm_gcc/gcc-arm-none-eabi-4_8-2014q2/bin/../lib/gcc/arm-none-eabi/4.8.4/../../../../arm-none-eabi/lib/armv7-m/libm.a
START GROUP
LOAD /Users/imac/Develop/stm32f4/arm_gcc/gcc-arm-none-eabi-4_8-2014q2/bin/../lib/gcc/arm-none-eabi/4.8.4/armv7-m/libgcc.a
LOAD /Users/imac/Develop/stm32f4/arm_gcc/gcc-arm-none-eabi-4_8-2014q2/bin/../lib/gcc/arm-none-eabi/4.8.4/../../../../arm-none-eabi/lib/armv7-m/libc.a
END GROUP
LOAD /Users/imac/Develop/stm32f4/arm_gcc/gcc-arm-none-eabi-4_8-2014q2/bin/../lib/gcc/arm-none-eabi/4.8.4/armv7-m/crtend.o
LOAD /Users/imac/Develop/stm32f4/arm_gcc/gcc-arm-none-eabi-4_8-2014q2/bin/../lib/gcc/arm-none-eabi/4.8.4/armv7-m/crtn.o
                0x0000000020005000                _estack = 0x20005000
                0x0000000000000000                _Min_Heap_Size = 0x0
                0x0000000000000400                _Min_Stack_Size = 0x400

.isr_vector     0x0000000008003000      0x10c
                0x0000000008003000                . = ALIGN (0x4)
 *(.isr_vector)
 .isr_vector    0x0000000008003000      0x10c obj/SKYROVER/startup_stm32f10x_md_gcc.o
                0x0000000008003000                g_pfnVectors
                0x000000000800310c                . = ALIGN (0x4)

.text           0x0000000008003110    0x148bc
                0x0000000008003110                . = ALIGN (0x4)
 *(.text)
 .text          0x0000000008003110       0x54 /Users/imac/Develop/stm32f4/arm_gcc/gcc-arm-none-eabi-4_8-2014q2/bin/../lib/gcc/arm-none-eabi/4.8.4/armv7-m/crtbegin.o
 .text          0x0000000008003164      0x370 /Users/imac/Develop/stm32f4/arm_gcc/gcc-arm-none-eabi-4_8-2014q2/bin/../lib/gcc/arm-none-eabi/4.8.4/armv7-m/libgcc.a(_arm_addsubdf3.o)
                0x0000000008003164                __aeabi_drsub
                0x000000000800316c                __subdf3
                0x000000000800316c                __aeabi_dsub
                0x0000000008003170                __aeabi_dadd
                0x0000000008003170                __adddf3
                0x00000000080033e8                __aeabi_ui2d
                0x00000000080033e8                __floatunsidf
                0x0000000008003408                __floatsidf
                0x0000000008003408                __aeabi_i2d
                0x000000000800342c                __extendsfdf2
                0x000000000800342c                __aeabi_f2d
                0x0000000008003468                __aeabi_ul2d
                0x0000000008003468                __floatundidf
                0x0000000008003478                __aeabi_l2d
                0x0000000008003478                __floatdidf
 .text          0x00000000080034d4      0x424 /Users/imac/Develop/stm32f4/arm_gcc/gcc-arm-none-eabi-4_8-2014q2/bin/../lib/gcc/arm-none-eabi/4.8.4/armv7-m/libgcc.a(_arm_muldivdf3.o)
                0x00000000080034d4                __aeabi_dmul
                0x00000000080034d4                __muldf3
                0x0000000008003728                __aeabi_ddiv
                0x0000000008003728                __divdf3
 .text          0x00000000080038f8      0x110 /Users/imac/Develop/stm32f4/arm_gcc/gcc-arm-none-eabi-4_8-2014q2/bin/../lib/gcc/arm-none-eabi/4.8.4/armv7-m/libgcc.a(_arm_cmpdf2.o)
                0x00000000080038f8                __gtdf2
                0x00000000080038f8                __gedf2
                0x0000000008003900                __ltdf2
                0x0000000008003900                __ledf2
                0x0000000008003908                __eqdf2
                0x0000000008003908                __nedf2
                0x0000000008003908                __cmpdf2
                0x0000000008003984                __aeabi_cdrcmple
                0x0000000008003994                __aeabi_cdcmple
                0x0000000008003994                __aeabi_cdcmpeq
                0x00000000080039a4                __aeabi_dcmpeq
                0x00000000080039b8                __aeabi_dcmplt
                0x00000000080039cc                __aeabi_dcmple
                0x00000000080039e0                __aeabi_dcmpge
                0x00000000080039f4                __aeabi_dcmpgt
 .text          0x0000000008003a08       0xa0 /Users/imac/Develop/stm32f4/arm_gcc/gcc-arm-none-eabi-4_8-2014q2/bin/../lib/gcc/arm-none-eabi/4.8.4/armv7-m/libgcc.a(_arm_truncdfsf2.o)
                0x0000000008003a08                __aeabi_d2f
                0x0000000008003a08                __truncdfsf2
 .text          0x0000000008003aa8      0x21c /Users/imac/Develop/stm32f4/arm_gcc/gcc-arm-none-eabi-4_8-2014q2/bin/../lib/gcc/arm-none-eabi/4.8.4/armv7-m/libgcc.a(_arm_addsubsf3.o)
                0x0000000008003aa8                __aeabi_frsub
                0x0000000008003ab0                __aeabi_fsub
                0x0000000008003ab0                __subsf3
                0x0000000008003ab4                __aeabi_fadd
                0x0000000008003ab4                __addsf3
                0x0000000008003c14                __aeabi_ui2f
                0x0000000008003c14                __floatunsisf
                0x0000000008003c1c                __floatsisf
                0x0000000008003c1c                __aeabi_i2f
                0x0000000008003c38                __aeabi_ul2f
                0x0000000008003c38                __floatundisf
                0x0000000008003c48                __aeabi_l2f
                0x0000000008003c48                __floatdisf
 .text          0x0000000008003cc4      0x2a0 /Users/imac/Develop/stm32f4/arm_gcc/gcc-arm-none-eabi-4_8-2014q2/bin/../lib/gcc/arm-none-eabi/4.8.4/armv7-m/libgcc.a(_arm_muldivsf3.o)
                0x0000000008003cc4                __mulsf3
                0x0000000008003cc4                __aeabi_fmul
                0x0000000008003e2c                __divsf3
                0x0000000008003e2c                __aeabi_fdiv
 .text          0x0000000008003f64       0xec /Users/imac/Develop/stm32f4/arm_gcc/gcc-arm-none-eabi-4_8-2014q2/bin/../lib/gcc/arm-none-eabi/4.8.4/armv7-m/libgcc.a(_arm_cmpsf2.o)
                0x0000000008003f64                __gesf2
                0x0000000008003f64                __gtsf2
                0x0000000008003f6c                __ltsf2
                0x0000000008003f6c                __lesf2
                0x0000000008003f74                __nesf2
                0x0000000008003f74                __eqsf2
                0x0000000008003f74                __cmpsf2
                0x0000000008003fd4                __aeabi_cfrcmple
                0x0000000008003fdc                __aeabi_cfcmpeq
                0x0000000008003fdc                __aeabi_cfcmple
                0x0000000008003fec                __aeabi_fcmpeq
                0x0000000008004000                __aeabi_fcmplt
                0x0000000008004014                __aeabi_fcmple
                0x0000000008004028                __aeabi_fcmpge
                0x000000000800403c                __aeabi_fcmpgt
 .text          0x0000000008004050       0x4c /Users/imac/Develop/stm32f4/arm_gcc/gcc-arm-none-eabi-4_8-2014q2/bin/../lib/gcc/arm-none-eabi/4.8.4/armv7-m/libgcc.a(_arm_fixsfsi.o)
                0x0000000008004050                __fixsfsi
                0x0000000008004050                __aeabi_f2iz
 .text          0x000000000800409c       0x40 /Users/imac/Develop/stm32f4/arm_gcc/gcc-arm-none-eabi-4_8-2014q2/bin/../lib/gcc/arm-none-eabi/4.8.4/armv7-m/libgcc.a(_arm_fixunssfsi.o)
                0x000000000800409c                __aeabi_f2uiz
                0x000000000800409c                __fixunssfsi
 .text          0x00000000080040dc       0xec /Users/imac/Develop/stm32f4/arm_gcc/gcc-arm-none-eabi-4_8-2014q2/bin/../lib/gcc/arm-none-eabi/4.8.4/../../../../arm-none-eabi/lib/armv7-m/libc.a(lib_a-memcpy.o)
                0x00000000080040dc                memcpy
 *(.text*)
 .text.adcInit  0x00000000080041c8       0xf0 obj/SKYROVER/drv_adc.o
                0x00000000080041c8                adcInit
 .text.adcGetChannel
                0x00000000080042b8       0x10 obj/SKYROVER/drv_adc.o
                0x00000000080042b8                adcGetChannel
 .text.adxl345Read
                0x00000000080042c8       0xe0 obj/SKYROVER/drv_adxl345.o
 .text.adxl345Init
                0x00000000080043a8       0x64 obj/SKYROVER/drv_adxl345.o
 .text.adxl345Detect
                0x000000000800440c       0x5c obj/SKYROVER/drv_adxl345.o
                0x000000000800440c                adxl345Detect
 .text.bma280Read
                0x0000000008004468       0x5c obj/SKYROVER/drv_bma280.o
 .text.bma280Init
                0x00000000080044c4       0x30 obj/SKYROVER/drv_bma280.o
 .text.bma280Detect
                0x00000000080044f4       0x3c obj/SKYROVER/drv_bma280.o
                0x00000000080044f4                bma280Detect
 .text.bmp085_calculate
                0x0000000008004530       0xdc obj/SKYROVER/drv_bmp085.o
 .text.bmp085_get_up
                0x000000000800460c       0x58 obj/SKYROVER/drv_bmp085.o
 .text.bmp085_get_ut
                0x0000000008004664       0x40 obj/SKYROVER/drv_bmp085.o
 .text.bmp085_start_up
                0x00000000080046a4       0x24 obj/SKYROVER/drv_bmp085.o
 .text.bmp085_start_ut
                0x00000000080046c8       0x14 obj/SKYROVER/drv_bmp085.o
 .text.EXTI15_10_IRQHandler
                0x00000000080046dc       0x24 obj/SKYROVER/drv_bmp085.o
                0x00000000080046dc                EXTI15_10_IRQHandler
 .text.bmp085Detect
                0x0000000008004700      0x1dc obj/SKYROVER/drv_bmp085.o
                0x0000000008004700                bmp085Detect
 .text.ms5611_calculate
                0x00000000080048dc      0x158 obj/SKYROVER/drv_ms5611.o
 .text.ms5611_read_adc
                0x0000000008004a34       0x28 obj/SKYROVER/drv_ms5611.o
 .text.ms5611_get_up
                0x0000000008004a5c       0x10 obj/SKYROVER/drv_ms5611.o
 .text.ms5611_get_ut
                0x0000000008004a6c       0x10 obj/SKYROVER/drv_ms5611.o
 .text.ms5611_start_up
                0x0000000008004a7c        0xa obj/SKYROVER/drv_ms5611.o
 .text.ms5611_start_ut
                0x0000000008004a86        0xa obj/SKYROVER/drv_ms5611.o
 .text.ms5611Detect
                0x0000000008004a90      0x138 obj/SKYROVER/drv_ms5611.o
                0x0000000008004a90                ms5611Detect
 .text.hmc5883lDetect
                0x0000000008004bc8       0x38 obj/SKYROVER/drv_hmc5883l.o
                0x0000000008004bc8                hmc5883lDetect
 .text.hmc5883lRead
                0x0000000008004c00       0x8c obj/SKYROVER/drv_hmc5883l.o
                0x0000000008004c00                hmc5883lRead
 .text.hmc5883lInit
                0x0000000008004c8c      0x1b4 obj/SKYROVER/drv_hmc5883l.o
                0x0000000008004c8c                hmc5883lInit
 .text.mma8452Read
                0x0000000008004e40       0x70 obj/SKYROVER/drv_mma845x.o
 .text.mma8452Init
                0x0000000008004eb0       0x90 obj/SKYROVER/drv_mma845x.o
 .text.mma8452Detect
                0x0000000008004f40       0x5c obj/SKYROVER/drv_mma845x.o
                0x0000000008004f40                mma8452Detect
 .text.mpu3050ReadTemp
                0x0000000008004f9c       0x32 obj/SKYROVER/drv_mpu3050.o
 *fill*         0x0000000008004fce        0x2 
 .text.mpu3050Read
                0x0000000008004fd0       0x68 obj/SKYROVER/drv_mpu3050.o
 .text.mpu3050Init
                0x0000000008005038       0x5c obj/SKYROVER/drv_mpu3050.o
 .text.mpu3050Detect
                0x0000000008005094       0x78 obj/SKYROVER/drv_mpu3050.o
                0x0000000008005094                mpu3050Detect
 .text.mpu6050AccInit
                0x000000000800510c       0x28 obj/SKYROVER/drv_mpu6050.o
 .text.mpu6050GyroRead
                0x0000000008005134       0x68 obj/SKYROVER/drv_mpu6050.o
 .text.mpu6050AccRead
                0x000000000800519c       0x54 obj/SKYROVER/drv_mpu6050.o
 .text.mpu6050GyroInit
                0x00000000080051f0       0xa8 obj/SKYROVER/drv_mpu6050.o
 .text.mpu6050Detect
                0x0000000008005298      0x128 obj/SKYROVER/drv_mpu6050.o
                0x0000000008005298                mpu6050Detect
 .text.l3g4200dRead
                0x00000000080053c0       0x68 obj/SKYROVER/drv_l3g4200d.o
 .text.l3g4200dInit
                0x0000000008005428       0x44 obj/SKYROVER/drv_l3g4200d.o
 .text.l3g4200dDetect
                0x000000000800546c       0x64 obj/SKYROVER/drv_l3g4200d.o
                0x000000000800546c                l3g4200dDetect
 .text.pwmWriteBrushed
                0x00000000080054d0       0x24 obj/SKYROVER/drv_pwm.o
 .text.pwmWriteStandard
                0x00000000080054f4       0x10 obj/SKYROVER/drv_pwm.o
 .text.pwmOutConfig
                0x0000000008005504      0x128 obj/SKYROVER/drv_pwm.o
 .text.ppmCallback
                0x000000000800562c       0x8c obj/SKYROVER/drv_pwm.o
 .text.pwmICConfig
                0x00000000080056b8       0x32 obj/SKYROVER/drv_pwm.o
                0x00000000080056b8                pwmICConfig
 *fill*         0x00000000080056ea        0x2 
 .text.pwmCallback
                0x00000000080056ec       0x5c obj/SKYROVER/drv_pwm.o
 .text.pwmInConfig
                0x0000000008005748       0x64 obj/SKYROVER/drv_pwm.o
 .text.pwmInit  0x00000000080057ac      0x150 obj/SKYROVER/drv_pwm.o
                0x00000000080057ac                pwmInit
 .text.pwmWriteMotor
                0x00000000080058fc       0x1c obj/SKYROVER/drv_pwm.o
                0x00000000080058fc                pwmWriteMotor
 .text.pwmWriteServo
                0x0000000008005918       0x1c obj/SKYROVER/drv_pwm.o
                0x0000000008005918                pwmWriteServo
 .text.pwmRead  0x0000000008005934        0xc obj/SKYROVER/drv_pwm.o
                0x0000000008005934                pwmRead
 .text.spiTransfer
                0x0000000008005940       0x54 obj/SKYROVER/drv_spi.o
                0x0000000008005940                spiTransfer
 .text.spiInit  0x0000000008005994       0xf4 obj/SKYROVER/drv_spi.o
                0x0000000008005994                spiInit
 .text.configureTimerChannelCallback
                0x0000000008005a88       0x48 obj/SKYROVER/drv_timer.o
                0x0000000008005a88                configureTimerChannelCallback
 .text.configureTimerInputCaptureCompareChannel
                0x0000000008005ad0       0x2c obj/SKYROVER/drv_timer.o
                0x0000000008005ad0                configureTimerInputCaptureCompareChannel
 .text.configureTimerCaptureCompareInterrupt
                0x0000000008005afc       0x1e obj/SKYROVER/drv_timer.o
                0x0000000008005afc                configureTimerCaptureCompareInterrupt
 .text.timerNVICConfig
                0x0000000008005b1a       0x22 obj/SKYROVER/drv_timer.o
                0x0000000008005b1a                timerNVICConfig
 .text.configTimeBase
                0x0000000008005b3c       0x44 obj/SKYROVER/drv_timer.o
                0x0000000008005b3c                configTimeBase
 .text.timerInConfig
                0x0000000008005b80       0x1c obj/SKYROVER/drv_timer.o
                0x0000000008005b80                timerInConfig
 .text.findTimerConfig
                0x0000000008005b9c       0x3c obj/SKYROVER/drv_timer.o
                0x0000000008005b9c                findTimerConfig
 .text.timCCxHandler
                0x0000000008005bd8       0x9e obj/SKYROVER/drv_timer.o
 *fill*         0x0000000008005c76        0x2 
 .text.TIM1_CC_IRQHandler
                0x0000000008005c78        0xc obj/SKYROVER/drv_timer.o
                0x0000000008005c78                TIM1_CC_IRQHandler
 .text.TIM2_IRQHandler
                0x0000000008005c84        0x8 obj/SKYROVER/drv_timer.o
                0x0000000008005c84                TIM2_IRQHandler
 .text.TIM3_IRQHandler
                0x0000000008005c8c        0xc obj/SKYROVER/drv_timer.o
                0x0000000008005c8c                TIM3_IRQHandler
 .text.TIM4_IRQHandler
                0x0000000008005c98        0xc obj/SKYROVER/drv_timer.o
                0x0000000008005c98                TIM4_IRQHandler
 .text.hexairbotReadRawRC
                0x0000000008005ca4        0xc obj/SKYROVER/hexairbot.o
 .text.hexairbotInit
                0x0000000008005cb0       0x18 obj/SKYROVER/hexairbot.o
                0x0000000008005cb0                hexairbotInit
 .text.hexairbotSetData
                0x0000000008005cc8       0x1c obj/SKYROVER/hexairbot.o
                0x0000000008005cc8                hexairbotSetData
 .text.hexairbotFrameComplete
                0x0000000008005ce4       0x14 obj/SKYROVER/hexairbot.o
                0x0000000008005ce4                hexairbotFrameComplete
 .text.Reset_Handler
                0x0000000008005cf8       0xb0 obj/SKYROVER/startup_stm32f10x_md_gcc.o
                0x0000000008005cf8                Reset_Handler
 .text.Default_Handler
                0x0000000008005da8        0x4 obj/SKYROVER/startup_stm32f10x_md_gcc.o
                0x0000000008005da8                BusFault_Handler
                0x0000000008005da8                DebugMon_Handler
                0x0000000008005da8                PVD_IRQHandler
                0x0000000008005da8                NMI_Handler
                0x0000000008005da8                EXTI3_IRQHandler
                0x0000000008005da8                EXTI0_IRQHandler
                0x0000000008005da8                UsageFault_Handler
                0x0000000008005da8                ADC1_2_IRQHandler
                0x0000000008005da8                SPI1_IRQHandler
                0x0000000008005da8                TAMPER_IRQHandler
                0x0000000008005da8                USART3_IRQHandler
                0x0000000008005da8                RTC_IRQHandler
                0x0000000008005da8                DMA1_Channel7_IRQHandler
                0x0000000008005da8                CAN1_RX1_IRQHandler
                0x0000000008005da8                DMA1_Channel6_IRQHandler
                0x0000000008005da8                RCC_IRQHandler
                0x0000000008005da8                TIM1_TRG_COM_IRQHandler
                0x0000000008005da8                DMA1_Channel1_IRQHandler
                0x0000000008005da8                Default_Handler
                0x0000000008005da8                EXTI9_5_IRQHandler
                0x0000000008005da8                SPI2_IRQHandler
                0x0000000008005da8                MemManage_Handler
                0x0000000008005da8                DMA1_Channel5_IRQHandler
                0x0000000008005da8                EXTI4_IRQHandler
                0x0000000008005da8                USB_HP_CAN1_TX_IRQHandler
                0x0000000008005da8                DMA1_Channel3_IRQHandler
                0x0000000008005da8                TIM1_UP_IRQHandler
                0x0000000008005da8                WWDG_IRQHandler
                0x0000000008005da8                TIM1_BRK_IRQHandler
                0x0000000008005da8                EXTI1_IRQHandler
                0x0000000008005da8                RTCAlarm_IRQHandler
                0x0000000008005da8                DMA1_Channel2_IRQHandler
                0x0000000008005da8                CAN1_SCE_IRQHandler
                0x0000000008005da8                FLASH_IRQHandler
                0x0000000008005da8                EXTI2_IRQHandler
 .text.beep     0x0000000008005dac       0x70 obj/SKYROVER/buzzer.o
 .text.beep_code
                0x0000000008005e1c       0xa8 obj/SKYROVER/buzzer.o
 .text.buzzer   0x0000000008005ec4      0x128 obj/SKYROVER/buzzer.o
                0x0000000008005ec4                buzzer
 .text.i2a      0x0000000008005fec       0x28 obj/SKYROVER/cli.o
 .text._atof    0x0000000008006014      0x12c obj/SKYROVER/cli.o
 .text.cliPrint
                0x0000000008006140       0x1c obj/SKYROVER/cli.o
 .text.cliVersion
                0x000000000800615c        0xc obj/SKYROVER/cli.o
 .text.cliHelp  0x0000000008006168       0x2c obj/SKYROVER/cli.o
 .text.cliStatus
                0x0000000008006194       0xe4 obj/SKYROVER/cli.o
 .text.cliCompare
                0x0000000008006278       0x1a obj/SKYROVER/cli.o
 *fill*         0x0000000008006292        0x2 
 .text.cliSave  0x0000000008006294       0x30 obj/SKYROVER/cli.o
 .text.cliMap   0x00000000080062c4       0xa4 obj/SKYROVER/cli.o
 .text.cliGpsPassthrough
                0x0000000008006368       0x20 obj/SKYROVER/cli.o
 .text.cliFeature
                0x0000000008006388       0xe8 obj/SKYROVER/cli.o
 .text.cliExit  0x0000000008006470       0x38 obj/SKYROVER/cli.o
 .text.cliDefaults
                0x00000000080064a8       0x2c obj/SKYROVER/cli.o
 .text.cliMixer
                0x00000000080064d4       0xa0 obj/SKYROVER/cli.o
 .text.cliProfile
                0x0000000008006574       0x4c obj/SKYROVER/cli.o
 .text.cliMotor
                0x00000000080065c0       0xa8 obj/SKYROVER/cli.o
 .text.cliAux   0x0000000008006668       0x60 obj/SKYROVER/cli.o
 .text.itoa     0x00000000080066c8       0x24 obj/SKYROVER/cli.o
                0x00000000080066c8                itoa
 .text.ftoa     0x00000000080066ec       0xd0 obj/SKYROVER/cli.o
 .text.cliPrintVar
                0x00000000080067bc       0xa0 obj/SKYROVER/cli.o
 .text.cliSet   0x000000000800685c      0x158 obj/SKYROVER/cli.o
 .text.cliDump  0x00000000080069b4      0x1b0 obj/SKYROVER/cli.o
 .text.cliCMix  0x0000000008006b64      0x248 obj/SKYROVER/cli.o
 .text.cliProcess
                0x0000000008006dac      0x1e4 obj/SKYROVER/cli.o
                0x0000000008006dac                cliProcess
 .text.validEEPROM
                0x0000000008006f90       0x44 obj/SKYROVER/config.o
 .text.parseRcChannels
                0x0000000008006fd4       0x30 obj/SKYROVER/config.o
                0x0000000008006fd4                parseRcChannels
 .text.readEEPROM
                0x0000000008007004      0x10c obj/SKYROVER/config.o
                0x0000000008007004                readEEPROM
 .text.writeEEPROM
                0x0000000008007110       0xcc obj/SKYROVER/config.o
                0x0000000008007110                writeEEPROM
 .text.sensors  0x00000000080071dc       0x14 obj/SKYROVER/config.o
                0x00000000080071dc                sensors
 .text.sensorsSet
                0x00000000080071f0       0x10 obj/SKYROVER/config.o
                0x00000000080071f0                sensorsSet
 .text.sensorsClear
                0x0000000008007200       0x10 obj/SKYROVER/config.o
                0x0000000008007200                sensorsClear
 .text.sensorsMask
                0x0000000008007210        0xc obj/SKYROVER/config.o
                0x0000000008007210                sensorsMask
 .text.feature  0x000000000800721c       0x14 obj/SKYROVER/config.o
                0x000000000800721c                feature
 .text.featureSet
                0x0000000008007230       0x10 obj/SKYROVER/config.o
                0x0000000008007230                featureSet
 .text.checkFirstTime
                0x0000000008007240      0x2f4 obj/SKYROVER/config.o
                0x0000000008007240                checkFirstTime
 .text.featureClear
                0x0000000008007534       0x10 obj/SKYROVER/config.o
                0x0000000008007534                featureClear
 .text.featureMask
                0x0000000008007544        0xc obj/SKYROVER/config.o
                0x0000000008007544                featureMask
 .text.gpsSetState
                0x0000000008007550       0x18 obj/SKYROVER/gps.o
 .text.GPS_calc_longitude_scaling
                0x0000000008007568       0x3c obj/SKYROVER/gps.o
 .text.GPS_distance_cm_bearing.isra.3
                0x00000000080075a4       0x84 obj/SKYROVER/gps.o
 .text.get_I.isra.4
                0x0000000008007628       0x4e obj/SKYROVER/gps.o
 *fill*         0x0000000008007676        0x2 
 .text.grab_fields.constprop.6
                0x0000000008007678       0x3c obj/SKYROVER/gps.o
 .text.gpsInitHardware
                0x00000000080076b4       0xd0 obj/SKYROVER/gps.o
                0x00000000080076b4                gpsInitHardware
 .text.gpsThread
                0x0000000008007784       0x78 obj/SKYROVER/gps.o
                0x0000000008007784                gpsThread
 .text.GPS_reset_home_position
                0x00000000080077fc       0x48 obj/SKYROVER/gps.o
                0x00000000080077fc                GPS_reset_home_position
 .text.GPS_reset_nav
                0x0000000008007844       0x58 obj/SKYROVER/gps.o
                0x0000000008007844                GPS_reset_nav
 .text.gpsSetPIDs
                0x000000000800789c       0xa4 obj/SKYROVER/gps.o
                0x000000000800789c                gpsSetPIDs
 .text.gpsInit  0x0000000008007940       0x70 obj/SKYROVER/gps.o
                0x0000000008007940                gpsInit
 .text.gpsSetPassthrough
                0x00000000080079b0       0x7c obj/SKYROVER/gps.o
                0x00000000080079b0                gpsSetPassthrough
 .text.GPS_set_next_wp
                0x0000000008007a2c       0x8c obj/SKYROVER/gps.o
                0x0000000008007a2c                GPS_set_next_wp
 .text.wrap_18000
                0x0000000008007ab8       0x24 obj/SKYROVER/gps.o
                0x0000000008007ab8                wrap_18000
 .text.GPS_coord_to_degrees
                0x0000000008007adc       0xa0 obj/SKYROVER/gps.o
                0x0000000008007adc                GPS_coord_to_degrees
 *fill*         0x0000000008007b7c        0x4 
 .text.gpsNewData
                0x0000000008007b80      0xbd8 obj/SKYROVER/gps.o
 .text.calculateHeading
                0x0000000008008758       0xf8 obj/SKYROVER/imu.o
 .text.imuInit  0x0000000008008850       0x58 obj/SKYROVER/imu.o
                0x0000000008008850                imuInit
 .text.rotateV  0x00000000080088a8      0x170 obj/SKYROVER/imu.o
                0x00000000080088a8                rotateV
 .text.applyDeadband
                0x0000000008008a18       0x1e obj/SKYROVER/imu.o
                0x0000000008008a18                applyDeadband
 *fill*         0x0000000008008a36        0x2 
 .text.acc_calc
                0x0000000008008a38      0x190 obj/SKYROVER/imu.o
                0x0000000008008a38                acc_calc
 .text.computeIMU
                0x0000000008008bc8      0x358 obj/SKYROVER/imu.o
                0x0000000008008bc8                computeIMU
 .text.accSum_reset
                0x0000000008008f20       0x20 obj/SKYROVER/imu.o
                0x0000000008008f20                accSum_reset
 .text.getEstimatedAltitude
                0x0000000008008f40      0x37c obj/SKYROVER/imu.o
                0x0000000008008f40                getEstimatedAltitude
 .text._putc    0x00000000080092bc        0xc obj/SKYROVER/main.o
 .text.startup.main
                0x00000000080092c8      0x28c obj/SKYROVER/main.o
                0x00000000080092c8                main
 .text.HardFault_Handler
                0x0000000008009554       0x14 obj/SKYROVER/main.o
                0x0000000008009554                HardFault_Handler
 .text.servoMiddle
                0x0000000008009568       0x28 obj/SKYROVER/mixer.o
                0x0000000008009568                servoMiddle
 .text.mixerResetMotors
                0x0000000008009590       0x30 obj/SKYROVER/mixer.o
                0x0000000008009590                mixerResetMotors
 .text.mixerInit
                0x00000000080095c0      0x114 obj/SKYROVER/mixer.o
                0x00000000080095c0                mixerInit
 .text.mixerLoadMix
                0x00000000080096d4       0x50 obj/SKYROVER/mixer.o
                0x00000000080096d4                mixerLoadMix
 .text.writeServos
                0x0000000008009724       0xc0 obj/SKYROVER/mixer.o
                0x0000000008009724                writeServos
 .text.writeMotors
                0x00000000080097e4       0x28 obj/SKYROVER/mixer.o
                0x00000000080097e4                writeMotors
 .text.writeAllMotors
                0x000000000800980c       0x24 obj/SKYROVER/mixer.o
                0x000000000800980c                writeAllMotors
 .text.mixTable
                0x0000000008009830      0x65c obj/SKYROVER/mixer.o
                0x0000000008009830                mixTable
 .text.pidMultiWii
                0x0000000008009e8c      0x238 obj/SKYROVER/mw.o
 .text.pidRewrite
                0x000000000800a0c4      0x178 obj/SKYROVER/mw.o
 .text.blinkLED
                0x000000000800a23c       0x4c obj/SKYROVER/mw.o
                0x000000000800a23c                blinkLED
 .text.annexCode
                0x000000000800a288      0x418 obj/SKYROVER/mw.o
                0x000000000800a288                annexCode
 .text.pwmReadRawRC
                0x000000000800a6a0       0x28 obj/SKYROVER/mw.o
                0x000000000800a6a0                pwmReadRawRC
 .text.computeRC
                0x000000000800a6c8       0xb0 obj/SKYROVER/mw.o
                0x000000000800a6c8                computeRC
 .text.mwArm    0x000000000800a778       0x40 obj/SKYROVER/mw.o
                0x000000000800a778                mwArm
 .text.mwDisarm
                0x000000000800a7b8       0x10 obj/SKYROVER/mw.o
                0x000000000800a7b8                mwDisarm
 .text.setPIDController
                0x000000000800a7c8       0x1c obj/SKYROVER/mw.o
                0x000000000800a7c8                setPIDController
 .text.loop     0x000000000800a7e4      0xae4 obj/SKYROVER/mw.o
                0x000000000800a7e4                loop
 .text.sensorsAutodetect
                0x000000000800b2c8      0x1c8 obj/SKYROVER/sensors.o
                0x000000000800b2c8                sensorsAutodetect
 .text.batteryAdcToVoltage
                0x000000000800b490       0x3c obj/SKYROVER/sensors.o
                0x000000000800b490                batteryAdcToVoltage
 .text.batteryInit
                0x000000000800b4cc       0x54 obj/SKYROVER/sensors.o
                0x000000000800b4cc                batteryInit
 .text.ACC_getADC
                0x000000000800b520      0x1d4 obj/SKYROVER/sensors.o
                0x000000000800b520                ACC_getADC
 .text.Baro_Common
                0x000000000800b6f4       0x44 obj/SKYROVER/sensors.o
                0x000000000800b6f4                Baro_Common
 .text.Baro_update
                0x000000000800b738       0x70 obj/SKYROVER/sensors.o
                0x000000000800b738                Baro_update
 .text.Gyro_getADC
                0x000000000800b7a8      0x194 obj/SKYROVER/sensors.o
                0x000000000800b7a8                Gyro_getADC
 .text.Mag_init
                0x000000000800b93c       0x20 obj/SKYROVER/sensors.o
                0x000000000800b93c                Mag_init
 .text.Mag_getADC
                0x000000000800b95c      0x114 obj/SKYROVER/sensors.o
                0x000000000800b95c                Mag_getADC
 .text.serialize32
                0x000000000800ba70       0x64 obj/SKYROVER/serial.o
                0x000000000800ba70                serialize32
 .text.serialize16
                0x000000000800bad4       0x40 obj/SKYROVER/serial.o
                0x000000000800bad4                serialize16
 .text.serialize8
                0x000000000800bb14       0x20 obj/SKYROVER/serial.o
                0x000000000800bb14                serialize8
 .text.read8    0x000000000800bb34       0x18 obj/SKYROVER/serial.o
                0x000000000800bb34                read8
 .text.read16   0x000000000800bb4c       0x14 obj/SKYROVER/serial.o
                0x000000000800bb4c                read16
 .text.read32   0x000000000800bb60       0x12 obj/SKYROVER/serial.o
                0x000000000800bb60                read32
 *fill*         0x000000000800bb72        0x2 
 .text.headSerialResponse
                0x000000000800bb74       0x40 obj/SKYROVER/serial.o
                0x000000000800bb74                headSerialResponse
 .text.headSerialReply
                0x000000000800bbb4        0x8 obj/SKYROVER/serial.o
                0x000000000800bbb4                headSerialReply
 .text.headSerialError
                0x000000000800bbbc        0x8 obj/SKYROVER/serial.o
                0x000000000800bbbc                headSerialError
 .text.tailSerialReply
                0x000000000800bbc4        0xc obj/SKYROVER/serial.o
                0x000000000800bbc4                tailSerialReply
 .text.s_struct
                0x000000000800bbd0       0x20 obj/SKYROVER/serial.o
                0x000000000800bbd0                s_struct
 .text.serializeNames
                0x000000000800bbf0       0x12 obj/SKYROVER/serial.o
                0x000000000800bbf0                serializeNames
 *fill*         0x000000000800bc02        0x2 
 .text.serializeBoxNamesReply
                0x000000000800bc04       0x6c obj/SKYROVER/serial.o
                0x000000000800bc04                serializeBoxNamesReply
 .text.serialInit
                0x000000000800bc70      0x104 obj/SKYROVER/serial.o
                0x000000000800bc70                serialInit
 .text.serialCom
                0x000000000800bd74      0xbb8 obj/SKYROVER/serial.o
                0x000000000800bd74                serialCom
 .text.sbusReadRawRC
                0x000000000800c92c       0x20 obj/SKYROVER/sbus.o
 .text.sbusDataReceive
                0x000000000800c94c       0x58 obj/SKYROVER/sbus.o
 .text.sbusInit
                0x000000000800c9a4       0x54 obj/SKYROVER/sbus.o
                0x000000000800c9a4                sbusInit
 .text.sbusFrameComplete
                0x000000000800c9f8       0xb0 obj/SKYROVER/sbus.o
                0x000000000800c9f8                sbusFrameComplete
 .text.sumdReadRawRC
                0x000000000800caa8       0x1c obj/SKYROVER/sumd.o
 .text.sumdDataReceive
                0x000000000800cac4       0x70 obj/SKYROVER/sumd.o
 .text.sumdInit
                0x000000000800cb34       0x30 obj/SKYROVER/sumd.o
                0x000000000800cb34                sumdInit
 .text.sumdFrameComplete
                0x000000000800cb64       0x6c obj/SKYROVER/sumd.o
                0x000000000800cb64                sumdFrameComplete
 .text.spektrumDataReceive
                0x000000000800cbd0       0x68 obj/SKYROVER/spektrum.o
 .text.spektrumReadRawRC
                0x000000000800cc38       0x90 obj/SKYROVER/spektrum.o
 .text.spektrumInit
                0x000000000800ccc8       0x68 obj/SKYROVER/spektrum.o
                0x000000000800ccc8                spektrumInit
 .text.spektrumFrameComplete
                0x000000000800cd30        0xc obj/SKYROVER/spektrum.o
                0x000000000800cd30                spektrumFrameComplete
 .text.sendDataHead
                0x000000000800cd3c       0x20 obj/SKYROVER/telemetry.o
 .text.sendTelemetryTail
                0x000000000800cd5c       0x10 obj/SKYROVER/telemetry.o
 .text.serializeFrsky
                0x000000000800cd6c       0x30 obj/SKYROVER/telemetry.o
 .text.serialize16
                0x000000000800cd9c       0x16 obj/SKYROVER/telemetry.o
 *fill*         0x000000000800cdb2        0x2 
 .text.initTelemetry
                0x000000000800cdb4       0x30 obj/SKYROVER/telemetry.o
                0x000000000800cdb4                initTelemetry
 .text.updateTelemetryState
                0x000000000800cde4       0x5c obj/SKYROVER/telemetry.o
                0x000000000800cde4                updateTelemetryState
 .text.sendTelemetry
                0x000000000800ce40      0x314 obj/SKYROVER/telemetry.o
                0x000000000800ce40                sendTelemetry
 .text.gpioInit
                0x000000000800d154       0x72 obj/SKYROVER/drv_gpio.o
                0x000000000800d154                gpioInit
 .text.gpioExtiLineConfig
                0x000000000800d1c6       0x2a obj/SKYROVER/drv_gpio.o
                0x000000000800d1c6                gpioExtiLineConfig
 .text.i2c_ev_handler
                0x000000000800d1f0      0x300 obj/SKYROVER/drv_i2c.o
 .text.I2C1_EV_IRQHandler
                0x000000000800d4f0        0x4 obj/SKYROVER/drv_i2c.o
                0x000000000800d4f0                I2C1_EV_IRQHandler
 .text.I2C2_EV_IRQHandler
                0x000000000800d4f4        0x4 obj/SKYROVER/drv_i2c.o
                0x000000000800d4f4                I2C2_EV_IRQHandler
 .text.i2cInit  0x000000000800d4f8      0x134 obj/SKYROVER/drv_i2c.o
                0x000000000800d4f8                i2cInit
 .text.i2c_er_handler
                0x000000000800d62c       0x98 obj/SKYROVER/drv_i2c.o
 .text.I2C1_ER_IRQHandler
                0x000000000800d6c4        0x4 obj/SKYROVER/drv_i2c.o
                0x000000000800d6c4                I2C1_ER_IRQHandler
 .text.I2C2_ER_IRQHandler
                0x000000000800d6c8        0x4 obj/SKYROVER/drv_i2c.o
                0x000000000800d6c8                I2C2_ER_IRQHandler
 .text.i2cWriteBuffer
                0x000000000800d6cc       0xb4 obj/SKYROVER/drv_i2c.o
                0x000000000800d6cc                i2cWriteBuffer
 .text.i2cWrite
                0x000000000800d780       0x14 obj/SKYROVER/drv_i2c.o
                0x000000000800d780                i2cWrite
 .text.i2cRead  0x000000000800d794       0xb4 obj/SKYROVER/drv_i2c.o
                0x000000000800d794                i2cRead
 .text.i2cGetErrorCounter
                0x000000000800d848        0xc obj/SKYROVER/drv_i2c.o
                0x000000000800d848                i2cGetErrorCounter
 .text.SysTick_Handler
                0x000000000800d854       0x1c obj/SKYROVER/drv_system.o
                0x000000000800d854                SysTick_Handler
 .text.micros   0x000000000800d870       0x34 obj/SKYROVER/drv_system.o
                0x000000000800d870                micros
 .text.millis   0x000000000800d8a4        0xc obj/SKYROVER/drv_system.o
                0x000000000800d8a4                millis
 .text.delayMicroseconds
                0x000000000800d8b0       0x16 obj/SKYROVER/drv_system.o
                0x000000000800d8b0                delayMicroseconds
 .text.delay    0x000000000800d8c6       0x14 obj/SKYROVER/drv_system.o
                0x000000000800d8c6                delay
 *fill*         0x000000000800d8da        0x2 
 .text.systemInit
                0x000000000800d8dc      0x118 obj/SKYROVER/drv_system.o
                0x000000000800d8dc                systemInit
 .text.failureMode
                0x000000000800d9f4       0x38 obj/SKYROVER/drv_system.o
                0x000000000800d9f4                failureMode
 .text.systemReset
                0x000000000800da2c       0x20 obj/SKYROVER/drv_system.o
                0x000000000800da2c                systemReset
 .text.systemBeep
                0x000000000800da4c        0x2 obj/SKYROVER/drv_system.o
                0x000000000800da4c                systemBeep
 .text.serialWrite
                0x000000000800da4e        0xa obj/SKYROVER/drv_serial.o
                0x000000000800da4e                serialWrite
 .text.serialPrint
                0x000000000800da58       0x16 obj/SKYROVER/drv_serial.o
                0x000000000800da58                serialPrint
 .text.serialTotalBytesWaiting
                0x000000000800da6e        0xa obj/SKYROVER/drv_serial.o
                0x000000000800da6e                serialTotalBytesWaiting
 .text.serialRead
                0x000000000800da78        0xa obj/SKYROVER/drv_serial.o
                0x000000000800da78                serialRead
 .text.serialSetBaudRate
                0x000000000800da82        0xa obj/SKYROVER/drv_serial.o
                0x000000000800da82                serialSetBaudRate
 .text.isSerialTransmitBufferEmpty
                0x000000000800da8c        0xa obj/SKYROVER/drv_serial.o
                0x000000000800da8c                isSerialTransmitBufferEmpty
 .text.softSerialTotalBytesWaiting
                0x000000000800da96       0x18 obj/SKYROVER/drv_softserial.o
                0x000000000800da96                softSerialTotalBytesWaiting
 .text.softSerialWriteByte
                0x000000000800daae       0x18 obj/SKYROVER/drv_softserial.o
                0x000000000800daae                softSerialWriteByte
 .text.softSerialSetBaudRate
                0x000000000800dac6        0x2 obj/SKYROVER/drv_softserial.o
                0x000000000800dac6                softSerialSetBaudRate
 .text.isSoftSerialTransmitBufferEmpty
                0x000000000800dac8        0xc obj/SKYROVER/drv_softserial.o
                0x000000000800dac8                isSoftSerialTransmitBufferEmpty
 .text.softSerialReadByte
                0x000000000800dad4       0x22 obj/SKYROVER/drv_softserial.o
                0x000000000800dad4                softSerialReadByte
 .text.readRxSignal
                0x000000000800daf6       0x20 obj/SKYROVER/drv_softserial.o
                0x000000000800daf6                readRxSignal
 .text.setTxSignal
                0x000000000800db16       0x2a obj/SKYROVER/drv_softserial.o
                0x000000000800db16                setTxSignal
 .text.serialInputPortConfig
                0x000000000800db40       0x24 obj/SKYROVER/drv_softserial.o
                0x000000000800db40                serialInputPortConfig
 .text.serialTimerConfig
                0x000000000800db64       0x2c obj/SKYROVER/drv_softserial.o
                0x000000000800db64                serialTimerConfig
 .text.serialOutputPortConfig
                0x000000000800db90       0x24 obj/SKYROVER/drv_softserial.o
                0x000000000800db90                serialOutputPortConfig
 .text.setupSoftSerial1
                0x000000000800dbb4       0x8c obj/SKYROVER/drv_softserial.o
                0x000000000800dbb4                setupSoftSerial1
 .text.updateBufferIndex
                0x000000000800dc40       0x12 obj/SKYROVER/drv_softserial.o
                0x000000000800dc40                updateBufferIndex
 .text.searchForStartBit
                0x000000000800dc52       0x30 obj/SKYROVER/drv_softserial.o
                0x000000000800dc52                searchForStartBit
 .text.searchForStopBit
                0x000000000800dc82       0x38 obj/SKYROVER/drv_softserial.o
                0x000000000800dc82                searchForStopBit
 .text.readDataBit
                0x000000000800dcba       0x40 obj/SKYROVER/drv_softserial.o
                0x000000000800dcba                readDataBit
 .text.processRxState
                0x000000000800dcfa       0x28 obj/SKYROVER/drv_softserial.o
                0x000000000800dcfa                processRxState
 .text.processTxState
                0x000000000800dd22       0x7c obj/SKYROVER/drv_softserial.o
                0x000000000800dd22                processTxState
 *fill*         0x000000000800dd9e        0x2 
 .text.onSerialTimer
                0x000000000800dda0       0x20 obj/SKYROVER/drv_softserial.o
                0x000000000800dda0                onSerialTimer
 .text.uartTotalBytesWaiting
                0x000000000800ddc0       0x16 obj/SKYROVER/drv_uart.o
                0x000000000800ddc0                uartTotalBytesWaiting
 .text.isUartTransmitBufferEmpty
                0x000000000800ddd6       0x16 obj/SKYROVER/drv_uart.o
                0x000000000800ddd6                isUartTransmitBufferEmpty
 .text.uartSetBaudRate
                0x000000000800ddec       0x4a obj/SKYROVER/drv_uart.o
                0x000000000800ddec                uartSetBaudRate
 .text.uartStartTxDMA
                0x000000000800de36       0x30 obj/SKYROVER/drv_uart.o
 .text.uartRead
                0x000000000800de66       0x32 obj/SKYROVER/drv_uart.o
                0x000000000800de66                uartRead
 .text.uartWrite
                0x000000000800de98       0x3c obj/SKYROVER/drv_uart.o
                0x000000000800de98                uartWrite
 .text.serialUSART1
                0x000000000800ded4       0xa4 obj/SKYROVER/drv_uart.o
                0x000000000800ded4                serialUSART1
 .text.serialUSART2
                0x000000000800df78       0x9c obj/SKYROVER/drv_uart.o
                0x000000000800df78                serialUSART2
 .text.uartOpen
                0x000000000800e014      0x170 obj/SKYROVER/drv_uart.o
                0x000000000800e014                uartOpen
 .text.DMA1_Channel4_IRQHandler
                0x000000000800e184       0x34 obj/SKYROVER/drv_uart.o
                0x000000000800e184                DMA1_Channel4_IRQHandler
 .text.USART1_IRQHandler
                0x000000000800e1b8       0x3c obj/SKYROVER/drv_uart.o
                0x000000000800e1b8                USART1_IRQHandler
 .text.USART2_IRQHandler
                0x000000000800e1f4       0x74 obj/SKYROVER/drv_uart.o
                0x000000000800e1f4                USART2_IRQHandler
 .text.Hw_VCom_Init
                0x000000000800e268       0x24 obj/SKYROVER/drv_vcom.o
                0x000000000800e268                Hw_VCom_Init
 .text.Hw_VCom_Q_Init
                0x000000000800e28c       0x14 obj/SKYROVER/drv_vcom_q.o
                0x000000000800e28c                Hw_VCom_Q_Init
 .text.HW_VCOM_Q_SIZE
                0x000000000800e2a0       0x34 obj/SKYROVER/drv_vcom_q.o
                0x000000000800e2a0                HW_VCOM_Q_SIZE
 .text.Hw_VCom_Q_Push
                0x000000000800e2d4       0x5c obj/SKYROVER/drv_vcom_q.o
                0x000000000800e2d4                Hw_VCom_Q_Push
 .text.uli2a    0x000000000800e330       0x50 obj/SKYROVER/printf.o
 .text.ui2a     0x000000000800e380       0x50 obj/SKYROVER/printf.o
 .text.putchw   0x000000000800e3d0       0x48 obj/SKYROVER/printf.o
 .text.tfp_format
                0x000000000800e418      0x18a obj/SKYROVER/printf.o
                0x000000000800e418                tfp_format
 *fill*         0x000000000800e5a2        0x2 
 .text.init_printf
                0x000000000800e5a4       0x14 obj/SKYROVER/printf.o
                0x000000000800e5a4                init_printf
 .text.tfp_printf
                0x000000000800e5b8       0x3c obj/SKYROVER/printf.o
                0x000000000800e5b8                tfp_printf
 .text.constrain
                0x000000000800e5f4       0x10 obj/SKYROVER/utils.o
                0x000000000800e5f4                constrain
 *fill*         0x000000000800e604        0x4 
 .text.initBoardAlignment
                0x000000000800e608      0x170 obj/SKYROVER/utils.o
                0x000000000800e608                initBoardAlignment
 .text.alignBoard
                0x000000000800e778       0xc4 obj/SKYROVER/utils.o
                0x000000000800e778                alignBoard
 .text.alignSensors
                0x000000000800e83c       0x7c obj/SKYROVER/utils.o
                0x000000000800e83c                alignSensors
 .text.SystemInit
                0x000000000800e8b8       0x4c obj/SKYROVER/system_stm32f10x.o
                0x000000000800e8b8                SystemInit
 .text.SystemCoreClockUpdate
                0x000000000800e904       0x6c obj/SKYROVER/system_stm32f10x.o
                0x000000000800e904                SystemCoreClockUpdate
 .text.SetSysClock
                0x000000000800e970      0x150 obj/SKYROVER/system_stm32f10x.o
                0x000000000800e970                SetSysClock
 .text.NVIC_PriorityGroupConfig
                0x000000000800eac0       0x14 obj/SKYROVER/misc.o
                0x000000000800eac0                NVIC_PriorityGroupConfig
 .text.NVIC_Init
                0x000000000800ead4       0x68 obj/SKYROVER/misc.o
                0x000000000800ead4                NVIC_Init
 .text.ADC_Init
                0x000000000800eb3c       0x48 obj/SKYROVER/stm32f10x_adc.o
                0x000000000800eb3c                ADC_Init
 .text.ADC_Cmd  0x000000000800eb84       0x12 obj/SKYROVER/stm32f10x_adc.o
                0x000000000800eb84                ADC_Cmd
 .text.ADC_DMACmd
                0x000000000800eb96       0x12 obj/SKYROVER/stm32f10x_adc.o
                0x000000000800eb96                ADC_DMACmd
 .text.ADC_ResetCalibration
                0x000000000800eba8        0xa obj/SKYROVER/stm32f10x_adc.o
                0x000000000800eba8                ADC_ResetCalibration
 .text.ADC_GetResetCalibrationStatus
                0x000000000800ebb2        0x8 obj/SKYROVER/stm32f10x_adc.o
                0x000000000800ebb2                ADC_GetResetCalibrationStatus
 .text.ADC_StartCalibration
                0x000000000800ebba        0xa obj/SKYROVER/stm32f10x_adc.o
                0x000000000800ebba                ADC_StartCalibration
 .text.ADC_GetCalibrationStatus
                0x000000000800ebc4        0x8 obj/SKYROVER/stm32f10x_adc.o
                0x000000000800ebc4                ADC_GetCalibrationStatus
 .text.ADC_SoftwareStartConvCmd
                0x000000000800ebcc       0x12 obj/SKYROVER/stm32f10x_adc.o
                0x000000000800ebcc                ADC_SoftwareStartConvCmd
 .text.ADC_RegularChannelConfig
                0x000000000800ebde       0x90 obj/SKYROVER/stm32f10x_adc.o
                0x000000000800ebde                ADC_RegularChannelConfig
 *fill*         0x000000000800ec6e        0x2 
 .text.DMA_DeInit
                0x000000000800ec70       0xf0 obj/SKYROVER/stm32f10x_dma.o
                0x000000000800ec70                DMA_DeInit
 .text.DMA_Init
                0x000000000800ed60       0x3c obj/SKYROVER/stm32f10x_dma.o
                0x000000000800ed60                DMA_Init
 .text.DMA_StructInit
                0x000000000800ed9c       0x1a obj/SKYROVER/stm32f10x_dma.o
                0x000000000800ed9c                DMA_StructInit
 .text.DMA_Cmd  0x000000000800edb6       0x16 obj/SKYROVER/stm32f10x_dma.o
                0x000000000800edb6                DMA_Cmd
 .text.DMA_ITConfig
                0x000000000800edcc       0x10 obj/SKYROVER/stm32f10x_dma.o
                0x000000000800edcc                DMA_ITConfig
 .text.DMA_SetCurrDataCounter
                0x000000000800eddc        0x4 obj/SKYROVER/stm32f10x_dma.o
                0x000000000800eddc                DMA_SetCurrDataCounter
 .text.DMA_GetCurrDataCounter
                0x000000000800ede0        0x6 obj/SKYROVER/stm32f10x_dma.o
                0x000000000800ede0                DMA_GetCurrDataCounter
 *fill*         0x000000000800ede6        0x2 
 .text.DMA_ClearITPendingBit
                0x000000000800ede8       0x14 obj/SKYROVER/stm32f10x_dma.o
                0x000000000800ede8                DMA_ClearITPendingBit
 .text.EXTI_Init
                0x000000000800edfc       0x74 obj/SKYROVER/stm32f10x_exti.o
                0x000000000800edfc                EXTI_Init
 .text.EXTI_GetITStatus
                0x000000000800ee70       0x1c obj/SKYROVER/stm32f10x_exti.o
                0x000000000800ee70                EXTI_GetITStatus
 .text.EXTI_ClearITPendingBit
                0x000000000800ee8c        0xc obj/SKYROVER/stm32f10x_exti.o
                0x000000000800ee8c                EXTI_ClearITPendingBit
 .text.FLASH_Unlock
                0x000000000800ee98       0x18 obj/SKYROVER/stm32f10x_flash.o
                0x000000000800ee98                FLASH_Unlock
 .text.FLASH_Lock
                0x000000000800eeb0       0x10 obj/SKYROVER/stm32f10x_flash.o
                0x000000000800eeb0                FLASH_Lock
 .text.FLASH_ClearFlag
                0x000000000800eec0        0xc obj/SKYROVER/stm32f10x_flash.o
                0x000000000800eec0                FLASH_ClearFlag
 .text.FLASH_GetBank1Status
                0x000000000800eecc       0x28 obj/SKYROVER/stm32f10x_flash.o
                0x000000000800eecc                FLASH_GetBank1Status
 .text.FLASH_WaitForLastOperation
                0x000000000800eef4       0x22 obj/SKYROVER/stm32f10x_flash.o
                0x000000000800eef4                FLASH_WaitForLastOperation
 *fill*         0x000000000800ef16        0x2 
 .text.FLASH_ErasePage
                0x000000000800ef18       0x3c obj/SKYROVER/stm32f10x_flash.o
                0x000000000800ef18                FLASH_ErasePage
 .text.FLASH_ProgramWord
                0x000000000800ef54       0x54 obj/SKYROVER/stm32f10x_flash.o
                0x000000000800ef54                FLASH_ProgramWord
 .text.GPIO_Init
                0x000000000800efa8       0x9c obj/SKYROVER/stm32f10x_gpio.o
                0x000000000800efa8                GPIO_Init
 .text.GPIO_SetBits
                0x000000000800f044        0x4 obj/SKYROVER/stm32f10x_gpio.o
                0x000000000800f044                GPIO_SetBits
 .text.GPIO_ResetBits
                0x000000000800f048        0x4 obj/SKYROVER/stm32f10x_gpio.o
                0x000000000800f048                GPIO_ResetBits
 .text.I2C_DeInit
                0x000000000800f04c       0x34 obj/SKYROVER/stm32f10x_i2c.o
                0x000000000800f04c                I2C_DeInit
 .text.I2C_Init
                0x000000000800f080       0xdc obj/SKYROVER/stm32f10x_i2c.o
                0x000000000800f080                I2C_Init
 .text.I2C_StructInit
                0x000000000800f15c       0x1c obj/SKYROVER/stm32f10x_i2c.o
                0x000000000800f15c                I2C_StructInit
 .text.I2C_Cmd  0x000000000800f178       0x18 obj/SKYROVER/stm32f10x_i2c.o
                0x000000000800f178                I2C_Cmd
 .text.I2C_GenerateSTART
                0x000000000800f190       0x18 obj/SKYROVER/stm32f10x_i2c.o
                0x000000000800f190                I2C_GenerateSTART
 .text.I2C_GenerateSTOP
                0x000000000800f1a8       0x18 obj/SKYROVER/stm32f10x_i2c.o
                0x000000000800f1a8                I2C_GenerateSTOP
 .text.I2C_AcknowledgeConfig
                0x000000000800f1c0       0x18 obj/SKYROVER/stm32f10x_i2c.o
                0x000000000800f1c0                I2C_AcknowledgeConfig
 .text.I2C_ITConfig
                0x000000000800f1d8       0x12 obj/SKYROVER/stm32f10x_i2c.o
                0x000000000800f1d8                I2C_ITConfig
 .text.I2C_SendData
                0x000000000800f1ea        0x4 obj/SKYROVER/stm32f10x_i2c.o
                0x000000000800f1ea                I2C_SendData
 .text.I2C_ReceiveData
                0x000000000800f1ee        0x6 obj/SKYROVER/stm32f10x_i2c.o
                0x000000000800f1ee                I2C_ReceiveData
 .text.I2C_Send7bitAddress
                0x000000000800f1f4       0x10 obj/SKYROVER/stm32f10x_i2c.o
                0x000000000800f1f4                I2C_Send7bitAddress
 .text.RCC_USBCLKConfig
                0x000000000800f204        0xc obj/SKYROVER/stm32f10x_rcc.o
                0x000000000800f204                RCC_USBCLKConfig
 .text.RCC_GetClocksFreq
                0x000000000800f210       0x98 obj/SKYROVER/stm32f10x_rcc.o
                0x000000000800f210                RCC_GetClocksFreq
 .text.RCC_AHBPeriphClockCmd
                0x000000000800f2a8       0x18 obj/SKYROVER/stm32f10x_rcc.o
                0x000000000800f2a8                RCC_AHBPeriphClockCmd
 .text.RCC_APB2PeriphClockCmd
                0x000000000800f2c0       0x18 obj/SKYROVER/stm32f10x_rcc.o
                0x000000000800f2c0                RCC_APB2PeriphClockCmd
 .text.RCC_APB1PeriphClockCmd
                0x000000000800f2d8       0x18 obj/SKYROVER/stm32f10x_rcc.o
                0x000000000800f2d8                RCC_APB1PeriphClockCmd
 .text.RCC_APB2PeriphResetCmd
                0x000000000800f2f0       0x18 obj/SKYROVER/stm32f10x_rcc.o
                0x000000000800f2f0                RCC_APB2PeriphResetCmd
 .text.RCC_APB1PeriphResetCmd
                0x000000000800f308       0x18 obj/SKYROVER/stm32f10x_rcc.o
                0x000000000800f308                RCC_APB1PeriphResetCmd
 .text.RCC_ClearFlag
                0x000000000800f320       0x10 obj/SKYROVER/stm32f10x_rcc.o
                0x000000000800f320                RCC_ClearFlag
 .text.SPI_I2S_DeInit
                0x000000000800f330       0x64 obj/SKYROVER/stm32f10x_spi.o
                0x000000000800f330                SPI_I2S_DeInit
 .text.SPI_Init
                0x000000000800f394       0x3e obj/SKYROVER/stm32f10x_spi.o
                0x000000000800f394                SPI_Init
 .text.SPI_Cmd  0x000000000800f3d2       0x18 obj/SKYROVER/stm32f10x_spi.o
                0x000000000800f3d2                SPI_Cmd
 .text.SPI_I2S_SendData
                0x000000000800f3ea        0x4 obj/SKYROVER/stm32f10x_spi.o
                0x000000000800f3ea                SPI_I2S_SendData
 .text.SPI_I2S_ReceiveData
                0x000000000800f3ee        0x6 obj/SKYROVER/stm32f10x_spi.o
                0x000000000800f3ee                SPI_I2S_ReceiveData
 .text.SPI_I2S_GetFlagStatus
                0x000000000800f3f4        0xc obj/SKYROVER/stm32f10x_spi.o
                0x000000000800f3f4                SPI_I2S_GetFlagStatus
 .text.TI1_Config
                0x000000000800f400       0x68 obj/SKYROVER/stm32f10x_tim.o
 .text.TI2_Config
                0x000000000800f468       0x78 obj/SKYROVER/stm32f10x_tim.o
 .text.TIM_TimeBaseInit
                0x000000000800f4e0       0x94 obj/SKYROVER/stm32f10x_tim.o
                0x000000000800f4e0                TIM_TimeBaseInit
 .text.TIM_OC1Init
                0x000000000800f574       0x88 obj/SKYROVER/stm32f10x_tim.o
                0x000000000800f574                TIM_OC1Init
 .text.TIM_OC2Init
                0x000000000800f5fc       0x88 obj/SKYROVER/stm32f10x_tim.o
                0x000000000800f5fc                TIM_OC2Init
 .text.TIM_OC3Init
                0x000000000800f684       0x84 obj/SKYROVER/stm32f10x_tim.o
                0x000000000800f684                TIM_OC3Init
 .text.TIM_OC4Init
                0x000000000800f708       0x68 obj/SKYROVER/stm32f10x_tim.o
                0x000000000800f708                TIM_OC4Init
 .text.TIM_TimeBaseStructInit
                0x000000000800f770       0x12 obj/SKYROVER/stm32f10x_tim.o
                0x000000000800f770                TIM_TimeBaseStructInit
 .text.TIM_OCStructInit
                0x000000000800f782       0x14 obj/SKYROVER/stm32f10x_tim.o
                0x000000000800f782                TIM_OCStructInit
 .text.TIM_ICStructInit
                0x000000000800f796       0x10 obj/SKYROVER/stm32f10x_tim.o
                0x000000000800f796                TIM_ICStructInit
 .text.TIM_Cmd  0x000000000800f7a6       0x18 obj/SKYROVER/stm32f10x_tim.o
                0x000000000800f7a6                TIM_Cmd
 .text.TIM_CtrlPWMOutputs
                0x000000000800f7be       0x1c obj/SKYROVER/stm32f10x_tim.o
                0x000000000800f7be                TIM_CtrlPWMOutputs
 .text.TIM_ITConfig
                0x000000000800f7da       0x12 obj/SKYROVER/stm32f10x_tim.o
                0x000000000800f7da                TIM_ITConfig
 .text.TIM_OC1PreloadConfig
                0x000000000800f7ec       0x10 obj/SKYROVER/stm32f10x_tim.o
                0x000000000800f7ec                TIM_OC1PreloadConfig
 .text.TIM_OC2PreloadConfig
                0x000000000800f7fc       0x14 obj/SKYROVER/stm32f10x_tim.o
                0x000000000800f7fc                TIM_OC2PreloadConfig
 .text.TIM_OC3PreloadConfig
                0x000000000800f810       0x10 obj/SKYROVER/stm32f10x_tim.o
                0x000000000800f810                TIM_OC3PreloadConfig
 .text.TIM_OC4PreloadConfig
                0x000000000800f820       0x14 obj/SKYROVER/stm32f10x_tim.o
                0x000000000800f820                TIM_OC4PreloadConfig
 .text.TIM_SetIC1Prescaler
                0x000000000800f834       0x16 obj/SKYROVER/stm32f10x_tim.o
                0x000000000800f834                TIM_SetIC1Prescaler
 .text.TIM_SetIC2Prescaler
                0x000000000800f84a       0x1a obj/SKYROVER/stm32f10x_tim.o
                0x000000000800f84a                TIM_SetIC2Prescaler
 .text.TIM_SetIC3Prescaler
                0x000000000800f864       0x16 obj/SKYROVER/stm32f10x_tim.o
                0x000000000800f864                TIM_SetIC3Prescaler
 .text.TIM_SetIC4Prescaler
                0x000000000800f87a       0x1a obj/SKYROVER/stm32f10x_tim.o
                0x000000000800f87a                TIM_SetIC4Prescaler
 .text.TIM_ICInit
                0x000000000800f894      0x130 obj/SKYROVER/stm32f10x_tim.o
                0x000000000800f894                TIM_ICInit
 .text.TIM_GetCapture1
                0x000000000800f9c4        0x6 obj/SKYROVER/stm32f10x_tim.o
                0x000000000800f9c4                TIM_GetCapture1
 .text.TIM_GetCapture2
                0x000000000800f9ca        0x6 obj/SKYROVER/stm32f10x_tim.o
                0x000000000800f9ca                TIM_GetCapture2
 .text.TIM_GetCapture3
                0x000000000800f9d0        0x6 obj/SKYROVER/stm32f10x_tim.o
                0x000000000800f9d0                TIM_GetCapture3
 .text.TIM_GetCapture4
                0x000000000800f9d6        0x8 obj/SKYROVER/stm32f10x_tim.o
                0x000000000800f9d6                TIM_GetCapture4
 .text.TIM_GetITStatus
                0x000000000800f9de       0x16 obj/SKYROVER/stm32f10x_tim.o
                0x000000000800f9de                TIM_GetITStatus
 .text.TIM_ClearITPendingBit
                0x000000000800f9f4        0x8 obj/SKYROVER/stm32f10x_tim.o
                0x000000000800f9f4                TIM_ClearITPendingBit
 .text.USART_Init
                0x000000000800f9fc       0xa8 obj/SKYROVER/stm32f10x_usart.o
                0x000000000800f9fc                USART_Init
 .text.USART_Cmd
                0x000000000800faa4       0x18 obj/SKYROVER/stm32f10x_usart.o
                0x000000000800faa4                USART_Cmd
 .text.USART_ITConfig
                0x000000000800fabc       0x30 obj/SKYROVER/stm32f10x_usart.o
                0x000000000800fabc                USART_ITConfig
 .text.USART_DMACmd
                0x000000000800faec       0x12 obj/SKYROVER/stm32f10x_usart.o
                0x000000000800faec                USART_DMACmd
 .text.vListInitialise
                0x000000000800fafe       0x16 obj/SKYROVER/list.o
                0x000000000800fafe                vListInitialise
 .text.vListInitialiseItem
                0x000000000800fb14        0x6 obj/SKYROVER/list.o
                0x000000000800fb14                vListInitialiseItem
 .text.vListInsertEnd
                0x000000000800fb1a       0x18 obj/SKYROVER/list.o
                0x000000000800fb1a                vListInsertEnd
 .text.vListInsert
                0x000000000800fb32       0x30 obj/SKYROVER/list.o
                0x000000000800fb32                vListInsert
 .text.uxListRemove
                0x000000000800fb62       0x20 obj/SKYROVER/list.o
                0x000000000800fb62                uxListRemove
 .text.prvCopyDataToQueue
                0x000000000800fb82       0x66 obj/SKYROVER/queue.o
 .text.prvCopyDataFromQueue
                0x000000000800fbe8       0x26 obj/SKYROVER/queue.o
 .text.prvUnlockQueue
                0x000000000800fc0e       0x64 obj/SKYROVER/queue.o
 .text.xQueueGenericReset
                0x000000000800fc72       0x62 obj/SKYROVER/queue.o
                0x000000000800fc72                xQueueGenericReset
 .text.xQueueGenericCreate
                0x000000000800fcd4       0x42 obj/SKYROVER/queue.o
                0x000000000800fcd4                xQueueGenericCreate
 .text.xQueueGenericSend
                0x000000000800fd16      0x100 obj/SKYROVER/queue.o
                0x000000000800fd16                xQueueGenericSend
 .text.xQueueGenericSendFromISR
                0x000000000800fe16       0x84 obj/SKYROVER/queue.o
                0x000000000800fe16                xQueueGenericSendFromISR
 .text.xQueueGenericReceive
                0x000000000800fe9a      0x11a obj/SKYROVER/queue.o
                0x000000000800fe9a                xQueueGenericReceive
 .text.vQueueWaitForMessageRestricted
                0x000000000800ffb4       0x3a obj/SKYROVER/queue.o
                0x000000000800ffb4                vQueueWaitForMessageRestricted
 *fill*         0x000000000800ffee        0x2 
 .text.prvAddCurrentTaskToDelayedList
                0x000000000800fff0       0x50 obj/SKYROVER/tasks.o
 .text.xTaskGenericCreate
                0x0000000008010040      0x194 obj/SKYROVER/tasks.o
                0x0000000008010040                xTaskGenericCreate
 .text.vTaskStartScheduler
                0x00000000080101d4       0x5c obj/SKYROVER/tasks.o
                0x00000000080101d4                vTaskStartScheduler
 .text.vTaskSuspendAll
                0x0000000008010230       0x10 obj/SKYROVER/tasks.o
                0x0000000008010230                vTaskSuspendAll
 .text.xTaskGetTickCount
                0x0000000008010240       0x18 obj/SKYROVER/tasks.o
                0x0000000008010240                xTaskGetTickCount
 .text.xTaskIncrementTick
                0x0000000008010258      0x11c obj/SKYROVER/tasks.o
                0x0000000008010258                xTaskIncrementTick
 .text.xTaskResumeAll
                0x0000000008010374       0xc8 obj/SKYROVER/tasks.o
                0x0000000008010374                xTaskResumeAll
 .text.vTaskDelay
                0x000000000801043c       0x3c obj/SKYROVER/tasks.o
                0x000000000801043c                vTaskDelay
 .text.prvIdleTask
                0x0000000008010478       0x64 obj/SKYROVER/tasks.o
 .text.vTaskSwitchContext
                0x00000000080104dc       0x68 obj/SKYROVER/tasks.o
                0x00000000080104dc                vTaskSwitchContext
 .text.vTaskPlaceOnEventList
                0x0000000008010544       0x4c obj/SKYROVER/tasks.o
                0x0000000008010544                vTaskPlaceOnEventList
 .text.vTaskPlaceOnEventListRestricted
                0x0000000008010590       0x34 obj/SKYROVER/tasks.o
                0x0000000008010590                vTaskPlaceOnEventListRestricted
 .text.xTaskRemoveFromEventList
                0x00000000080105c4       0x74 obj/SKYROVER/tasks.o
                0x00000000080105c4                xTaskRemoveFromEventList
 .text.vTaskSetTimeOutState
                0x0000000008010638       0x20 obj/SKYROVER/tasks.o
                0x0000000008010638                vTaskSetTimeOutState
 .text.xTaskCheckForTimeOut
                0x0000000008010658       0x5c obj/SKYROVER/tasks.o
                0x0000000008010658                xTaskCheckForTimeOut
 .text.vTaskMissedYield
                0x00000000080106b4        0xc obj/SKYROVER/tasks.o
                0x00000000080106b4                vTaskMissedYield
 .text.xTaskGetCurrentTaskHandle
                0x00000000080106c0        0xc obj/SKYROVER/tasks.o
                0x00000000080106c0                xTaskGetCurrentTaskHandle
 .text.xTaskGetSchedulerState
                0x00000000080106cc       0x1c obj/SKYROVER/tasks.o
                0x00000000080106cc                xTaskGetSchedulerState
 .text.vTaskPriorityInherit
                0x00000000080106e8       0x68 obj/SKYROVER/tasks.o
                0x00000000080106e8                vTaskPriorityInherit
 .text.vTaskPriorityDisinherit
                0x0000000008010750       0x48 obj/SKYROVER/tasks.o
                0x0000000008010750                vTaskPriorityDisinherit
 .text.prvCheckForValidListAndQueue
                0x0000000008010798       0x4c obj/SKYROVER/timers.o
 .text.prvInsertTimerInActiveList
                0x00000000080107e4       0x3c obj/SKYROVER/timers.o
 .text.xTimerCreateTimerTask
                0x0000000008010820       0x44 obj/SKYROVER/timers.o
                0x0000000008010820                xTimerCreateTimerTask
 .text.xTimerGenericCommand
                0x0000000008010864       0x44 obj/SKYROVER/timers.o
                0x0000000008010864                xTimerGenericCommand
 .text.prvSwitchTimerLists.isra.1
                0x00000000080108a8       0x68 obj/SKYROVER/timers.o
 .text.prvTimerTask
                0x0000000008010910      0x15c obj/SKYROVER/timers.o
 .text.osThreadCreate
                0x0000000008010a6c       0x30 obj/SKYROVER/cmsis_os.o
                0x0000000008010a6c                osThreadCreate
 .text.osKernelStart
                0x0000000008010a9c       0x10 obj/SKYROVER/cmsis_os.o
                0x0000000008010a9c                osKernelStart
 .text.osDelay  0x0000000008010aac       0x10 obj/SKYROVER/cmsis_os.o
                0x0000000008010aac                osDelay
 .text.pvPortMalloc
                0x0000000008010abc       0xb8 obj/SKYROVER/heap_2.o
                0x0000000008010abc                pvPortMalloc
 .text.vPortFree
                0x0000000008010b74       0x40 obj/SKYROVER/heap_2.o
                0x0000000008010b74                vPortFree
 .text.prvPortStartFirstTask
                0x0000000008010bb4       0x14 obj/SKYROVER/port.o
 .text.pxPortInitialiseStack
                0x0000000008010bc8       0x1c obj/SKYROVER/port.o
                0x0000000008010bc8                pxPortInitialiseStack
 .text.SVC_Handler
                0x0000000008010be4       0x20 obj/SKYROVER/port.o
                0x0000000008010be4                SVC_Handler
 .text.vPortYield
                0x0000000008010c04       0x18 obj/SKYROVER/port.o
                0x0000000008010c04                vPortYield
 .text.ulPortSetInterruptMask
                0x0000000008010c1c       0x10 obj/SKYROVER/port.o
                0x0000000008010c1c                ulPortSetInterruptMask
 .text.prvTaskExitError
                0x0000000008010c2c       0x1c obj/SKYROVER/port.o
 .text.vPortEnterCritical
                0x0000000008010c48       0x1c obj/SKYROVER/port.o
                0x0000000008010c48                vPortEnterCritical
 .text.vPortClearInterruptMask
                0x0000000008010c64        0x6 obj/SKYROVER/port.o
                0x0000000008010c64                vPortClearInterruptMask
 *fill*         0x0000000008010c6a        0x2 
 .text.vPortExitCritical
                0x0000000008010c6c       0x14 obj/SKYROVER/port.o
                0x0000000008010c6c                vPortExitCritical
 .text.PendSV_Handler
                0x0000000008010c80       0x3c obj/SKYROVER/port.o
                0x0000000008010c80                PendSV_Handler
 .text.xPortSysTickHandler
                0x0000000008010cbc       0x24 obj/SKYROVER/port.o
                0x0000000008010cbc                xPortSysTickHandler
 .text.vPortSetupTimerInterrupt
                0x0000000008010ce0       0x24 obj/SKYROVER/port.o
                0x0000000008010ce0                vPortSetupTimerInterrupt
 .text.xPortStartScheduler
                0x0000000008010d04       0x8c obj/SKYROVER/port.o
                0x0000000008010d04                xPortStartScheduler
 .text.vPortValidateInterruptPriority
                0x0000000008010d90       0x44 obj/SKYROVER/port.o
                0x0000000008010d90                vPortValidateInterruptPriority
 .text.Standard_GetConfiguration
                0x0000000008010dd4       0x24 obj/SKYROVER/usb_core.o
                0x0000000008010dd4                Standard_GetConfiguration
 .text.Standard_GetInterface
                0x0000000008010df8       0x24 obj/SKYROVER/usb_core.o
                0x0000000008010df8                Standard_GetInterface
 .text.Standard_GetStatus
                0x0000000008010e1c       0x90 obj/SKYROVER/usb_core.o
                0x0000000008010e1c                Standard_GetStatus
 .text.DataStageIn
                0x0000000008010eac       0xa4 obj/SKYROVER/usb_core.o
 .text.Standard_SetConfiguration
                0x0000000008010f50       0x38 obj/SKYROVER/usb_core.o
                0x0000000008010f50                Standard_SetConfiguration
 .text.Standard_SetInterface
                0x0000000008010f88       0x48 obj/SKYROVER/usb_core.o
                0x0000000008010f88                Standard_SetInterface
 .text.Standard_ClearFeature
                0x0000000008010fd0       0xd8 obj/SKYROVER/usb_core.o
                0x0000000008010fd0                Standard_ClearFeature
 .text.Standard_SetEndPointFeature
                0x00000000080110a8       0x8c obj/SKYROVER/usb_core.o
                0x00000000080110a8                Standard_SetEndPointFeature
 .text.Standard_SetDeviceFeature
                0x0000000008011134       0x24 obj/SKYROVER/usb_core.o
                0x0000000008011134                Standard_SetDeviceFeature
 .text.Standard_GetDescriptorData
                0x0000000008011158       0x1c obj/SKYROVER/usb_core.o
                0x0000000008011158                Standard_GetDescriptorData
 .text.Post0_Process
                0x0000000008011174       0x40 obj/SKYROVER/usb_core.o
                0x0000000008011174                Post0_Process
 .text.Setup0_Process
                0x00000000080111b4      0x2dc obj/SKYROVER/usb_core.o
                0x00000000080111b4                Setup0_Process
 .text.Out0_Process
                0x0000000008011490       0xd0 obj/SKYROVER/usb_core.o
                0x0000000008011490                Out0_Process
 .text.SetDeviceAddress
                0x0000000008011560       0x40 obj/SKYROVER/usb_core.o
                0x0000000008011560                SetDeviceAddress
 .text.In0_Process
                0x00000000080115a0       0x5c obj/SKYROVER/usb_core.o
                0x00000000080115a0                In0_Process
 .text.NOP_Process
                0x00000000080115fc        0x2 obj/SKYROVER/usb_core.o
                0x00000000080115fc                NOP_Process
 *fill*         0x00000000080115fe        0x2 
 .text.USB_Init
                0x0000000008011600       0x38 obj/SKYROVER/usb_init.o
                0x0000000008011600                USB_Init
 .text.CTR_LP   0x0000000008011638      0x16c obj/SKYROVER/usb_int.o
                0x0000000008011638                CTR_LP
 .text.UserToPMABufferCopy
                0x00000000080117a4       0x30 obj/SKYROVER/usb_mem.o
                0x00000000080117a4                UserToPMABufferCopy
 .text.PMAToUserBufferCopy
                0x00000000080117d4       0x24 obj/SKYROVER/usb_mem.o
                0x00000000080117d4                PMAToUserBufferCopy
 .text.SetBTABLE
                0x00000000080117f8       0x10 obj/SKYROVER/usb_regs.o
                0x00000000080117f8                SetBTABLE
 .text.SetEPType
                0x0000000008011808       0x1c obj/SKYROVER/usb_regs.o
                0x0000000008011808                SetEPType
 .text.SetEPTxStatus
                0x0000000008011824       0x32 obj/SKYROVER/usb_regs.o
                0x0000000008011824                SetEPTxStatus
 .text.SetEPRxStatus
                0x0000000008011856       0x32 obj/SKYROVER/usb_regs.o
                0x0000000008011856                SetEPRxStatus
 .text.SetEPTxValid
                0x0000000008011888       0x26 obj/SKYROVER/usb_regs.o
                0x0000000008011888                SetEPTxValid
 .text.SetEPRxValid
                0x00000000080118ae       0x26 obj/SKYROVER/usb_regs.o
                0x00000000080118ae                SetEPRxValid
 .text.Clear_Status_Out
                0x00000000080118d4       0x20 obj/SKYROVER/usb_regs.o
                0x00000000080118d4                Clear_Status_Out
 .text.ClearDTOG_RX
                0x00000000080118f4       0x24 obj/SKYROVER/usb_regs.o
                0x00000000080118f4                ClearDTOG_RX
 .text.ClearDTOG_TX
                0x0000000008011918       0x24 obj/SKYROVER/usb_regs.o
                0x0000000008011918                ClearDTOG_TX
 .text.SetEPTxAddr
                0x000000000801193c       0x20 obj/SKYROVER/usb_regs.o
                0x000000000801193c                SetEPTxAddr
 .text.SetEPRxAddr
                0x000000000801195c       0x20 obj/SKYROVER/usb_regs.o
                0x000000000801195c                SetEPRxAddr
 .text.GetEPTxAddr
                0x000000000801197c       0x1c obj/SKYROVER/usb_regs.o
                0x000000000801197c                GetEPTxAddr
 .text.GetEPRxAddr
                0x0000000008011998       0x1c obj/SKYROVER/usb_regs.o
                0x0000000008011998                GetEPRxAddr
 .text.SetEPTxCount
                0x00000000080119b4       0x1c obj/SKYROVER/usb_regs.o
                0x00000000080119b4                SetEPTxCount
 .text.SetEPRxCount
                0x00000000080119d0       0x40 obj/SKYROVER/usb_regs.o
                0x00000000080119d0                SetEPRxCount
 .text.GetEPRxCount
                0x0000000008011a10       0x20 obj/SKYROVER/usb_regs.o
                0x0000000008011a10                GetEPRxCount
 .text.ByteSwap
                0x0000000008011a30        0xa obj/SKYROVER/usb_regs.o
                0x0000000008011a30                ByteSwap
 *fill*         0x0000000008011a3a        0x2 
 .text.USB_SIL_Init
                0x0000000008011a3c       0x20 obj/SKYROVER/usb_sil.o
                0x0000000008011a3c                USB_SIL_Init
 .text.USB_SIL_Read
                0x0000000008011a5c       0x24 obj/SKYROVER/usb_sil.o
                0x0000000008011a5c                USB_SIL_Read
 .text.IntToUnicode
                0x0000000008011a80       0x24 obj/SKYROVER/hw_config.o
 .text.USB_LP_CAN1_RX0_IRQHandler
                0x0000000008011aa4        0x4 obj/SKYROVER/hw_config.o
                0x0000000008011aa4                USB_LP_CAN1_RX0_IRQHandler
 .text.USBWakeUp_IRQHandler
                0x0000000008011aa8        0x8 obj/SKYROVER/hw_config.o
                0x0000000008011aa8                USBWakeUp_IRQHandler
 .text.Set_System
                0x0000000008011ab0       0x50 obj/SKYROVER/hw_config.o
                0x0000000008011ab0                Set_System
 .text.Set_USBClock
                0x0000000008011b00       0x16 obj/SKYROVER/hw_config.o
                0x0000000008011b00                Set_USBClock
 .text.USB_Interrupts_Config
                0x0000000008011b16       0x3c obj/SKYROVER/hw_config.o
                0x0000000008011b16                USB_Interrupts_Config
 *fill*         0x0000000008011b52        0x2 
 .text.USB_Cable_Config
                0x0000000008011b54       0x1c obj/SKYROVER/hw_config.o
                0x0000000008011b54                USB_Cable_Config
 .text.USB_To_USART_Send_Data
                0x0000000008011b70       0x34 obj/SKYROVER/hw_config.o
                0x0000000008011b70                USB_To_USART_Send_Data
 .text.Handle_USBAsynchXfer
                0x0000000008011ba4       0x90 obj/SKYROVER/hw_config.o
                0x0000000008011ba4                Handle_USBAsynchXfer
 .text.Get_SerialNum
                0x0000000008011c34       0x34 obj/SKYROVER/hw_config.o
                0x0000000008011c34                Get_SerialNum
 .text.EP1_IN_Callback
                0x0000000008011c68       0x64 obj/SKYROVER/usb_endp.o
                0x0000000008011c68                EP1_IN_Callback
 .text.EP3_OUT_Callback
                0x0000000008011ccc       0x24 obj/SKYROVER/usb_endp.o
                0x0000000008011ccc                EP3_OUT_Callback
 .text.SOF_Callback
                0x0000000008011cf0       0x2c obj/SKYROVER/usb_endp.o
                0x0000000008011cf0                SOF_Callback
 .text.USB_Istr
                0x0000000008011d1c       0x6c obj/SKYROVER/usb_istr.o
                0x0000000008011d1c                USB_Istr
 .text.Virtual_Com_Port_SetConfiguration
                0x0000000008011d88       0x18 obj/SKYROVER/usb_prop.o
                0x0000000008011d88                Virtual_Com_Port_SetConfiguration
 .text.Virtual_Com_Port_SetDeviceAddress
                0x0000000008011da0        0xc obj/SKYROVER/usb_prop.o
                0x0000000008011da0                Virtual_Com_Port_SetDeviceAddress
 .text.Virtual_Com_Port_Status_In
                0x0000000008011dac       0x14 obj/SKYROVER/usb_prop.o
                0x0000000008011dac                Virtual_Com_Port_Status_In
 .text.Virtual_Com_Port_Status_Out
                0x0000000008011dc0        0x2 obj/SKYROVER/usb_prop.o
                0x0000000008011dc0                Virtual_Com_Port_Status_Out
 *fill*         0x0000000008011dc2        0x2 
 .text.Virtual_Com_Port_Data_Setup
                0x0000000008011dc4       0x5c obj/SKYROVER/usb_prop.o
                0x0000000008011dc4                Virtual_Com_Port_Data_Setup
 .text.Virtual_Com_Port_NoData_Setup
                0x0000000008011e20       0x24 obj/SKYROVER/usb_prop.o
                0x0000000008011e20                Virtual_Com_Port_NoData_Setup
 .text.Virtual_Com_Port_Get_Interface_Setting
                0x0000000008011e44       0x10 obj/SKYROVER/usb_prop.o
                0x0000000008011e44                Virtual_Com_Port_Get_Interface_Setting
 .text.Virtual_Com_Port_GetLineCoding
                0x0000000008011e54       0x18 obj/SKYROVER/usb_prop.o
                0x0000000008011e54                Virtual_Com_Port_GetLineCoding
 .text.Virtual_Com_Port_SetLineCoding
                0x0000000008011e6c       0x18 obj/SKYROVER/usb_prop.o
                0x0000000008011e6c                Virtual_Com_Port_SetLineCoding
 .text.Virtual_Com_Port_init
                0x0000000008011e84       0x24 obj/SKYROVER/usb_prop.o
                0x0000000008011e84                Virtual_Com_Port_init
 .text.Virtual_Com_Port_Reset
                0x0000000008011ea8       0xe0 obj/SKYROVER/usb_prop.o
                0x0000000008011ea8                Virtual_Com_Port_Reset
 .text.Virtual_Com_Port_GetDeviceDescriptor
                0x0000000008011f88        0xc obj/SKYROVER/usb_prop.o
                0x0000000008011f88                Virtual_Com_Port_GetDeviceDescriptor
 .text.Virtual_Com_Port_GetConfigDescriptor
                0x0000000008011f94        0xc obj/SKYROVER/usb_prop.o
                0x0000000008011f94                Virtual_Com_Port_GetConfigDescriptor
 .text.Virtual_Com_Port_GetStringDescriptor
                0x0000000008011fa0       0x20 obj/SKYROVER/usb_prop.o
                0x0000000008011fa0                Virtual_Com_Port_GetStringDescriptor
 .text.PowerOn  0x0000000008011fc0       0x30 obj/SKYROVER/usb_pwr.o
                0x0000000008011fc0                PowerOn
 .text.thread_main
                0x0000000008011ff0       0x4c obj/SKYROVER/thread_main.o
                0x0000000008011ff0                thread_main
 .text._menu_putc
                0x000000000801203c       0x20 obj/SKYROVER/thread_menu.o
 .text._menu_received
                0x000000000801205c        0xc obj/SKYROVER/thread_menu.o
                0x000000000801205c                _menu_received
 .text._menu_getch
                0x0000000008012068        0xc obj/SKYROVER/thread_menu.o
                0x0000000008012068                _menu_getch
 .text._menu_putch
                0x0000000008012074       0x20 obj/SKYROVER/thread_menu.o
                0x0000000008012074                _menu_putch
 .text._menu_printf
                0x0000000008012094       0x24 obj/SKYROVER/thread_menu.o
                0x0000000008012094                _menu_printf
 .text._menu_show_menu
                0x00000000080120b8       0xa0 obj/SKYROVER/thread_menu.o
 .text.cmd_bluetooth_setup
                0x0000000008012158       0xe4 obj/SKYROVER/thread_menu.o
                0x0000000008012158                cmd_bluetooth_setup
 .text.cmd_bluetooth_check
                0x000000000801223c       0xa4 obj/SKYROVER/thread_menu.o
                0x000000000801223c                cmd_bluetooth_check
 .text.thread_menu
                0x00000000080122e0       0xa8 obj/SKYROVER/thread_menu.o
                0x00000000080122e0                thread_menu
 .text.thread_mw
                0x0000000008012388       0x1c obj/SKYROVER/thread_mw.o
                0x0000000008012388                thread_mw
 .text.cosf     0x00000000080123a4       0x6c /Users/imac/Develop/stm32f4/arm_gcc/gcc-arm-none-eabi-4_8-2014q2/bin/../lib/gcc/arm-none-eabi/4.8.4/../../../../arm-none-eabi/lib/armv7-m/libm.a(lib_a-sf_cos.o)
                0x00000000080123a4                cosf
 .text.lrintf   0x0000000008012410       0x7c /Users/imac/Develop/stm32f4/arm_gcc/gcc-arm-none-eabi-4_8-2014q2/bin/../lib/gcc/arm-none-eabi/4.8.4/../../../../arm-none-eabi/lib/armv7-m/libm.a(lib_a-sf_lrint.o)
                0x0000000008012410                lrintf
 .text.sinf     0x000000000801248c       0x7c /Users/imac/Develop/stm32f4/arm_gcc/gcc-arm-none-eabi-4_8-2014q2/bin/../lib/gcc/arm-none-eabi/4.8.4/../../../../arm-none-eabi/lib/armv7-m/libm.a(lib_a-sf_sin.o)
                0x000000000801248c                sinf
 .text.atan2f   0x0000000008012508        0x4 /Users/imac/Develop/stm32f4/arm_gcc/gcc-arm-none-eabi-4_8-2014q2/bin/../lib/gcc/arm-none-eabi/4.8.4/../../../../arm-none-eabi/lib/armv7-m/libm.a(lib_a-wf_atan2.o)
                0x0000000008012508                atan2f
 .text.powf     0x000000000801250c      0x310 /Users/imac/Develop/stm32f4/arm_gcc/gcc-arm-none-eabi-4_8-2014q2/bin/../lib/gcc/arm-none-eabi/4.8.4/../../../../arm-none-eabi/lib/armv7-m/libm.a(lib_a-wf_pow.o)
                0x000000000801250c                powf
 .text.sqrtf    0x000000000801281c       0x9c /Users/imac/Develop/stm32f4/arm_gcc/gcc-arm-none-eabi-4_8-2014q2/bin/../lib/gcc/arm-none-eabi/4.8.4/../../../../arm-none-eabi/lib/armv7-m/libm.a(lib_a-wf_sqrt.o)
                0x000000000801281c                sqrtf
 .text.__ieee754_atan2f
                0x00000000080128b8      0x120 /Users/imac/Develop/stm32f4/arm_gcc/gcc-arm-none-eabi-4_8-2014q2/bin/../lib/gcc/arm-none-eabi/4.8.4/../../../../arm-none-eabi/lib/armv7-m/libm.a(lib_a-ef_atan2.o)
                0x00000000080128b8                __ieee754_atan2f
 .text.__ieee754_powf
                0x00000000080129d8      0x6f8 /Users/imac/Develop/stm32f4/arm_gcc/gcc-arm-none-eabi-4_8-2014q2/bin/../lib/gcc/arm-none-eabi/4.8.4/../../../../arm-none-eabi/lib/armv7-m/libm.a(lib_a-ef_pow.o)
                0x00000000080129d8                __ieee754_powf
 .text.__ieee754_rem_pio2f
                0x00000000080130d0      0x2e8 /Users/imac/Develop/stm32f4/arm_gcc/gcc-arm-none-eabi-4_8-2014q2/bin/../lib/gcc/arm-none-eabi/4.8.4/../../../../arm-none-eabi/lib/armv7-m/libm.a(lib_a-ef_rem_pio2.o)
                0x00000000080130d0                __ieee754_rem_pio2f
 .text.__ieee754_sqrtf
                0x00000000080133b8       0xa8 /Users/imac/Develop/stm32f4/arm_gcc/gcc-arm-none-eabi-4_8-2014q2/bin/../lib/gcc/arm-none-eabi/4.8.4/../../../../arm-none-eabi/lib/armv7-m/libm.a(lib_a-ef_sqrt.o)
                0x00000000080133b8                __ieee754_sqrtf
 .text.__kernel_cosf
                0x0000000008013460      0x188 /Users/imac/Develop/stm32f4/arm_gcc/gcc-arm-none-eabi-4_8-2014q2/bin/../lib/gcc/arm-none-eabi/4.8.4/../../../../arm-none-eabi/lib/armv7-m/libm.a(lib_a-kf_cos.o)
                0x0000000008013460                __kernel_cosf
 .text.__kernel_rem_pio2f
                0x00000000080135e8      0x670 /Users/imac/Develop/stm32f4/arm_gcc/gcc-arm-none-eabi-4_8-2014q2/bin/../lib/gcc/arm-none-eabi/4.8.4/../../../../arm-none-eabi/lib/armv7-m/libm.a(lib_a-kf_rem_pio2.o)
                0x00000000080135e8                __kernel_rem_pio2f
 .text.__kernel_sinf
                0x0000000008013c58       0xec /Users/imac/Develop/stm32f4/arm_gcc/gcc-arm-none-eabi-4_8-2014q2/bin/../lib/gcc/arm-none-eabi/4.8.4/../../../../arm-none-eabi/lib/armv7-m/libm.a(lib_a-kf_sin.o)
                0x0000000008013c58                __kernel_sinf
 .text.matherr  0x0000000008013d44        0x4 /Users/imac/Develop/stm32f4/arm_gcc/gcc-arm-none-eabi-4_8-2014q2/bin/../lib/gcc/arm-none-eabi/4.8.4/../../../../arm-none-eabi/lib/armv7-m/libm.a(lib_a-s_matherr.o)
                0x0000000008013d44                matherr
 .text.rint     0x0000000008013d48      0x118 /Users/imac/Develop/stm32f4/arm_gcc/gcc-arm-none-eabi-4_8-2014q2/bin/../lib/gcc/arm-none-eabi/4.8.4/../../../../arm-none-eabi/lib/armv7-m/libm.a(lib_a-s_rint.o)
                0x0000000008013d48                rint
 .text.atanf    0x0000000008013e60      0x22c /Users/imac/Develop/stm32f4/arm_gcc/gcc-arm-none-eabi-4_8-2014q2/bin/../lib/gcc/arm-none-eabi/4.8.4/../../../../arm-none-eabi/lib/armv7-m/libm.a(lib_a-sf_atan.o)
                0x0000000008013e60                atanf
 .text.fabsf    0x000000000801408c        0x8 /Users/imac/Develop/stm32f4/arm_gcc/gcc-arm-none-eabi-4_8-2014q2/bin/../lib/gcc/arm-none-eabi/4.8.4/../../../../arm-none-eabi/lib/armv7-m/libm.a(lib_a-sf_fabs.o)
                0x000000000801408c                fabsf
 .text.finitef  0x0000000008014094       0x10 /Users/imac/Develop/stm32f4/arm_gcc/gcc-arm-none-eabi-4_8-2014q2/bin/../lib/gcc/arm-none-eabi/4.8.4/../../../../arm-none-eabi/lib/armv7-m/libm.a(lib_a-sf_finite.o)
                0x0000000008014094                finitef
 .text.floorf   0x00000000080140a4       0x8c /Users/imac/Develop/stm32f4/arm_gcc/gcc-arm-none-eabi-4_8-2014q2/bin/../lib/gcc/arm-none-eabi/4.8.4/../../../../arm-none-eabi/lib/armv7-m/libm.a(lib_a-sf_floor.o)
                0x00000000080140a4                floorf
 .text.__fpclassifyf
                0x0000000008014130       0x34 /Users/imac/Develop/stm32f4/arm_gcc/gcc-arm-none-eabi-4_8-2014q2/bin/../lib/gcc/arm-none-eabi/4.8.4/../../../../arm-none-eabi/lib/armv7-m/libm.a(lib_a-sf_fpclassify.o)
                0x0000000008014130                __fpclassifyf
 .text.nanf     0x0000000008014164        0x8 /Users/imac/Develop/stm32f4/arm_gcc/gcc-arm-none-eabi-4_8-2014q2/bin/../lib/gcc/arm-none-eabi/4.8.4/../../../../arm-none-eabi/lib/armv7-m/libm.a(lib_a-sf_nan.o)
                0x0000000008014164                nanf
 .text.scalbnf  0x000000000801416c       0xb4 /Users/imac/Develop/stm32f4/arm_gcc/gcc-arm-none-eabi-4_8-2014q2/bin/../lib/gcc/arm-none-eabi/4.8.4/../../../../arm-none-eabi/lib/armv7-m/libm.a(lib_a-sf_scalbn.o)
                0x000000000801416c                scalbnf
 .text.copysignf
                0x0000000008014220        0xc /Users/imac/Develop/stm32f4/arm_gcc/gcc-arm-none-eabi-4_8-2014q2/bin/../lib/gcc/arm-none-eabi/4.8.4/../../../../arm-none-eabi/lib/armv7-m/libm.a(lib_a-sf_copysign.o)
                0x0000000008014220                copysignf
 .text.atoi     0x000000000801422c        0x8 /Users/imac/Develop/stm32f4/arm_gcc/gcc-arm-none-eabi-4_8-2014q2/bin/../lib/gcc/arm-none-eabi/4.8.4/../../../../arm-none-eabi/lib/armv7-m/libc.a(lib_a-atoi.o)
                0x000000000801422c                atoi
 .text.bsearch  0x0000000008014234       0x44 /Users/imac/Develop/stm32f4/arm_gcc/gcc-arm-none-eabi-4_8-2014q2/bin/../lib/gcc/arm-none-eabi/4.8.4/../../../../arm-none-eabi/lib/armv7-m/libc.a(lib_a-bsearch.o)
                0x0000000008014234                bsearch
 .text.__errno  0x0000000008014278        0xc /Users/imac/Develop/stm32f4/arm_gcc/gcc-arm-none-eabi-4_8-2014q2/bin/../lib/gcc/arm-none-eabi/4.8.4/../../../../arm-none-eabi/lib/armv7-m/libc.a(lib_a-errno.o)
                0x0000000008014278                __errno
 .text.__libc_init_array
                0x0000000008014284       0x50 /Users/imac/Develop/stm32f4/arm_gcc/gcc-arm-none-eabi-4_8-2014q2/bin/../lib/gcc/arm-none-eabi/4.8.4/../../../../arm-none-eabi/lib/armv7-m/libc.a(lib_a-init.o)
                0x0000000008014284                __libc_init_array
 .text.memset   0x00000000080142d4       0x94 /Users/imac/Develop/stm32f4/arm_gcc/gcc-arm-none-eabi-4_8-2014q2/bin/../lib/gcc/arm-none-eabi/4.8.4/../../../../arm-none-eabi/lib/armv7-m/libc.a(lib_a-memset.o)
                0x00000000080142d4                memset