Archive member included because of file (symbol)

c:/program files/gnu tools arm embedded/4.8 2014q2/bin/../lib/gcc/arm-none-eabi/4.8.4/../../../../arm-none-eabi/lib/armv7-m\libm.a(lib_a-sf_cos.o)
                              obj/SKYROVER/gps.o (cosf)
c:/program files/gnu tools arm embedded/4.8 2014q2/bin/../lib/gcc/arm-none-eabi/4.8.4/../../../../arm-none-eabi/lib/armv7-m\libm.a(lib_a-sf_lrint.o)
                              obj/SKYROVER/imu.o (lrintf)
c:/program files/gnu tools arm embedded/4.8 2014q2/bin/../lib/gcc/arm-none-eabi/4.8.4/../../../../arm-none-eabi/lib/armv7-m\libm.a(lib_a-sf_sin.o)
                              obj/SKYROVER/gps.o (sinf)
c:/program files/gnu tools arm embedded/4.8 2014q2/bin/../lib/gcc/arm-none-eabi/4.8.4/../../../../arm-none-eabi/lib/armv7-m\libm.a(lib_a-wf_atan2.o)
                              obj/SKYROVER/gps.o (atan2f)
c:/program files/gnu tools arm embedded/4.8 2014q2/bin/../lib/gcc/arm-none-eabi/4.8.4/../../../../arm-none-eabi/lib/armv7-m\libm.a(lib_a-wf_pow.o)
                              obj/SKYROVER/imu.o (powf)
c:/program files/gnu tools arm embedded/4.8 2014q2/bin/../lib/gcc/arm-none-eabi/4.8.4/../../../../arm-none-eabi/lib/armv7-m\libm.a(lib_a-wf_sqrt.o)
                              obj/SKYROVER/gps.o (sqrtf)
c:/program files/gnu tools arm embedded/4.8 2014q2/bin/../lib/gcc/arm-none-eabi/4.8.4/../../../../arm-none-eabi/lib/armv7-m\libm.a(lib_a-ef_atan2.o)
                              c:/program files/gnu tools arm embedded/4.8 2014q2/bin/../lib/gcc/arm-none-eabi/4.8.4/../../../../arm-none-eabi/lib/armv7-m\libm.a(lib_a-wf_atan2.o) (__ieee754_atan2f)
c:/program files/gnu tools arm embedded/4.8 2014q2/bin/../lib/gcc/arm-none-eabi/4.8.4/../../../../arm-none-eabi/lib/armv7-m\libm.a(lib_a-ef_pow.o)
                              c:/program files/gnu tools arm embedded/4.8 2014q2/bin/../lib/gcc/arm-none-eabi/4.8.4/../../../../arm-none-eabi/lib/armv7-m\libm.a(lib_a-wf_pow.o) (__ieee754_powf)
c:/program files/gnu tools arm embedded/4.8 2014q2/bin/../lib/gcc/arm-none-eabi/4.8.4/../../../../arm-none-eabi/lib/armv7-m\libm.a(lib_a-ef_rem_pio2.o)
                              c:/program files/gnu tools arm embedded/4.8 2014q2/bin/../lib/gcc/arm-none-eabi/4.8.4/../../../../arm-none-eabi/lib/armv7-m\libm.a(lib_a-sf_cos.o) (__ieee754_rem_pio2f)
c:/program files/gnu tools arm embedded/4.8 2014q2/bin/../lib/gcc/arm-none-eabi/4.8.4/../../../../arm-none-eabi/lib/armv7-m\libm.a(lib_a-ef_sqrt.o)
                              c:/program files/gnu tools arm embedded/4.8 2014q2/bin/../lib/gcc/arm-none-eabi/4.8.4/../../../../arm-none-eabi/lib/armv7-m\libm.a(lib_a-wf_sqrt.o) (__ieee754_sqrtf)
c:/program files/gnu tools arm embedded/4.8 2014q2/bin/../lib/gcc/arm-none-eabi/4.8.4/../../../../arm-none-eabi/lib/armv7-m\libm.a(lib_a-kf_cos.o)
                              c:/program files/gnu tools arm embedded/4.8 2014q2/bin/../lib/gcc/arm-none-eabi/4.8.4/../../../../arm-none-eabi/lib/armv7-m\libm.a(lib_a-sf_cos.o) (__kernel_cosf)
c:/program files/gnu tools arm embedded/4.8 2014q2/bin/../lib/gcc/arm-none-eabi/4.8.4/../../../../arm-none-eabi/lib/armv7-m\libm.a(lib_a-kf_rem_pio2.o)
                              c:/program files/gnu tools arm embedded/4.8 2014q2/bin/../lib/gcc/arm-none-eabi/4.8.4/../../../../arm-none-eabi/lib/armv7-m\libm.a(lib_a-ef_rem_pio2.o) (__kernel_rem_pio2f)
c:/program files/gnu tools arm embedded/4.8 2014q2/bin/../lib/gcc/arm-none-eabi/4.8.4/../../../../arm-none-eabi/lib/armv7-m\libm.a(lib_a-kf_sin.o)
                              c:/program files/gnu tools arm embedded/4.8 2014q2/bin/../lib/gcc/arm-none-eabi/4.8.4/../../../../arm-none-eabi/lib/armv7-m\libm.a(lib_a-sf_cos.o) (__kernel_sinf)
c:/program files/gnu tools arm embedded/4.8 2014q2/bin/../lib/gcc/arm-none-eabi/4.8.4/../../../../arm-none-eabi/lib/armv7-m\libm.a(lib_a-s_lib_ver.o)
                              c:/program files/gnu tools arm embedded/4.8 2014q2/bin/../lib/gcc/arm-none-eabi/4.8.4/../../../../arm-none-eabi/lib/armv7-m\libm.a(lib_a-wf_pow.o) (__fdlib_version)
c:/program files/gnu tools arm embedded/4.8 2014q2/bin/../lib/gcc/arm-none-eabi/4.8.4/../../../../arm-none-eabi/lib/armv7-m\libm.a(lib_a-s_matherr.o)
                              c:/program files/gnu tools arm embedded/4.8 2014q2/bin/../lib/gcc/arm-none-eabi/4.8.4/../../../../arm-none-eabi/lib/armv7-m\libm.a(lib_a-wf_pow.o) (matherr)
c:/program files/gnu tools arm embedded/4.8 2014q2/bin/../lib/gcc/arm-none-eabi/4.8.4/../../../../arm-none-eabi/lib/armv7-m\libm.a(lib_a-s_rint.o)
                              c:/program files/gnu tools arm embedded/4.8 2014q2/bin/../lib/gcc/arm-none-eabi/4.8.4/../../../../arm-none-eabi/lib/armv7-m\libm.a(lib_a-wf_pow.o) (rint)
c:/program files/gnu tools arm embedded/4.8 2014q2/bin/../lib/gcc/arm-none-eabi/4.8.4/../../../../arm-none-eabi/lib/armv7-m\libm.a(lib_a-sf_atan.o)
[...]
Memory Configuration

Name             Origin             Length             Attributes
FLASH            0x08003000         0x0001cc00         xr
RAM              0x20000000         0x00005000         xrw
MEMORY_B1        0x60000000         0x00000000         xr
*default*        0x00000000         0xffffffff

Linker script and memory map

LOAD c:/program files/gnu tools arm embedded/4.8 2014q2/bin/../lib/gcc/arm-none-eabi/4.8.4/armv7-m/crti.o
LOAD c:/program files/gnu tools arm embedded/4.8 2014q2/bin/../lib/gcc/arm-none-eabi/4.8.4/armv7-m/crtbegin.o
LOAD c:/program files/gnu tools arm embedded/4.8 2014q2/bin/../lib/gcc/arm-none-eabi/4.8.4/../../../../arm-none-eabi/lib/armv7-m/crt0.o
LOAD obj/SKYROVER/drv_adc.o
LOAD obj/SKYROVER/drv_adxl345.o
LOAD obj/SKYROVER/drv_bma280.o
LOAD obj/SKYROVER/drv_bmp085.o
LOAD obj/SKYROVER/drv_ms5611.o
LOAD obj/SKYROVER/drv_hcsr04.o
LOAD obj/SKYROVER/drv_hmc5883l.o
LOAD obj/SKYROVER/drv_ledring.o
LOAD obj/SKYROVER/drv_mma845x.o
LOAD obj/SKYROVER/drv_mpu3050.o
LOAD obj/SKYROVER/drv_mpu6050.o
LOAD obj/SKYROVER/drv_l3g4200d.o
LOAD obj/SKYROVER/drv_pwm.o
LOAD obj/SKYROVER/drv_spi.o
LOAD obj/SKYROVER/drv_timer.o
LOAD obj/SKYROVER/hexairbot.o
LOAD obj/SKYROVER/startup_stm32f10x_md_gcc.o
LOAD obj/SKYROVER/buzzer.o
LOAD obj/SKYROVER/cli.o
LOAD obj/SKYROVER/config.o
LOAD obj/SKYROVER/gps.o
LOAD obj/SKYROVER/imu.o
LOAD obj/SKYROVER/main.o
LOAD obj/SKYROVER/mixer.o
LOAD obj/SKYROVER/mw.o
LOAD obj/SKYROVER/sensors.o
LOAD obj/SKYROVER/serial.o
LOAD obj/SKYROVER/sbus.o
LOAD obj/SKYROVER/sumd.o
LOAD obj/SKYROVER/spektrum.o
LOAD obj/SKYROVER/telemetry.o
LOAD obj/SKYROVER/drv_gpio.o
LOAD obj/SKYROVER/drv_i2c.o
LOAD obj/SKYROVER/drv_i2c_soft.o
LOAD obj/SKYROVER/drv_system.o
LOAD obj/SKYROVER/drv_serial.o
LOAD obj/SKYROVER/drv_softserial.o
LOAD obj/SKYROVER/drv_uart.o
LOAD obj/SKYROVER/drv_vcom.o
LOAD obj/SKYROVER/drv_vcom_q.o
LOAD obj/SKYROVER/drv_u8g.o
LOAD obj/SKYROVER/printf.o
LOAD obj/SKYROVER/utils.o
LOAD obj/SKYROVER/system_stm32f10x.o
LOAD obj/SKYROVER/misc.o
LOAD obj/SKYROVER/stm32f10x_adc.o
LOAD obj/SKYROVER/stm32f10x_bkp.o
LOAD obj/SKYROVER/stm32f10x_can.o
LOAD obj/SKYROVER/stm32f10x_cec.o
LOAD obj/SKYROVER/stm32f10x_crc.o
LOAD obj/SKYROVER/stm32f10x_dac.o
LOAD obj/SKYROVER/stm32f10x_dbgmcu.o
LOAD obj/SKYROVER/stm32f10x_dma.o
LOAD obj/SKYROVER/stm32f10x_exti.o
LOAD obj/SKYROVER/stm32f10x_flash.o
LOAD obj/SKYROVER/stm32f10x_fsmc.o
LOAD obj/SKYROVER/stm32f10x_gpio.o
LOAD obj/SKYROVER/stm32f10x_i2c.o
LOAD obj/SKYROVER/stm32f10x_iwdg.o
LOAD obj/SKYROVER/stm32f10x_pwr.o
LOAD obj/SKYROVER/stm32f10x_rcc.o
LOAD obj/SKYROVER/stm32f10x_rtc.o
LOAD obj/SKYROVER/stm32f10x_sdio.o
LOAD obj/SKYROVER/stm32f10x_spi.o
LOAD obj/SKYROVER/stm32f10x_tim.o
LOAD obj/SKYROVER/stm32f10x_usart.o
LOAD obj/SKYROVER/stm32f10x_wwdg.o
LOAD obj/SKYROVER/croutine.o
LOAD obj/SKYROVER/list.o
LOAD obj/SKYROVER/queue.o
LOAD obj/SKYROVER/tasks.o
LOAD obj/SKYROVER/timers.o
LOAD obj/SKYROVER/cmsis_os.o
LOAD obj/SKYROVER/heap_2.o
LOAD obj/SKYROVER/port.o
LOAD obj/SKYROVER/usb_core.o
LOAD obj/SKYROVER/usb_init.o
LOAD obj/SKYROVER/usb_int.o
LOAD obj/SKYROVER/usb_mem.o
LOAD obj/SKYROVER/usb_regs.o
LOAD obj/SKYROVER/usb_sil.o
LOAD obj/SKYROVER/hw_config.o
LOAD obj/SKYROVER/usb_desc.o
LOAD obj/SKYROVER/usb_endp.o
LOAD obj/SKYROVER/usb_istr.o
LOAD obj/SKYROVER/usb_prop.o
LOAD obj/SKYROVER/usb_pwr.o
LOAD obj/SKYROVER/thread_lcd.o
LOAD obj/SKYROVER/thread_main.o
LOAD obj/SKYROVER/thread_menu.o
LOAD obj/SKYROVER/thread_mw.o
LOAD obj/SKYROVER/chessengine.o
LOAD obj/SKYROVER/u8g_bitmap.o
LOAD obj/SKYROVER/u8g_circle.o
LOAD obj/SKYROVER/u8g_clip.o
LOAD obj/SKYROVER/u8g_com_api.o
LOAD obj/SKYROVER/u8g_com_api_16gr.o
LOAD obj/SKYROVER/u8g_com_i2c.o
LOAD obj/SKYROVER/u8g_com_io.o
LOAD obj/SKYROVER/u8g_com_null.o
LOAD obj/SKYROVER/u8g_cursor.o
LOAD obj/SKYROVER/u8g_delay.o
LOAD obj/SKYROVER/u8g_dev_a2_micro_printer.o
LOAD obj/SKYROVER/u8g_dev_flipdisc_2x7.o
LOAD obj/SKYROVER/u8g_dev_gprof.o
LOAD obj/SKYROVER/u8g_dev_ht1632.o
LOAD obj/SKYROVER/u8g_dev_ili9325d_320x240.o
LOAD obj/SKYROVER/u8g_dev_ks0108_128x64.o
LOAD obj/SKYROVER/u8g_dev_lc7981_160x80.o
LOAD obj/SKYROVER/u8g_dev_lc7981_240x128.o
LOAD obj/SKYROVER/u8g_dev_lc7981_240x64.o
LOAD obj/SKYROVER/u8g_dev_lc7981_320x64.o
LOAD obj/SKYROVER/u8g_dev_ld7032_60x32.o
LOAD obj/SKYROVER/u8g_dev_null.o
LOAD obj/SKYROVER/u8g_dev_pcd8544_84x48.o
LOAD obj/SKYROVER/u8g_dev_pcf8812_96x65.o
LOAD obj/SKYROVER/u8g_dev_sbn1661_122x32.o
LOAD obj/SKYROVER/u8g_dev_ssd1306_128x32.o
LOAD obj/SKYROVER/u8g_dev_ssd1306_128x64.o
LOAD obj/SKYROVER/u8g_dev_ssd1309_128x64.o
LOAD obj/SKYROVER/u8g_dev_ssd1322_nhd31oled_bw.o
LOAD obj/SKYROVER/u8g_dev_ssd1322_nhd31oled_gr.o
LOAD obj/SKYROVER/u8g_dev_ssd1325_nhd27oled_bw.o
LOAD obj/SKYROVER/u8g_dev_ssd1325_nhd27oled_bw_new.o
LOAD obj/SKYROVER/u8g_dev_ssd1325_nhd27oled_gr.o
LOAD obj/SKYROVER/u8g_dev_ssd1325_nhd27oled_gr_new.o
LOAD obj/SKYROVER/u8g_dev_ssd1327_96x96_gr.o
LOAD obj/SKYROVER/u8g_dev_ssd1351_128x128.o
LOAD obj/SKYROVER/u8g_dev_st7565_64128n.o
LOAD obj/SKYROVER/u8g_dev_st7565_dogm128.o
LOAD obj/SKYROVER/u8g_dev_st7565_dogm132.o
LOAD obj/SKYROVER/u8g_dev_st7565_lm6059.o
LOAD obj/SKYROVER/u8g_dev_st7565_lm6063.o
LOAD obj/SKYROVER/u8g_dev_st7565_nhd_c12832.o
LOAD obj/SKYROVER/u8g_dev_st7565_nhd_c12864.o
LOAD obj/SKYROVER/u8g_dev_st7687_c144mvgd.o
LOAD obj/SKYROVER/u8g_dev_st7920_128x64.o
LOAD obj/SKYROVER/u8g_dev_st7920_192x32.o
LOAD obj/SKYROVER/u8g_dev_st7920_202x32.o
LOAD obj/SKYROVER/u8g_dev_t6963_128x128.o
LOAD obj/SKYROVER/u8g_dev_t6963_128x64.o
LOAD obj/SKYROVER/u8g_dev_t6963_240x128.o
LOAD obj/SKYROVER/u8g_dev_t6963_240x64.o
LOAD obj/SKYROVER/u8g_dev_tls8204_84x48.o
LOAD obj/SKYROVER/u8g_dev_uc1601_c128032.o
LOAD obj/SKYROVER/u8g_dev_uc1608_240x64.o
LOAD obj/SKYROVER/u8g_dev_uc1610_dogxl160.o
LOAD obj/SKYROVER/u8g_dev_uc1701_dogs102.o
LOAD obj/SKYROVER/u8g_dev_uc1701_mini12864.o
LOAD obj/SKYROVER/u8g_ellipse.o
LOAD obj/SKYROVER/u8g_font.o
LOAD obj/SKYROVER/u8g_font_data.o
LOAD obj/SKYROVER/u8g_line.o
LOAD obj/SKYROVER/u8g_ll_api.o
LOAD obj/SKYROVER/u8g_page.o
LOAD obj/SKYROVER/u8g_pb.o
LOAD obj/SKYROVER/u8g_pb14v1.o
LOAD obj/SKYROVER/u8g_pb16h1.o
LOAD obj/SKYROVER/u8g_pb16h2.o
LOAD obj/SKYROVER/u8g_pb16v1.o
LOAD obj/SKYROVER/u8g_pb16v2.o
LOAD obj/SKYROVER/u8g_pb32h1.o
LOAD obj/SKYROVER/u8g_pb8h1.o
LOAD obj/SKYROVER/u8g_pb8h1f.o
LOAD obj/SKYROVER/u8g_pb8h2.o
LOAD obj/SKYROVER/u8g_pb8h8.o
LOAD obj/SKYROVER/u8g_pb8v1.o
LOAD obj/SKYROVER/u8g_pb8v2.o
LOAD obj/SKYROVER/u8g_pbxh16.o
LOAD obj/SKYROVER/u8g_pbxh24.o
LOAD obj/SKYROVER/u8g_polygon.o
LOAD obj/SKYROVER/u8g_rect.o
LOAD obj/SKYROVER/u8g_rot.o
LOAD obj/SKYROVER/u8g_scale.o
LOAD obj/SKYROVER/u8g_state.o
LOAD obj/SKYROVER/u8g_u16toa.o
LOAD obj/SKYROVER/u8g_u8toa.o
LOAD obj/SKYROVER/u8g_virtual_screen.o
LOAD c:/program files/gnu tools arm embedded/4.8 2014q2/bin/../lib/gcc/arm-none-eabi/4.8.4/../../../../arm-none-eabi/lib/armv7-m\libm.a
START GROUP
LOAD c:/program files/gnu tools arm embedded/4.8 2014q2/bin/../lib/gcc/arm-none-eabi/4.8.4/armv7-m\libgcc.a
LOAD c:/program files/gnu tools arm embedded/4.8 2014q2/bin/../lib/gcc/arm-none-eabi/4.8.4/../../../../arm-none-eabi/lib/armv7-m\libc.a
END GROUP
LOAD c:/program files/gnu tools arm embedded/4.8 2014q2/bin/../lib/gcc/arm-none-eabi/4.8.4/armv7-m/crtend.o
LOAD c:/program files/gnu tools arm embedded/4.8 2014q2/bin/../lib/gcc/arm-none-eabi/4.8.4/armv7-m/crtn.o
                0x20005000                _estack = 0x20005000
                0x00000000                _Min_Heap_Size = 0x0
                0x00000400                _Min_Stack_Size = 0x400

.isr_vector     0x08003000      0x10c
                0x08003000                . = ALIGN (0x4)
 *(.isr_vector)
 .isr_vector    0x08003000      0x10c obj/SKYROVER/startup_stm32f10x_md_gcc.o
                0x08003000                g_pfnVectors
                0x0800310c                . = ALIGN (0x4)

.text           0x08003110    0x17af4
                0x08003110                . = ALIGN (0x4)
 *(.text)
 .text          0x08003110       0x54 c:/program files/gnu tools arm embedded/4.8 2014q2/bin/../lib/gcc/arm-none-eabi/4.8.4/armv7-m/crtbegin.o
 .text          0x08003164      0x370 c:/program files/gnu tools arm embedded/4.8 2014q2/bin/../lib/gcc/arm-none-eabi/4.8.4/armv7-m\libgcc.a(_arm_addsubdf3.o)
                0x08003164                __aeabi_drsub
                0x0800316c                __aeabi_dsub
                0x0800316c                __subdf3
                0x08003170                __aeabi_dadd
                0x08003170                __adddf3
                0x080033e8                __floatunsidf
                0x080033e8                __aeabi_ui2d
                0x08003408                __floatsidf
                0x08003408                __aeabi_i2d
                0x0800342c                __aeabi_f2d
                0x0800342c                __extendsfdf2
                0x08003468                __floatundidf
                0x08003468                __aeabi_ul2d
                0x08003478                __floatdidf
                0x08003478                __aeabi_l2d
 .text          0x080034d4      0x424 c:/program files/gnu tools arm embedded/4.8 2014q2/bin/../lib/gcc/arm-none-eabi/4.8.4/armv7-m\libgcc.a(_arm_muldivdf3.o)
                0x080034d4                __aeabi_dmul
                0x080034d4                __muldf3
                0x08003728                __divdf3
                0x08003728                __aeabi_ddiv
 .text          0x080038f8      0x110 c:/program files/gnu tools arm embedded/4.8 2014q2/bin/../lib/gcc/arm-none-eabi/4.8.4/armv7-m\libgcc.a(_arm_cmpdf2.o)
                0x080038f8                __gtdf2
                0x080038f8                __gedf2
                0x08003900                __ltdf2
                0x08003900                __ledf2
                0x08003908                __nedf2
                0x08003908                __eqdf2
                0x08003908                __cmpdf2
                0x08003984                __aeabi_cdrcmple
                0x08003994                __aeabi_cdcmpeq
                0x08003994                __aeabi_cdcmple
                0x080039a4                __aeabi_dcmpeq
                0x080039b8                __aeabi_dcmplt
                0x080039cc                __aeabi_dcmple
                0x080039e0                __aeabi_dcmpge
                0x080039f4                __aeabi_dcmpgt
 .text          0x08003a08       0xa0 c:/program files/gnu tools arm embedded/4.8 2014q2/bin/../lib/gcc/arm-none-eabi/4.8.4/armv7-m\libgcc.a(_arm_truncdfsf2.o)
                0x08003a08                __truncdfsf2
                0x08003a08                __aeabi_d2f
 .text          0x08003aa8      0x21c c:/program files/gnu tools arm embedded/4.8 2014q2/bin/../lib/gcc/arm-none-eabi/4.8.4/armv7-m\libgcc.a(_arm_addsubsf3.o)
                0x08003aa8                __aeabi_frsub
                0x08003ab0                __subsf3
                0x08003ab0                __aeabi_fsub
                0x08003ab4                __aeabi_fadd
                0x08003ab4                __addsf3
                0x08003c14                __aeabi_ui2f
                0x08003c14                __floatunsisf
                0x08003c1c                __aeabi_i2f
                0x08003c1c                __floatsisf
                0x08003c38                __aeabi_ul2f
                0x08003c38                __floatundisf
                0x08003c48                __aeabi_l2f
                0x08003c48                __floatdisf
 .text          0x08003cc4      0x2a0 c:/program files/gnu tools arm embedded/4.8 2014q2/bin/../lib/gcc/arm-none-eabi/4.8.4/armv7-m\libgcc.a(_arm_muldivsf3.o)
                0x08003cc4                __mulsf3
                0x08003cc4                __aeabi_fmul
                0x08003e2c                __aeabi_fdiv
                0x08003e2c                __divsf3
 .text          0x08003f64       0xec c:/program files/gnu tools arm embedded/4.8 2014q2/bin/../lib/gcc/arm-none-eabi/4.8.4/armv7-m\libgcc.a(_arm_cmpsf2.o)
                0x08003f64                __gesf2
                0x08003f64                __gtsf2
                0x08003f6c                __lesf2
                0x08003f6c                __ltsf2
                0x08003f74                __nesf2
                0x08003f74                __eqsf2
                0x08003f74                __cmpsf2
                0x08003fd4                __aeabi_cfrcmple
                0x08003fdc                __aeabi_cfcmpeq
                0x08003fdc                __aeabi_cfcmple
                0x08003fec                __aeabi_fcmpeq
                0x08004000                __aeabi_fcmplt
                0x08004014                __aeabi_fcmple
                0x08004028                __aeabi_fcmpge
                0x0800403c                __aeabi_fcmpgt
 .text          0x08004050       0x4c c:/program files/gnu tools arm embedded/4.8 2014q2/bin/../lib/gcc/arm-none-eabi/4.8.4/armv7-m\libgcc.a(_arm_fixsfsi.o)
                0x08004050                __aeabi_f2iz
                0x08004050                __fixsfsi
 .text          0x0800409c       0x40 c:/program files/gnu tools arm embedded/4.8 2014q2/bin/../lib/gcc/arm-none-eabi/4.8.4/armv7-m\libgcc.a(_arm_fixunssfsi.o)
                0x0800409c                __fixunssfsi
                0x0800409c                __aeabi_f2uiz
 .text          0x080040dc       0xec c:/program files/gnu tools arm embedded/4.8 2014q2/bin/../lib/gcc/arm-none-eabi/4.8.4/../../../../arm-none-eabi/lib/armv7-m\libc.a(lib_a-memcpy.o)
                0x080040dc                memcpy
 *(.text*)
 .text.adcInit  0x080041c8       0xf0 obj/SKYROVER/drv_adc.o
                0x080041c8                adcInit
 .text.adcGetChannel
                0x080042b8       0x10 obj/SKYROVER/drv_adc.o
                0x080042b8                adcGetChannel
 .text.adxl345Read
                0x080042c8       0xe0 obj/SKYROVER/drv_adxl345.o
 .text.adxl345Init
                0x080043a8       0x64 obj/SKYROVER/drv_adxl345.o
 .text.adxl345Detect
                0x0800440c       0x5c obj/SKYROVER/drv_adxl345.o
                0x0800440c                adxl345Detect
 .text.bma280Read
                0x08004468       0x5c obj/SKYROVER/drv_bma280.o
 .text.bma280Init
                0x080044c4       0x30 obj/SKYROVER/drv_bma280.o
 .text.bma280Detect
                0x080044f4       0x3c obj/SKYROVER/drv_bma280.o
                0x080044f4                bma280Detect
 .text.bmp085_calculate
                0x08004530       0xdc obj/SKYROVER/drv_bmp085.o
 .text.bmp085_get_up
                0x0800460c       0x58 obj/SKYROVER/drv_bmp085.o
 .text.bmp085_get_ut
                0x08004664       0x40 obj/SKYROVER/drv_bmp085.o
 .text.bmp085_start_up
                0x080046a4       0x24 obj/SKYROVER/drv_bmp085.o
 .text.bmp085_start_ut
                0x080046c8       0x14 obj/SKYROVER/drv_bmp085.o
 .text.EXTI15_10_IRQHandler
                0x080046dc       0x24 obj/SKYROVER/drv_bmp085.o
                0x080046dc                EXTI15_10_IRQHandler
 .text.bmp085Detect
                0x08004700      0x1dc obj/SKYROVER/drv_bmp085.o
                0x08004700                bmp085Detect
 .text.ms5611_calculate
                0x080048dc      0x158 obj/SKYROVER/drv_ms5611.o
 .text.ms5611_read_adc
                0x08004a34       0x28 obj/SKYROVER/drv_ms5611.o
 .text.ms5611_get_up
                0x08004a5c       0x10 obj/SKYROVER/drv_ms5611.o
 .text.ms5611_get_ut
                0x08004a6c       0x10 obj/SKYROVER/drv_ms5611.o
 .text.ms5611_start_up
                0x08004a7c        0xa obj/SKYROVER/drv_ms5611.o
 .text.ms5611_start_ut
                0x08004a86        0xa obj/SKYROVER/drv_ms5611.o
 .text.ms5611Detect
                0x08004a90      0x138 obj/SKYROVER/drv_ms5611.o
                0x08004a90                ms5611Detect
 .text.hmc5883lDetect
                0x08004bc8       0x38 obj/SKYROVER/drv_hmc5883l.o
                0x08004bc8                hmc5883lDetect
 .text.hmc5883lRead
                0x08004c00       0x8c obj/SKYROVER/drv_hmc5883l.o
                0x08004c00                hmc5883lRead
 .text.hmc5883lInit
                0x08004c8c      0x1b4 obj/SKYROVER/drv_hmc5883l.o
                0x08004c8c                hmc5883lInit
 .text.mma8452Read
                0x08004e40       0x70 obj/SKYROVER/drv_mma845x.o
 .text.mma8452Init
                0x08004eb0       0x90 obj/SKYROVER/drv_mma845x.o
 .text.mma8452Detect
                0x08004f40       0x5c obj/SKYROVER/drv_mma845x.o
                0x08004f40                mma8452Detect
 .text.mpu3050ReadTemp
                0x08004f9c       0x32 obj/SKYROVER/drv_mpu3050.o
 *fill*         0x08004fce        0x2 
 .text.mpu3050Read
                0x08004fd0       0x68 obj/SKYROVER/drv_mpu3050.o
 .text.mpu3050Init
                0x08005038       0x5c obj/SKYROVER/drv_mpu3050.o
 .text.mpu3050Detect
                0x08005094       0x78 obj/SKYROVER/drv_mpu3050.o
                0x08005094                mpu3050Detect
 .text.mpu6050AccInit
                0x0800510c       0x28 obj/SKYROVER/drv_mpu6050.o
 .text.mpu6050GyroRead
                0x08005134       0x68 obj/SKYROVER/drv_mpu6050.o
 .text.mpu6050AccRead
                0x0800519c       0x54 obj/SKYROVER/drv_mpu6050.o
 .text.mpu6050GyroInit
                0x080051f0       0xa8 obj/SKYROVER/drv_mpu6050.o
 .text.mpu6050Detect
                0x08005298      0x128 obj/SKYROVER/drv_mpu6050.o
                0x08005298                mpu6050Detect
 .text.l3g4200dRead
                0x080053c0       0x68 obj/SKYROVER/drv_l3g4200d.o
 .text.l3g4200dInit
                0x08005428       0x44 obj/SKYROVER/drv_l3g4200d.o
 .text.l3g4200dDetect
                0x0800546c       0x64 obj/SKYROVER/drv_l3g4200d.o
                0x0800546c                l3g4200dDetect
 .text.pwmWriteBrushed
                0x080054d0       0x24 obj/SKYROVER/drv_pwm.o
 .text.pwmWriteStandard
                0x080054f4       0x10 obj/SKYROVER/drv_pwm.o
 .text.pwmOutConfig
                0x08005504      0x128 obj/SKYROVER/drv_pwm.o
 .text.ppmCallback
                0x0800562c       0x8c obj/SKYROVER/drv_pwm.o
 .text.pwmICConfig
                0x080056b8       0x32 obj/SKYROVER/drv_pwm.o
                0x080056b8                pwmICConfig
 *fill*         0x080056ea        0x2 
 .text.pwmCallback
                0x080056ec       0x5c obj/SKYROVER/drv_pwm.o
 .text.pwmInConfig
                0x08005748       0x64 obj/SKYROVER/drv_pwm.o
 .text.pwmInit  0x080057ac      0x150 obj/SKYROVER/drv_pwm.o
                0x080057ac                pwmInit
 .text.pwmWriteMotor
                0x080058fc       0x1c obj/SKYROVER/drv_pwm.o
                0x080058fc                pwmWriteMotor
 .text.pwmWriteServo
                0x08005918       0x1c obj/SKYROVER/drv_pwm.o
                0x08005918                pwmWriteServo
 .text.pwmRead  0x08005934        0xc obj/SKYROVER/drv_pwm.o
                0x08005934                pwmRead
 .text.spiTransfer
                0x08005940       0x54 obj/SKYROVER/drv_spi.o
                0x08005940                spiTransfer
 .text.spiInit  0x08005994       0xf4 obj/SKYROVER/drv_spi.o
                0x08005994                spiInit
 .text.configureTimerChannelCallback
                0x08005a88       0x48 obj/SKYROVER/drv_timer.o
                0x08005a88                configureTimerChannelCallback
 .text.configureTimerInputCaptureCompareChannel
                0x08005ad0       0x2c obj/SKYROVER/drv_timer.o
                0x08005ad0                configureTimerInputCaptureCompareChannel
 .text.configureTimerCaptureCompareInterrupt
                0x08005afc       0x1e obj/SKYROVER/drv_timer.o
                0x08005afc                configureTimerCaptureCompareInterrupt
 .text.timerNVICConfig
                0x08005b1a       0x22 obj/SKYROVER/drv_timer.o
                0x08005b1a                timerNVICConfig
 .text.configTimeBase
                0x08005b3c       0x44 obj/SKYROVER/drv_timer.o
                0x08005b3c                configTimeBase
 .text.timerInConfig
                0x08005b80       0x1c obj/SKYROVER/drv_timer.o
                0x08005b80                timerInConfig
 .text.findTimerConfig
                0x08005b9c       0x3c obj/SKYROVER/drv_timer.o
                0x08005b9c                findTimerConfig
 .text.timCCxHandler
                0x08005bd8       0x9e obj/SKYROVER/drv_timer.o
 *fill*         0x08005c76        0x2 
 .text.TIM1_CC_IRQHandler
                0x08005c78        0xc obj/SKYROVER/drv_timer.o
                0x08005c78                TIM1_CC_IRQHandler
 .text.TIM2_IRQHandler
                0x08005c84        0x8 obj/SKYROVER/drv_timer.o
                0x08005c84                TIM2_IRQHandler
 .text.TIM3_IRQHandler
                0x08005c8c        0xc obj/SKYROVER/drv_timer.o
                0x08005c8c                TIM3_IRQHandler
 .text.TIM4_IRQHandler
                0x08005c98        0xc obj/SKYROVER/drv_timer.o
                0x08005c98                TIM4_IRQHandler
 .text.hexairbotReadRawRC
                0x08005ca4        0xc obj/SKYROVER/hexairbot.o
 .text.hexairbotInit
                0x08005cb0       0x18 obj/SKYROVER/hexairbot.o
                0x08005cb0                hexairbotInit
 .text.hexairbotSetData
                0x08005cc8       0x1c obj/SKYROVER/hexairbot.o
                0x08005cc8                hexairbotSetData
 .text.hexairbotFrameComplete
                0x08005ce4       0x14 obj/SKYROVER/hexairbot.o
                0x08005ce4                hexairbotFrameComplete
 .text.Reset_Handler
                0x08005cf8       0xb0 obj/SKYROVER/startup_stm32f10x_md_gcc.o
                0x08005cf8                Reset_Handler
 .text.Default_Handler
                0x08005da8        0x4 obj/SKYROVER/startup_stm32f10x_md_gcc.o
                0x08005da8                EXTI2_IRQHandler
                0x08005da8                DebugMon_Handler
                0x08005da8                PVD_IRQHandler
                0x08005da8                NMI_Handler
                0x08005da8                EXTI3_IRQHandler
                0x08005da8                EXTI0_IRQHandler
                0x08005da8                UsageFault_Handler
                0x08005da8                ADC1_2_IRQHandler
                0x08005da8                SPI1_IRQHandler
                0x08005da8                TAMPER_IRQHandler
                0x08005da8                USART3_IRQHandler
                0x08005da8                RTC_IRQHandler
                0x08005da8                DMA1_Channel7_IRQHandler
                0x08005da8                CAN1_RX1_IRQHandler
                0x08005da8                DMA1_Channel6_IRQHandler
                0x08005da8                RCC_IRQHandler
                0x08005da8                TIM1_TRG_COM_IRQHandler
                0x08005da8                DMA1_Channel1_IRQHandler
                0x08005da8                Default_Handler
                0x08005da8                EXTI9_5_IRQHandler
                0x08005da8                SPI2_IRQHandler
                0x08005da8                MemManage_Handler
                0x08005da8                DMA1_Channel5_IRQHandler
                0x08005da8                EXTI4_IRQHandler
                0x08005da8                USB_HP_CAN1_TX_IRQHandler
                0x08005da8                DMA1_Channel3_IRQHandler
                0x08005da8                TIM1_UP_IRQHandler
                0x08005da8                WWDG_IRQHandler
                0x08005da8                TIM1_BRK_IRQHandler
                0x08005da8                EXTI1_IRQHandler
                0x08005da8                RTCAlarm_IRQHandler
                0x08005da8                DMA1_Channel2_IRQHandler
                0x08005da8                CAN1_SCE_IRQHandler
                0x08005da8                FLASH_IRQHandler
                0x08005da8                BusFault_Handler
 .text.beep     0x08005dac       0x70 obj/SKYROVER/buzzer.o
 .text.beep_code
                0x08005e1c       0xa8 obj/SKYROVER/buzzer.o
 .text.buzzer   0x08005ec4      0x128 obj/SKYROVER/buzzer.o
                0x08005ec4                buzzer
 .text.i2a      0x08005fec       0x28 obj/SKYROVER/cli.o
 .text._atof    0x08006014      0x12c obj/SKYROVER/cli.o
 .text.cliPrint
                0x08006140       0x1c obj/SKYROVER/cli.o
 .text.cliVersion
                0x0800615c        0xc obj/SKYROVER/cli.o
 .text.cliHelp  0x08006168       0x2c obj/SKYROVER/cli.o
 .text.cliStatus
                0x08006194       0xe4 obj/SKYROVER/cli.o
 .text.cliCompare
                0x08006278       0x1a obj/SKYROVER/cli.o
 *fill*         0x08006292        0x2 
 .text.cliSave  0x08006294       0x30 obj/SKYROVER/cli.o
 .text.cliMap   0x080062c4       0xa4 obj/SKYROVER/cli.o
 .text.cliGpsPassthrough
                0x08006368       0x20 obj/SKYROVER/cli.o
 .text.cliFeature
                0x08006388       0xe8 obj/SKYROVER/cli.o
 .text.cliExit  0x08006470       0x38 obj/SKYROVER/cli.o
 .text.cliDefaults
                0x080064a8       0x2c obj/SKYROVER/cli.o
 .text.cliMixer
                0x080064d4       0xa0 obj/SKYROVER/cli.o
 .text.cliProfile
                0x08006574       0x4c obj/SKYROVER/cli.o
 .text.cliMotor
                0x080065c0       0xa8 obj/SKYROVER/cli.o
 .text.cliAux   0x08006668       0x60 obj/SKYROVER/cli.o
 .text.itoa     0x080066c8       0x24 obj/SKYROVER/cli.o
                0x080066c8                itoa
 .text.ftoa     0x080066ec       0xd0 obj/SKYROVER/cli.o
 .text.cliPrintVar
                0x080067bc       0xa0 obj/SKYROVER/cli.o
 .text.cliSet   0x0800685c      0x158 obj/SKYROVER/cli.o
 .text.cliDump  0x080069b4      0x1b0 obj/SKYROVER/cli.o
 .text.cliCMix  0x08006b64      0x248 obj/SKYROVER/cli.o
 .text.cliProcess
                0x08006dac      0x1e4 obj/SKYROVER/cli.o
                0x08006dac                cliProcess
 .text.validEEPROM
                0x08006f90       0x44 obj/SKYROVER/config.o
 .text.parseRcChannels
                0x08006fd4       0x30 obj/SKYROVER/config.o
                0x08006fd4                parseRcChannels
 .text.readEEPROM
                0x08007004      0x10c obj/SKYROVER/config.o
                0x08007004                readEEPROM
 .text.writeEEPROM
                0x08007110       0xcc obj/SKYROVER/config.o
                0x08007110                writeEEPROM
 .text.sensors  0x080071dc       0x14 obj/SKYROVER/config.o
                0x080071dc                sensors
 .text.sensorsSet
                0x080071f0       0x10 obj/SKYROVER/config.o
                0x080071f0                sensorsSet
 .text.sensorsClear
                0x08007200       0x10 obj/SKYROVER/config.o
                0x08007200                sensorsClear
 .text.sensorsMask
                0x08007210        0xc obj/SKYROVER/config.o
                0x08007210                sensorsMask
 .text.feature  0x0800721c       0x14 obj/SKYROVER/config.o
                0x0800721c                feature
 .text.featureSet
                0x08007230       0x10 obj/SKYROVER/config.o
                0x08007230                featureSet
 .text.checkFirstTime
                0x08007240      0x308 obj/SKYROVER/config.o
                0x08007240                checkFirstTime
 .text.featureClear
                0x08007548       0x10 obj/SKYROVER/config.o
                0x08007548                featureClear
 .text.featureMask
                0x08007558        0xc obj/SKYROVER/config.o
                0x08007558                featureMask
 .text.gpsSetState
                0x08007564       0x18 obj/SKYROVER/gps.o
 .text.GPS_calc_longitude_scaling
                0x0800757c       0x3c obj/SKYROVER/gps.o
 .text.GPS_distance_cm_bearing.isra.3
                0x080075b8       0x84 obj/SKYROVER/gps.o
 .text.get_I.isra.4
                0x0800763c       0x4e obj/SKYROVER/gps.o
 *fill*         0x0800768a        0x2 
 .text.grab_fields.constprop.6
                0x0800768c       0x3c obj/SKYROVER/gps.o
 .text.gpsInitHardware
                0x080076c8       0xd0 obj/SKYROVER/gps.o
                0x080076c8                gpsInitHardware
 .text.gpsThread
                0x08007798       0x78 obj/SKYROVER/gps.o
                0x08007798                gpsThread
 .text.GPS_reset_home_position
                0x08007810       0x48 obj/SKYROVER/gps.o
                0x08007810                GPS_reset_home_position
 .text.GPS_reset_nav
                0x08007858       0x58 obj/SKYROVER/gps.o
                0x08007858                GPS_reset_nav
 .text.gpsSetPIDs
                0x080078b0       0xa4 obj/SKYROVER/gps.o
                0x080078b0                gpsSetPIDs
 .text.gpsInit  0x08007954       0x70 obj/SKYROVER/gps.o
                0x08007954                gpsInit
 .text.gpsSetPassthrough
                0x080079c4       0x7c obj/SKYROVER/gps.o
                0x080079c4                gpsSetPassthrough
 .text.GPS_set_next_wp
                0x08007a40       0x8c obj/SKYROVER/gps.o
                0x08007a40                GPS_set_next_wp
 .text.wrap_18000
                0x08007acc       0x24 obj/SKYROVER/gps.o
                0x08007acc                wrap_18000
 .text.GPS_coord_to_degrees
                0x08007af0       0xa0 obj/SKYROVER/gps.o
                0x08007af0                GPS_coord_to_degrees
 .text.gpsNewData
                0x08007b90      0xbd8 obj/SKYROVER/gps.o
 .text.calculateHeading
                0x08008768       0xf8 obj/SKYROVER/imu.o
 .text.imuInit  0x08008860       0x58 obj/SKYROVER/imu.o
                0x08008860                imuInit
 .text.rotateV  0x080088b8      0x170 obj/SKYROVER/imu.o
                0x080088b8                rotateV
 .text.applyDeadband
                0x08008a28       0x1e obj/SKYROVER/imu.o
                0x08008a28                applyDeadband
 *fill*         0x08008a46        0x2 
 .text.acc_calc
                0x08008a48      0x190 obj/SKYROVER/imu.o
                0x08008a48                acc_calc
 .text.computeIMU
                0x08008bd8      0x358 obj/SKYROVER/imu.o
                0x08008bd8                computeIMU
 .text.accSum_reset
                0x08008f30       0x20 obj/SKYROVER/imu.o
                0x08008f30                accSum_reset
 .text.getEstimatedAltitude
                0x08008f50      0x37c obj/SKYROVER/imu.o
                0x08008f50                getEstimatedAltitude
 .text._putc    0x080092cc        0xc obj/SKYROVER/main.o
 .text.startup.main
                0x080092d8      0x2b8 obj/SKYROVER/main.o
                0x080092d8                main
 .text.HardFault_Handler
                0x08009590       0x14 obj/SKYROVER/main.o
                0x08009590                HardFault_Handler
 .text.servoMiddle
                0x080095a4       0x28 obj/SKYROVER/mixer.o
                0x080095a4                servoMiddle
 .text.mixerResetMotors
                0x080095cc       0x30 obj/SKYROVER/mixer.o
                0x080095cc                mixerResetMotors
 .text.mixerInit
                0x080095fc      0x114 obj/SKYROVER/mixer.o
                0x080095fc                mixerInit
 .text.mixerLoadMix
                0x08009710       0x50 obj/SKYROVER/mixer.o
                0x08009710                mixerLoadMix
 .text.writeServos
                0x08009760       0xc0 obj/SKYROVER/mixer.o
                0x08009760                writeServos
 .text.writeMotors
                0x08009820       0x28 obj/SKYROVER/mixer.o
                0x08009820                writeMotors
 .text.writeAllMotors
                0x08009848       0x24 obj/SKYROVER/mixer.o
                0x08009848                writeAllMotors
 .text.mixTable
                0x0800986c      0x65c obj/SKYROVER/mixer.o
                0x0800986c                mixTable
 .text.pidMultiWii
                0x08009ec8      0x238 obj/SKYROVER/mw.o
 .text.pidRewrite
                0x0800a100      0x178 obj/SKYROVER/mw.o
 .text.blinkLED
                0x0800a278       0x4c obj/SKYROVER/mw.o
                0x0800a278                blinkLED
 *fill*         0x0800a2c4        0x4 
 .text.annexCode
                0x0800a2c8      0x418 obj/SKYROVER/mw.o
                0x0800a2c8                annexCode
 .text.pwmReadRawRC
                0x0800a6e0       0x28 obj/SKYROVER/mw.o
                0x0800a6e0                pwmReadRawRC
 .text.computeRC
                0x0800a708       0xb0 obj/SKYROVER/mw.o
                0x0800a708                computeRC
 .text.mwArm    0x0800a7b8       0x40 obj/SKYROVER/mw.o
                0x0800a7b8                mwArm
 .text.mwDisarm
                0x0800a7f8       0x10 obj/SKYROVER/mw.o
                0x0800a7f8                mwDisarm
 .text.setPIDController
                0x0800a808       0x1c obj/SKYROVER/mw.o
                0x0800a808                setPIDController
 .text.loop     0x0800a824      0xae4 obj/SKYROVER/mw.o
                0x0800a824                loop
 .text.sensorsAutodetect
                0x0800b308      0x1cc obj/SKYROVER/sensors.o
                0x0800b308                sensorsAutodetect
 .text.batteryAdcToVoltage
                0x0800b4d4       0x3c obj/SKYROVER/sensors.o
                0x0800b4d4                batteryAdcToVoltage
 .text.batteryInit
                0x0800b510       0x54 obj/SKYROVER/sensors.o
                0x0800b510                batteryInit
 .text.ACC_getADC
                0x0800b564      0x1d4 obj/SKYROVER/sensors.o
                0x0800b564                ACC_getADC
 .text.Baro_Common
                0x0800b738       0x44 obj/SKYROVER/sensors.o
                0x0800b738                Baro_Common
 .text.Baro_update
                0x0800b77c       0x70 obj/SKYROVER/sensors.o
                0x0800b77c                Baro_update
 .text.Gyro_getADC
                0x0800b7ec      0x194 obj/SKYROVER/sensors.o
                0x0800b7ec                Gyro_getADC
 .text.Mag_init
                0x0800b980       0x20 obj/SKYROVER/sensors.o
                0x0800b980                Mag_init
 .text.Mag_getADC
                0x0800b9a0      0x114 obj/SKYROVER/sensors.o
                0x0800b9a0                Mag_getADC
 .text.serialize32
                0x0800bab4       0x64 obj/SKYROVER/serial.o
                0x0800bab4                serialize32
 .text.serialize16
                0x0800bb18       0x40 obj/SKYROVER/serial.o
                0x0800bb18                serialize16
 .text.serialize8
                0x0800bb58       0x20 obj/SKYROVER/serial.o
                0x0800bb58                serialize8
 .text.read8    0x0800bb78       0x18 obj/SKYROVER/serial.o
                0x0800bb78                read8
 .text.read16   0x0800bb90       0x14 obj/SKYROVER/serial.o
                0x0800bb90                read16
 .text.read32   0x0800bba4       0x12 obj/SKYROVER/serial.o
                0x0800bba4                read32
 *fill*         0x0800bbb6        0x2 
 .text.headSerialResponse
                0x0800bbb8       0x40 obj/SKYROVER/serial.o
                0x0800bbb8                headSerialResponse
 .text.headSerialReply
                0x0800bbf8        0x8 obj/SKYROVER/serial.o
                0x0800bbf8                headSerialReply
 .text.headSerialError
                0x0800bc00        0x8 obj/SKYROVER/serial.o
                0x0800bc00                headSerialError
 .text.tailSerialReply
                0x0800bc08        0xc obj/SKYROVER/serial.o
                0x0800bc08                tailSerialReply
 .text.s_struct
                0x0800bc14       0x20 obj/SKYROVER/serial.o
                0x0800bc14                s_struct
 .text.serializeNames
                0x0800bc34       0x12 obj/SKYROVER/serial.o
                0x0800bc34                serializeNames
 *fill*         0x0800bc46        0x2 
 .text.serializeBoxNamesReply
                0x0800bc48       0x6c obj/SKYROVER/serial.o
                0x0800bc48                serializeBoxNamesReply
 .text.serialInit
                0x0800bcb4      0x110 obj/SKYROVER/serial.o
                0x0800bcb4                serialInit
 .text.serialCom
                0x0800bdc4      0xbdc obj/SKYROVER/serial.o
                0x0800bdc4                serialCom
 .text.sbusReadRawRC
                0x0800c9a0       0x20 obj/SKYROVER/sbus.o
 .text.sbusDataReceive
                0x0800c9c0       0x58 obj/SKYROVER/sbus.o
 .text.sbusInit
                0x0800ca18       0x54 obj/SKYROVER/sbus.o
                0x0800ca18                sbusInit
 .text.sbusFrameComplete
                0x0800ca6c       0xb0 obj/SKYROVER/sbus.o
                0x0800ca6c                sbusFrameComplete
 .text.sumdReadRawRC
                0x0800cb1c       0x1c obj/SKYROVER/sumd.o
 .text.sumdDataReceive
                0x0800cb38       0x70 obj/SKYROVER/sumd.o
 .text.sumdInit
                0x0800cba8       0x30 obj/SKYROVER/sumd.o
                0x0800cba8                sumdInit
 .text.sumdFrameComplete
                0x0800cbd8       0x6c obj/SKYROVER/sumd.o
                0x0800cbd8                sumdFrameComplete
 .text.spektrumDataReceive
                0x0800cc44       0x68 obj/SKYROVER/spektrum.o
 .text.spektrumReadRawRC
                0x0800ccac       0x90 obj/SKYROVER/spektrum.o
 .text.spektrumInit
                0x0800cd3c       0x68 obj/SKYROVER/spektrum.o
                0x0800cd3c                spektrumInit
 .text.spektrumFrameComplete
                0x0800cda4        0xc obj/SKYROVER/spektrum.o
                0x0800cda4                spektrumFrameComplete
 .text.sendDataHead
                0x0800cdb0       0x20 obj/SKYROVER/telemetry.o
 .text.sendTelemetryTail
                0x0800cdd0       0x10 obj/SKYROVER/telemetry.o
 .text.serializeFrsky
                0x0800cde0       0x30 obj/SKYROVER/telemetry.o
 .text.serialize16
                0x0800ce10       0x16 obj/SKYROVER/telemetry.o
 *fill*         0x0800ce26        0x2 
 .text.initTelemetry
                0x0800ce28       0x30 obj/SKYROVER/telemetry.o
                0x0800ce28                initTelemetry
 .text.updateTelemetryState
                0x0800ce58       0x5c obj/SKYROVER/telemetry.o
                0x0800ce58                updateTelemetryState
 .text.sendTelemetry
                0x0800ceb4      0x314 obj/SKYROVER/telemetry.o
                0x0800ceb4                sendTelemetry
 .text.gpioInit
                0x0800d1c8       0x72 obj/SKYROVER/drv_gpio.o
                0x0800d1c8                gpioInit
 .text.gpioExtiLineConfig
                0x0800d23a       0x2a obj/SKYROVER/drv_gpio.o
                0x0800d23a                gpioExtiLineConfig
 .text.i2c_ev_handler
                0x0800d264      0x300 obj/SKYROVER/drv_i2c.o
 .text.I2C1_EV_IRQHandler
                0x0800d564        0x4 obj/SKYROVER/drv_i2c.o
                0x0800d564                I2C1_EV_IRQHandler
 .text.I2C2_EV_IRQHandler
                0x0800d568        0x4 obj/SKYROVER/drv_i2c.o
                0x0800d568                I2C2_EV_IRQHandler
 .text.i2cInit  0x0800d56c      0x134 obj/SKYROVER/drv_i2c.o
                0x0800d56c                i2cInit
 .text.i2c_er_handler
                0x0800d6a0       0x98 obj/SKYROVER/drv_i2c.o
 .text.I2C1_ER_IRQHandler
                0x0800d738        0x4 obj/SKYROVER/drv_i2c.o
                0x0800d738                I2C1_ER_IRQHandler
 .text.I2C2_ER_IRQHandler
                0x0800d73c        0x4 obj/SKYROVER/drv_i2c.o
                0x0800d73c                I2C2_ER_IRQHandler
 .text.i2cWriteBuffer
                0x0800d740       0xb4 obj/SKYROVER/drv_i2c.o
                0x0800d740                i2cWriteBuffer
 .text.i2cWrite
                0x0800d7f4       0x14 obj/SKYROVER/drv_i2c.o
                0x0800d7f4                i2cWrite
 .text.i2cRead  0x0800d808       0xb4 obj/SKYROVER/drv_i2c.o
                0x0800d808                i2cRead
 .text.i2cGetErrorCounter
                0x0800d8bc        0xc obj/SKYROVER/drv_i2c.o
                0x0800d8bc                i2cGetErrorCounter
 .text.SysTick_Handler
                0x0800d8c8       0x1c obj/SKYROVER/drv_system.o
                0x0800d8c8                SysTick_Handler
 .text.micros   0x0800d8e4       0x34 obj/SKYROVER/drv_system.o
                0x0800d8e4                micros
 .text.millis   0x0800d918        0xc obj/SKYROVER/drv_system.o
                0x0800d918                millis
 .text.delayMicroseconds
                0x0800d924       0x16 obj/SKYROVER/drv_system.o
                0x0800d924                delayMicroseconds
 .text.delay    0x0800d93a       0x14 obj/SKYROVER/drv_system.o
                0x0800d93a                delay
 *fill*         0x0800d94e        0x2 
 .text.systemInit
                0x0800d950      0x118 obj/SKYROVER/drv_system.o
                0x0800d950                systemInit
 .text.failureMode
                0x0800da68       0x38 obj/SKYROVER/drv_system.o
                0x0800da68                failureMode
 .text.systemReset
                0x0800daa0       0x20 obj/SKYROVER/drv_system.o
                0x0800daa0                systemReset
 .text.systemBeep
                0x0800dac0        0x2 obj/SKYROVER/drv_system.o
                0x0800dac0                systemBeep
 .text.serialWrite
                0x0800dac2        0xa obj/SKYROVER/drv_serial.o
                0x0800dac2                serialWrite
 .text.serialPrint
                0x0800dacc       0x16 obj/SKYROVER/drv_serial.o
                0x0800dacc                serialPrint
 .text.serialTotalBytesWaiting
                0x0800dae2        0xa obj/SKYROVER/drv_serial.o
                0x0800dae2                serialTotalBytesWaiting
 .text.serialRead
                0x0800daec        0xa obj/SKYROVER/drv_serial.o
                0x0800daec                serialRead
 .text.serialSetBaudRate
                0x0800daf6        0xa obj/SKYROVER/drv_serial.o
                0x0800daf6                serialSetBaudRate
 .text.isSerialTransmitBufferEmpty
                0x0800db00        0xa obj/SKYROVER/drv_serial.o
                0x0800db00                isSerialTransmitBufferEmpty
 .text.softSerialTotalBytesWaiting
                0x0800db0a       0x18 obj/SKYROVER/drv_softserial.o
                0x0800db0a                softSerialTotalBytesWaiting
 .text.softSerialWriteByte
                0x0800db22       0x18 obj/SKYROVER/drv_softserial.o
                0x0800db22                softSerialWriteByte
 .text.softSerialSetBaudRate
                0x0800db3a        0x2 obj/SKYROVER/drv_softserial.o
                0x0800db3a                softSerialSetBaudRate
 .text.isSoftSerialTransmitBufferEmpty
                0x0800db3c        0xc obj/SKYROVER/drv_softserial.o
                0x0800db3c                isSoftSerialTransmitBufferEmpty
 .text.softSerialReadByte
                0x0800db48       0x22 obj/SKYROVER/drv_softserial.o
                0x0800db48                softSerialReadByte
 .text.readRxSignal
                0x0800db6a       0x20 obj/SKYROVER/drv_softserial.o
                0x0800db6a                readRxSignal
 .text.setTxSignal
                0x0800db8a       0x2a obj/SKYROVER/drv_softserial.o
                0x0800db8a                setTxSignal
 .text.serialInputPortConfig
                0x0800dbb4       0x24 obj/SKYROVER/drv_softserial.o
                0x0800dbb4                serialInputPortConfig
 .text.serialTimerConfig
                0x0800dbd8       0x2c obj/SKYROVER/drv_softserial.o
                0x0800dbd8                serialTimerConfig
 .text.serialOutputPortConfig
                0x0800dc04       0x24 obj/SKYROVER/drv_softserial.o
                0x0800dc04                serialOutputPortConfig
 .text.setupSoftSerial1
                0x0800dc28       0x8c obj/SKYROVER/drv_softserial.o
                0x0800dc28                setupSoftSerial1
 .text.updateBufferIndex
                0x0800dcb4       0x12 obj/SKYROVER/drv_softserial.o
                0x0800dcb4                updateBufferIndex
 .text.searchForStartBit
                0x0800dcc6       0x30 obj/SKYROVER/drv_softserial.o
                0x0800dcc6                searchForStartBit
 .text.searchForStopBit
                0x0800dcf6       0x38 obj/SKYROVER/drv_softserial.o
                0x0800dcf6                searchForStopBit
 .text.readDataBit
                0x0800dd2e       0x40 obj/SKYROVER/drv_softserial.o
                0x0800dd2e                readDataBit
 .text.processRxState
                0x0800dd6e       0x28 obj/SKYROVER/drv_softserial.o
                0x0800dd6e                processRxState
 .text.processTxState
                0x0800dd96       0x7c obj/SKYROVER/drv_softserial.o
                0x0800dd96                processTxState
 *fill*         0x0800de12        0x2 
 .text.onSerialTimer
                0x0800de14       0x20 obj/SKYROVER/drv_softserial.o
                0x0800de14                onSerialTimer
 .text.uartTotalBytesWaiting
                0x0800de34       0x16 obj/SKYROVER/drv_uart.o
                0x0800de34                uartTotalBytesWaiting
 .text.isUartTransmitBufferEmpty
                0x0800de4a       0x16 obj/SKYROVER/drv_uart.o
                0x0800de4a                isUartTransmitBufferEmpty
 .text.uartSetBaudRate
                0x0800de60       0x4a obj/SKYROVER/drv_uart.o
                0x0800de60                uartSetBaudRate
 .text.uartStartTxDMA
                0x0800deaa       0x30 obj/SKYROVER/drv_uart.o
 .text.uartRead
                0x0800deda       0x32 obj/SKYROVER/drv_uart.o
                0x0800deda                uartRead
 .text.uartWrite
                0x0800df0c       0x3c obj/SKYROVER/drv_uart.o
                0x0800df0c                uartWrite
 .text.serialUSART1
                0x0800df48       0xa4 obj/SKYROVER/drv_uart.o
                0x0800df48                serialUSART1
 .text.serialUSART2
                0x0800dfec       0x9c obj/SKYROVER/drv_uart.o
                0x0800dfec                serialUSART2
 .text.uartOpen
                0x0800e088      0x170 obj/SKYROVER/drv_uart.o
                0x0800e088                uartOpen
 .text.DMA1_Channel4_IRQHandler
                0x0800e1f8       0x34 obj/SKYROVER/drv_uart.o
                0x0800e1f8                DMA1_Channel4_IRQHandler
 .text.USART1_IRQHandler
                0x0800e22c       0x3c obj/SKYROVER/drv_uart.o
                0x0800e22c                USART1_IRQHandler
 .text.USART2_IRQHandler
                0x0800e268       0x74 obj/SKYROVER/drv_uart.o
                0x0800e268                USART2_IRQHandler
 .text.Hw_VCom_Init
                0x0800e2dc       0x24 obj/SKYROVER/drv_vcom.o
                0x0800e2dc                Hw_VCom_Init
 .text.Hw_VCom_Getch
                0x0800e300       0x26 obj/SKYROVER/drv_vcom.o
                0x0800e300                Hw_VCom_Getch
 .text.Hw_VCom_IsReceived
                0x0800e326       0x10 obj/SKYROVER/drv_vcom.o
                0x0800e326                Hw_VCom_IsReceived
 *fill*         0x0800e336        0x2 
 .text.Hw_VCom_Putch
                0x0800e338       0x14 obj/SKYROVER/drv_vcom.o
                0x0800e338                Hw_VCom_Putch
 .text.usb_putc
                0x0800e34c        0x6 obj/SKYROVER/drv_vcom.o
 *fill*         0x0800e352        0x2 
 .text.Hw_VCom_Printf
                0x0800e354       0x24 obj/SKYROVER/drv_vcom.o
                0x0800e354                Hw_VCom_Printf
 .text.Hw_VCom_Q_Init
                0x0800e378       0x14 obj/SKYROVER/drv_vcom_q.o
                0x0800e378                Hw_VCom_Q_Init
 .text.HW_VCOM_Q_SIZE
                0x0800e38c       0x34 obj/SKYROVER/drv_vcom_q.o
                0x0800e38c                HW_VCOM_Q_SIZE
 .text.HW_VCOM_Q_VAILD
                0x0800e3c0        0x4 obj/SKYROVER/drv_vcom_q.o
                0x0800e3c0                HW_VCOM_Q_VAILD
 .text.Hw_VCom_Q_Push
                0x0800e3c4       0x5c obj/SKYROVER/drv_vcom_q.o
                0x0800e3c4                Hw_VCom_Q_Push
 .text.Hw_VCom_Q_Pop
                0x0800e420       0x54 obj/SKYROVER/drv_vcom_q.o
                0x0800e420                Hw_VCom_Q_Pop
 .text.I2C_delay
                0x0800e474       0x14 obj/SKYROVER/drv_u8g.o
 .text.I2C_Start_NoAck
                0x0800e488       0x28 obj/SKYROVER/drv_u8g.o
 .text.I2C_Stop
                0x0800e4b0       0x2c obj/SKYROVER/drv_u8g.o
 .text.I2C_NoAck
                0x0800e4dc       0x2c obj/SKYROVER/drv_u8g.o
 .text.I2C_SendByte
                0x0800e508       0x44 obj/SKYROVER/drv_u8g.o
 .text.I2C_SW_Init
                0x0800e54c       0x28 obj/SKYROVER/drv_u8g.o
                0x0800e54c                I2C_SW_Init
 .text.u8g_Delay
                0x0800e574        0x4 obj/SKYROVER/drv_u8g.o
                0x0800e574                u8g_Delay
 .text.u8g_com_ssd_start_sequence
                0x0800e578       0x38 obj/SKYROVER/drv_u8g.o
                0x0800e578                u8g_com_ssd_start_sequence
 .text.u8g_com_sw_i2c_fn
                0x0800e5b0       0xa4 obj/SKYROVER/drv_u8g.o
                0x0800e5b0                u8g_com_sw_i2c_fn
 .text.uli2a    0x0800e654       0x50 obj/SKYROVER/printf.o
 .text.ui2a     0x0800e6a4       0x50 obj/SKYROVER/printf.o
 .text.putchw   0x0800e6f4       0x48 obj/SKYROVER/printf.o
 .text.putcp    0x0800e73c        0xa obj/SKYROVER/printf.o
 .text.tfp_format
                0x0800e746      0x18a obj/SKYROVER/printf.o
                0x0800e746                tfp_format
 .text.init_printf
                0x0800e8d0       0x14 obj/SKYROVER/printf.o
                0x0800e8d0                init_printf
 .text.tfp_printf
                0x0800e8e4       0x3c obj/SKYROVER/printf.o
                0x0800e8e4                tfp_printf
 .text.tfp_sprintf
                0x0800e920       0x2c obj/SKYROVER/printf.o
                0x0800e920                tfp_sprintf
 .text.constrain
                0x0800e94c       0x10 obj/SKYROVER/utils.o
                0x0800e94c                constrain
 *fill*         0x0800e95c        0x4 
 .text.initBoardAlignment
                0x0800e960      0x170 obj/SKYROVER/utils.o
                0x0800e960                initBoardAlignment
 .text.alignBoard
                0x0800ead0       0xc4 obj/SKYROVER/utils.o
                0x0800ead0                alignBoard
 .text.alignSensors
                0x0800eb94       0x7c obj/SKYROVER/utils.o
                0x0800eb94                alignSensors
 .text.SystemInit
                0x0800ec10       0x4c obj/SKYROVER/system_stm32f10x.o
                0x0800ec10                SystemInit
 .text.SystemCoreClockUpdate
                0x0800ec5c       0x6c obj/SKYROVER/system_stm32f10x.o
                0x0800ec5c                SystemCoreClockUpdate
 .text.SetSysClock
                0x0800ecc8      0x130 obj/SKYROVER/system_stm32f10x.o
                0x0800ecc8                SetSysClock
 .text.NVIC_PriorityGroupConfig
                0x0800edf8       0x14 obj/SKYROVER/misc.o
                0x0800edf8                NVIC_PriorityGroupConfig
 .text.NVIC_Init
                0x0800ee0c       0x68 obj/SKYROVER/misc.o
                0x0800ee0c                NVIC_Init
 .text.ADC_Init
                0x0800ee74       0x48 obj/SKYROVER/stm32f10x_adc.o
                0x0800ee74                ADC_Init
 .text.ADC_Cmd  0x0800eebc       0x12 obj/SKYROVER/stm32f10x_adc.o
                0x0800eebc                ADC_Cmd
 .text.ADC_DMACmd
                0x0800eece       0x12 obj/SKYROVER/stm32f10x_adc.o
                0x0800eece                ADC_DMACmd
 .text.ADC_ResetCalibration
                0x0800eee0        0xa obj/SKYROVER/stm32f10x_adc.o
                0x0800eee0                ADC_ResetCalibration
 .text.ADC_GetResetCalibrationStatus
                0x0800eeea        0x8 obj/SKYROVER/stm32f10x_adc.o
                0x0800eeea                ADC_GetResetCalibrationStatus
 .text.ADC_StartCalibration
                0x0800eef2        0xa obj/SKYROVER/stm32f10x_adc.o
                0x0800eef2                ADC_StartCalibration
 .text.ADC_GetCalibrationStatus
                0x0800eefc        0x8 obj/SKYROVER/stm32f10x_adc.o
                0x0800eefc                ADC_GetCalibrationStatus
 .text.ADC_SoftwareStartConvCmd
                0x0800ef04       0x12 obj/SKYROVER/stm32f10x_adc.o
                0x0800ef04                ADC_SoftwareStartConvCmd
 .text.ADC_RegularChannelConfig
                0x0800ef16       0x90 obj/SKYROVER/stm32f10x_adc.o
                0x0800ef16                ADC_RegularChannelConfig
 *fill*         0x0800efa6        0x2 
 .text.DMA_DeInit
                0x0800efa8       0xf0 obj/SKYROVER/stm32f10x_dma.o
                0x0800efa8                DMA_DeInit
 .text.DMA_Init
                0x0800f098       0x3c obj/SKYROVER/stm32f10x_dma.o
                0x0800f098                DMA_Init
 .text.DMA_StructInit
                0x0800f0d4       0x1a obj/SKYROVER/stm32f10x_dma.o
                0x0800f0d4                DMA_StructInit
 .text.DMA_Cmd  0x0800f0ee       0x16 obj/SKYROVER/stm32f10x_dma.o
                0x0800f0ee                DMA_Cmd
 .text.DMA_ITConfig
                0x0800f104       0x10 obj/SKYROVER/stm32f10x_dma.o
                0x0800f104                DMA_ITConfig
 .text.DMA_SetCurrDataCounter
                0x0800f114        0x4 obj/SKYROVER/stm32f10x_dma.o
                0x0800f114                DMA_SetCurrDataCounter
 .text.DMA_GetCurrDataCounter
                0x0800f118        0x6 obj/SKYROVER/stm32f10x_dma.o
                0x0800f118                DMA_GetCurrDataCounter
 *fill*         0x0800f11e        0x2 
 .text.DMA_ClearITPendingBit
                0x0800f120       0x14 obj/SKYROVER/stm32f10x_dma.o
                0x0800f120                DMA_ClearITPendingBit
 .text.EXTI_Init
                0x0800f134       0x74 obj/SKYROVER/stm32f10x_exti.o
                0x0800f134                EXTI_Init
 .text.EXTI_GetITStatus
                0x0800f1a8       0x1c obj/SKYROVER/stm32f10x_exti.o
                0x0800f1a8                EXTI_GetITStatus
 .text.EXTI_ClearITPendingBit
                0x0800f1c4        0xc obj/SKYROVER/stm32f10x_exti.o
                0x0800f1c4                EXTI_ClearITPendingBit
 .text.FLASH_Unlock
                0x0800f1d0       0x18 obj/SKYROVER/stm32f10x_flash.o
                0x0800f1d0                FLASH_Unlock
 .text.FLASH_Lock
                0x0800f1e8       0x10 obj/SKYROVER/stm32f10x_flash.o
                0x0800f1e8                FLASH_Lock
 .text.FLASH_ClearFlag
                0x0800f1f8        0xc obj/SKYROVER/stm32f10x_flash.o
                0x0800f1f8                FLASH_ClearFlag
 .text.FLASH_GetBank1Status
                0x0800f204       0x28 obj/SKYROVER/stm32f10x_flash.o
                0x0800f204                FLASH_GetBank1Status
 .text.FLASH_WaitForLastOperation
                0x0800f22c       0x22 obj/SKYROVER/stm32f10x_flash.o
                0x0800f22c                FLASH_WaitForLastOperation
 *fill*         0x0800f24e        0x2 
 .text.FLASH_ErasePage
                0x0800f250       0x3c obj/SKYROVER/stm32f10x_flash.o
                0x0800f250                FLASH_ErasePage
 .text.FLASH_ProgramWord
                0x0800f28c       0x54 obj/SKYROVER/stm32f10x_flash.o
                0x0800f28c                FLASH_ProgramWord
 .text.GPIO_Init
                0x0800f2e0       0x9c obj/SKYROVER/stm32f10x_gpio.o
                0x0800f2e0                GPIO_Init
 .text.GPIO_SetBits
                0x0800f37c        0x4 obj/SKYROVER/stm32f10x_gpio.o
                0x0800f37c                GPIO_SetBits
 .text.GPIO_ResetBits
                0x0800f380        0x4 obj/SKYROVER/stm32f10x_gpio.o
                0x0800f380                GPIO_ResetBits
 .text.I2C_DeInit
                0x0800f384       0x34 obj/SKYROVER/stm32f10x_i2c.o
                0x0800f384                I2C_DeInit
 .text.I2C_Init
                0x0800f3b8       0xdc obj/SKYROVER/stm32f10x_i2c.o
                0x0800f3b8                I2C_Init
 .text.I2C_StructInit
                0x0800f494       0x1c obj/SKYROVER/stm32f10x_i2c.o
                0x0800f494                I2C_StructInit
 .text.I2C_Cmd  0x0800f4b0       0x18 obj/SKYROVER/stm32f10x_i2c.o
                0x0800f4b0                I2C_Cmd
 .text.I2C_GenerateSTART
                0x0800f4c8       0x18 obj/SKYROVER/stm32f10x_i2c.o
                0x0800f4c8                I2C_GenerateSTART
 .text.I2C_GenerateSTOP
                0x0800f4e0       0x18 obj/SKYROVER/stm32f10x_i2c.o
                0x0800f4e0                I2C_GenerateSTOP
 .text.I2C_AcknowledgeConfig
                0x0800f4f8       0x18 obj/SKYROVER/stm32f10x_i2c.o
                0x0800f4f8                I2C_AcknowledgeConfig
 .text.I2C_ITConfig
                0x0800f510       0x12 obj/SKYROVER/stm32f10x_i2c.o
                0x0800f510                I2C_ITConfig
 .text.I2C_SendData
                0x0800f522        0x4 obj/SKYROVER/stm32f10x_i2c.o
                0x0800f522                I2C_SendData
 .text.I2C_ReceiveData
                0x0800f526        0x6 obj/SKYROVER/stm32f10x_i2c.o
                0x0800f526                I2C_ReceiveData
 .text.I2C_Send7bitAddress
                0x0800f52c       0x10 obj/SKYROVER/stm32f10x_i2c.o
                0x0800f52c                I2C_Send7bitAddress
 .text.RCC_USBCLKConfig
                0x0800f53c        0xc obj/SKYROVER/stm32f10x_rcc.o
                0x0800f53c                RCC_USBCLKConfig
 .text.RCC_GetClocksFreq
                0x0800f548       0x98 obj/SKYROVER/stm32f10x_rcc.o
                0x0800f548                RCC_GetClocksFreq
 .text.RCC_AHBPeriphClockCmd
                0x0800f5e0       0x18 obj/SKYROVER/stm32f10x_rcc.o
                0x0800f5e0                RCC_AHBPeriphClockCmd
 .text.RCC_APB2PeriphClockCmd
                0x0800f5f8       0x18 obj/SKYROVER/stm32f10x_rcc.o
                0x0800f5f8                RCC_APB2PeriphClockCmd
 .text.RCC_APB1PeriphClockCmd
                0x0800f610       0x18 obj/SKYROVER/stm32f10x_rcc.o
                0x0800f610                RCC_APB1PeriphClockCmd
 .text.RCC_APB2PeriphResetCmd
                0x0800f628       0x18 obj/SKYROVER/stm32f10x_rcc.o
                0x0800f628                RCC_APB2PeriphResetCmd
 .text.RCC_APB1PeriphResetCmd
                0x0800f640       0x18 obj/SKYROVER/stm32f10x_rcc.o
                0x0800f640                RCC_APB1PeriphResetCmd
 .text.RCC_ClearFlag
                0x0800f658       0x10 obj/SKYROVER/stm32f10x_rcc.o
                0x0800f658                RCC_ClearFlag
 .text.SPI_I2S_DeInit
                0x0800f668       0x64 obj/SKYROVER/stm32f10x_spi.o
                0x0800f668                SPI_I2S_DeInit
 .text.SPI_Init
                0x0800f6cc       0x3e obj/SKYROVER/stm32f10x_spi.o
                0x0800f6cc                SPI_Init
 .text.SPI_Cmd  0x0800f70a       0x18 obj/SKYROVER/stm32f10x_spi.o
                0x0800f70a                SPI_Cmd
 .text.SPI_I2S_SendData
                0x0800f722        0x4 obj/SKYROVER/stm32f10x_spi.o
                0x0800f722                SPI_I2S_SendData
 .text.SPI_I2S_ReceiveData
                0x0800f726        0x6 obj/SKYROVER/stm32f10x_spi.o
                0x0800f726                SPI_I2S_ReceiveData
 .text.SPI_I2S_GetFlagStatus
                0x0800f72c        0xc obj/SKYROVER/stm32f10x_spi.o
                0x0800f72c                SPI_I2S_GetFlagStatus
 .text.TI1_Config
                0x0800f738       0x68 obj/SKYROVER/stm32f10x_tim.o
 .text.TI2_Config
                0x0800f7a0       0x78 obj/SKYROVER/stm32f10x_tim.o
 .text.TIM_TimeBaseInit
                0x0800f818       0x94 obj/SKYROVER/stm32f10x_tim.o
                0x0800f818                TIM_TimeBaseInit
 .text.TIM_OC1Init
                0x0800f8ac       0x88 obj/SKYROVER/stm32f10x_tim.o
                0x0800f8ac                TIM_OC1Init
 .text.TIM_OC2Init
                0x0800f934       0x88 obj/SKYROVER/stm32f10x_tim.o
                0x0800f934                TIM_OC2Init
 .text.TIM_OC3Init
                0x0800f9bc       0x84 obj/SKYROVER/stm32f10x_tim.o
                0x0800f9bc                TIM_OC3Init
 .text.TIM_OC4Init
                0x0800fa40       0x68 obj/SKYROVER/stm32f10x_tim.o
                0x0800fa40                TIM_OC4Init
 .text.TIM_TimeBaseStructInit
                0x0800faa8       0x12 obj/SKYROVER/stm32f10x_tim.o
                0x0800faa8                TIM_TimeBaseStructInit
 .text.TIM_OCStructInit
                0x0800faba       0x14 obj/SKYROVER/stm32f10x_tim.o
                0x0800faba                TIM_OCStructInit
 .text.TIM_ICStructInit
                0x0800face       0x10 obj/SKYROVER/stm32f10x_tim.o
                0x0800face                TIM_ICStructInit
 .text.TIM_Cmd  0x0800fade       0x18 obj/SKYROVER/stm32f10x_tim.o
                0x0800fade                TIM_Cmd
 .text.TIM_CtrlPWMOutputs
                0x0800faf6       0x1c obj/SKYROVER/stm32f10x_tim.o
                0x0800faf6                TIM_CtrlPWMOutputs
 .text.TIM_ITConfig
                0x0800fb12       0x12 obj/SKYROVER/stm32f10x_tim.o
                0x0800fb12                TIM_ITConfig
 .text.TIM_OC1PreloadConfig
                0x0800fb24       0x10 obj/SKYROVER/stm32f10x_tim.o
                0x0800fb24                TIM_OC1PreloadConfig
 .text.TIM_OC2PreloadConfig
                0x0800fb34       0x14 obj/SKYROVER/stm32f10x_tim.o
                0x0800fb34                TIM_OC2PreloadConfig
 .text.TIM_OC3PreloadConfig
                0x0800fb48       0x10 obj/SKYROVER/stm32f10x_tim.o
                0x0800fb48                TIM_OC3PreloadConfig
 .text.TIM_OC4PreloadConfig
                0x0800fb58       0x14 obj/SKYROVER/stm32f10x_tim.o
                0x0800fb58                TIM_OC4PreloadConfig
 .text.TIM_SetIC1Prescaler
                0x0800fb6c       0x16 obj/SKYROVER/stm32f10x_tim.o
                0x0800fb6c                TIM_SetIC1Prescaler
 .text.TIM_SetIC2Prescaler
                0x0800fb82       0x1a obj/SKYROVER/stm32f10x_tim.o
                0x0800fb82                TIM_SetIC2Prescaler
 .text.TIM_SetIC3Prescaler
                0x0800fb9c       0x16 obj/SKYROVER/stm32f10x_tim.o
                0x0800fb9c                TIM_SetIC3Prescaler
 .text.TIM_SetIC4Prescaler
                0x0800fbb2       0x1a obj/SKYROVER/stm32f10x_tim.o
                0x0800fbb2                TIM_SetIC4Prescaler
 .text.TIM_ICInit
                0x0800fbcc      0x130 obj/SKYROVER/stm32f10x_tim.o
                0x0800fbcc                TIM_ICInit
 .text.TIM_GetCapture1
                0x0800fcfc        0x6 obj/SKYROVER/stm32f10x_tim.o
                0x0800fcfc                TIM_GetCapture1
 .text.TIM_GetCapture2
                0x0800fd02        0x6 obj/SKYROVER/stm32f10x_tim.o
                0x0800fd02                TIM_GetCapture2
 .text.TIM_GetCapture3
                0x0800fd08        0x6 obj/SKYROVER/stm32f10x_tim.o
                0x0800fd08                TIM_GetCapture3
 .text.TIM_GetCapture4
                0x0800fd0e        0x8 obj/SKYROVER/stm32f10x_tim.o
                0x0800fd0e                TIM_GetCapture4
 .text.TIM_GetITStatus
                0x0800fd16       0x16 obj/SKYROVER/stm32f10x_tim.o
                0x0800fd16                TIM_GetITStatus
 .text.TIM_ClearITPendingBit
                0x0800fd2c        0x8 obj/SKYROVER/stm32f10x_tim.o
                0x0800fd2c                TIM_ClearITPendingBit
 .text.USART_Init
                0x0800fd34       0xa8 obj/SKYROVER/stm32f10x_usart.o
                0x0800fd34                USART_Init
 .text.USART_Cmd
                0x0800fddc       0x18 obj/SKYROVER/stm32f10x_usart.o
                0x0800fddc                USART_Cmd
 .text.USART_ITConfig
                0x0800fdf4       0x30 obj/SKYROVER/stm32f10x_usart.o
                0x0800fdf4                USART_ITConfig
 .text.USART_DMACmd
                0x0800fe24       0x12 obj/SKYROVER/stm32f10x_usart.o
                0x0800fe24                USART_DMACmd
 .text.vListInitialise
                0x0800fe36       0x16 obj/SKYROVER/list.o
                0x0800fe36                vListInitialise
 .text.vListInitialiseItem
                0x0800fe4c        0x6 obj/SKYROVER/list.o
                0x0800fe4c                vListInitialiseItem
 .text.vListInsertEnd
                0x0800fe52       0x18 obj/SKYROVER/list.o
                0x0800fe52                vListInsertEnd
 .text.vListInsert
                0x0800fe6a       0x30 obj/SKYROVER/list.o
                0x0800fe6a                vListInsert
 .text.uxListRemove
                0x0800fe9a       0x20 obj/SKYROVER/list.o
                0x0800fe9a                uxListRemove
 .text.prvCopyDataToQueue
                0x0800feba       0x66 obj/SKYROVER/queue.o
 .text.prvCopyDataFromQueue
                0x0800ff20       0x26 obj/SKYROVER/queue.o
 .text.prvUnlockQueue
                0x0800ff46       0x64 obj/SKYROVER/queue.o
 .text.xQueueGenericReset
                0x0800ffaa       0x62 obj/SKYROVER/queue.o
                0x0800ffaa                xQueueGenericReset
 .text.xQueueGenericCreate
                0x0801000c       0x42 obj/SKYROVER/queue.o
                0x0801000c                xQueueGenericCreate
 .text.xQueueGenericSend
                0x0801004e      0x100 obj/SKYROVER/queue.o
                0x0801004e                xQueueGenericSend
 .text.xQueueCreateMutex
                0x0801014e       0x50 obj/SKYROVER/queue.o
                0x0801014e                xQueueCreateMutex
 .text.xQueueGenericSendFromISR
                0x0801019e       0x84 obj/SKYROVER/queue.o
                0x0801019e                xQueueGenericSendFromISR
 .text.xQueueGenericReceive
                0x08010222      0x11a obj/SKYROVER/queue.o
                0x08010222                xQueueGenericReceive
 .text.vQueueWaitForMessageRestricted
                0x0801033c       0x3a obj/SKYROVER/queue.o
                0x0801033c                vQueueWaitForMessageRestricted
 *fill*         0x08010376        0x2 
 .text.prvAddCurrentTaskToDelayedList
                0x08010378       0x50 obj/SKYROVER/tasks.o
 .text.xTaskGenericCreate
                0x080103c8      0x194 obj/SKYROVER/tasks.o
                0x080103c8                xTaskGenericCreate
 .text.vTaskStartScheduler
                0x0801055c       0x5c obj/SKYROVER/tasks.o
                0x0801055c                vTaskStartScheduler
 .text.vTaskSuspendAll
                0x080105b8       0x10 obj/SKYROVER/tasks.o
                0x080105b8                vTaskSuspendAll
 .text.xTaskGetTickCount
                0x080105c8       0x18 obj/SKYROVER/tasks.o
                0x080105c8                xTaskGetTickCount
 .text.xTaskIncrementTick
                0x080105e0      0x11c obj/SKYROVER/tasks.o
                0x080105e0                xTaskIncrementTick
 .text.xTaskResumeAll
                0x080106fc       0xc8 obj/SKYROVER/tasks.o
                0x080106fc                xTaskResumeAll
 .text.vTaskDelay
                0x080107c4       0x3c obj/SKYROVER/tasks.o
                0x080107c4                vTaskDelay
 .text.prvIdleTask
                0x08010800       0x64 obj/SKYROVER/tasks.o
 .text.vTaskSwitchContext
                0x08010864       0x68 obj/SKYROVER/tasks.o
                0x08010864                vTaskSwitchContext
 .text.vTaskPlaceOnEventList
                0x080108cc       0x4c obj/SKYROVER/tasks.o
                0x080108cc                vTaskPlaceOnEventList
 .text.vTaskPlaceOnEventListRestricted
                0x08010918       0x34 obj/SKYROVER/tasks.o
                0x08010918                vTaskPlaceOnEventListRestricted
 .text.xTaskRemoveFromEventList
                0x0801094c       0x74 obj/SKYROVER/tasks.o
                0x0801094c                xTaskRemoveFromEventList
 .text.vTaskSetTimeOutState
                0x080109c0       0x20 obj/SKYROVER/tasks.o
                0x080109c0                vTaskSetTimeOutState
 .text.xTaskCheckForTimeOut
                0x080109e0       0x5c obj/SKYROVER/tasks.o
                0x080109e0                xTaskCheckForTimeOut
 .text.vTaskMissedYield
                0x08010a3c        0xc obj/SKYROVER/tasks.o
                0x08010a3c                vTaskMissedYield
 .text.xTaskGetCurrentTaskHandle
                0x08010a48        0xc obj/SKYROVER/tasks.o
                0x08010a48                xTaskGetCurrentTaskHandle
 .text.xTaskGetSchedulerState
                0x08010a54       0x1c obj/SKYROVER/tasks.o
                0x08010a54                xTaskGetSchedulerState
 .text.vTaskPriorityInherit
                0x08010a70       0x68 obj/SKYROVER/tasks.o
                0x08010a70                vTaskPriorityInherit
 .text.vTaskPriorityDisinherit
                0x08010ad8       0x48 obj/SKYROVER/tasks.o
                0x08010ad8                vTaskPriorityDisinherit
 .text.prvCheckForValidListAndQueue
                0x08010b20       0x4c obj/SKYROVER/timers.o
 .text.prvInsertTimerInActiveList
                0x08010b6c       0x3c obj/SKYROVER/timers.o
 .text.xTimerCreateTimerTask
                0x08010ba8       0x44 obj/SKYROVER/timers.o
                0x08010ba8                xTimerCreateTimerTask
 .text.xTimerGenericCommand
                0x08010bec       0x44 obj/SKYROVER/timers.o
                0x08010bec                xTimerGenericCommand
 .text.prvSwitchTimerLists.isra.1
                0x08010c30       0x68 obj/SKYROVER/timers.o
 .text.prvTimerTask
                0x08010c98      0x15c obj/SKYROVER/timers.o
 .text.osThreadCreate
                0x08010df4       0x30 obj/SKYROVER/cmsis_os.o
                0x08010df4                osThreadCreate
 .text.osKernelStart
                0x08010e24       0x10 obj/SKYROVER/cmsis_os.o
                0x08010e24                osKernelStart
 .text.osDelay  0x08010e34       0x10 obj/SKYROVER/cmsis_os.o
                0x08010e34                osDelay
 .text.osMutexCreate
                0x08010e44        0x6 obj/SKYROVER/cmsis_os.o
                0x08010e44                osMutexCreate
 .text.osMutexWait
                0x08010e4a       0x24 obj/SKYROVER/cmsis_os.o
                0x08010e4a                osMutexWait
 .text.osMutexRelease
                0x08010e6e       0x1e obj/SKYROVER/cmsis_os.o
                0x08010e6e                osMutexRelease
 .text.pvPortMalloc
                0x08010e8c       0xb8 obj/SKYROVER/heap_2.o
                0x08010e8c                pvPortMalloc
 .text.vPortFree
                0x08010f44       0x40 obj/SKYROVER/heap_2.o
                0x08010f44                vPortFree
 .text.prvPortStartFirstTask
                0x08010f84       0x14 obj/SKYROVER/port.o
 .text.pxPortInitialiseStack
                0x08010f98       0x1c obj/SKYROVER/port.o
                0x08010f98                pxPortInitialiseStack
 .text.SVC_Handler
                0x08010fb4       0x20 obj/SKYROVER/port.o
                0x08010fb4                SVC_Handler
 .text.vPortYield
                0x08010fd4       0x18 obj/SKYROVER/port.o
                0x08010fd4                vPortYield
 .text.ulPortSetInterruptMask
                0x08010fec       0x10 obj/SKYROVER/port.o
                0x08010fec                ulPortSetInterruptMask
 .text.prvTaskExitError
                0x08010ffc       0x1c obj/SKYROVER/port.o
 .text.vPortEnterCritical
                0x08011018       0x1c obj/SKYROVER/port.o
                0x08011018                vPortEnterCritical
 .text.vPortClearInterruptMask
                0x08011034        0x6 obj/SKYROVER/port.o
                0x08011034                vPortClearInterruptMask
 *fill*         0x0801103a        0x2 
 .text.vPortExitCritical
                0x0801103c       0x14 obj/SKYROVER/port.o
                0x0801103c                vPortExitCritical
 .text.PendSV_Handler
                0x08011050       0x3c obj/SKYROVER/port.o
                0x08011050                PendSV_Handler
 .text.xPortSysTickHandler
                0x0801108c       0x24 obj/SKYROVER/port.o
                0x0801108c                xPortSysTickHandler
 .text.vPortSetupTimerInterrupt
                0x080110b0       0x24 obj/SKYROVER/port.o
                0x080110b0                vPortSetupTimerInterrupt
 .text.xPortStartScheduler
                0x080110d4       0x8c obj/SKYROVER/port.o
                0x080110d4                xPortStartScheduler
 .text.vPortValidateInterruptPriority
                0x08011160       0x44 obj/SKYROVER/port.o
                0x08011160                vPortValidateInterruptPriority
 .text.Standard_GetConfiguration
                0x080111a4       0x24 obj/SKYROVER/usb_core.o
                0x080111a4                Standard_GetConfiguration
 .text.Standard_GetInterface
                0x080111c8       0x24 obj/SKYROVER/usb_core.o
                0x080111c8                Standard_GetInterface
 .text.Standard_GetStatus
                0x080111ec       0x90 obj/SKYROVER/usb_core.o
                0x080111ec                Standard_GetStatus
 .text.DataStageIn
                0x0801127c       0xa4 obj/SKYROVER/usb_core.o
 .text.Standard_SetConfiguration
                0x08011320       0x38 obj/SKYROVER/usb_core.o
                0x08011320                Standard_SetConfiguration
 .text.Standard_SetInterface
                0x08011358       0x48 obj/SKYROVER/usb_core.o
                0x08011358                Standard_SetInterface
 .text.Standard_ClearFeature
                0x080113a0       0xd8 obj/SKYROVER/usb_core.o
                0x080113a0                Standard_ClearFeature
 .text.Standard_SetEndPointFeature
                0x08011478       0x8c obj/SKYROVER/usb_core.o
                0x08011478                Standard_SetEndPointFeature
 .text.Standard_SetDeviceFeature
                0x08011504       0x24 obj/SKYROVER/usb_core.o
                0x08011504                Standard_SetDeviceFeature
 .text.Standard_GetDescriptorData
                0x08011528       0x1c obj/SKYROVER/usb_core.o
                0x08011528                Standard_GetDescriptorData
 .text.Post0_Process
                0x08011544       0x40 obj/SKYROVER/usb_core.o
                0x08011544                Post0_Process
 .text.Setup0_Process
                0x08011584      0x2dc obj/SKYROVER/usb_core.o
                0x08011584                Setup0_Process
 .text.Out0_Process
                0x08011860       0xd0 obj/SKYROVER/usb_core.o
                0x08011860                Out0_Process
 .text.SetDeviceAddress
                0x08011930       0x40 obj/SKYROVER/usb_core.o
                0x08011930                SetDeviceAddress
 .text.In0_Process
                0x08011970       0x5c obj/SKYROVER/usb_core.o
                0x08011970                In0_Process
 .text.NOP_Process
                0x080119cc        0x2 obj/SKYROVER/usb_core.o
                0x080119cc                NOP_Process
 *fill*         0x080119ce        0x2 
 .text.USB_Init
                0x080119d0       0x38 obj/SKYROVER/usb_init.o
                0x080119d0                USB_Init
 .text.CTR_LP   0x08011a08      0x16c obj/SKYROVER/usb_int.o
                0x08011a08                CTR_LP
 .text.UserToPMABufferCopy
                0x08011b74       0x30 obj/SKYROVER/usb_mem.o
                0x08011b74                UserToPMABufferCopy
 .text.PMAToUserBufferCopy
                0x08011ba4       0x24 obj/SKYROVER/usb_mem.o
                0x08011ba4                PMAToUserBufferCopy
 .text.SetBTABLE
                0x08011bc8       0x10 obj/SKYROVER/usb_regs.o
                0x08011bc8                SetBTABLE
 .text.SetEPType
                0x08011bd8       0x1c obj/SKYROVER/usb_regs.o
                0x08011bd8                SetEPType
 .text.SetEPTxStatus
                0x08011bf4       0x32 obj/SKYROVER/usb_regs.o
                0x08011bf4                SetEPTxStatus
 .text.SetEPRxStatus
                0x08011c26       0x32 obj/SKYROVER/usb_regs.o
                0x08011c26                SetEPRxStatus
 .text.SetEPTxValid
                0x08011c58       0x26 obj/SKYROVER/usb_regs.o
                0x08011c58                SetEPTxValid
 .text.SetEPRxValid
                0x08011c7e       0x26 obj/SKYROVER/usb_regs.o
                0x08011c7e                SetEPRxValid
 .text.Clear_Status_Out
                0x08011ca4       0x20 obj/SKYROVER/usb_regs.o
                0x08011ca4                Clear_Status_Out
 .text.ClearDTOG_RX
                0x08011cc4       0x24 obj/SKYROVER/usb_regs.o
                0x08011cc4                ClearDTOG_RX
 .text.ClearDTOG_TX
                0x08011ce8       0x24 obj/SKYROVER/usb_regs.o
                0x08011ce8                ClearDTOG_TX
 .text.SetEPTxAddr
                0x08011d0c       0x20 obj/SKYROVER/usb_regs.o
                0x08011d0c                SetEPTxAddr
 .text.SetEPRxAddr
                0x08011d2c       0x20 obj/SKYROVER/usb_regs.o
                0x08011d2c                SetEPRxAddr
 .text.GetEPTxAddr
                0x08011d4c       0x1c obj/SKYROVER/usb_regs.o
                0x08011d4c                GetEPTxAddr
 .text.GetEPRxAddr
                0x08011d68       0x1c obj/SKYROVER/usb_regs.o
                0x08011d68                GetEPRxAddr
 .text.SetEPTxCount
                0x08011d84       0x1c obj/SKYROVER/usb_regs.o
                0x08011d84                SetEPTxCount
 .text.SetEPRxCount
                0x08011da0       0x40 obj/SKYROVER/usb_regs.o
                0x08011da0                SetEPRxCount
 .text.GetEPRxCount
                0x08011de0       0x20 obj/SKYROVER/usb_regs.o
                0x08011de0                GetEPRxCount
 .text.ByteSwap
                0x08011e00        0xa obj/SKYROVER/usb_regs.o
                0x08011e00                ByteSwap
 *fill*         0x08011e0a        0x2 
 .text.USB_SIL_Init
                0x08011e0c       0x20 obj/SKYROVER/usb_sil.o
                0x08011e0c                USB_SIL_Init
 .text.USB_SIL_Read
                0x08011e2c       0x24 obj/SKYROVER/usb_sil.o
                0x08011e2c                USB_SIL_Read
 .text.IntToUnicode
                0x08011e50       0x24 obj/SKYROVER/hw_config.o
 .text.USB_LP_CAN1_RX0_IRQHandler
                0x08011e74        0x4 obj/SKYROVER/hw_config.o
                0x08011e74                USB_LP_CAN1_RX0_IRQHandler
 .text.USBWakeUp_IRQHandler
                0x08011e78        0x8 obj/SKYROVER/hw_config.o
                0x08011e78                USBWakeUp_IRQHandler
 .text.Set_System
                0x08011e80       0x50 obj/SKYROVER/hw_config.o
                0x08011e80                Set_System
 .text.Set_USBClock
                0x08011ed0       0x16 obj/SKYROVER/hw_config.o
                0x08011ed0                Set_USBClock
 .text.USB_Interrupts_Config
                0x08011ee6       0x3c obj/SKYROVER/hw_config.o
                0x08011ee6                USB_Interrupts_Config
 *fill*         0x08011f22        0x2 
 .text.USB_Cable_Config
                0x08011f24       0x1c obj/SKYROVER/hw_config.o
                0x08011f24                USB_Cable_Config
 .text.USB_To_USART_Send_Data
                0x08011f40       0x34 obj/SKYROVER/hw_config.o
                0x08011f40                USB_To_USART_Send_Data
 .text.Handle_USBAsynchXfer
                0x08011f74       0x90 obj/SKYROVER/hw_config.o
                0x08011f74                Handle_USBAsynchXfer
 .text.USB_Send_Data
                0x08012004       0x30 obj/SKYROVER/hw_config.o
                0x08012004                USB_Send_Data
 .text.Get_SerialNum
                0x08012034       0x34 obj/SKYROVER/hw_config.o
                0x08012034                Get_SerialNum
 .text.EP1_IN_Callback
                0x08012068       0x64 obj/SKYROVER/usb_endp.o
                0x08012068                EP1_IN_Callback
 .text.EP3_OUT_Callback
                0x080120cc       0x24 obj/SKYROVER/usb_endp.o
                0x080120cc                EP3_OUT_Callback
 .text.SOF_Callback
                0x080120f0       0x2c obj/SKYROVER/usb_endp.o
                0x080120f0                SOF_Callback
 .text.USB_Istr
                0x0801211c       0x6c obj/SKYROVER/usb_istr.o
                0x0801211c                USB_Istr
 .text.Virtual_Com_Port_SetConfiguration
                0x08012188       0x18 obj/SKYROVER/usb_prop.o
                0x08012188                Virtual_Com_Port_SetConfiguration
 .text.Virtual_Com_Port_SetDeviceAddress
                0x080121a0        0xc obj/SKYROVER/usb_prop.o
                0x080121a0                Virtual_Com_Port_SetDeviceAddress
 .text.Virtual_Com_Port_Status_In
                0x080121ac       0x14 obj/SKYROVER/usb_prop.o
                0x080121ac                Virtual_Com_Port_Status_In
 .text.Virtual_Com_Port_Status_Out
                0x080121c0        0x2 obj/SKYROVER/usb_prop.o
                0x080121c0                Virtual_Com_Port_Status_Out
 *fill*         0x080121c2        0x2 
 .text.Virtual_Com_Port_Data_Setup
                0x080121c4       0x5c obj/SKYROVER/usb_prop.o
                0x080121c4                Virtual_Com_Port_Data_Setup
 .text.Virtual_Com_Port_NoData_Setup
                0x08012220       0x24 obj/SKYROVER/usb_prop.o
                0x08012220                Virtual_Com_Port_NoData_Setup
 .text.Virtual_Com_Port_Get_Interface_Setting
                0x08012244       0x10 obj/SKYROVER/usb_prop.o
                0x08012244                Virtual_Com_Port_Get_Interface_Setting
 .text.Virtual_Com_Port_GetLineCoding
                0x08012254       0x18 obj/SKYROVER/usb_prop.o
                0x08012254                Virtual_Com_Port_GetLineCoding
 .text.Virtual_Com_Port_SetLineCoding
                0x0801226c       0x18 obj/SKYROVER/usb_prop.o
                0x0801226c                Virtual_Com_Port_SetLineCoding
 .text.Virtual_Com_Port_init
                0x08012284       0x24 obj/SKYROVER/usb_prop.o
                0x08012284                Virtual_Com_Port_init
 .text.Virtual_Com_Port_Reset
                0x080122a8       0xe0 obj/SKYROVER/usb_prop.o
                0x080122a8                Virtual_Com_Port_Reset
 .text.Virtual_Com_Port_GetDeviceDescriptor
                0x08012388        0xc obj/SKYROVER/usb_prop.o
                0x08012388                Virtual_Com_Port_GetDeviceDescriptor
 .text.Virtual_Com_Port_GetConfigDescriptor
                0x08012394        0xc obj/SKYROVER/usb_prop.o
                0x08012394                Virtual_Com_Port_GetConfigDescriptor
 .text.Virtual_Com_Port_GetStringDescriptor
                0x080123a0       0x20 obj/SKYROVER/usb_prop.o
                0x080123a0                Virtual_Com_Port_GetStringDescriptor
 .text.PowerOn  0x080123c0       0x30 obj/SKYROVER/usb_pwr.o
                0x080123c0                PowerOn
 .text.thread_lcd_show_goboot
                0x080123f0        0xc obj/SKYROVER/thread_lcd.o
                0x080123f0                thread_lcd_show_goboot
 .text._draw_intro
                0x080123fc       0x5c obj/SKYROVER/thread_lcd.o
                0x080123fc                _draw_intro
 .text._draw_status
                0x08012458      0x144 obj/SKYROVER/thread_lcd.o
                0x08012458                _draw_status
 .text._draw_go_boot
                0x0801259c       0x3c obj/SKYROVER/thread_lcd.o
                0x0801259c                _draw_go_boot
 .text.thread_lcd
                0x080125d8       0x94 obj/SKYROVER/thread_lcd.o
                0x080125d8                thread_lcd
 .text.thread_main
                0x0801266c       0x90 obj/SKYROVER/thread_main.o
                0x0801266c                thread_main
 .text._menu_show_menu
                0x080126fc      0x108 obj/SKYROVER/thread_menu.o
 .text.cmd_go_bootloader
                0x08012804       0x34 obj/SKYROVER/thread_menu.o
                0x08012804                cmd_go_bootloader
 .text.cmd_bluetooth_setup
                0x08012838      0x118 obj/SKYROVER/thread_menu.o
                0x08012838                cmd_bluetooth_setup
 .text.cmd_bluetooth_check
                0x08012950       0xe4 obj/SKYROVER/thread_menu.o
                0x08012950                cmd_bluetooth_check
 .text.thread_menu
                0x08012a34       0xfc obj/SKYROVER/thread_menu.o
                0x08012a34                thread_menu
 .text.thread_mw
                0x08012b30       0x34 obj/SKYROVER/thread_mw.o
                0x08012b30                thread_mw
 .text.u8g_DrawHBitmap
                0x08012b64       0x34 obj/SKYROVER/u8g_bitmap.o
                0x08012b64                u8g_DrawHBitmap
 .text.u8g_DrawBitmap
                0x08012b98       0x46 obj/SKYROVER/u8g_bitmap.o
                0x08012b98                u8g_DrawBitmap
 .text.u8g_IsBBXIntersection
                0x08012bde       0x56 obj/SKYROVER/u8g_clip.o
                0x08012bde                u8g_IsBBXIntersection
 .text.u8g_InitCom
                0x08012c34        0xc obj/SKYROVER/u8g_com_api.o
                0x08012c34                u8g_InitCom
 .text.u8g_SetChipSelect
                0x08012c40        0xc obj/SKYROVER/u8g_com_api.o
                0x08012c40                u8g_SetChipSelect
 .text.u8g_SetResetLow
                0x08012c4c        0xe obj/SKYROVER/u8g_com_api.o
                0x08012c4c                u8g_SetResetLow
 .text.u8g_SetResetHigh
                0x08012c5a        0xe obj/SKYROVER/u8g_com_api.o
                0x08012c5a                u8g_SetResetHigh
 .text.u8g_SetAddress
                0x08012c68        0xc obj/SKYROVER/u8g_com_api.o
                0x08012c68                u8g_SetAddress
 .text.u8g_WriteByte
                0x08012c74        0xc obj/SKYROVER/u8g_com_api.o
                0x08012c74                u8g_WriteByte
 .text.u8g_WriteSequence
                0x08012c80        0xa obj/SKYROVER/u8g_com_api.o
                0x08012c80                u8g_WriteSequence
 .text.u8g_WriteEscSeqP
                0x08012c8a       0x94 obj/SKYROVER/u8g_com_api.o
                0x08012c8a                u8g_WriteEscSeqP
 .text.u8g_com_null_fn
                0x08012d1e        0x4 obj/SKYROVER/u8g_com_null.o
                0x08012d1e                u8g_com_null_fn
 *fill*         0x08012d22        0x2 
 .text.u8g_dev_ssd1306_128x64_fn
                0x08012d24       0xa0 obj/SKYROVER/u8g_dev_ssd1306_128x64.o
                0x08012d24                u8g_dev_ssd1306_128x64_fn
 .text.u8g_font_get_word
                0x08012dc4        0xe obj/SKYROVER/u8g_font.o
 .text.u8g_font_calc_vref_font
                0x08012dd2        0x4 obj/SKYROVER/u8g_font.o
                0x08012dd2                u8g_font_calc_vref_font
 .text.u8g_font_calc_vref_top
                0x08012dd6        0xa obj/SKYROVER/u8g_font.o
                0x08012dd6                u8g_font_calc_vref_top
 .text.u8g_font_GetFormat.isra.0
                0x08012de0        0x2 obj/SKYROVER/u8g_font.o
 .text.u8g_font_GetFontGlyphStructureSize.isra.1
                0x08012de2       0x14 obj/SKYROVER/u8g_font.o
 .text.u8g_font_GetEncoding65Pos
                0x08012df6        0x6 obj/SKYROVER/u8g_font.o
                0x08012df6                u8g_font_GetEncoding65Pos
 .text.u8g_font_GetEncoding97Pos
                0x08012dfc        0x6 obj/SKYROVER/u8g_font.o
                0x08012dfc                u8g_font_GetEncoding97Pos
 .text.u8g_font_GetFontStartEncoding
                0x08012e02        0x4 obj/SKYROVER/u8g_font.o
                0x08012e02                u8g_font_GetFontStartEncoding
 .text.u8g_font_GetFontEndEncoding
                0x08012e06        0x4 obj/SKYROVER/u8g_font.o
                0x08012e06                u8g_font_GetFontEndEncoding
 .text.u8g_GetGlyph
                0x08012e0a       0xe4 obj/SKYROVER/u8g_font.o
                0x08012e0a                u8g_GetGlyph
 .text.u8g_draw_glyph
                0x08012eee       0xac obj/SKYROVER/u8g_font.o
                0x08012eee                u8g_draw_glyph
 .text.u8g_DrawStr
                0x08012f9a       0x3c obj/SKYROVER/u8g_font.o
                0x08012f9a                u8g_DrawStr
 .text.u8g_UpdateRefHeight
                0x08012fd6       0x4e obj/SKYROVER/u8g_font.o
                0x08012fd6                u8g_UpdateRefHeight
 .text.u8g_SetFontPosBaseline
                0x08013024        0xc obj/SKYROVER/u8g_font.o
                0x08013024                u8g_SetFontPosBaseline
 .text.u8g_SetFontPosTop
                0x08013030        0xc obj/SKYROVER/u8g_font.o
                0x08013030                u8g_SetFontPosTop
 .text.u8g_GetStrWidth
                0x0801303c       0x20 obj/SKYROVER/u8g_font.o
                0x0801303c                u8g_GetStrWidth
 .text.u8g_SetFont
                0x0801305c       0x1c obj/SKYROVER/u8g_font.o
                0x0801305c                u8g_SetFont
 .text.u8g_call_dev_fn
                0x08013078        0x8 obj/SKYROVER/u8g_ll_api.o
                0x08013078                u8g_call_dev_fn
 .text.u8g_InitLL
                0x08013080       0x2a obj/SKYROVER/u8g_ll_api.o
                0x08013080                u8g_InitLL
 .text.u8g_FirstPageLL
                0x080130aa       0x34 obj/SKYROVER/u8g_ll_api.o
                0x080130aa                u8g_FirstPageLL
 .text.u8g_NextPageLL
                0x080130de       0x3a obj/SKYROVER/u8g_ll_api.o
                0x080130de                u8g_NextPageLL
 .text.u8g_GetWidthLL
                0x08013118       0x16 obj/SKYROVER/u8g_ll_api.o
                0x08013118                u8g_GetWidthLL
 .text.u8g_GetHeightLL
                0x0801312e       0x16 obj/SKYROVER/u8g_ll_api.o
                0x0801312e                u8g_GetHeightLL
 .text.u8g_GetModeLL
                0x08013144        0x8 obj/SKYROVER/u8g_ll_api.o
                0x08013144                u8g_GetModeLL
 .text.u8g_UpdateDimension
                0x0801314c       0x32 obj/SKYROVER/u8g_ll_api.o
                0x0801314c                u8g_UpdateDimension
 .text.u8g_Begin
                0x0801317e       0x16 obj/SKYROVER/u8g_ll_api.o
                0x0801317e                u8g_Begin
 .text.u8g_InitComFn
                0x08013194       0x54 obj/SKYROVER/u8g_ll_api.o
                0x08013194                u8g_InitComFn
 .text.u8g_FirstPage
                0x080131e8        0x6 obj/SKYROVER/u8g_ll_api.o
                0x080131e8                u8g_FirstPage
 .text.u8g_NextPage
                0x080131ee       0x16 obj/SKYROVER/u8g_ll_api.o
                0x080131ee                u8g_NextPage
 .text.u8g_Draw8Pixel
                0x08013204       0x28 obj/SKYROVER/u8g_ll_api.o
                0x08013204                u8g_Draw8Pixel
 .text.u8g_SetColorIndex
                0x0801322c        0x6 obj/SKYROVER/u8g_ll_api.o
                0x0801322c                u8g_SetColorIndex
 .text.u8g_page_First
                0x08013232        0xe obj/SKYROVER/u8g_page.o
                0x08013232                u8g_page_First
 .text.u8g_page_Next
                0x08013240       0x30 obj/SKYROVER/u8g_page.o
                0x08013240                u8g_page_Next
 .text.u8g_pb_Clear
                0x08013270       0x12 obj/SKYROVER/u8g_pb.o
                0x08013270                u8g_pb_Clear
 .text.u8g_pb_IsYIntersection
                0x08013282       0x2c obj/SKYROVER/u8g_pb.o
                0x08013282                u8g_pb_IsYIntersection
 .text.u8g_pb_GetPageBox
                0x080132ae       0x14 obj/SKYROVER/u8g_pb.o
                0x080132ae                u8g_pb_GetPageBox
 .text.u8g_pb_Is8PixelVisible
                0x080132c2       0x24 obj/SKYROVER/u8g_pb.o
                0x080132c2                u8g_pb_Is8PixelVisible
 .text.u8g_pb_WriteBuffer
                0x080132e6        0xe obj/SKYROVER/u8g_pb.o
                0x080132e6                u8g_pb_WriteBuffer
 .text.u8g_pb8v1_set_pixel
                0x080132f4       0x24 obj/SKYROVER/u8g_pb8v1.o
                0x080132f4                u8g_pb8v1_set_pixel
 .text.u8g_pb8v1_SetPixel
                0x08013318       0x26 obj/SKYROVER/u8g_pb8v1.o
                0x08013318                u8g_pb8v1_SetPixel
 .text.u8g_pb8v1_Set8PixelOpt2
                0x0801333e       0x54 obj/SKYROVER/u8g_pb8v1.o
                0x0801333e                u8g_pb8v1_Set8PixelOpt2
 .text.u8g_dev_pb8v1_base_fn
                0x08013392       0x76 obj/SKYROVER/u8g_pb8v1.o
                0x08013392                u8g_dev_pb8v1_base_fn
 .text.u8g_state_dummy_cb
                0x08013408        0x2 obj/SKYROVER/u8g_state.o
                0x08013408                u8g_state_dummy_cb