Archive member included because of file (symbol)

/Users/imac/Develop/stm32f4/arm_gcc/gcc-arm-none-eabi-4_8-2014q2/bin/../lib/gcc/arm-none-eabi/4.8.4/../../../../arm-none-eabi/lib/armv7-m/libm.a(lib_a-sf_cos.o)
                              obj/SKYROVER/gps.o (cosf)
/Users/imac/Develop/stm32f4/arm_gcc/gcc-arm-none-eabi-4_8-2014q2/bin/../lib/gcc/arm-none-eabi/4.8.4/../../../../arm-none-eabi/lib/armv7-m/libm.a(lib_a-sf_lrint.o)
                              obj/SKYROVER/imu.o (lrintf)
/Users/imac/Develop/stm32f4/arm_gcc/gcc-arm-none-eabi-4_8-2014q2/bin/../lib/gcc/arm-none-eabi/4.8.4/../../../../arm-none-eabi/lib/armv7-m/libm.a(lib_a-sf_sin.o)
                              obj/SKYROVER/gps.o (sinf)
/Users/imac/Develop/stm32f4/arm_gcc/gcc-arm-none-eabi-4_8-2014q2/bin/../lib/gcc/arm-none-eabi/4.8.4/../../../../arm-none-eabi/lib/armv7-m/libm.a(lib_a-wf_atan2.o)
                              obj/SKYROVER/gps.o (atan2f)
/Users/imac/Develop/stm32f4/arm_gcc/gcc-arm-none-eabi-4_8-2014q2/bin/../lib/gcc/arm-none-eabi/4.8.4/../../../../arm-none-eabi/lib/armv7-m/libm.a(lib_a-wf_pow.o)
                              obj/SKYROVER/imu.o (powf)
/Users/imac/Develop/stm32f4/arm_gcc/gcc-arm-none-eabi-4_8-2014q2/bin/../lib/gcc/arm-none-eabi/4.8.4/../../../../arm-none-eabi/lib/armv7-m/libm.a(lib_a-wf_sqrt.o)
                              obj/SKYROVER/gps.o (sqrtf)
/Users/imac/Develop/stm32f4/arm_gcc/gcc-arm-none-eabi-4_8-2014q2/bin/../lib/gcc/arm-none-eabi/4.8.4/../../../../arm-none-eabi/lib/armv7-m/libm.a(lib_a-ef_atan2.o)
                              /Users/imac/Develop/stm32f4/arm_gcc/gcc-arm-none-eabi-4_8-2014q2/bin/../lib/gcc/arm-none-eabi/4.8.4/../../../../arm-none-eabi/lib/armv7-m/libm.a(lib_a-wf_atan2.o) (__ieee754_atan2f)
/Users/imac/Develop/stm32f4/arm_gcc/gcc-arm-none-eabi-4_8-2014q2/bin/../lib/gcc/arm-none-eabi/4.8.4/../../../../arm-none-eabi/lib/armv7-m/libm.a(lib_a-ef_pow.o)
                              /Users/imac/Develop/stm32f4/arm_gcc/gcc-arm-none-eabi-4_8-2014q2/bin/../lib/gcc/arm-none-eabi/4.8.4/../../../../arm-none-eabi/lib/armv7-m/libm.a(lib_a-wf_pow.o) (__ieee754_powf)
/Users/imac/Develop/stm32f4/arm_gcc/gcc-arm-none-eabi-4_8-2014q2/bin/../lib/gcc/arm-none-eabi/4.8.4/../../../../arm-none-eabi/lib/armv7-m/libm.a(lib_a-ef_rem_pio2.o)
                              /Users/imac/Develop/stm32f4/arm_gcc/gcc-arm-none-eabi-4_8-2014q2/bin/../lib/gcc/arm-none-eabi/4.8.4/../../../../arm-none-eabi/lib/armv7-m/libm.a(lib_a-sf_cos.o) (__ieee754_rem_pio2f)
/Users/imac/Develop/stm32f4/arm_gcc/gcc-arm-none-eabi-4_8-2014q2/bin/../lib/gcc/arm-none-eabi/4.8.4/../../../../arm-none-eabi/lib/armv7-m/libm.a(lib_a-ef_sqrt.o)
                              /Users/imac/Develop/stm32f4/arm_gcc/gcc-arm-none-eabi-4_8-2014q2/bin/../lib/gcc/arm-none-eabi/4.8.4/../../../../arm-none-eabi/lib/armv7-m/libm.a(lib_a-wf_sqrt.o) (__ieee754_sqrtf)
/Users/imac/Develop/stm32f4/arm_gcc/gcc-arm-none-eabi-4_8-2014q2/bin/../lib/gcc/arm-none-eabi/4.8.4/../../../../arm-none-eabi/lib/armv7-m/libm.a(lib_a-kf_cos.o)
                              /Users/imac/Develop/stm32f4/arm_gcc/gcc-arm-none-eabi-4_8-2014q2/bin/../lib/gcc/arm-none-eabi/4.8.4/../../../../arm-none-eabi/lib/armv7-m/libm.a(lib_a-sf_cos.o) (__kernel_cosf)
/Users/imac/Develop/stm32f4/arm_gcc/gcc-arm-none-eabi-4_8-2014q2/bin/../lib/gcc/arm-none-eabi/4.8.4/../../../../arm-none-eabi/lib/armv7-m/libm.a(lib_a-kf_rem_pio2.o)
                              /Users/imac/Develop/stm32f4/arm_gcc/gcc-arm-none-eabi-4_8-2014q2/bin/../lib/gcc/arm-none-eabi/4.8.4/../../../../arm-none-eabi/lib/armv7-m/libm.a(lib_a-ef_rem_pio2.o) (__kernel_rem_pio2f)
/Users/imac/Develop/stm32f4/arm_gcc/gcc-arm-none-eabi-4_8-2014q2/bin/../lib/gcc/arm-none-eabi/4.8.4/../../../../arm-none-eabi/lib/armv7-m/libm.a(lib_a-kf_sin.o)
                              /Users/imac/Develop/stm32f4/arm_gcc/gcc-arm-none-eabi-4_8-2014q2/bin/../lib/gcc/arm-none-eabi/4.8.4/../../../../arm-none-eabi/lib/armv7-m/libm.a(lib_a-sf_cos.o) (__kernel_sinf)
/Users/imac/Develop/stm32f4/arm_gcc/gcc-arm-none-eabi-4_8-2014q2/bin/../lib/gcc/arm-none-eabi/4.8.4/../../../../arm-none-eabi/lib/armv7-m/libm.a(lib_a-s_lib_ver.o)
                              /Users/imac/Develop/stm32f4/arm_gcc/gcc-arm-none-eabi-4_8-2014q2/bin/../lib/gcc/arm-none-eabi/4.8.4/../../../../arm-none-eabi/lib/armv7-m/libm.a(lib_a-wf_pow.o) (__fdlib_version)
/Users/imac/Develop/stm32f4/arm_gcc/gcc-arm-none-eabi-4_8-2014q2/bin/../lib/gcc/arm-none-eabi/4.8.4/../../../../arm-none-eabi/lib/armv7-m/libm.a(lib_a-s_matherr.o)
                              /Users/imac/Develop/stm32f4/arm_gcc/gcc-arm-none-eabi-4_8-2014q2/bin/../lib/gcc/arm-none-eabi/4.8.4/../../../../arm-none-eabi/lib/armv7-m/libm.a(lib_a-wf_pow.o) (matherr)
/Users/imac/Develop/stm32f4/arm_gcc/gcc-arm-none-eabi-4_8-2014q2/bin/../lib/gcc/arm-none-eabi/4.8.4/../../../../arm-none-eabi/lib/armv7-m/libm.a(lib_a-s_rint.o)
[...]
Memory Configuration

Name             Origin             Length             Attributes
FLASH            0x0000000008003000 0x000000000001cc00 xr
RAM              0x0000000020000000 0x0000000000005000 xrw
MEMORY_B1        0x0000000060000000 0x0000000000000000 xr
*default*        0x0000000000000000 0xffffffffffffffff

Linker script and memory map

LOAD /Users/imac/Develop/stm32f4/arm_gcc/gcc-arm-none-eabi-4_8-2014q2/bin/../lib/gcc/arm-none-eabi/4.8.4/armv7-m/crti.o
LOAD /Users/imac/Develop/stm32f4/arm_gcc/gcc-arm-none-eabi-4_8-2014q2/bin/../lib/gcc/arm-none-eabi/4.8.4/armv7-m/crtbegin.o
LOAD /Users/imac/Develop/stm32f4/arm_gcc/gcc-arm-none-eabi-4_8-2014q2/bin/../lib/gcc/arm-none-eabi/4.8.4/../../../../arm-none-eabi/lib/armv7-m/crt0.o
LOAD obj/SKYROVER/drv_adc.o
LOAD obj/SKYROVER/drv_adxl345.o
LOAD obj/SKYROVER/drv_bma280.o
LOAD obj/SKYROVER/drv_bmp085.o
LOAD obj/SKYROVER/drv_ms5611.o
LOAD obj/SKYROVER/drv_hcsr04.o
LOAD obj/SKYROVER/drv_hmc5883l.o
LOAD obj/SKYROVER/drv_ledring.o
LOAD obj/SKYROVER/drv_mma845x.o
LOAD obj/SKYROVER/drv_mpu3050.o
LOAD obj/SKYROVER/drv_mpu6050.o
LOAD obj/SKYROVER/drv_l3g4200d.o
LOAD obj/SKYROVER/drv_pwm.o
LOAD obj/SKYROVER/drv_spi.o
LOAD obj/SKYROVER/drv_timer.o
LOAD obj/SKYROVER/hexairbot.o
LOAD obj/SKYROVER/startup_stm32f10x_md_gcc.o
LOAD obj/SKYROVER/buzzer.o
LOAD obj/SKYROVER/cli.o
LOAD obj/SKYROVER/config.o
LOAD obj/SKYROVER/gps.o
LOAD obj/SKYROVER/imu.o
LOAD obj/SKYROVER/main.o
LOAD obj/SKYROVER/mixer.o
LOAD obj/SKYROVER/mw.o
LOAD obj/SKYROVER/sensors.o
LOAD obj/SKYROVER/serial.o
LOAD obj/SKYROVER/sbus.o
LOAD obj/SKYROVER/sumd.o
LOAD obj/SKYROVER/spektrum.o
LOAD obj/SKYROVER/telemetry.o
LOAD obj/SKYROVER/drv_gpio.o
LOAD obj/SKYROVER/drv_i2c.o
LOAD obj/SKYROVER/drv_i2c_soft.o
LOAD obj/SKYROVER/drv_system.o
LOAD obj/SKYROVER/drv_serial.o
LOAD obj/SKYROVER/drv_softserial.o
LOAD obj/SKYROVER/drv_uart.o
LOAD obj/SKYROVER/drv_vcom.o
LOAD obj/SKYROVER/drv_vcom_q.o
LOAD obj/SKYROVER/printf.o
LOAD obj/SKYROVER/utils.o
LOAD obj/SKYROVER/system_stm32f10x.o
LOAD obj/SKYROVER/misc.o
LOAD obj/SKYROVER/stm32f10x_adc.o
LOAD obj/SKYROVER/stm32f10x_bkp.o
LOAD obj/SKYROVER/stm32f10x_can.o
LOAD obj/SKYROVER/stm32f10x_cec.o
LOAD obj/SKYROVER/stm32f10x_crc.o
LOAD obj/SKYROVER/stm32f10x_dac.o
LOAD obj/SKYROVER/stm32f10x_dbgmcu.o
LOAD obj/SKYROVER/stm32f10x_dma.o
LOAD obj/SKYROVER/stm32f10x_exti.o
LOAD obj/SKYROVER/stm32f10x_flash.o
LOAD obj/SKYROVER/stm32f10x_fsmc.o
LOAD obj/SKYROVER/stm32f10x_gpio.o
LOAD obj/SKYROVER/stm32f10x_i2c.o
LOAD obj/SKYROVER/stm32f10x_iwdg.o
LOAD obj/SKYROVER/stm32f10x_pwr.o
LOAD obj/SKYROVER/stm32f10x_rcc.o
LOAD obj/SKYROVER/stm32f10x_rtc.o
LOAD obj/SKYROVER/stm32f10x_sdio.o
LOAD obj/SKYROVER/stm32f10x_spi.o
LOAD obj/SKYROVER/stm32f10x_tim.o
LOAD obj/SKYROVER/stm32f10x_usart.o
LOAD obj/SKYROVER/stm32f10x_wwdg.o
LOAD obj/SKYROVER/croutine.o
LOAD obj/SKYROVER/list.o
LOAD obj/SKYROVER/queue.o
LOAD obj/SKYROVER/tasks.o
LOAD obj/SKYROVER/timers.o
LOAD obj/SKYROVER/cmsis_os.o
LOAD obj/SKYROVER/heap_2.o
LOAD obj/SKYROVER/port.o
LOAD obj/SKYROVER/usb_core.o
LOAD obj/SKYROVER/usb_init.o
LOAD obj/SKYROVER/usb_int.o
LOAD obj/SKYROVER/usb_mem.o
LOAD obj/SKYROVER/usb_regs.o
LOAD obj/SKYROVER/usb_sil.o
LOAD obj/SKYROVER/hw_config.o
LOAD obj/SKYROVER/usb_desc.o
LOAD obj/SKYROVER/usb_endp.o
LOAD obj/SKYROVER/usb_istr.o
LOAD obj/SKYROVER/usb_prop.o
LOAD obj/SKYROVER/usb_pwr.o
LOAD obj/SKYROVER/thread_main.o
LOAD obj/SKYROVER/thread_menu.o
LOAD obj/SKYROVER/thread_mw.o
LOAD /Users/imac/Develop/stm32f4/arm_gcc/gcc-arm-none-eabi-4_8-2014q2/bin/../lib/gcc/arm-none-eabi/4.8.4/../../../../arm-none-eabi/lib/armv7-m/libm.a
START GROUP
LOAD /Users/imac/Develop/stm32f4/arm_gcc/gcc-arm-none-eabi-4_8-2014q2/bin/../lib/gcc/arm-none-eabi/4.8.4/armv7-m/libgcc.a
LOAD /Users/imac/Develop/stm32f4/arm_gcc/gcc-arm-none-eabi-4_8-2014q2/bin/../lib/gcc/arm-none-eabi/4.8.4/../../../../arm-none-eabi/lib/armv7-m/libc.a
END GROUP
LOAD /Users/imac/Develop/stm32f4/arm_gcc/gcc-arm-none-eabi-4_8-2014q2/bin/../lib/gcc/arm-none-eabi/4.8.4/armv7-m/crtend.o
LOAD /Users/imac/Develop/stm32f4/arm_gcc/gcc-arm-none-eabi-4_8-2014q2/bin/../lib/gcc/arm-none-eabi/4.8.4/armv7-m/crtn.o
                0x0000000020005000                _estack = 0x20005000
                0x0000000000000000                _Min_Heap_Size = 0x0
                0x0000000000000400                _Min_Stack_Size = 0x400

.isr_vector     0x0000000008003000      0x10c
                0x0000000008003000                . = ALIGN (0x4)
 *(.isr_vector)
 .isr_vector    0x0000000008003000      0x10c obj/SKYROVER/startup_stm32f10x_md_gcc.o
                0x0000000008003000                g_pfnVectors
                0x000000000800310c                . = ALIGN (0x4)

.text           0x0000000008003110    0x14a14
                0x0000000008003110                . = ALIGN (0x4)
 *(.text)
 .text          0x0000000008003110       0x54 /Users/imac/Develop/stm32f4/arm_gcc/gcc-arm-none-eabi-4_8-2014q2/bin/../lib/gcc/arm-none-eabi/4.8.4/armv7-m/crtbegin.o
 .text          0x0000000008003164      0x370 /Users/imac/Develop/stm32f4/arm_gcc/gcc-arm-none-eabi-4_8-2014q2/bin/../lib/gcc/arm-none-eabi/4.8.4/armv7-m/libgcc.a(_arm_addsubdf3.o)
                0x0000000008003164                __aeabi_drsub
                0x000000000800316c                __subdf3
                0x000000000800316c                __aeabi_dsub
                0x0000000008003170                __aeabi_dadd
                0x0000000008003170                __adddf3
                0x00000000080033e8                __aeabi_ui2d
                0x00000000080033e8                __floatunsidf
                0x0000000008003408                __floatsidf
                0x0000000008003408                __aeabi_i2d
                0x000000000800342c                __extendsfdf2
                0x000000000800342c                __aeabi_f2d
                0x0000000008003468                __aeabi_ul2d
                0x0000000008003468                __floatundidf
                0x0000000008003478                __aeabi_l2d
                0x0000000008003478                __floatdidf
 .text          0x00000000080034d4      0x424 /Users/imac/Develop/stm32f4/arm_gcc/gcc-arm-none-eabi-4_8-2014q2/bin/../lib/gcc/arm-none-eabi/4.8.4/armv7-m/libgcc.a(_arm_muldivdf3.o)
                0x00000000080034d4                __aeabi_dmul
                0x00000000080034d4                __muldf3
                0x0000000008003728                __aeabi_ddiv
                0x0000000008003728                __divdf3
 .text          0x00000000080038f8      0x110 /Users/imac/Develop/stm32f4/arm_gcc/gcc-arm-none-eabi-4_8-2014q2/bin/../lib/gcc/arm-none-eabi/4.8.4/armv7-m/libgcc.a(_arm_cmpdf2.o)
                0x00000000080038f8                __gtdf2
                0x00000000080038f8                __gedf2
                0x0000000008003900                __ltdf2
                0x0000000008003900                __ledf2
                0x0000000008003908                __eqdf2
                0x0000000008003908                __nedf2
                0x0000000008003908                __cmpdf2
                0x0000000008003984                __aeabi_cdrcmple
                0x0000000008003994                __aeabi_cdcmple
                0x0000000008003994                __aeabi_cdcmpeq
                0x00000000080039a4                __aeabi_dcmpeq
                0x00000000080039b8                __aeabi_dcmplt
                0x00000000080039cc                __aeabi_dcmple
                0x00000000080039e0                __aeabi_dcmpge
                0x00000000080039f4                __aeabi_dcmpgt
 .text          0x0000000008003a08       0xa0 /Users/imac/Develop/stm32f4/arm_gcc/gcc-arm-none-eabi-4_8-2014q2/bin/../lib/gcc/arm-none-eabi/4.8.4/armv7-m/libgcc.a(_arm_truncdfsf2.o)
                0x0000000008003a08                __aeabi_d2f
                0x0000000008003a08                __truncdfsf2
 .text          0x0000000008003aa8      0x21c /Users/imac/Develop/stm32f4/arm_gcc/gcc-arm-none-eabi-4_8-2014q2/bin/../lib/gcc/arm-none-eabi/4.8.4/armv7-m/libgcc.a(_arm_addsubsf3.o)
                0x0000000008003aa8                __aeabi_frsub
                0x0000000008003ab0                __aeabi_fsub
                0x0000000008003ab0                __subsf3
                0x0000000008003ab4                __aeabi_fadd
                0x0000000008003ab4                __addsf3
                0x0000000008003c14                __aeabi_ui2f
                0x0000000008003c14                __floatunsisf
                0x0000000008003c1c                __floatsisf
                0x0000000008003c1c                __aeabi_i2f
                0x0000000008003c38                __aeabi_ul2f
                0x0000000008003c38                __floatundisf
                0x0000000008003c48                __aeabi_l2f
                0x0000000008003c48                __floatdisf
 .text          0x0000000008003cc4      0x2a0 /Users/imac/Develop/stm32f4/arm_gcc/gcc-arm-none-eabi-4_8-2014q2/bin/../lib/gcc/arm-none-eabi/4.8.4/armv7-m/libgcc.a(_arm_muldivsf3.o)
                0x0000000008003cc4                __mulsf3
                0x0000000008003cc4                __aeabi_fmul
                0x0000000008003e2c                __divsf3
                0x0000000008003e2c                __aeabi_fdiv
 .text          0x0000000008003f64       0xec /Users/imac/Develop/stm32f4/arm_gcc/gcc-arm-none-eabi-4_8-2014q2/bin/../lib/gcc/arm-none-eabi/4.8.4/armv7-m/libgcc.a(_arm_cmpsf2.o)
                0x0000000008003f64                __gesf2
                0x0000000008003f64                __gtsf2
                0x0000000008003f6c                __ltsf2
                0x0000000008003f6c                __lesf2
                0x0000000008003f74                __nesf2
                0x0000000008003f74                __eqsf2
                0x0000000008003f74                __cmpsf2
                0x0000000008003fd4                __aeabi_cfrcmple
                0x0000000008003fdc                __aeabi_cfcmpeq
                0x0000000008003fdc                __aeabi_cfcmple
                0x0000000008003fec                __aeabi_fcmpeq
                0x0000000008004000                __aeabi_fcmplt
                0x0000000008004014                __aeabi_fcmple
                0x0000000008004028                __aeabi_fcmpge
                0x000000000800403c                __aeabi_fcmpgt
 .text          0x0000000008004050       0x4c /Users/imac/Develop/stm32f4/arm_gcc/gcc-arm-none-eabi-4_8-2014q2/bin/../lib/gcc/arm-none-eabi/4.8.4/armv7-m/libgcc.a(_arm_fixsfsi.o)
                0x0000000008004050                __fixsfsi
                0x0000000008004050                __aeabi_f2iz
 .text          0x000000000800409c       0x40 /Users/imac/Develop/stm32f4/arm_gcc/gcc-arm-none-eabi-4_8-2014q2/bin/../lib/gcc/arm-none-eabi/4.8.4/armv7-m/libgcc.a(_arm_fixunssfsi.o)
                0x000000000800409c                __aeabi_f2uiz
                0x000000000800409c                __fixunssfsi
 .text          0x00000000080040dc       0xec /Users/imac/Develop/stm32f4/arm_gcc/gcc-arm-none-eabi-4_8-2014q2/bin/../lib/gcc/arm-none-eabi/4.8.4/../../../../arm-none-eabi/lib/armv7-m/libc.a(lib_a-memcpy.o)
                0x00000000080040dc                memcpy
 *(.text*)
 .text.adcInit  0x00000000080041c8       0xf0 obj/SKYROVER/drv_adc.o
                0x00000000080041c8                adcInit
 .text.adcGetChannel
                0x00000000080042b8       0x10 obj/SKYROVER/drv_adc.o
                0x00000000080042b8                adcGetChannel
 .text.adxl345Read
                0x00000000080042c8       0xe0 obj/SKYROVER/drv_adxl345.o
 .text.adxl345Init
                0x00000000080043a8       0x64 obj/SKYROVER/drv_adxl345.o
 .text.adxl345Detect
                0x000000000800440c       0x5c obj/SKYROVER/drv_adxl345.o
                0x000000000800440c                adxl345Detect
 .text.bma280Read
                0x0000000008004468       0x5c obj/SKYROVER/drv_bma280.o
 .text.bma280Init
                0x00000000080044c4       0x30 obj/SKYROVER/drv_bma280.o
 .text.bma280Detect
                0x00000000080044f4       0x3c obj/SKYROVER/drv_bma280.o
                0x00000000080044f4                bma280Detect
 .text.bmp085_calculate
                0x0000000008004530       0xdc obj/SKYROVER/drv_bmp085.o
 .text.bmp085_get_up
                0x000000000800460c       0x58 obj/SKYROVER/drv_bmp085.o
 .text.bmp085_get_ut
                0x0000000008004664       0x40 obj/SKYROVER/drv_bmp085.o
 .text.bmp085_start_up
                0x00000000080046a4       0x24 obj/SKYROVER/drv_bmp085.o
 .text.bmp085_start_ut
                0x00000000080046c8       0x14 obj/SKYROVER/drv_bmp085.o
 .text.EXTI15_10_IRQHandler
                0x00000000080046dc       0x24 obj/SKYROVER/drv_bmp085.o
                0x00000000080046dc                EXTI15_10_IRQHandler
 .text.bmp085Detect
                0x0000000008004700      0x1dc obj/SKYROVER/drv_bmp085.o
                0x0000000008004700                bmp085Detect
 .text.ms5611_calculate
                0x00000000080048dc      0x158 obj/SKYROVER/drv_ms5611.o
 .text.ms5611_read_adc
                0x0000000008004a34       0x28 obj/SKYROVER/drv_ms5611.o
 .text.ms5611_get_up
                0x0000000008004a5c       0x10 obj/SKYROVER/drv_ms5611.o
 .text.ms5611_get_ut
                0x0000000008004a6c       0x10 obj/SKYROVER/drv_ms5611.o
 .text.ms5611_start_up
                0x0000000008004a7c        0xa obj/SKYROVER/drv_ms5611.o
 .text.ms5611_start_ut
                0x0000000008004a86        0xa obj/SKYROVER/drv_ms5611.o
 .text.ms5611Detect
                0x0000000008004a90      0x138 obj/SKYROVER/drv_ms5611.o
                0x0000000008004a90                ms5611Detect
 .text.hmc5883lDetect
                0x0000000008004bc8       0x38 obj/SKYROVER/drv_hmc5883l.o
                0x0000000008004bc8                hmc5883lDetect
 .text.hmc5883lRead
                0x0000000008004c00       0x8c obj/SKYROVER/drv_hmc5883l.o
                0x0000000008004c00                hmc5883lRead
 .text.hmc5883lInit
                0x0000000008004c8c      0x1b4 obj/SKYROVER/drv_hmc5883l.o
                0x0000000008004c8c                hmc5883lInit
 .text.mma8452Read
                0x0000000008004e40       0x70 obj/SKYROVER/drv_mma845x.o
 .text.mma8452Init
                0x0000000008004eb0       0x90 obj/SKYROVER/drv_mma845x.o
 .text.mma8452Detect
                0x0000000008004f40       0x5c obj/SKYROVER/drv_mma845x.o
                0x0000000008004f40                mma8452Detect
 .text.mpu3050ReadTemp
                0x0000000008004f9c       0x32 obj/SKYROVER/drv_mpu3050.o
 *fill*         0x0000000008004fce        0x2 
 .text.mpu3050Read
                0x0000000008004fd0       0x68 obj/SKYROVER/drv_mpu3050.o
 .text.mpu3050Init
                0x0000000008005038       0x5c obj/SKYROVER/drv_mpu3050.o
 .text.mpu3050Detect
                0x0000000008005094       0x78 obj/SKYROVER/drv_mpu3050.o
                0x0000000008005094                mpu3050Detect
 .text.mpu6050AccInit
                0x000000000800510c       0x28 obj/SKYROVER/drv_mpu6050.o
 .text.mpu6050GyroRead
                0x0000000008005134       0x68 obj/SKYROVER/drv_mpu6050.o
 .text.mpu6050AccRead
                0x000000000800519c       0x54 obj/SKYROVER/drv_mpu6050.o
 .text.mpu6050GyroInit
                0x00000000080051f0       0xa8 obj/SKYROVER/drv_mpu6050.o
 .text.mpu6050Detect
                0x0000000008005298      0x128 obj/SKYROVER/drv_mpu6050.o
                0x0000000008005298                mpu6050Detect
 .text.l3g4200dRead
                0x00000000080053c0       0x68 obj/SKYROVER/drv_l3g4200d.o
 .text.l3g4200dInit
                0x0000000008005428       0x44 obj/SKYROVER/drv_l3g4200d.o
 .text.l3g4200dDetect
                0x000000000800546c       0x64 obj/SKYROVER/drv_l3g4200d.o
                0x000000000800546c                l3g4200dDetect
 .text.pwmWriteBrushed
                0x00000000080054d0       0x24 obj/SKYROVER/drv_pwm.o
 .text.pwmWriteStandard
                0x00000000080054f4       0x10 obj/SKYROVER/drv_pwm.o
 .text.pwmOutConfig
                0x0000000008005504      0x128 obj/SKYROVER/drv_pwm.o
 .text.ppmCallback
                0x000000000800562c       0x8c obj/SKYROVER/drv_pwm.o
 .text.pwmICConfig
                0x00000000080056b8       0x32 obj/SKYROVER/drv_pwm.o
                0x00000000080056b8                pwmICConfig
 *fill*         0x00000000080056ea        0x2 
 .text.pwmCallback
                0x00000000080056ec       0x5c obj/SKYROVER/drv_pwm.o
 .text.pwmInConfig
                0x0000000008005748       0x64 obj/SKYROVER/drv_pwm.o
 .text.pwmInit  0x00000000080057ac      0x150 obj/SKYROVER/drv_pwm.o
                0x00000000080057ac                pwmInit
 .text.pwmWriteMotor
                0x00000000080058fc       0x1c obj/SKYROVER/drv_pwm.o
                0x00000000080058fc                pwmWriteMotor
 .text.pwmWriteServo
                0x0000000008005918       0x1c obj/SKYROVER/drv_pwm.o
                0x0000000008005918                pwmWriteServo
 .text.pwmRead  0x0000000008005934        0xc obj/SKYROVER/drv_pwm.o
                0x0000000008005934                pwmRead
 .text.spiTransfer
                0x0000000008005940       0x54 obj/SKYROVER/drv_spi.o
                0x0000000008005940                spiTransfer
 .text.spiInit  0x0000000008005994       0xf4 obj/SKYROVER/drv_spi.o
                0x0000000008005994                spiInit
 .text.configureTimerChannelCallback
                0x0000000008005a88       0x48 obj/SKYROVER/drv_timer.o
                0x0000000008005a88                configureTimerChannelCallback
 .text.configureTimerInputCaptureCompareChannel
                0x0000000008005ad0       0x2c obj/SKYROVER/drv_timer.o
                0x0000000008005ad0                configureTimerInputCaptureCompareChannel
 .text.configureTimerCaptureCompareInterrupt
                0x0000000008005afc       0x1e obj/SKYROVER/drv_timer.o
                0x0000000008005afc                configureTimerCaptureCompareInterrupt
 .text.timerNVICConfig
                0x0000000008005b1a       0x22 obj/SKYROVER/drv_timer.o
                0x0000000008005b1a                timerNVICConfig
 .text.configTimeBase
                0x0000000008005b3c       0x44 obj/SKYROVER/drv_timer.o
                0x0000000008005b3c                configTimeBase
 .text.timerInConfig
                0x0000000008005b80       0x1c obj/SKYROVER/drv_timer.o
                0x0000000008005b80                timerInConfig
 .text.findTimerConfig
                0x0000000008005b9c       0x3c obj/SKYROVER/drv_timer.o
                0x0000000008005b9c                findTimerConfig
 .text.timCCxHandler
                0x0000000008005bd8       0x9e obj/SKYROVER/drv_timer.o
 *fill*         0x0000000008005c76        0x2 
 .text.TIM1_CC_IRQHandler
                0x0000000008005c78        0xc obj/SKYROVER/drv_timer.o
                0x0000000008005c78                TIM1_CC_IRQHandler
 .text.TIM2_IRQHandler
                0x0000000008005c84        0x8 obj/SKYROVER/drv_timer.o
                0x0000000008005c84                TIM2_IRQHandler
 .text.TIM3_IRQHandler
                0x0000000008005c8c        0xc obj/SKYROVER/drv_timer.o
                0x0000000008005c8c                TIM3_IRQHandler
 .text.TIM4_IRQHandler
                0x0000000008005c98        0xc obj/SKYROVER/drv_timer.o
                0x0000000008005c98                TIM4_IRQHandler
 .text.hexairbotReadRawRC
                0x0000000008005ca4        0xc obj/SKYROVER/hexairbot.o
 .text.hexairbotInit
                0x0000000008005cb0       0x18 obj/SKYROVER/hexairbot.o
                0x0000000008005cb0                hexairbotInit
 .text.hexairbotSetData
                0x0000000008005cc8       0x1c obj/SKYROVER/hexairbot.o
                0x0000000008005cc8                hexairbotSetData
 .text.hexairbotFrameComplete
                0x0000000008005ce4       0x14 obj/SKYROVER/hexairbot.o
                0x0000000008005ce4                hexairbotFrameComplete
 .text.Reset_Handler
                0x0000000008005cf8       0xb0 obj/SKYROVER/startup_stm32f10x_md_gcc.o
                0x0000000008005cf8                Reset_Handler
 .text.Default_Handler
                0x0000000008005da8        0x4 obj/SKYROVER/startup_stm32f10x_md_gcc.o
                0x0000000008005da8                BusFault_Handler
                0x0000000008005da8                DebugMon_Handler
                0x0000000008005da8                PVD_IRQHandler
                0x0000000008005da8                NMI_Handler
                0x0000000008005da8                EXTI3_IRQHandler
                0x0000000008005da8                EXTI0_IRQHandler
                0x0000000008005da8                UsageFault_Handler
                0x0000000008005da8                ADC1_2_IRQHandler
                0x0000000008005da8                SPI1_IRQHandler
                0x0000000008005da8                TAMPER_IRQHandler
                0x0000000008005da8                USART3_IRQHandler
                0x0000000008005da8                RTC_IRQHandler
                0x0000000008005da8                DMA1_Channel7_IRQHandler
                0x0000000008005da8                CAN1_RX1_IRQHandler
                0x0000000008005da8                DMA1_Channel6_IRQHandler
                0x0000000008005da8                RCC_IRQHandler
                0x0000000008005da8                TIM1_TRG_COM_IRQHandler
                0x0000000008005da8                DMA1_Channel1_IRQHandler
                0x0000000008005da8                Default_Handler
                0x0000000008005da8                EXTI9_5_IRQHandler
                0x0000000008005da8                SPI2_IRQHandler
                0x0000000008005da8                MemManage_Handler
                0x0000000008005da8                DMA1_Channel5_IRQHandler
                0x0000000008005da8                EXTI4_IRQHandler
                0x0000000008005da8                USB_HP_CAN1_TX_IRQHandler
                0x0000000008005da8                DMA1_Channel3_IRQHandler
                0x0000000008005da8                TIM1_UP_IRQHandler
                0x0000000008005da8                WWDG_IRQHandler
                0x0000000008005da8                TIM1_BRK_IRQHandler
                0x0000000008005da8                EXTI1_IRQHandler
                0x0000000008005da8                RTCAlarm_IRQHandler
                0x0000000008005da8                DMA1_Channel2_IRQHandler
                0x0000000008005da8                CAN1_SCE_IRQHandler
                0x0000000008005da8                FLASH_IRQHandler
                0x0000000008005da8                EXTI2_IRQHandler
 .text.beep     0x0000000008005dac       0x70 obj/SKYROVER/buzzer.o
 .text.beep_code
                0x0000000008005e1c       0xa8 obj/SKYROVER/buzzer.o
 .text.buzzer   0x0000000008005ec4      0x128 obj/SKYROVER/buzzer.o
                0x0000000008005ec4                buzzer
 .text.i2a      0x0000000008005fec       0x28 obj/SKYROVER/cli.o
 .text._atof    0x0000000008006014      0x12c obj/SKYROVER/cli.o
 .text.cliPrint
                0x0000000008006140       0x1c obj/SKYROVER/cli.o
 .text.cliVersion
                0x000000000800615c        0xc obj/SKYROVER/cli.o
 .text.cliHelp  0x0000000008006168       0x2c obj/SKYROVER/cli.o
 .text.cliStatus
                0x0000000008006194       0xe4 obj/SKYROVER/cli.o
 .text.cliCompare
                0x0000000008006278       0x1a obj/SKYROVER/cli.o
 *fill*         0x0000000008006292        0x2 
 .text.cliSave  0x0000000008006294       0x30 obj/SKYROVER/cli.o
 .text.cliMap   0x00000000080062c4       0xa4 obj/SKYROVER/cli.o
 .text.cliGpsPassthrough
                0x0000000008006368       0x20 obj/SKYROVER/cli.o
 .text.cliFeature
                0x0000000008006388       0xe8 obj/SKYROVER/cli.o
 .text.cliExit  0x0000000008006470       0x38 obj/SKYROVER/cli.o
 .text.cliDefaults
                0x00000000080064a8       0x2c obj/SKYROVER/cli.o
 .text.cliMixer
                0x00000000080064d4       0xa0 obj/SKYROVER/cli.o
 .text.cliProfile
                0x0000000008006574       0x4c obj/SKYROVER/cli.o
 .text.cliMotor
                0x00000000080065c0       0xa8 obj/SKYROVER/cli.o
 .text.cliAux   0x0000000008006668       0x60 obj/SKYROVER/cli.o
 .text.itoa     0x00000000080066c8       0x24 obj/SKYROVER/cli.o
                0x00000000080066c8                itoa
 .text.ftoa     0x00000000080066ec       0xd0 obj/SKYROVER/cli.o
 .text.cliPrintVar
                0x00000000080067bc       0xa0 obj/SKYROVER/cli.o
 .text.cliSet   0x000000000800685c      0x158 obj/SKYROVER/cli.o
 .text.cliDump  0x00000000080069b4      0x1b0 obj/SKYROVER/cli.o
 .text.cliCMix  0x0000000008006b64      0x248 obj/SKYROVER/cli.o
 .text.cliProcess
                0x0000000008006dac      0x1e4 obj/SKYROVER/cli.o
                0x0000000008006dac                cliProcess
 .text.validEEPROM
                0x0000000008006f90       0x44 obj/SKYROVER/config.o
 .text.parseRcChannels
                0x0000000008006fd4       0x30 obj/SKYROVER/config.o
                0x0000000008006fd4                parseRcChannels
 .text.readEEPROM
                0x0000000008007004      0x10c obj/SKYROVER/config.o
                0x0000000008007004                readEEPROM
 .text.writeEEPROM
                0x0000000008007110       0xcc obj/SKYROVER/config.o
                0x0000000008007110                writeEEPROM
 .text.sensors  0x00000000080071dc       0x14 obj/SKYROVER/config.o
                0x00000000080071dc                sensors
 .text.sensorsSet
                0x00000000080071f0       0x10 obj/SKYROVER/config.o
                0x00000000080071f0                sensorsSet
 .text.sensorsClear
                0x0000000008007200       0x10 obj/SKYROVER/config.o
                0x0000000008007200                sensorsClear
 .text.sensorsMask
                0x0000000008007210        0xc obj/SKYROVER/config.o
                0x0000000008007210                sensorsMask
 .text.feature  0x000000000800721c       0x14 obj/SKYROVER/config.o
                0x000000000800721c                feature
 .text.featureSet
                0x0000000008007230       0x10 obj/SKYROVER/config.o
                0x0000000008007230                featureSet
 .text.checkFirstTime
                0x0000000008007240      0x2f4 obj/SKYROVER/config.o
                0x0000000008007240                checkFirstTime
 .text.featureClear
                0x0000000008007534       0x10 obj/SKYROVER/config.o
                0x0000000008007534                featureClear
 .text.featureMask
                0x0000000008007544        0xc obj/SKYROVER/config.o
                0x0000000008007544                featureMask
 .text.gpsSetState
                0x0000000008007550       0x18 obj/SKYROVER/gps.o
 .text.GPS_calc_longitude_scaling
                0x0000000008007568       0x3c obj/SKYROVER/gps.o
 .text.GPS_distance_cm_bearing.isra.3
                0x00000000080075a4       0x84 obj/SKYROVER/gps.o
 .text.get_I.isra.4
                0x0000000008007628       0x4e obj/SKYROVER/gps.o
 *fill*         0x0000000008007676        0x2 
 .text.grab_fields.constprop.6
                0x0000000008007678       0x3c obj/SKYROVER/gps.o
 .text.gpsInitHardware
                0x00000000080076b4       0xd0 obj/SKYROVER/gps.o
                0x00000000080076b4                gpsInitHardware
 .text.gpsThread
                0x0000000008007784       0x78 obj/SKYROVER/gps.o
                0x0000000008007784                gpsThread
 .text.GPS_reset_home_position
                0x00000000080077fc       0x48 obj/SKYROVER/gps.o
                0x00000000080077fc                GPS_reset_home_position
 .text.GPS_reset_nav
                0x0000000008007844       0x58 obj/SKYROVER/gps.o
                0x0000000008007844                GPS_reset_nav
 .text.gpsSetPIDs
                0x000000000800789c       0xa4 obj/SKYROVER/gps.o
                0x000000000800789c                gpsSetPIDs
 .text.gpsInit  0x0000000008007940       0x70 obj/SKYROVER/gps.o
                0x0000000008007940                gpsInit
 .text.gpsSetPassthrough
                0x00000000080079b0       0x7c obj/SKYROVER/gps.o
                0x00000000080079b0                gpsSetPassthrough
 .text.GPS_set_next_wp
                0x0000000008007a2c       0x8c obj/SKYROVER/gps.o
                0x0000000008007a2c                GPS_set_next_wp
 .text.wrap_18000
                0x0000000008007ab8       0x24 obj/SKYROVER/gps.o
                0x0000000008007ab8                wrap_18000
 .text.GPS_coord_to_degrees
                0x0000000008007adc       0xa0 obj/SKYROVER/gps.o
                0x0000000008007adc                GPS_coord_to_degrees
 *fill*         0x0000000008007b7c        0x4 
 .text.gpsNewData
                0x0000000008007b80      0xbd8 obj/SKYROVER/gps.o
 .text.calculateHeading
                0x0000000008008758       0xf8 obj/SKYROVER/imu.o
 .text.imuInit  0x0000000008008850       0x58 obj/SKYROVER/imu.o
                0x0000000008008850                imuInit
 .text.rotateV  0x00000000080088a8      0x170 obj/SKYROVER/imu.o
                0x00000000080088a8                rotateV
 .text.applyDeadband
                0x0000000008008a18       0x1e obj/SKYROVER/imu.o
                0x0000000008008a18                applyDeadband
 *fill*         0x0000000008008a36        0x2 
 .text.acc_calc
                0x0000000008008a38      0x190 obj/SKYROVER/imu.o
                0x0000000008008a38                acc_calc
 .text.computeIMU
                0x0000000008008bc8      0x358 obj/SKYROVER/imu.o
                0x0000000008008bc8                computeIMU
 .text.accSum_reset
                0x0000000008008f20       0x20 obj/SKYROVER/imu.o
                0x0000000008008f20                accSum_reset
 .text.getEstimatedAltitude
                0x0000000008008f40      0x37c obj/SKYROVER/imu.o
                0x0000000008008f40                getEstimatedAltitude
 .text._putc    0x00000000080092bc        0xc obj/SKYROVER/main.o
 .text.startup.main
                0x00000000080092c8      0x290 obj/SKYROVER/main.o
                0x00000000080092c8                main
 .text.HardFault_Handler
                0x0000000008009558       0x14 obj/SKYROVER/main.o
                0x0000000008009558                HardFault_Handler
 .text.servoMiddle
                0x000000000800956c       0x28 obj/SKYROVER/mixer.o
                0x000000000800956c                servoMiddle
 .text.mixerResetMotors
                0x0000000008009594       0x30 obj/SKYROVER/mixer.o
                0x0000000008009594                mixerResetMotors
 .text.mixerInit
                0x00000000080095c4      0x114 obj/SKYROVER/mixer.o
                0x00000000080095c4                mixerInit
 .text.mixerLoadMix
                0x00000000080096d8       0x50 obj/SKYROVER/mixer.o
                0x00000000080096d8                mixerLoadMix
 .text.writeServos
                0x0000000008009728       0xc0 obj/SKYROVER/mixer.o
                0x0000000008009728                writeServos
 .text.writeMotors
                0x00000000080097e8       0x28 obj/SKYROVER/mixer.o
                0x00000000080097e8                writeMotors
 .text.writeAllMotors
                0x0000000008009810       0x24 obj/SKYROVER/mixer.o
                0x0000000008009810                writeAllMotors
 .text.mixTable
                0x0000000008009834      0x65c obj/SKYROVER/mixer.o
                0x0000000008009834                mixTable
 .text.pidMultiWii
                0x0000000008009e90      0x238 obj/SKYROVER/mw.o
 .text.pidRewrite
                0x000000000800a0c8      0x178 obj/SKYROVER/mw.o
 .text.blinkLED
                0x000000000800a240       0x4c obj/SKYROVER/mw.o
                0x000000000800a240                blinkLED
 *fill*         0x000000000800a28c        0x4 
 .text.annexCode
                0x000000000800a290      0x418 obj/SKYROVER/mw.o
                0x000000000800a290                annexCode
 .text.pwmReadRawRC
                0x000000000800a6a8       0x28 obj/SKYROVER/mw.o
                0x000000000800a6a8                pwmReadRawRC
 .text.computeRC
                0x000000000800a6d0       0xb0 obj/SKYROVER/mw.o
                0x000000000800a6d0                computeRC
 .text.mwArm    0x000000000800a780       0x40 obj/SKYROVER/mw.o
                0x000000000800a780                mwArm
 .text.mwDisarm
                0x000000000800a7c0       0x10 obj/SKYROVER/mw.o
                0x000000000800a7c0                mwDisarm
 .text.setPIDController
                0x000000000800a7d0       0x1c obj/SKYROVER/mw.o
                0x000000000800a7d0                setPIDController
 .text.loop     0x000000000800a7ec      0xae4 obj/SKYROVER/mw.o
                0x000000000800a7ec                loop
 .text.sensorsAutodetect
                0x000000000800b2d0      0x1cc obj/SKYROVER/sensors.o
                0x000000000800b2d0                sensorsAutodetect
 .text.batteryAdcToVoltage
                0x000000000800b49c       0x3c obj/SKYROVER/sensors.o
                0x000000000800b49c                batteryAdcToVoltage
 .text.batteryInit
                0x000000000800b4d8       0x54 obj/SKYROVER/sensors.o
                0x000000000800b4d8                batteryInit
 .text.ACC_getADC
                0x000000000800b52c      0x1d4 obj/SKYROVER/sensors.o
                0x000000000800b52c                ACC_getADC
 .text.Baro_Common
                0x000000000800b700       0x44 obj/SKYROVER/sensors.o
                0x000000000800b700                Baro_Common
 .text.Baro_update
                0x000000000800b744       0x70 obj/SKYROVER/sensors.o
                0x000000000800b744                Baro_update
 .text.Gyro_getADC
                0x000000000800b7b4      0x194 obj/SKYROVER/sensors.o
                0x000000000800b7b4                Gyro_getADC
 .text.Mag_init
                0x000000000800b948       0x20 obj/SKYROVER/sensors.o
                0x000000000800b948                Mag_init
 .text.Mag_getADC
                0x000000000800b968      0x114 obj/SKYROVER/sensors.o
                0x000000000800b968                Mag_getADC
 .text.serialize32
                0x000000000800ba7c       0x64 obj/SKYROVER/serial.o
                0x000000000800ba7c                serialize32
 .text.serialize16
                0x000000000800bae0       0x40 obj/SKYROVER/serial.o
                0x000000000800bae0                serialize16
 .text.serialize8
                0x000000000800bb20       0x20 obj/SKYROVER/serial.o
                0x000000000800bb20                serialize8
 .text.read8    0x000000000800bb40       0x18 obj/SKYROVER/serial.o
                0x000000000800bb40                read8
 .text.read16   0x000000000800bb58       0x14 obj/SKYROVER/serial.o
                0x000000000800bb58                read16
 .text.read32   0x000000000800bb6c       0x12 obj/SKYROVER/serial.o
                0x000000000800bb6c                read32
 *fill*         0x000000000800bb7e        0x2 
 .text.headSerialResponse
                0x000000000800bb80       0x40 obj/SKYROVER/serial.o
                0x000000000800bb80                headSerialResponse
 .text.headSerialReply
                0x000000000800bbc0        0x8 obj/SKYROVER/serial.o
                0x000000000800bbc0                headSerialReply
 .text.headSerialError
                0x000000000800bbc8        0x8 obj/SKYROVER/serial.o
                0x000000000800bbc8                headSerialError
 .text.tailSerialReply
                0x000000000800bbd0        0xc obj/SKYROVER/serial.o
                0x000000000800bbd0                tailSerialReply
 .text.s_struct
                0x000000000800bbdc       0x20 obj/SKYROVER/serial.o
                0x000000000800bbdc                s_struct
 .text.serializeNames
                0x000000000800bbfc       0x12 obj/SKYROVER/serial.o
                0x000000000800bbfc                serializeNames
 *fill*         0x000000000800bc0e        0x2 
 .text.serializeBoxNamesReply
                0x000000000800bc10       0x6c obj/SKYROVER/serial.o
                0x000000000800bc10                serializeBoxNamesReply
 .text.serialInit
                0x000000000800bc7c      0x104 obj/SKYROVER/serial.o
                0x000000000800bc7c                serialInit
 .text.serialCom
                0x000000000800bd80      0xbb8 obj/SKYROVER/serial.o
                0x000000000800bd80                serialCom
 .text.sbusReadRawRC
                0x000000000800c938       0x20 obj/SKYROVER/sbus.o
 .text.sbusDataReceive
                0x000000000800c958       0x58 obj/SKYROVER/sbus.o
 .text.sbusInit
                0x000000000800c9b0       0x54 obj/SKYROVER/sbus.o
                0x000000000800c9b0                sbusInit
 .text.sbusFrameComplete
                0x000000000800ca04       0xb0 obj/SKYROVER/sbus.o
                0x000000000800ca04                sbusFrameComplete
 .text.sumdReadRawRC
                0x000000000800cab4       0x1c obj/SKYROVER/sumd.o
 .text.sumdDataReceive
                0x000000000800cad0       0x70 obj/SKYROVER/sumd.o
 .text.sumdInit
                0x000000000800cb40       0x30 obj/SKYROVER/sumd.o
                0x000000000800cb40                sumdInit
 .text.sumdFrameComplete
                0x000000000800cb70       0x6c obj/SKYROVER/sumd.o
                0x000000000800cb70                sumdFrameComplete
 .text.spektrumDataReceive
                0x000000000800cbdc       0x68 obj/SKYROVER/spektrum.o
 .text.spektrumReadRawRC
                0x000000000800cc44       0x90 obj/SKYROVER/spektrum.o
 .text.spektrumInit
                0x000000000800ccd4       0x68 obj/SKYROVER/spektrum.o
                0x000000000800ccd4                spektrumInit
 .text.spektrumFrameComplete
                0x000000000800cd3c        0xc obj/SKYROVER/spektrum.o
                0x000000000800cd3c                spektrumFrameComplete
 .text.sendDataHead
                0x000000000800cd48       0x20 obj/SKYROVER/telemetry.o
 .text.sendTelemetryTail
                0x000000000800cd68       0x10 obj/SKYROVER/telemetry.o
 .text.serializeFrsky
                0x000000000800cd78       0x30 obj/SKYROVER/telemetry.o
 .text.serialize16
                0x000000000800cda8       0x16 obj/SKYROVER/telemetry.o
 *fill*         0x000000000800cdbe        0x2 
 .text.initTelemetry
                0x000000000800cdc0       0x30 obj/SKYROVER/telemetry.o
                0x000000000800cdc0                initTelemetry
 .text.updateTelemetryState
                0x000000000800cdf0       0x5c obj/SKYROVER/telemetry.o
                0x000000000800cdf0                updateTelemetryState
 .text.sendTelemetry
                0x000000000800ce4c      0x314 obj/SKYROVER/telemetry.o
                0x000000000800ce4c                sendTelemetry
 .text.gpioInit
                0x000000000800d160       0x72 obj/SKYROVER/drv_gpio.o
                0x000000000800d160                gpioInit
 .text.gpioExtiLineConfig
                0x000000000800d1d2       0x2a obj/SKYROVER/drv_gpio.o
                0x000000000800d1d2                gpioExtiLineConfig
 .text.i2c_ev_handler
                0x000000000800d1fc      0x300 obj/SKYROVER/drv_i2c.o
 .text.I2C1_EV_IRQHandler
                0x000000000800d4fc        0x4 obj/SKYROVER/drv_i2c.o
                0x000000000800d4fc                I2C1_EV_IRQHandler
 .text.I2C2_EV_IRQHandler
                0x000000000800d500        0x4 obj/SKYROVER/drv_i2c.o
                0x000000000800d500                I2C2_EV_IRQHandler
 .text.i2cInit  0x000000000800d504      0x134 obj/SKYROVER/drv_i2c.o
                0x000000000800d504                i2cInit
 .text.i2c_er_handler
                0x000000000800d638       0x98 obj/SKYROVER/drv_i2c.o
 .text.I2C1_ER_IRQHandler
                0x000000000800d6d0        0x4 obj/SKYROVER/drv_i2c.o
                0x000000000800d6d0                I2C1_ER_IRQHandler
 .text.I2C2_ER_IRQHandler
                0x000000000800d6d4        0x4 obj/SKYROVER/drv_i2c.o
                0x000000000800d6d4                I2C2_ER_IRQHandler
 .text.i2cWriteBuffer
                0x000000000800d6d8       0xb4 obj/SKYROVER/drv_i2c.o
                0x000000000800d6d8                i2cWriteBuffer
 .text.i2cWrite
                0x000000000800d78c       0x14 obj/SKYROVER/drv_i2c.o
                0x000000000800d78c                i2cWrite
 .text.i2cRead  0x000000000800d7a0       0xb4 obj/SKYROVER/drv_i2c.o
                0x000000000800d7a0                i2cRead
 .text.i2cGetErrorCounter
                0x000000000800d854        0xc obj/SKYROVER/drv_i2c.o
                0x000000000800d854                i2cGetErrorCounter
 .text.SysTick_Handler
                0x000000000800d860       0x1c obj/SKYROVER/drv_system.o
                0x000000000800d860                SysTick_Handler
 .text.micros   0x000000000800d87c       0x34 obj/SKYROVER/drv_system.o
                0x000000000800d87c                micros
 .text.millis   0x000000000800d8b0        0xc obj/SKYROVER/drv_system.o
                0x000000000800d8b0                millis
 .text.delayMicroseconds
                0x000000000800d8bc       0x16 obj/SKYROVER/drv_system.o
                0x000000000800d8bc                delayMicroseconds
 .text.delay    0x000000000800d8d2       0x14 obj/SKYROVER/drv_system.o
                0x000000000800d8d2                delay
 *fill*         0x000000000800d8e6        0x2 
 .text.systemInit
                0x000000000800d8e8      0x118 obj/SKYROVER/drv_system.o
                0x000000000800d8e8                systemInit
 .text.failureMode
                0x000000000800da00       0x38 obj/SKYROVER/drv_system.o
                0x000000000800da00                failureMode
 .text.systemReset
                0x000000000800da38       0x20 obj/SKYROVER/drv_system.o
                0x000000000800da38                systemReset
 .text.systemBeep
                0x000000000800da58        0x2 obj/SKYROVER/drv_system.o
                0x000000000800da58                systemBeep
 .text.serialWrite
                0x000000000800da5a        0xa obj/SKYROVER/drv_serial.o
                0x000000000800da5a                serialWrite
 .text.serialPrint
                0x000000000800da64       0x16 obj/SKYROVER/drv_serial.o
                0x000000000800da64                serialPrint
 .text.serialTotalBytesWaiting
                0x000000000800da7a        0xa obj/SKYROVER/drv_serial.o
                0x000000000800da7a                serialTotalBytesWaiting
 .text.serialRead
                0x000000000800da84        0xa obj/SKYROVER/drv_serial.o
                0x000000000800da84                serialRead
 .text.serialSetBaudRate
                0x000000000800da8e        0xa obj/SKYROVER/drv_serial.o
                0x000000000800da8e                serialSetBaudRate
 .text.isSerialTransmitBufferEmpty
                0x000000000800da98        0xa obj/SKYROVER/drv_serial.o
                0x000000000800da98                isSerialTransmitBufferEmpty
 .text.softSerialTotalBytesWaiting
                0x000000000800daa2       0x18 obj/SKYROVER/drv_softserial.o
                0x000000000800daa2                softSerialTotalBytesWaiting
 .text.softSerialWriteByte
                0x000000000800daba       0x18 obj/SKYROVER/drv_softserial.o
                0x000000000800daba                softSerialWriteByte
 .text.softSerialSetBaudRate
                0x000000000800dad2        0x2 obj/SKYROVER/drv_softserial.o
                0x000000000800dad2                softSerialSetBaudRate
 .text.isSoftSerialTransmitBufferEmpty
                0x000000000800dad4        0xc obj/SKYROVER/drv_softserial.o
                0x000000000800dad4                isSoftSerialTransmitBufferEmpty
 .text.softSerialReadByte
                0x000000000800dae0       0x22 obj/SKYROVER/drv_softserial.o
                0x000000000800dae0                softSerialReadByte
 .text.readRxSignal
                0x000000000800db02       0x20 obj/SKYROVER/drv_softserial.o
                0x000000000800db02                readRxSignal
 .text.setTxSignal
                0x000000000800db22       0x2a obj/SKYROVER/drv_softserial.o
                0x000000000800db22                setTxSignal
 .text.serialInputPortConfig
                0x000000000800db4c       0x24 obj/SKYROVER/drv_softserial.o
                0x000000000800db4c                serialInputPortConfig
 .text.serialTimerConfig
                0x000000000800db70       0x2c obj/SKYROVER/drv_softserial.o
                0x000000000800db70                serialTimerConfig
 .text.serialOutputPortConfig
                0x000000000800db9c       0x24 obj/SKYROVER/drv_softserial.o
                0x000000000800db9c                serialOutputPortConfig
 .text.setupSoftSerial1
                0x000000000800dbc0       0x8c obj/SKYROVER/drv_softserial.o
                0x000000000800dbc0                setupSoftSerial1
 .text.updateBufferIndex
                0x000000000800dc4c       0x12 obj/SKYROVER/drv_softserial.o
                0x000000000800dc4c                updateBufferIndex
 .text.searchForStartBit
                0x000000000800dc5e       0x30 obj/SKYROVER/drv_softserial.o
                0x000000000800dc5e                searchForStartBit
 .text.searchForStopBit
                0x000000000800dc8e       0x38 obj/SKYROVER/drv_softserial.o
                0x000000000800dc8e                searchForStopBit
 .text.readDataBit
                0x000000000800dcc6       0x40 obj/SKYROVER/drv_softserial.o
                0x000000000800dcc6                readDataBit
 .text.processRxState
                0x000000000800dd06       0x28 obj/SKYROVER/drv_softserial.o
                0x000000000800dd06                processRxState
 .text.processTxState
                0x000000000800dd2e       0x7c obj/SKYROVER/drv_softserial.o
                0x000000000800dd2e                processTxState
 *fill*         0x000000000800ddaa        0x2 
 .text.onSerialTimer
                0x000000000800ddac       0x20 obj/SKYROVER/drv_softserial.o
                0x000000000800ddac                onSerialTimer
 .text.uartTotalBytesWaiting
                0x000000000800ddcc       0x16 obj/SKYROVER/drv_uart.o
                0x000000000800ddcc                uartTotalBytesWaiting
 .text.isUartTransmitBufferEmpty
                0x000000000800dde2       0x16 obj/SKYROVER/drv_uart.o
                0x000000000800dde2                isUartTransmitBufferEmpty
 .text.uartSetBaudRate
                0x000000000800ddf8       0x4a obj/SKYROVER/drv_uart.o
                0x000000000800ddf8                uartSetBaudRate
 .text.uartStartTxDMA
                0x000000000800de42       0x30 obj/SKYROVER/drv_uart.o
 .text.uartRead
                0x000000000800de72       0x32 obj/SKYROVER/drv_uart.o
                0x000000000800de72                uartRead
 .text.uartWrite
                0x000000000800dea4       0x3c obj/SKYROVER/drv_uart.o
                0x000000000800dea4                uartWrite
 .text.serialUSART1
                0x000000000800dee0       0xa4 obj/SKYROVER/drv_uart.o
                0x000000000800dee0                serialUSART1
 .text.serialUSART2
                0x000000000800df84       0x9c obj/SKYROVER/drv_uart.o
                0x000000000800df84                serialUSART2
 .text.uartOpen
                0x000000000800e020      0x170 obj/SKYROVER/drv_uart.o
                0x000000000800e020                uartOpen
 .text.DMA1_Channel4_IRQHandler
                0x000000000800e190       0x34 obj/SKYROVER/drv_uart.o
                0x000000000800e190                DMA1_Channel4_IRQHandler
 .text.USART1_IRQHandler
                0x000000000800e1c4       0x3c obj/SKYROVER/drv_uart.o
                0x000000000800e1c4                USART1_IRQHandler
 .text.USART2_IRQHandler
                0x000000000800e200       0x74 obj/SKYROVER/drv_uart.o
                0x000000000800e200                USART2_IRQHandler
 .text.Hw_VCom_Init
                0x000000000800e274       0x24 obj/SKYROVER/drv_vcom.o
                0x000000000800e274                Hw_VCom_Init
 .text.Hw_VCom_Q_Init
                0x000000000800e298       0x14 obj/SKYROVER/drv_vcom_q.o
                0x000000000800e298                Hw_VCom_Q_Init
 .text.HW_VCOM_Q_SIZE
                0x000000000800e2ac       0x34 obj/SKYROVER/drv_vcom_q.o
                0x000000000800e2ac                HW_VCOM_Q_SIZE
 .text.Hw_VCom_Q_Push
                0x000000000800e2e0       0x5c obj/SKYROVER/drv_vcom_q.o
                0x000000000800e2e0                Hw_VCom_Q_Push
 .text.uli2a    0x000000000800e33c       0x50 obj/SKYROVER/printf.o
 .text.ui2a     0x000000000800e38c       0x50 obj/SKYROVER/printf.o
 .text.putchw   0x000000000800e3dc       0x48 obj/SKYROVER/printf.o
 .text.tfp_format
                0x000000000800e424      0x18a obj/SKYROVER/printf.o
                0x000000000800e424                tfp_format
 *fill*         0x000000000800e5ae        0x2 
 .text.init_printf
                0x000000000800e5b0       0x14 obj/SKYROVER/printf.o
                0x000000000800e5b0                init_printf
 .text.tfp_printf
                0x000000000800e5c4       0x3c obj/SKYROVER/printf.o
                0x000000000800e5c4                tfp_printf
 .text.constrain
                0x000000000800e600       0x10 obj/SKYROVER/utils.o
                0x000000000800e600                constrain
 .text.initBoardAlignment
                0x000000000800e610      0x170 obj/SKYROVER/utils.o
                0x000000000800e610                initBoardAlignment
 .text.alignBoard
                0x000000000800e780       0xc4 obj/SKYROVER/utils.o
                0x000000000800e780                alignBoard
 .text.alignSensors
                0x000000000800e844       0x7c obj/SKYROVER/utils.o
                0x000000000800e844                alignSensors
 .text.SystemInit
                0x000000000800e8c0       0x4c obj/SKYROVER/system_stm32f10x.o
                0x000000000800e8c0                SystemInit
 .text.SystemCoreClockUpdate
                0x000000000800e90c       0x6c obj/SKYROVER/system_stm32f10x.o
                0x000000000800e90c                SystemCoreClockUpdate
 .text.SetSysClock
                0x000000000800e978      0x130 obj/SKYROVER/system_stm32f10x.o
                0x000000000800e978                SetSysClock
 .text.NVIC_PriorityGroupConfig
                0x000000000800eaa8       0x14 obj/SKYROVER/misc.o
                0x000000000800eaa8                NVIC_PriorityGroupConfig
 .text.NVIC_Init
                0x000000000800eabc       0x68 obj/SKYROVER/misc.o
                0x000000000800eabc                NVIC_Init
 .text.ADC_Init
                0x000000000800eb24       0x48 obj/SKYROVER/stm32f10x_adc.o
                0x000000000800eb24                ADC_Init
 .text.ADC_Cmd  0x000000000800eb6c       0x12 obj/SKYROVER/stm32f10x_adc.o
                0x000000000800eb6c                ADC_Cmd
 .text.ADC_DMACmd
                0x000000000800eb7e       0x12 obj/SKYROVER/stm32f10x_adc.o
                0x000000000800eb7e                ADC_DMACmd
 .text.ADC_ResetCalibration
                0x000000000800eb90        0xa obj/SKYROVER/stm32f10x_adc.o
                0x000000000800eb90                ADC_ResetCalibration
 .text.ADC_GetResetCalibrationStatus
                0x000000000800eb9a        0x8 obj/SKYROVER/stm32f10x_adc.o
                0x000000000800eb9a                ADC_GetResetCalibrationStatus
 .text.ADC_StartCalibration
                0x000000000800eba2        0xa obj/SKYROVER/stm32f10x_adc.o
                0x000000000800eba2                ADC_StartCalibration
 .text.ADC_GetCalibrationStatus
                0x000000000800ebac        0x8 obj/SKYROVER/stm32f10x_adc.o
                0x000000000800ebac                ADC_GetCalibrationStatus
 .text.ADC_SoftwareStartConvCmd
                0x000000000800ebb4       0x12 obj/SKYROVER/stm32f10x_adc.o
                0x000000000800ebb4                ADC_SoftwareStartConvCmd
 .text.ADC_RegularChannelConfig
                0x000000000800ebc6       0x90 obj/SKYROVER/stm32f10x_adc.o
                0x000000000800ebc6                ADC_RegularChannelConfig
 *fill*         0x000000000800ec56        0x2 
 .text.DMA_DeInit
                0x000000000800ec58       0xf0 obj/SKYROVER/stm32f10x_dma.o
                0x000000000800ec58                DMA_DeInit
 .text.DMA_Init
                0x000000000800ed48       0x3c obj/SKYROVER/stm32f10x_dma.o
                0x000000000800ed48                DMA_Init
 .text.DMA_StructInit
                0x000000000800ed84       0x1a obj/SKYROVER/stm32f10x_dma.o
                0x000000000800ed84                DMA_StructInit
 .text.DMA_Cmd  0x000000000800ed9e       0x16 obj/SKYROVER/stm32f10x_dma.o
                0x000000000800ed9e                DMA_Cmd
 .text.DMA_ITConfig
                0x000000000800edb4       0x10 obj/SKYROVER/stm32f10x_dma.o
                0x000000000800edb4                DMA_ITConfig
 .text.DMA_SetCurrDataCounter
                0x000000000800edc4        0x4 obj/SKYROVER/stm32f10x_dma.o
                0x000000000800edc4                DMA_SetCurrDataCounter
 .text.DMA_GetCurrDataCounter
                0x000000000800edc8        0x6 obj/SKYROVER/stm32f10x_dma.o
                0x000000000800edc8                DMA_GetCurrDataCounter
 *fill*         0x000000000800edce        0x2 
 .text.DMA_ClearITPendingBit
                0x000000000800edd0       0x14 obj/SKYROVER/stm32f10x_dma.o
                0x000000000800edd0                DMA_ClearITPendingBit
 .text.EXTI_Init
                0x000000000800ede4       0x74 obj/SKYROVER/stm32f10x_exti.o
                0x000000000800ede4                EXTI_Init
 .text.EXTI_GetITStatus
                0x000000000800ee58       0x1c obj/SKYROVER/stm32f10x_exti.o
                0x000000000800ee58                EXTI_GetITStatus
 .text.EXTI_ClearITPendingBit
                0x000000000800ee74        0xc obj/SKYROVER/stm32f10x_exti.o
                0x000000000800ee74                EXTI_ClearITPendingBit
 .text.FLASH_Unlock
                0x000000000800ee80       0x18 obj/SKYROVER/stm32f10x_flash.o
                0x000000000800ee80                FLASH_Unlock
 .text.FLASH_Lock
                0x000000000800ee98       0x10 obj/SKYROVER/stm32f10x_flash.o
                0x000000000800ee98                FLASH_Lock
 .text.FLASH_ClearFlag
                0x000000000800eea8        0xc obj/SKYROVER/stm32f10x_flash.o
                0x000000000800eea8                FLASH_ClearFlag
 .text.FLASH_GetBank1Status
                0x000000000800eeb4       0x28 obj/SKYROVER/stm32f10x_flash.o
                0x000000000800eeb4                FLASH_GetBank1Status
 .text.FLASH_WaitForLastOperation
                0x000000000800eedc       0x22 obj/SKYROVER/stm32f10x_flash.o
                0x000000000800eedc                FLASH_WaitForLastOperation
 *fill*         0x000000000800eefe        0x2 
 .text.FLASH_ErasePage
                0x000000000800ef00       0x3c obj/SKYROVER/stm32f10x_flash.o
                0x000000000800ef00                FLASH_ErasePage
 .text.FLASH_ProgramWord
                0x000000000800ef3c       0x54 obj/SKYROVER/stm32f10x_flash.o
                0x000000000800ef3c                FLASH_ProgramWord
 .text.GPIO_Init
                0x000000000800ef90       0x9c obj/SKYROVER/stm32f10x_gpio.o
                0x000000000800ef90                GPIO_Init
 .text.GPIO_SetBits
                0x000000000800f02c        0x4 obj/SKYROVER/stm32f10x_gpio.o
                0x000000000800f02c                GPIO_SetBits
 .text.GPIO_ResetBits
                0x000000000800f030        0x4 obj/SKYROVER/stm32f10x_gpio.o
                0x000000000800f030                GPIO_ResetBits
 .text.I2C_DeInit
                0x000000000800f034       0x34 obj/SKYROVER/stm32f10x_i2c.o
                0x000000000800f034                I2C_DeInit
 .text.I2C_Init
                0x000000000800f068       0xdc obj/SKYROVER/stm32f10x_i2c.o
                0x000000000800f068                I2C_Init
 .text.I2C_StructInit
                0x000000000800f144       0x1c obj/SKYROVER/stm32f10x_i2c.o
                0x000000000800f144                I2C_StructInit
 .text.I2C_Cmd  0x000000000800f160       0x18 obj/SKYROVER/stm32f10x_i2c.o
                0x000000000800f160                I2C_Cmd
 .text.I2C_GenerateSTART
                0x000000000800f178       0x18 obj/SKYROVER/stm32f10x_i2c.o
                0x000000000800f178                I2C_GenerateSTART
 .text.I2C_GenerateSTOP
                0x000000000800f190       0x18 obj/SKYROVER/stm32f10x_i2c.o
                0x000000000800f190                I2C_GenerateSTOP
 .text.I2C_AcknowledgeConfig
                0x000000000800f1a8       0x18 obj/SKYROVER/stm32f10x_i2c.o
                0x000000000800f1a8                I2C_AcknowledgeConfig
 .text.I2C_ITConfig
                0x000000000800f1c0       0x12 obj/SKYROVER/stm32f10x_i2c.o
                0x000000000800f1c0                I2C_ITConfig
 .text.I2C_SendData
                0x000000000800f1d2        0x4 obj/SKYROVER/stm32f10x_i2c.o
                0x000000000800f1d2                I2C_SendData
 .text.I2C_ReceiveData
                0x000000000800f1d6        0x6 obj/SKYROVER/stm32f10x_i2c.o
                0x000000000800f1d6                I2C_ReceiveData
 .text.I2C_Send7bitAddress
                0x000000000800f1dc       0x10 obj/SKYROVER/stm32f10x_i2c.o
                0x000000000800f1dc                I2C_Send7bitAddress
 .text.RCC_USBCLKConfig
                0x000000000800f1ec        0xc obj/SKYROVER/stm32f10x_rcc.o
                0x000000000800f1ec                RCC_USBCLKConfig
 .text.RCC_GetClocksFreq
                0x000000000800f1f8       0x98 obj/SKYROVER/stm32f10x_rcc.o
                0x000000000800f1f8                RCC_GetClocksFreq
 .text.RCC_AHBPeriphClockCmd
                0x000000000800f290       0x18 obj/SKYROVER/stm32f10x_rcc.o
                0x000000000800f290                RCC_AHBPeriphClockCmd
 .text.RCC_APB2PeriphClockCmd
                0x000000000800f2a8       0x18 obj/SKYROVER/stm32f10x_rcc.o
                0x000000000800f2a8                RCC_APB2PeriphClockCmd
 .text.RCC_APB1PeriphClockCmd
                0x000000000800f2c0       0x18 obj/SKYROVER/stm32f10x_rcc.o
                0x000000000800f2c0                RCC_APB1PeriphClockCmd
 .text.RCC_APB2PeriphResetCmd
                0x000000000800f2d8       0x18 obj/SKYROVER/stm32f10x_rcc.o
                0x000000000800f2d8                RCC_APB2PeriphResetCmd
 .text.RCC_APB1PeriphResetCmd
                0x000000000800f2f0       0x18 obj/SKYROVER/stm32f10x_rcc.o
                0x000000000800f2f0                RCC_APB1PeriphResetCmd
 .text.RCC_ClearFlag
                0x000000000800f308       0x10 obj/SKYROVER/stm32f10x_rcc.o
                0x000000000800f308                RCC_ClearFlag
 .text.SPI_I2S_DeInit
                0x000000000800f318       0x64 obj/SKYROVER/stm32f10x_spi.o
                0x000000000800f318                SPI_I2S_DeInit
 .text.SPI_Init
                0x000000000800f37c       0x3e obj/SKYROVER/stm32f10x_spi.o
                0x000000000800f37c                SPI_Init
 .text.SPI_Cmd  0x000000000800f3ba       0x18 obj/SKYROVER/stm32f10x_spi.o
                0x000000000800f3ba                SPI_Cmd
 .text.SPI_I2S_SendData
                0x000000000800f3d2        0x4 obj/SKYROVER/stm32f10x_spi.o
                0x000000000800f3d2                SPI_I2S_SendData
 .text.SPI_I2S_ReceiveData
                0x000000000800f3d6        0x6 obj/SKYROVER/stm32f10x_spi.o
                0x000000000800f3d6                SPI_I2S_ReceiveData
 .text.SPI_I2S_GetFlagStatus
                0x000000000800f3dc        0xc obj/SKYROVER/stm32f10x_spi.o
                0x000000000800f3dc                SPI_I2S_GetFlagStatus
 .text.TI1_Config
                0x000000000800f3e8       0x68 obj/SKYROVER/stm32f10x_tim.o
 .text.TI2_Config
                0x000000000800f450       0x78 obj/SKYROVER/stm32f10x_tim.o
 .text.TIM_TimeBaseInit
                0x000000000800f4c8       0x94 obj/SKYROVER/stm32f10x_tim.o
                0x000000000800f4c8                TIM_TimeBaseInit
 .text.TIM_OC1Init
                0x000000000800f55c       0x88 obj/SKYROVER/stm32f10x_tim.o
                0x000000000800f55c                TIM_OC1Init
 .text.TIM_OC2Init
                0x000000000800f5e4       0x88 obj/SKYROVER/stm32f10x_tim.o
                0x000000000800f5e4                TIM_OC2Init
 .text.TIM_OC3Init
                0x000000000800f66c       0x84 obj/SKYROVER/stm32f10x_tim.o
                0x000000000800f66c                TIM_OC3Init
 .text.TIM_OC4Init
                0x000000000800f6f0       0x68 obj/SKYROVER/stm32f10x_tim.o
                0x000000000800f6f0                TIM_OC4Init
 .text.TIM_TimeBaseStructInit
                0x000000000800f758       0x12 obj/SKYROVER/stm32f10x_tim.o
                0x000000000800f758                TIM_TimeBaseStructInit
 .text.TIM_OCStructInit
                0x000000000800f76a       0x14 obj/SKYROVER/stm32f10x_tim.o
                0x000000000800f76a                TIM_OCStructInit
 .text.TIM_ICStructInit
                0x000000000800f77e       0x10 obj/SKYROVER/stm32f10x_tim.o
                0x000000000800f77e                TIM_ICStructInit
 .text.TIM_Cmd  0x000000000800f78e       0x18 obj/SKYROVER/stm32f10x_tim.o
                0x000000000800f78e                TIM_Cmd
 .text.TIM_CtrlPWMOutputs
                0x000000000800f7a6       0x1c obj/SKYROVER/stm32f10x_tim.o
                0x000000000800f7a6                TIM_CtrlPWMOutputs
 .text.TIM_ITConfig
                0x000000000800f7c2       0x12 obj/SKYROVER/stm32f10x_tim.o
                0x000000000800f7c2                TIM_ITConfig
 .text.TIM_OC1PreloadConfig
                0x000000000800f7d4       0x10 obj/SKYROVER/stm32f10x_tim.o
                0x000000000800f7d4                TIM_OC1PreloadConfig
 .text.TIM_OC2PreloadConfig
                0x000000000800f7e4       0x14 obj/SKYROVER/stm32f10x_tim.o
                0x000000000800f7e4                TIM_OC2PreloadConfig
 .text.TIM_OC3PreloadConfig
                0x000000000800f7f8       0x10 obj/SKYROVER/stm32f10x_tim.o
                0x000000000800f7f8                TIM_OC3PreloadConfig
 .text.TIM_OC4PreloadConfig
                0x000000000800f808       0x14 obj/SKYROVER/stm32f10x_tim.o
                0x000000000800f808                TIM_OC4PreloadConfig
 .text.TIM_SetIC1Prescaler
                0x000000000800f81c       0x16 obj/SKYROVER/stm32f10x_tim.o
                0x000000000800f81c                TIM_SetIC1Prescaler
 .text.TIM_SetIC2Prescaler
                0x000000000800f832       0x1a obj/SKYROVER/stm32f10x_tim.o
                0x000000000800f832                TIM_SetIC2Prescaler
 .text.TIM_SetIC3Prescaler
                0x000000000800f84c       0x16 obj/SKYROVER/stm32f10x_tim.o
                0x000000000800f84c                TIM_SetIC3Prescaler
 .text.TIM_SetIC4Prescaler
                0x000000000800f862       0x1a obj/SKYROVER/stm32f10x_tim.o
                0x000000000800f862                TIM_SetIC4Prescaler
 .text.TIM_ICInit
                0x000000000800f87c      0x130 obj/SKYROVER/stm32f10x_tim.o
                0x000000000800f87c                TIM_ICInit
 .text.TIM_GetCapture1
                0x000000000800f9ac        0x6 obj/SKYROVER/stm32f10x_tim.o
                0x000000000800f9ac                TIM_GetCapture1
 .text.TIM_GetCapture2
                0x000000000800f9b2        0x6 obj/SKYROVER/stm32f10x_tim.o
                0x000000000800f9b2                TIM_GetCapture2
 .text.TIM_GetCapture3
                0x000000000800f9b8        0x6 obj/SKYROVER/stm32f10x_tim.o
                0x000000000800f9b8                TIM_GetCapture3
 .text.TIM_GetCapture4
                0x000000000800f9be        0x8 obj/SKYROVER/stm32f10x_tim.o
                0x000000000800f9be                TIM_GetCapture4
 .text.TIM_GetITStatus
                0x000000000800f9c6       0x16 obj/SKYROVER/stm32f10x_tim.o
                0x000000000800f9c6                TIM_GetITStatus
 .text.TIM_ClearITPendingBit
                0x000000000800f9dc        0x8 obj/SKYROVER/stm32f10x_tim.o
                0x000000000800f9dc                TIM_ClearITPendingBit
 .text.USART_Init
                0x000000000800f9e4       0xa8 obj/SKYROVER/stm32f10x_usart.o
                0x000000000800f9e4                USART_Init
 .text.USART_Cmd
                0x000000000800fa8c       0x18 obj/SKYROVER/stm32f10x_usart.o
                0x000000000800fa8c                USART_Cmd
 .text.USART_ITConfig
                0x000000000800faa4       0x30 obj/SKYROVER/stm32f10x_usart.o
                0x000000000800faa4                USART_ITConfig
 .text.USART_DMACmd
                0x000000000800fad4       0x12 obj/SKYROVER/stm32f10x_usart.o
                0x000000000800fad4                USART_DMACmd
 .text.vListInitialise
                0x000000000800fae6       0x16 obj/SKYROVER/list.o
                0x000000000800fae6                vListInitialise
 .text.vListInitialiseItem
                0x000000000800fafc        0x6 obj/SKYROVER/list.o
                0x000000000800fafc                vListInitialiseItem
 .text.vListInsertEnd
                0x000000000800fb02       0x18 obj/SKYROVER/list.o
                0x000000000800fb02                vListInsertEnd
 .text.vListInsert
                0x000000000800fb1a       0x30 obj/SKYROVER/list.o
                0x000000000800fb1a                vListInsert
 .text.uxListRemove
                0x000000000800fb4a       0x20 obj/SKYROVER/list.o
                0x000000000800fb4a                uxListRemove
 .text.prvCopyDataToQueue
                0x000000000800fb6a       0x66 obj/SKYROVER/queue.o
 .text.prvCopyDataFromQueue
                0x000000000800fbd0       0x26 obj/SKYROVER/queue.o
 .text.prvUnlockQueue
                0x000000000800fbf6       0x64 obj/SKYROVER/queue.o
 .text.xQueueGenericReset
                0x000000000800fc5a       0x62 obj/SKYROVER/queue.o
                0x000000000800fc5a                xQueueGenericReset
 .text.xQueueGenericCreate
                0x000000000800fcbc       0x42 obj/SKYROVER/queue.o
                0x000000000800fcbc                xQueueGenericCreate
 .text.xQueueGenericSend
                0x000000000800fcfe      0x100 obj/SKYROVER/queue.o
                0x000000000800fcfe                xQueueGenericSend
 .text.xQueueCreateMutex
                0x000000000800fdfe       0x50 obj/SKYROVER/queue.o
                0x000000000800fdfe                xQueueCreateMutex
 .text.xQueueGenericSendFromISR
                0x000000000800fe4e       0x84 obj/SKYROVER/queue.o
                0x000000000800fe4e                xQueueGenericSendFromISR
 .text.xQueueGenericReceive
                0x000000000800fed2      0x11a obj/SKYROVER/queue.o
                0x000000000800fed2                xQueueGenericReceive
 .text.vQueueWaitForMessageRestricted
                0x000000000800ffec       0x3a obj/SKYROVER/queue.o
                0x000000000800ffec                vQueueWaitForMessageRestricted
 *fill*         0x0000000008010026        0x2 
 .text.prvAddCurrentTaskToDelayedList
                0x0000000008010028       0x50 obj/SKYROVER/tasks.o
 .text.xTaskGenericCreate
                0x0000000008010078      0x194 obj/SKYROVER/tasks.o
                0x0000000008010078                xTaskGenericCreate
 .text.vTaskStartScheduler
                0x000000000801020c       0x5c obj/SKYROVER/tasks.o
                0x000000000801020c                vTaskStartScheduler
 .text.vTaskSuspendAll
                0x0000000008010268       0x10 obj/SKYROVER/tasks.o
                0x0000000008010268                vTaskSuspendAll
 .text.xTaskGetTickCount
                0x0000000008010278       0x18 obj/SKYROVER/tasks.o
                0x0000000008010278                xTaskGetTickCount
 .text.xTaskIncrementTick
                0x0000000008010290      0x11c obj/SKYROVER/tasks.o
                0x0000000008010290                xTaskIncrementTick
 .text.xTaskResumeAll
                0x00000000080103ac       0xc8 obj/SKYROVER/tasks.o
                0x00000000080103ac                xTaskResumeAll
 .text.vTaskDelay
                0x0000000008010474       0x3c obj/SKYROVER/tasks.o
                0x0000000008010474                vTaskDelay
 .text.prvIdleTask
                0x00000000080104b0       0x64 obj/SKYROVER/tasks.o
 .text.vTaskSwitchContext
                0x0000000008010514       0x68 obj/SKYROVER/tasks.o
                0x0000000008010514                vTaskSwitchContext
 .text.vTaskPlaceOnEventList
                0x000000000801057c       0x4c obj/SKYROVER/tasks.o
                0x000000000801057c                vTaskPlaceOnEventList
 .text.vTaskPlaceOnEventListRestricted
                0x00000000080105c8       0x34 obj/SKYROVER/tasks.o
                0x00000000080105c8                vTaskPlaceOnEventListRestricted
 .text.xTaskRemoveFromEventList
                0x00000000080105fc       0x74 obj/SKYROVER/tasks.o
                0x00000000080105fc                xTaskRemoveFromEventList
 .text.vTaskSetTimeOutState
                0x0000000008010670       0x20 obj/SKYROVER/tasks.o
                0x0000000008010670                vTaskSetTimeOutState
 .text.xTaskCheckForTimeOut
                0x0000000008010690       0x5c obj/SKYROVER/tasks.o
                0x0000000008010690                xTaskCheckForTimeOut
 .text.vTaskMissedYield
                0x00000000080106ec        0xc obj/SKYROVER/tasks.o
                0x00000000080106ec                vTaskMissedYield
 .text.xTaskGetCurrentTaskHandle
                0x00000000080106f8        0xc obj/SKYROVER/tasks.o
                0x00000000080106f8                xTaskGetCurrentTaskHandle
 .text.xTaskGetSchedulerState
                0x0000000008010704       0x1c obj/SKYROVER/tasks.o
                0x0000000008010704                xTaskGetSchedulerState
 .text.vTaskPriorityInherit
                0x0000000008010720       0x68 obj/SKYROVER/tasks.o
                0x0000000008010720                vTaskPriorityInherit
 .text.vTaskPriorityDisinherit
                0x0000000008010788       0x48 obj/SKYROVER/tasks.o
                0x0000000008010788                vTaskPriorityDisinherit
 .text.prvCheckForValidListAndQueue
                0x00000000080107d0       0x4c obj/SKYROVER/timers.o
 .text.prvInsertTimerInActiveList
                0x000000000801081c       0x3c obj/SKYROVER/timers.o
 .text.xTimerCreateTimerTask
                0x0000000008010858       0x44 obj/SKYROVER/timers.o
                0x0000000008010858                xTimerCreateTimerTask
 .text.xTimerGenericCommand
                0x000000000801089c       0x44 obj/SKYROVER/timers.o
                0x000000000801089c                xTimerGenericCommand
 .text.prvSwitchTimerLists.isra.1
                0x00000000080108e0       0x68 obj/SKYROVER/timers.o
 .text.prvTimerTask
                0x0000000008010948      0x15c obj/SKYROVER/timers.o
 .text.osThreadCreate
                0x0000000008010aa4       0x30 obj/SKYROVER/cmsis_os.o
                0x0000000008010aa4                osThreadCreate
 .text.osKernelStart
                0x0000000008010ad4       0x10 obj/SKYROVER/cmsis_os.o
                0x0000000008010ad4                osKernelStart
 .text.osDelay  0x0000000008010ae4       0x10 obj/SKYROVER/cmsis_os.o
                0x0000000008010ae4                osDelay
 .text.osMutexCreate
                0x0000000008010af4        0x6 obj/SKYROVER/cmsis_os.o
                0x0000000008010af4                osMutexCreate
 .text.osMutexWait
                0x0000000008010afa       0x24 obj/SKYROVER/cmsis_os.o
                0x0000000008010afa                osMutexWait
 .text.osMutexRelease
                0x0000000008010b1e       0x1e obj/SKYROVER/cmsis_os.o
                0x0000000008010b1e                osMutexRelease
 .text.pvPortMalloc
                0x0000000008010b3c       0xb8 obj/SKYROVER/heap_2.o
                0x0000000008010b3c                pvPortMalloc
 .text.vPortFree
                0x0000000008010bf4       0x40 obj/SKYROVER/heap_2.o
                0x0000000008010bf4                vPortFree
 .text.prvPortStartFirstTask
                0x0000000008010c34       0x14 obj/SKYROVER/port.o
 .text.pxPortInitialiseStack
                0x0000000008010c48       0x1c obj/SKYROVER/port.o
                0x0000000008010c48                pxPortInitialiseStack
 .text.SVC_Handler
                0x0000000008010c64       0x20 obj/SKYROVER/port.o
                0x0000000008010c64                SVC_Handler
 .text.vPortYield
                0x0000000008010c84       0x18 obj/SKYROVER/port.o
                0x0000000008010c84                vPortYield
 .text.ulPortSetInterruptMask
                0x0000000008010c9c       0x10 obj/SKYROVER/port.o
                0x0000000008010c9c                ulPortSetInterruptMask
 .text.prvTaskExitError
                0x0000000008010cac       0x1c obj/SKYROVER/port.o
 .text.vPortEnterCritical
                0x0000000008010cc8       0x1c obj/SKYROVER/port.o
                0x0000000008010cc8                vPortEnterCritical
 .text.vPortClearInterruptMask
                0x0000000008010ce4        0x6 obj/SKYROVER/port.o
                0x0000000008010ce4                vPortClearInterruptMask
 *fill*         0x0000000008010cea        0x2 
 .text.vPortExitCritical
                0x0000000008010cec       0x14 obj/SKYROVER/port.o
                0x0000000008010cec                vPortExitCritical
 .text.PendSV_Handler
                0x0000000008010d00       0x3c obj/SKYROVER/port.o
                0x0000000008010d00                PendSV_Handler
 .text.xPortSysTickHandler
                0x0000000008010d3c       0x24 obj/SKYROVER/port.o
                0x0000000008010d3c                xPortSysTickHandler
 .text.vPortSetupTimerInterrupt
                0x0000000008010d60       0x24 obj/SKYROVER/port.o
                0x0000000008010d60                vPortSetupTimerInterrupt
 .text.xPortStartScheduler
                0x0000000008010d84       0x8c obj/SKYROVER/port.o
                0x0000000008010d84                xPortStartScheduler
 .text.vPortValidateInterruptPriority
                0x0000000008010e10       0x44 obj/SKYROVER/port.o
                0x0000000008010e10                vPortValidateInterruptPriority
 .text.Standard_GetConfiguration
                0x0000000008010e54       0x24 obj/SKYROVER/usb_core.o
                0x0000000008010e54                Standard_GetConfiguration
 .text.Standard_GetInterface
                0x0000000008010e78       0x24 obj/SKYROVER/usb_core.o
                0x0000000008010e78                Standard_GetInterface
 .text.Standard_GetStatus
                0x0000000008010e9c       0x90 obj/SKYROVER/usb_core.o
                0x0000000008010e9c                Standard_GetStatus
 .text.DataStageIn
                0x0000000008010f2c       0xa4 obj/SKYROVER/usb_core.o
 .text.Standard_SetConfiguration
                0x0000000008010fd0       0x38 obj/SKYROVER/usb_core.o
                0x0000000008010fd0                Standard_SetConfiguration
 .text.Standard_SetInterface
                0x0000000008011008       0x48 obj/SKYROVER/usb_core.o
                0x0000000008011008                Standard_SetInterface
 .text.Standard_ClearFeature
                0x0000000008011050       0xd8 obj/SKYROVER/usb_core.o
                0x0000000008011050                Standard_ClearFeature
 .text.Standard_SetEndPointFeature
                0x0000000008011128       0x8c obj/SKYROVER/usb_core.o
                0x0000000008011128                Standard_SetEndPointFeature
 .text.Standard_SetDeviceFeature
                0x00000000080111b4       0x24 obj/SKYROVER/usb_core.o
                0x00000000080111b4                Standard_SetDeviceFeature
 .text.Standard_GetDescriptorData
                0x00000000080111d8       0x1c obj/SKYROVER/usb_core.o
                0x00000000080111d8                Standard_GetDescriptorData
 .text.Post0_Process
                0x00000000080111f4       0x40 obj/SKYROVER/usb_core.o
                0x00000000080111f4                Post0_Process
 .text.Setup0_Process
                0x0000000008011234      0x2dc obj/SKYROVER/usb_core.o
                0x0000000008011234                Setup0_Process
 .text.Out0_Process
                0x0000000008011510       0xd0 obj/SKYROVER/usb_core.o
                0x0000000008011510                Out0_Process
 .text.SetDeviceAddress
                0x00000000080115e0       0x40 obj/SKYROVER/usb_core.o
                0x00000000080115e0                SetDeviceAddress
 .text.In0_Process
                0x0000000008011620       0x5c obj/SKYROVER/usb_core.o
                0x0000000008011620                In0_Process
 .text.NOP_Process
                0x000000000801167c        0x2 obj/SKYROVER/usb_core.o
                0x000000000801167c                NOP_Process
 *fill*         0x000000000801167e        0x2 
 .text.USB_Init
                0x0000000008011680       0x38 obj/SKYROVER/usb_init.o
                0x0000000008011680                USB_Init
 .text.CTR_LP   0x00000000080116b8      0x16c obj/SKYROVER/usb_int.o
                0x00000000080116b8                CTR_LP
 .text.UserToPMABufferCopy
                0x0000000008011824       0x30 obj/SKYROVER/usb_mem.o
                0x0000000008011824                UserToPMABufferCopy
 .text.PMAToUserBufferCopy
                0x0000000008011854       0x24 obj/SKYROVER/usb_mem.o
                0x0000000008011854                PMAToUserBufferCopy
 .text.SetBTABLE
                0x0000000008011878       0x10 obj/SKYROVER/usb_regs.o
                0x0000000008011878                SetBTABLE
 .text.SetEPType
                0x0000000008011888       0x1c obj/SKYROVER/usb_regs.o
                0x0000000008011888                SetEPType
 .text.SetEPTxStatus
                0x00000000080118a4       0x32 obj/SKYROVER/usb_regs.o
                0x00000000080118a4                SetEPTxStatus
 .text.SetEPRxStatus
                0x00000000080118d6       0x32 obj/SKYROVER/usb_regs.o
                0x00000000080118d6                SetEPRxStatus
 .text.SetEPTxValid
                0x0000000008011908       0x26 obj/SKYROVER/usb_regs.o
                0x0000000008011908                SetEPTxValid
 .text.SetEPRxValid
                0x000000000801192e       0x26 obj/SKYROVER/usb_regs.o
                0x000000000801192e                SetEPRxValid
 .text.Clear_Status_Out
                0x0000000008011954       0x20 obj/SKYROVER/usb_regs.o
                0x0000000008011954                Clear_Status_Out
 .text.ClearDTOG_RX
                0x0000000008011974       0x24 obj/SKYROVER/usb_regs.o
                0x0000000008011974                ClearDTOG_RX
 .text.ClearDTOG_TX
                0x0000000008011998       0x24 obj/SKYROVER/usb_regs.o
                0x0000000008011998                ClearDTOG_TX
 .text.SetEPTxAddr
                0x00000000080119bc       0x20 obj/SKYROVER/usb_regs.o
                0x00000000080119bc                SetEPTxAddr
 .text.SetEPRxAddr
                0x00000000080119dc       0x20 obj/SKYROVER/usb_regs.o
                0x00000000080119dc                SetEPRxAddr
 .text.GetEPTxAddr
                0x00000000080119fc       0x1c obj/SKYROVER/usb_regs.o
                0x00000000080119fc                GetEPTxAddr
 .text.GetEPRxAddr
                0x0000000008011a18       0x1c obj/SKYROVER/usb_regs.o
                0x0000000008011a18                GetEPRxAddr
 .text.SetEPTxCount
                0x0000000008011a34       0x1c obj/SKYROVER/usb_regs.o
                0x0000000008011a34                SetEPTxCount
 .text.SetEPRxCount
                0x0000000008011a50       0x40 obj/SKYROVER/usb_regs.o
                0x0000000008011a50                SetEPRxCount
 .text.GetEPRxCount
                0x0000000008011a90       0x20 obj/SKYROVER/usb_regs.o
                0x0000000008011a90                GetEPRxCount
 .text.ByteSwap
                0x0000000008011ab0        0xa obj/SKYROVER/usb_regs.o
                0x0000000008011ab0                ByteSwap
 *fill*         0x0000000008011aba        0x2 
 .text.USB_SIL_Init
                0x0000000008011abc       0x20 obj/SKYROVER/usb_sil.o
                0x0000000008011abc                USB_SIL_Init
 .text.USB_SIL_Read
                0x0000000008011adc       0x24 obj/SKYROVER/usb_sil.o
                0x0000000008011adc                USB_SIL_Read
 .text.IntToUnicode
                0x0000000008011b00       0x24 obj/SKYROVER/hw_config.o
 .text.USB_LP_CAN1_RX0_IRQHandler
                0x0000000008011b24        0x4 obj/SKYROVER/hw_config.o
                0x0000000008011b24                USB_LP_CAN1_RX0_IRQHandler
 .text.USBWakeUp_IRQHandler
                0x0000000008011b28        0x8 obj/SKYROVER/hw_config.o
                0x0000000008011b28                USBWakeUp_IRQHandler
 .text.Set_System
                0x0000000008011b30       0x50 obj/SKYROVER/hw_config.o
                0x0000000008011b30                Set_System
 .text.Set_USBClock
                0x0000000008011b80       0x16 obj/SKYROVER/hw_config.o
                0x0000000008011b80                Set_USBClock
 .text.USB_Interrupts_Config
                0x0000000008011b96       0x3c obj/SKYROVER/hw_config.o
                0x0000000008011b96                USB_Interrupts_Config
 *fill*         0x0000000008011bd2        0x2 
 .text.USB_Cable_Config
                0x0000000008011bd4       0x1c obj/SKYROVER/hw_config.o
                0x0000000008011bd4                USB_Cable_Config
 .text.USB_To_USART_Send_Data
                0x0000000008011bf0       0x34 obj/SKYROVER/hw_config.o
                0x0000000008011bf0                USB_To_USART_Send_Data
 .text.Handle_USBAsynchXfer
                0x0000000008011c24       0x90 obj/SKYROVER/hw_config.o
                0x0000000008011c24                Handle_USBAsynchXfer
 .text.Get_SerialNum
                0x0000000008011cb4       0x34 obj/SKYROVER/hw_config.o
                0x0000000008011cb4                Get_SerialNum
 .text.EP1_IN_Callback
                0x0000000008011ce8       0x64 obj/SKYROVER/usb_endp.o
                0x0000000008011ce8                EP1_IN_Callback
 .text.EP3_OUT_Callback
                0x0000000008011d4c       0x24 obj/SKYROVER/usb_endp.o
                0x0000000008011d4c                EP3_OUT_Callback
 .text.SOF_Callback
                0x0000000008011d70       0x2c obj/SKYROVER/usb_endp.o
                0x0000000008011d70                SOF_Callback
 .text.USB_Istr
                0x0000000008011d9c       0x6c obj/SKYROVER/usb_istr.o
                0x0000000008011d9c                USB_Istr
 .text.Virtual_Com_Port_SetConfiguration
                0x0000000008011e08       0x18 obj/SKYROVER/usb_prop.o
                0x0000000008011e08                Virtual_Com_Port_SetConfiguration
 .text.Virtual_Com_Port_SetDeviceAddress
                0x0000000008011e20        0xc obj/SKYROVER/usb_prop.o
                0x0000000008011e20                Virtual_Com_Port_SetDeviceAddress
 .text.Virtual_Com_Port_Status_In
                0x0000000008011e2c       0x14 obj/SKYROVER/usb_prop.o
                0x0000000008011e2c                Virtual_Com_Port_Status_In
 .text.Virtual_Com_Port_Status_Out
                0x0000000008011e40        0x2 obj/SKYROVER/usb_prop.o
                0x0000000008011e40                Virtual_Com_Port_Status_Out
 *fill*         0x0000000008011e42        0x2 
 .text.Virtual_Com_Port_Data_Setup
                0x0000000008011e44       0x5c obj/SKYROVER/usb_prop.o
                0x0000000008011e44                Virtual_Com_Port_Data_Setup
 .text.Virtual_Com_Port_NoData_Setup
                0x0000000008011ea0       0x24 obj/SKYROVER/usb_prop.o
                0x0000000008011ea0                Virtual_Com_Port_NoData_Setup
 .text.Virtual_Com_Port_Get_Interface_Setting
                0x0000000008011ec4       0x10 obj/SKYROVER/usb_prop.o
                0x0000000008011ec4                Virtual_Com_Port_Get_Interface_Setting
 .text.Virtual_Com_Port_GetLineCoding
                0x0000000008011ed4       0x18 obj/SKYROVER/usb_prop.o
                0x0000000008011ed4                Virtual_Com_Port_GetLineCoding
 .text.Virtual_Com_Port_SetLineCoding
                0x0000000008011eec       0x18 obj/SKYROVER/usb_prop.o
                0x0000000008011eec                Virtual_Com_Port_SetLineCoding
 .text.Virtual_Com_Port_init
                0x0000000008011f04       0x24 obj/SKYROVER/usb_prop.o
                0x0000000008011f04                Virtual_Com_Port_init
 .text.Virtual_Com_Port_Reset
                0x0000000008011f28       0xe0 obj/SKYROVER/usb_prop.o
                0x0000000008011f28                Virtual_Com_Port_Reset
 .text.Virtual_Com_Port_GetDeviceDescriptor
                0x0000000008012008        0xc obj/SKYROVER/usb_prop.o
                0x0000000008012008                Virtual_Com_Port_GetDeviceDescriptor
 .text.Virtual_Com_Port_GetConfigDescriptor
                0x0000000008012014        0xc obj/SKYROVER/usb_prop.o
                0x0000000008012014                Virtual_Com_Port_GetConfigDescriptor
 .text.Virtual_Com_Port_GetStringDescriptor
                0x0000000008012020       0x20 obj/SKYROVER/usb_prop.o
                0x0000000008012020                Virtual_Com_Port_GetStringDescriptor
 .text.PowerOn  0x0000000008012040       0x30 obj/SKYROVER/usb_pwr.o
                0x0000000008012040                PowerOn
 .text.thread_main
                0x0000000008012070       0x70 obj/SKYROVER/thread_main.o
                0x0000000008012070                thread_main
 .text._menu_putc
                0x00000000080120e0       0x20 obj/SKYROVER/thread_menu.o
 .text._menu_received
                0x0000000008012100        0xc obj/SKYROVER/thread_menu.o
                0x0000000008012100                _menu_received
 .text._menu_getch
                0x000000000801210c        0xc obj/SKYROVER/thread_menu.o
                0x000000000801210c                _menu_getch
 .text._menu_putch
                0x0000000008012118       0x20 obj/SKYROVER/thread_menu.o
                0x0000000008012118                _menu_putch
 .text._menu_printf
                0x0000000008012138       0x24 obj/SKYROVER/thread_menu.o
                0x0000000008012138                _menu_printf
 .text._menu_show_menu
                0x000000000801215c       0xa0 obj/SKYROVER/thread_menu.o
 .text.cmd_bluetooth_setup
                0x00000000080121fc      0x118 obj/SKYROVER/thread_menu.o
                0x00000000080121fc                cmd_bluetooth_setup
 .text.cmd_bluetooth_check
                0x0000000008012314       0xe4 obj/SKYROVER/thread_menu.o
                0x0000000008012314                cmd_bluetooth_check
 .text.thread_menu
                0x00000000080123f8       0xb4 obj/SKYROVER/thread_menu.o
                0x00000000080123f8                thread_menu
 .text.thread_mw
                0x00000000080124ac       0x34 obj/SKYROVER/thread_mw.o
                0x00000000080124ac                thread_mw
 .text.cosf     0x00000000080124e0       0x6c /Users/imac/Develop/stm32f4/arm_gcc/gcc-arm-none-eabi-4_8-2014q2/bin/../lib/gcc/arm-none-eabi/4.8.4/../../../../arm-none-eabi/lib/armv7-m/libm.a(lib_a-sf_cos.o)
                0x00000000080124e0                cosf
 .text.lrintf   0x000000000801254c       0x7c /Users/imac/Develop/stm32f4/arm_gcc/gcc-arm-none-eabi-4_8-2014q2/bin/../lib/gcc/arm-none-eabi/4.8.4/../../../../arm-none-eabi/lib/armv7-m/libm.a(lib_a-sf_lrint.o)
                0x000000000801254c                lrintf
 .text.sinf     0x00000000080125c8       0x7c /Users/imac/Develop/stm32f4/arm_gcc/gcc-arm-none-eabi-4_8-2014q2/bin/../lib/gcc/arm-none-eabi/4.8.4/../../../../arm-none-eabi/lib/armv7-m/libm.a(lib_a-sf_sin.o)
                0x00000000080125c8                sinf
 .text.atan2f   0x0000000008012644        0x4 /Users/imac/Develop/stm32f4/arm_gcc/gcc-arm-none-eabi-4_8-2014q2/bin/../lib/gcc/arm-none-eabi/4.8.4/../../../../arm-none-eabi/lib/armv7-m/libm.a(lib_a-wf_atan2.o)
                0x0000000008012644                atan2f
 .text.powf     0x0000000008012648      0x310 /Users/imac/Develop/stm32f4/arm_gcc/gcc-arm-none-eabi-4_8-2014q2/bin/../lib/gcc/arm-none-eabi/4.8.4/../../../../arm-none-eabi/lib/armv7-m/libm.a(lib_a-wf_pow.o)
                0x0000000008012648                powf
 .text.sqrtf    0x0000000008012958       0x9c /Users/imac/Develop/stm32f4/arm_gcc/gcc-arm-none-eabi-4_8-2014q2/bin/../lib/gcc/arm-none-eabi/4.8.4/../../../../arm-none-eabi/lib/armv7-m/libm.a(lib_a-wf_sqrt.o)
                0x0000000008012958                sqrtf
 .text.__ieee754_atan2f
                0x00000000080129f4      0x120 /Users/imac/Develop/stm32f4/arm_gcc/gcc-arm-none-eabi-4_8-2014q2/bin/../lib/gcc/arm-none-eabi/4.8.4/../../../../arm-none-eabi/lib/armv7-m/libm.a(lib_a-ef_atan2.o)
                0x00000000080129f4                __ieee754_atan2f
 .text.__ieee754_powf
                0x0000000008012b14      0x6f8 /Users/imac/Develop/stm32f4/arm_gcc/gcc-arm-none-eabi-4_8-2014q2/bin/../lib/gcc/arm-none-eabi/4.8.4/../../../../arm-none-eabi/lib/armv7-m/libm.a(lib_a-ef_pow.o)
                0x0000000008012b14                __ieee754_powf
 .text.__ieee754_rem_pio2f
                0x000000000801320c      0x2e8 /Users/imac/Develop/stm32f4/arm_gcc/gcc-arm-none-eabi-4_8-2014q2/bin/../lib/gcc/arm-none-eabi/4.8.4/../../../../arm-none-eabi/lib/armv7-m/libm.a(lib_a-ef_rem_pio2.o)
                0x000000000801320c                __ieee754_rem_pio2f
 .text.__ieee754_sqrtf
                0x00000000080134f4       0xa8 /Users/imac/Develop/stm32f4/arm_gcc/gcc-arm-none-eabi-4_8-2014q2/bin/../lib/gcc/arm-none-eabi/4.8.4/../../../../arm-none-eabi/lib/armv7-m/libm.a(lib_a-ef_sqrt.o)
                0x00000000080134f4                __ieee754_sqrtf
 .text.__kernel_cosf
                0x000000000801359c      0x188 /Users/imac/Develop/stm32f4/arm_gcc/gcc-arm-none-eabi-4_8-2014q2/bin/../lib/gcc/arm-none-eabi/4.8.4/../../../../arm-none-eabi/lib/armv7-m/libm.a(lib_a-kf_cos.o)
                0x000000000801359c                __kernel_cosf
 .text.__kernel_rem_pio2f
                0x0000000008013724      0x670 /Users/imac/Develop/stm32f4/arm_gcc/gcc-arm-none-eabi-4_8-2014q2/bin/../lib/gcc/arm-none-eabi/4.8.4/../../../../arm-none-eabi/lib/armv7-m/libm.a(lib_a-kf_rem_pio2.o)
                0x0000000008013724                __kernel_rem_pio2f
 .text.__kernel_sinf
                0x0000000008013d94       0xec /Users/imac/Develop/stm32f4/arm_gcc/gcc-arm-none-eabi-4_8-2014q2/bin/../lib/gcc/arm-none-eabi/4.8.4/../../../../arm-none-eabi/lib/armv7-m/libm.a(lib_a-kf_sin.o)
                0x0000000008013d94                __kernel_sinf
 .text.matherr  0x0000000008013e80        0x4 /Users/imac/Develop/stm32f4/arm_gcc/gcc-arm-none-eabi-4_8-2014q2/bin/../lib/gcc/arm-none-eabi/4.8.4/../../../../arm-none-eabi/lib/armv7-m/libm.a(lib_a-s_matherr.o)
                0x0000000008013e80                matherr
 .text.rint     0x0000000008013e84      0x118 /Users/imac/Develop/stm32f4/arm_gcc/gcc-arm-none-eabi-4_8-2014q2/bin/../lib/gcc/arm-none-eabi/4.8.4/../../../../arm-none-eabi/lib/armv7-m/libm.a(lib_a-s_rint.o)
                0x0000000008013e84                rint
 .text.atanf    0x0000000008013f9c      0x22c /Users/imac/Develop/stm32f4/arm_gcc/gcc-arm-none-eabi-4_8-2014q2/bin/../lib/gcc/arm-none-eabi/4.8.4/../../../../arm-none-eabi/lib/armv7-m/libm.a(lib_a-sf_atan.o)
                0x0000000008013f9c                atanf
 .text.fabsf    0x00000000080141c8        0x8 /Users/imac/Develop/stm32f4/arm_gcc/gcc-arm-none-eabi-4_8-2014q2/bin/../lib/gcc/arm-none-eabi/4.8.4/../../../../arm-none-eabi/lib/armv7-m/libm.a(lib_a-sf_fabs.o)
                0x00000000080141c8                fabsf
 .text.finitef  0x00000000080141d0       0x10 /Users/imac/Develop/stm32f4/arm_gcc/gcc-arm-none-eabi-4_8-2014q2/bin/../lib/gcc/arm-none-eabi/4.8.4/../../../../arm-none-eabi/lib/armv7-m/libm.a(lib_a-sf_finite.o)
                0x00000000080141d0                finitef
 .text.floorf   0x00000000080141e0       0x8c /Users/imac/Develop/stm32f4/arm_gcc/gcc-arm-none-eabi-4_8-2014q2/bin/../lib/gcc/arm-none-eabi/4.8.4/../../../../arm-none-eabi/lib/armv7-m/libm.a(lib_a-sf_floor.o)
                0x00000000080141e0                floorf
 .text.__fpclassifyf
                0x000000000801426c       0x34 /Users/imac/Develop/stm32f4/arm_gcc/gcc-arm-none-eabi-4_8-2014q2/bin/../lib/gcc/arm-none-eabi/4.8.4/../../../../arm-none-eabi/lib/armv7-m/libm.a(lib_a-sf_fpclassify.o)
                0x000000000801426c                __fpclassifyf
 .text.nanf     0x00000000080142a0        0x8 /Users/imac/Develop/stm32f4/arm_gcc/gcc-arm-none-eabi-4_8-2014q2/bin/../lib/gcc/arm-none-eabi/4.8.4/../../../../arm-none-eabi/lib/armv7-m/libm.a(lib_a-sf_nan.o)
                0x00000000080142a0                nanf
 .text.scalbnf  0x00000000080142a8       0xb4 /Users/imac/Develop/stm32f4/arm_gcc/gcc-arm-none-eabi-4_8-2014q2/bin/../lib/gcc/arm-none-eabi/4.8.4/../../../../arm-none-eabi/lib/armv7-m/libm.a(lib_a-sf_scalbn.o)
                0x00000000080142a8                scalbnf
 .text.copysignf
                0x000000000801435c        0xc /Users/imac/Develop/stm32f4/arm_gcc/gcc-arm-none-eabi-4_8-2014q2/bin/../lib/gcc/arm-none-eabi/4.8.4/../../../../arm-none-eabi/lib/armv7-m/libm.a(lib_a-sf_copysign.o)
                0x000000000801435c                copysignf
 .text.atoi     0x0000000008014368        0x8 /Users/imac/Develop/stm32f4/arm_gcc/gcc-arm-none-eabi-4_8-2014q2/bin/../lib/gcc/arm-none-eabi/4.8.4/../../../../arm-none-eabi/lib/armv7-m/libc.a(lib_a-atoi.o)
                0x0000000008014368                atoi
 .text.bsearch  0x0000000008014370       0x44 /Users/imac/Develop/stm32f4/arm_gcc/gcc-arm-none-eabi-4_8-2014q2/bin/../lib/gcc/arm-none-eabi/4.8.4/../../../../arm-none-eabi/lib/armv7-m/libc.a(lib_a-bsearch.o)
                0x0000000008014370                bsearch
 .text.__errno  0x00000000080143b4        0xc /Users/imac/Develop/stm32f4/arm_gcc/gcc-arm-none-eabi-4_8-2014q2/bin/../lib/gcc/arm-none-eabi/4.8.4/../../../../arm-none-eabi/lib/armv7-m/libc.a(lib_a-errno.o)
                0x00000000080143b4                __errno
 .text.__libc_init_array