Archive member included because of file (symbol)

/Users/imac/Develop/stm32f4/arm_gcc/gcc-arm-none-eabi-4_8-2014q2/bin/../lib/gcc/arm-none-eabi/4.8.4/../../../../arm-none-eabi/lib/armv7-m/libm.a(lib_a-sf_cos.o)
                              obj/SKYROVER/gps.o (cosf)
/Users/imac/Develop/stm32f4/arm_gcc/gcc-arm-none-eabi-4_8-2014q2/bin/../lib/gcc/arm-none-eabi/4.8.4/../../../../arm-none-eabi/lib/armv7-m/libm.a(lib_a-sf_lrint.o)
                              obj/SKYROVER/imu.o (lrintf)
/Users/imac/Develop/stm32f4/arm_gcc/gcc-arm-none-eabi-4_8-2014q2/bin/../lib/gcc/arm-none-eabi/4.8.4/../../../../arm-none-eabi/lib/armv7-m/libm.a(lib_a-sf_sin.o)
                              obj/SKYROVER/gps.o (sinf)
/Users/imac/Develop/stm32f4/arm_gcc/gcc-arm-none-eabi-4_8-2014q2/bin/../lib/gcc/arm-none-eabi/4.8.4/../../../../arm-none-eabi/lib/armv7-m/libm.a(lib_a-wf_atan2.o)
                              obj/SKYROVER/gps.o (atan2f)
/Users/imac/Develop/stm32f4/arm_gcc/gcc-arm-none-eabi-4_8-2014q2/bin/../lib/gcc/arm-none-eabi/4.8.4/../../../../arm-none-eabi/lib/armv7-m/libm.a(lib_a-wf_pow.o)
                              obj/SKYROVER/imu.o (powf)
/Users/imac/Develop/stm32f4/arm_gcc/gcc-arm-none-eabi-4_8-2014q2/bin/../lib/gcc/arm-none-eabi/4.8.4/../../../../arm-none-eabi/lib/armv7-m/libm.a(lib_a-wf_sqrt.o)
                              obj/SKYROVER/gps.o (sqrtf)
/Users/imac/Develop/stm32f4/arm_gcc/gcc-arm-none-eabi-4_8-2014q2/bin/../lib/gcc/arm-none-eabi/4.8.4/../../../../arm-none-eabi/lib/armv7-m/libm.a(lib_a-ef_atan2.o)
                              /Users/imac/Develop/stm32f4/arm_gcc/gcc-arm-none-eabi-4_8-2014q2/bin/../lib/gcc/arm-none-eabi/4.8.4/../../../../arm-none-eabi/lib/armv7-m/libm.a(lib_a-wf_atan2.o) (__ieee754_atan2f)
/Users/imac/Develop/stm32f4/arm_gcc/gcc-arm-none-eabi-4_8-2014q2/bin/../lib/gcc/arm-none-eabi/4.8.4/../../../../arm-none-eabi/lib/armv7-m/libm.a(lib_a-ef_pow.o)
                              /Users/imac/Develop/stm32f4/arm_gcc/gcc-arm-none-eabi-4_8-2014q2/bin/../lib/gcc/arm-none-eabi/4.8.4/../../../../arm-none-eabi/lib/armv7-m/libm.a(lib_a-wf_pow.o) (__ieee754_powf)
/Users/imac/Develop/stm32f4/arm_gcc/gcc-arm-none-eabi-4_8-2014q2/bin/../lib/gcc/arm-none-eabi/4.8.4/../../../../arm-none-eabi/lib/armv7-m/libm.a(lib_a-ef_rem_pio2.o)
                              /Users/imac/Develop/stm32f4/arm_gcc/gcc-arm-none-eabi-4_8-2014q2/bin/../lib/gcc/arm-none-eabi/4.8.4/../../../../arm-none-eabi/lib/armv7-m/libm.a(lib_a-sf_cos.o) (__ieee754_rem_pio2f)
/Users/imac/Develop/stm32f4/arm_gcc/gcc-arm-none-eabi-4_8-2014q2/bin/../lib/gcc/arm-none-eabi/4.8.4/../../../../arm-none-eabi/lib/armv7-m/libm.a(lib_a-ef_sqrt.o)
                              /Users/imac/Develop/stm32f4/arm_gcc/gcc-arm-none-eabi-4_8-2014q2/bin/../lib/gcc/arm-none-eabi/4.8.4/../../../../arm-none-eabi/lib/armv7-m/libm.a(lib_a-wf_sqrt.o) (__ieee754_sqrtf)
/Users/imac/Develop/stm32f4/arm_gcc/gcc-arm-none-eabi-4_8-2014q2/bin/../lib/gcc/arm-none-eabi/4.8.4/../../../../arm-none-eabi/lib/armv7-m/libm.a(lib_a-kf_cos.o)
                              /Users/imac/Develop/stm32f4/arm_gcc/gcc-arm-none-eabi-4_8-2014q2/bin/../lib/gcc/arm-none-eabi/4.8.4/../../../../arm-none-eabi/lib/armv7-m/libm.a(lib_a-sf_cos.o) (__kernel_cosf)
/Users/imac/Develop/stm32f4/arm_gcc/gcc-arm-none-eabi-4_8-2014q2/bin/../lib/gcc/arm-none-eabi/4.8.4/../../../../arm-none-eabi/lib/armv7-m/libm.a(lib_a-kf_rem_pio2.o)
                              /Users/imac/Develop/stm32f4/arm_gcc/gcc-arm-none-eabi-4_8-2014q2/bin/../lib/gcc/arm-none-eabi/4.8.4/../../../../arm-none-eabi/lib/armv7-m/libm.a(lib_a-ef_rem_pio2.o) (__kernel_rem_pio2f)
/Users/imac/Develop/stm32f4/arm_gcc/gcc-arm-none-eabi-4_8-2014q2/bin/../lib/gcc/arm-none-eabi/4.8.4/../../../../arm-none-eabi/lib/armv7-m/libm.a(lib_a-kf_sin.o)
                              /Users/imac/Develop/stm32f4/arm_gcc/gcc-arm-none-eabi-4_8-2014q2/bin/../lib/gcc/arm-none-eabi/4.8.4/../../../../arm-none-eabi/lib/armv7-m/libm.a(lib_a-sf_cos.o) (__kernel_sinf)
/Users/imac/Develop/stm32f4/arm_gcc/gcc-arm-none-eabi-4_8-2014q2/bin/../lib/gcc/arm-none-eabi/4.8.4/../../../../arm-none-eabi/lib/armv7-m/libm.a(lib_a-s_lib_ver.o)
                              /Users/imac/Develop/stm32f4/arm_gcc/gcc-arm-none-eabi-4_8-2014q2/bin/../lib/gcc/arm-none-eabi/4.8.4/../../../../arm-none-eabi/lib/armv7-m/libm.a(lib_a-wf_pow.o) (__fdlib_version)
/Users/imac/Develop/stm32f4/arm_gcc/gcc-arm-none-eabi-4_8-2014q2/bin/../lib/gcc/arm-none-eabi/4.8.4/../../../../arm-none-eabi/lib/armv7-m/libm.a(lib_a-s_matherr.o)
                              /Users/imac/Develop/stm32f4/arm_gcc/gcc-arm-none-eabi-4_8-2014q2/bin/../lib/gcc/arm-none-eabi/4.8.4/../../../../arm-none-eabi/lib/armv7-m/libm.a(lib_a-wf_pow.o) (matherr)
/Users/imac/Develop/stm32f4/arm_gcc/gcc-arm-none-eabi-4_8-2014q2/bin/../lib/gcc/arm-none-eabi/4.8.4/../../../../arm-none-eabi/lib/armv7-m/libm.a(lib_a-s_rint.o)
[...]
Memory Configuration

Name             Origin             Length             Attributes
FLASH            0x0000000008003000 0x000000000001cc00 xr
RAM              0x0000000020000000 0x0000000000005000 xrw
MEMORY_B1        0x0000000060000000 0x0000000000000000 xr
*default*        0x0000000000000000 0xffffffffffffffff

Linker script and memory map

LOAD /Users/imac/Develop/stm32f4/arm_gcc/gcc-arm-none-eabi-4_8-2014q2/bin/../lib/gcc/arm-none-eabi/4.8.4/armv7-m/crti.o
LOAD /Users/imac/Develop/stm32f4/arm_gcc/gcc-arm-none-eabi-4_8-2014q2/bin/../lib/gcc/arm-none-eabi/4.8.4/armv7-m/crtbegin.o
LOAD /Users/imac/Develop/stm32f4/arm_gcc/gcc-arm-none-eabi-4_8-2014q2/bin/../lib/gcc/arm-none-eabi/4.8.4/../../../../arm-none-eabi/lib/armv7-m/crt0.o
LOAD obj/SKYROVER/drv_adc.o
LOAD obj/SKYROVER/drv_adxl345.o
LOAD obj/SKYROVER/drv_bma280.o
LOAD obj/SKYROVER/drv_bmp085.o
LOAD obj/SKYROVER/drv_ms5611.o
LOAD obj/SKYROVER/drv_hcsr04.o
LOAD obj/SKYROVER/drv_hmc5883l.o
LOAD obj/SKYROVER/drv_ledring.o
LOAD obj/SKYROVER/drv_mma845x.o
LOAD obj/SKYROVER/drv_mpu3050.o
LOAD obj/SKYROVER/drv_mpu6050.o
LOAD obj/SKYROVER/drv_l3g4200d.o
LOAD obj/SKYROVER/drv_pwm.o
LOAD obj/SKYROVER/drv_spi.o
LOAD obj/SKYROVER/drv_timer.o
LOAD obj/SKYROVER/hexairbot.o
LOAD obj/SKYROVER/startup_stm32f10x_md_gcc.o
LOAD obj/SKYROVER/buzzer.o
LOAD obj/SKYROVER/cli.o
LOAD obj/SKYROVER/config.o
LOAD obj/SKYROVER/gps.o
LOAD obj/SKYROVER/imu.o
LOAD obj/SKYROVER/main.o
LOAD obj/SKYROVER/mixer.o
LOAD obj/SKYROVER/mw.o
LOAD obj/SKYROVER/sensors.o
LOAD obj/SKYROVER/serial.o
LOAD obj/SKYROVER/sbus.o
LOAD obj/SKYROVER/sumd.o
LOAD obj/SKYROVER/spektrum.o
LOAD obj/SKYROVER/telemetry.o
LOAD obj/SKYROVER/drv_gpio.o
LOAD obj/SKYROVER/drv_i2c.o
LOAD obj/SKYROVER/drv_i2c_soft.o
LOAD obj/SKYROVER/drv_system.o
LOAD obj/SKYROVER/drv_serial.o
LOAD obj/SKYROVER/drv_softserial.o
LOAD obj/SKYROVER/drv_uart.o
LOAD obj/SKYROVER/drv_vcom.o
LOAD obj/SKYROVER/drv_vcom_q.o
LOAD obj/SKYROVER/drv_u8g.o
LOAD obj/SKYROVER/printf.o
LOAD obj/SKYROVER/utils.o
LOAD obj/SKYROVER/system_stm32f10x.o
LOAD obj/SKYROVER/misc.o
LOAD obj/SKYROVER/stm32f10x_adc.o
LOAD obj/SKYROVER/stm32f10x_bkp.o
LOAD obj/SKYROVER/stm32f10x_can.o
LOAD obj/SKYROVER/stm32f10x_cec.o
LOAD obj/SKYROVER/stm32f10x_crc.o
LOAD obj/SKYROVER/stm32f10x_dac.o
LOAD obj/SKYROVER/stm32f10x_dbgmcu.o
LOAD obj/SKYROVER/stm32f10x_dma.o
LOAD obj/SKYROVER/stm32f10x_exti.o
LOAD obj/SKYROVER/stm32f10x_flash.o
LOAD obj/SKYROVER/stm32f10x_fsmc.o
LOAD obj/SKYROVER/stm32f10x_gpio.o
LOAD obj/SKYROVER/stm32f10x_i2c.o
LOAD obj/SKYROVER/stm32f10x_iwdg.o
LOAD obj/SKYROVER/stm32f10x_pwr.o
LOAD obj/SKYROVER/stm32f10x_rcc.o
LOAD obj/SKYROVER/stm32f10x_rtc.o
LOAD obj/SKYROVER/stm32f10x_sdio.o
LOAD obj/SKYROVER/stm32f10x_spi.o
LOAD obj/SKYROVER/stm32f10x_tim.o
LOAD obj/SKYROVER/stm32f10x_usart.o
LOAD obj/SKYROVER/stm32f10x_wwdg.o
LOAD obj/SKYROVER/croutine.o
LOAD obj/SKYROVER/list.o
LOAD obj/SKYROVER/queue.o
LOAD obj/SKYROVER/tasks.o
LOAD obj/SKYROVER/timers.o
LOAD obj/SKYROVER/cmsis_os.o
LOAD obj/SKYROVER/heap_2.o
LOAD obj/SKYROVER/port.o
LOAD obj/SKYROVER/usb_core.o
LOAD obj/SKYROVER/usb_init.o
LOAD obj/SKYROVER/usb_int.o
LOAD obj/SKYROVER/usb_mem.o
LOAD obj/SKYROVER/usb_regs.o
LOAD obj/SKYROVER/usb_sil.o
LOAD obj/SKYROVER/hw_config.o
LOAD obj/SKYROVER/usb_desc.o
LOAD obj/SKYROVER/usb_endp.o
LOAD obj/SKYROVER/usb_istr.o
LOAD obj/SKYROVER/usb_prop.o
LOAD obj/SKYROVER/usb_pwr.o
LOAD obj/SKYROVER/thread_lcd.o
LOAD obj/SKYROVER/thread_main.o
LOAD obj/SKYROVER/thread_menu.o
LOAD obj/SKYROVER/thread_mw.o
LOAD obj/SKYROVER/chessengine.o
LOAD obj/SKYROVER/u8g_bitmap.o
LOAD obj/SKYROVER/u8g_circle.o
LOAD obj/SKYROVER/u8g_clip.o
LOAD obj/SKYROVER/u8g_com_api.o
LOAD obj/SKYROVER/u8g_com_api_16gr.o
LOAD obj/SKYROVER/u8g_com_i2c.o
LOAD obj/SKYROVER/u8g_com_io.o
LOAD obj/SKYROVER/u8g_com_null.o
LOAD obj/SKYROVER/u8g_cursor.o
LOAD obj/SKYROVER/u8g_delay.o
LOAD obj/SKYROVER/u8g_dev_a2_micro_printer.o
LOAD obj/SKYROVER/u8g_dev_flipdisc_2x7.o
LOAD obj/SKYROVER/u8g_dev_gprof.o
LOAD obj/SKYROVER/u8g_dev_ht1632.o
LOAD obj/SKYROVER/u8g_dev_ili9325d_320x240.o
LOAD obj/SKYROVER/u8g_dev_ks0108_128x64.o
LOAD obj/SKYROVER/u8g_dev_lc7981_160x80.o
LOAD obj/SKYROVER/u8g_dev_lc7981_240x128.o
LOAD obj/SKYROVER/u8g_dev_lc7981_240x64.o
LOAD obj/SKYROVER/u8g_dev_lc7981_320x64.o
LOAD obj/SKYROVER/u8g_dev_ld7032_60x32.o
LOAD obj/SKYROVER/u8g_dev_null.o
LOAD obj/SKYROVER/u8g_dev_pcd8544_84x48.o
LOAD obj/SKYROVER/u8g_dev_pcf8812_96x65.o
LOAD obj/SKYROVER/u8g_dev_sbn1661_122x32.o
LOAD obj/SKYROVER/u8g_dev_ssd1306_128x32.o
LOAD obj/SKYROVER/u8g_dev_ssd1306_128x64.o
LOAD obj/SKYROVER/u8g_dev_ssd1309_128x64.o
LOAD obj/SKYROVER/u8g_dev_ssd1322_nhd31oled_bw.o
LOAD obj/SKYROVER/u8g_dev_ssd1322_nhd31oled_gr.o
LOAD obj/SKYROVER/u8g_dev_ssd1325_nhd27oled_bw.o
LOAD obj/SKYROVER/u8g_dev_ssd1325_nhd27oled_bw_new.o
LOAD obj/SKYROVER/u8g_dev_ssd1325_nhd27oled_gr.o
LOAD obj/SKYROVER/u8g_dev_ssd1325_nhd27oled_gr_new.o
LOAD obj/SKYROVER/u8g_dev_ssd1327_96x96_gr.o
LOAD obj/SKYROVER/u8g_dev_ssd1351_128x128.o
LOAD obj/SKYROVER/u8g_dev_st7565_64128n.o
LOAD obj/SKYROVER/u8g_dev_st7565_dogm128.o
LOAD obj/SKYROVER/u8g_dev_st7565_dogm132.o
LOAD obj/SKYROVER/u8g_dev_st7565_lm6059.o
LOAD obj/SKYROVER/u8g_dev_st7565_lm6063.o
LOAD obj/SKYROVER/u8g_dev_st7565_nhd_c12832.o
LOAD obj/SKYROVER/u8g_dev_st7565_nhd_c12864.o
LOAD obj/SKYROVER/u8g_dev_st7687_c144mvgd.o
LOAD obj/SKYROVER/u8g_dev_st7920_128x64.o
LOAD obj/SKYROVER/u8g_dev_st7920_192x32.o
LOAD obj/SKYROVER/u8g_dev_st7920_202x32.o
LOAD obj/SKYROVER/u8g_dev_t6963_128x128.o
LOAD obj/SKYROVER/u8g_dev_t6963_128x64.o
LOAD obj/SKYROVER/u8g_dev_t6963_240x128.o
LOAD obj/SKYROVER/u8g_dev_t6963_240x64.o
LOAD obj/SKYROVER/u8g_dev_tls8204_84x48.o
LOAD obj/SKYROVER/u8g_dev_uc1601_c128032.o
LOAD obj/SKYROVER/u8g_dev_uc1608_240x64.o
LOAD obj/SKYROVER/u8g_dev_uc1610_dogxl160.o
LOAD obj/SKYROVER/u8g_dev_uc1701_dogs102.o
LOAD obj/SKYROVER/u8g_dev_uc1701_mini12864.o
LOAD obj/SKYROVER/u8g_ellipse.o
LOAD obj/SKYROVER/u8g_font.o
LOAD obj/SKYROVER/u8g_font_data.o
LOAD obj/SKYROVER/u8g_line.o
LOAD obj/SKYROVER/u8g_ll_api.o
LOAD obj/SKYROVER/u8g_page.o
LOAD obj/SKYROVER/u8g_pb.o
LOAD obj/SKYROVER/u8g_pb14v1.o
LOAD obj/SKYROVER/u8g_pb16h1.o
LOAD obj/SKYROVER/u8g_pb16h2.o
LOAD obj/SKYROVER/u8g_pb16v1.o
LOAD obj/SKYROVER/u8g_pb16v2.o
LOAD obj/SKYROVER/u8g_pb32h1.o
LOAD obj/SKYROVER/u8g_pb8h1.o
LOAD obj/SKYROVER/u8g_pb8h1f.o
LOAD obj/SKYROVER/u8g_pb8h2.o
LOAD obj/SKYROVER/u8g_pb8h8.o
LOAD obj/SKYROVER/u8g_pb8v1.o
LOAD obj/SKYROVER/u8g_pb8v2.o
LOAD obj/SKYROVER/u8g_pbxh16.o
LOAD obj/SKYROVER/u8g_pbxh24.o
LOAD obj/SKYROVER/u8g_polygon.o
LOAD obj/SKYROVER/u8g_rect.o
LOAD obj/SKYROVER/u8g_rot.o
LOAD obj/SKYROVER/u8g_scale.o
LOAD obj/SKYROVER/u8g_state.o
LOAD obj/SKYROVER/u8g_u16toa.o
LOAD obj/SKYROVER/u8g_u8toa.o
LOAD obj/SKYROVER/u8g_virtual_screen.o
LOAD /Users/imac/Develop/stm32f4/arm_gcc/gcc-arm-none-eabi-4_8-2014q2/bin/../lib/gcc/arm-none-eabi/4.8.4/../../../../arm-none-eabi/lib/armv7-m/libm.a
START GROUP
LOAD /Users/imac/Develop/stm32f4/arm_gcc/gcc-arm-none-eabi-4_8-2014q2/bin/../lib/gcc/arm-none-eabi/4.8.4/armv7-m/libgcc.a
LOAD /Users/imac/Develop/stm32f4/arm_gcc/gcc-arm-none-eabi-4_8-2014q2/bin/../lib/gcc/arm-none-eabi/4.8.4/../../../../arm-none-eabi/lib/armv7-m/libc.a
END GROUP
LOAD /Users/imac/Develop/stm32f4/arm_gcc/gcc-arm-none-eabi-4_8-2014q2/bin/../lib/gcc/arm-none-eabi/4.8.4/armv7-m/crtend.o
LOAD /Users/imac/Develop/stm32f4/arm_gcc/gcc-arm-none-eabi-4_8-2014q2/bin/../lib/gcc/arm-none-eabi/4.8.4/armv7-m/crtn.o
                0x0000000020005000                _estack = 0x20005000
                0x0000000000000000                _Min_Heap_Size = 0x0
                0x0000000000000400                _Min_Stack_Size = 0x400

.isr_vector     0x0000000008003000      0x10c
                0x0000000008003000                . = ALIGN (0x4)
 *(.isr_vector)
 .isr_vector    0x0000000008003000      0x10c obj/SKYROVER/startup_stm32f10x_md_gcc.o
                0x0000000008003000                g_pfnVectors
                0x000000000800310c                . = ALIGN (0x4)

.text           0x0000000008003110    0x17b8c
                0x0000000008003110                . = ALIGN (0x4)
 *(.text)
 .text          0x0000000008003110       0x54 /Users/imac/Develop/stm32f4/arm_gcc/gcc-arm-none-eabi-4_8-2014q2/bin/../lib/gcc/arm-none-eabi/4.8.4/armv7-m/crtbegin.o
 .text          0x0000000008003164      0x370 /Users/imac/Develop/stm32f4/arm_gcc/gcc-arm-none-eabi-4_8-2014q2/bin/../lib/gcc/arm-none-eabi/4.8.4/armv7-m/libgcc.a(_arm_addsubdf3.o)
                0x0000000008003164                __aeabi_drsub
                0x000000000800316c                __subdf3
                0x000000000800316c                __aeabi_dsub
                0x0000000008003170                __aeabi_dadd
                0x0000000008003170                __adddf3
                0x00000000080033e8                __aeabi_ui2d
                0x00000000080033e8                __floatunsidf
                0x0000000008003408                __floatsidf
                0x0000000008003408                __aeabi_i2d
                0x000000000800342c                __extendsfdf2
                0x000000000800342c                __aeabi_f2d
                0x0000000008003468                __aeabi_ul2d
                0x0000000008003468                __floatundidf
                0x0000000008003478                __aeabi_l2d
                0x0000000008003478                __floatdidf
 .text          0x00000000080034d4      0x424 /Users/imac/Develop/stm32f4/arm_gcc/gcc-arm-none-eabi-4_8-2014q2/bin/../lib/gcc/arm-none-eabi/4.8.4/armv7-m/libgcc.a(_arm_muldivdf3.o)
                0x00000000080034d4                __aeabi_dmul
                0x00000000080034d4                __muldf3
                0x0000000008003728                __aeabi_ddiv
                0x0000000008003728                __divdf3
 .text          0x00000000080038f8      0x110 /Users/imac/Develop/stm32f4/arm_gcc/gcc-arm-none-eabi-4_8-2014q2/bin/../lib/gcc/arm-none-eabi/4.8.4/armv7-m/libgcc.a(_arm_cmpdf2.o)
                0x00000000080038f8                __gtdf2
                0x00000000080038f8                __gedf2
                0x0000000008003900                __ltdf2
                0x0000000008003900                __ledf2
                0x0000000008003908                __eqdf2
                0x0000000008003908                __nedf2
                0x0000000008003908                __cmpdf2
                0x0000000008003984                __aeabi_cdrcmple
                0x0000000008003994                __aeabi_cdcmple
                0x0000000008003994                __aeabi_cdcmpeq
                0x00000000080039a4                __aeabi_dcmpeq
                0x00000000080039b8                __aeabi_dcmplt
                0x00000000080039cc                __aeabi_dcmple
                0x00000000080039e0                __aeabi_dcmpge
                0x00000000080039f4                __aeabi_dcmpgt
 .text          0x0000000008003a08       0xa0 /Users/imac/Develop/stm32f4/arm_gcc/gcc-arm-none-eabi-4_8-2014q2/bin/../lib/gcc/arm-none-eabi/4.8.4/armv7-m/libgcc.a(_arm_truncdfsf2.o)
                0x0000000008003a08                __aeabi_d2f
                0x0000000008003a08                __truncdfsf2
 .text          0x0000000008003aa8      0x21c /Users/imac/Develop/stm32f4/arm_gcc/gcc-arm-none-eabi-4_8-2014q2/bin/../lib/gcc/arm-none-eabi/4.8.4/armv7-m/libgcc.a(_arm_addsubsf3.o)
                0x0000000008003aa8                __aeabi_frsub
                0x0000000008003ab0                __aeabi_fsub
                0x0000000008003ab0                __subsf3
                0x0000000008003ab4                __aeabi_fadd
                0x0000000008003ab4                __addsf3
                0x0000000008003c14                __aeabi_ui2f
                0x0000000008003c14                __floatunsisf
                0x0000000008003c1c                __floatsisf
                0x0000000008003c1c                __aeabi_i2f
                0x0000000008003c38                __aeabi_ul2f
                0x0000000008003c38                __floatundisf
                0x0000000008003c48                __aeabi_l2f
                0x0000000008003c48                __floatdisf
 .text          0x0000000008003cc4      0x2a0 /Users/imac/Develop/stm32f4/arm_gcc/gcc-arm-none-eabi-4_8-2014q2/bin/../lib/gcc/arm-none-eabi/4.8.4/armv7-m/libgcc.a(_arm_muldivsf3.o)
                0x0000000008003cc4                __mulsf3
                0x0000000008003cc4                __aeabi_fmul
                0x0000000008003e2c                __divsf3
                0x0000000008003e2c                __aeabi_fdiv
 .text          0x0000000008003f64       0xec /Users/imac/Develop/stm32f4/arm_gcc/gcc-arm-none-eabi-4_8-2014q2/bin/../lib/gcc/arm-none-eabi/4.8.4/armv7-m/libgcc.a(_arm_cmpsf2.o)
                0x0000000008003f64                __gesf2
                0x0000000008003f64                __gtsf2
                0x0000000008003f6c                __ltsf2
                0x0000000008003f6c                __lesf2
                0x0000000008003f74                __nesf2
                0x0000000008003f74                __eqsf2
                0x0000000008003f74                __cmpsf2
                0x0000000008003fd4                __aeabi_cfrcmple
                0x0000000008003fdc                __aeabi_cfcmpeq
                0x0000000008003fdc                __aeabi_cfcmple
                0x0000000008003fec                __aeabi_fcmpeq
                0x0000000008004000                __aeabi_fcmplt
                0x0000000008004014                __aeabi_fcmple
                0x0000000008004028                __aeabi_fcmpge
                0x000000000800403c                __aeabi_fcmpgt
 .text          0x0000000008004050       0x4c /Users/imac/Develop/stm32f4/arm_gcc/gcc-arm-none-eabi-4_8-2014q2/bin/../lib/gcc/arm-none-eabi/4.8.4/armv7-m/libgcc.a(_arm_fixsfsi.o)
                0x0000000008004050                __fixsfsi
                0x0000000008004050                __aeabi_f2iz
 .text          0x000000000800409c       0x40 /Users/imac/Develop/stm32f4/arm_gcc/gcc-arm-none-eabi-4_8-2014q2/bin/../lib/gcc/arm-none-eabi/4.8.4/armv7-m/libgcc.a(_arm_fixunssfsi.o)
                0x000000000800409c                __aeabi_f2uiz
                0x000000000800409c                __fixunssfsi
 .text          0x00000000080040dc       0xec /Users/imac/Develop/stm32f4/arm_gcc/gcc-arm-none-eabi-4_8-2014q2/bin/../lib/gcc/arm-none-eabi/4.8.4/../../../../arm-none-eabi/lib/armv7-m/libc.a(lib_a-memcpy.o)
                0x00000000080040dc                memcpy
 *(.text*)
 .text.adcInit  0x00000000080041c8       0xec obj/SKYROVER/drv_adc.o
                0x00000000080041c8                adcInit
 .text.adcGetChannel
                0x00000000080042b4       0x10 obj/SKYROVER/drv_adc.o
                0x00000000080042b4                adcGetChannel
 .text.adxl345Read
                0x00000000080042c4       0xe0 obj/SKYROVER/drv_adxl345.o
 .text.adxl345Init
                0x00000000080043a4       0x64 obj/SKYROVER/drv_adxl345.o
 .text.adxl345Detect
                0x0000000008004408       0x58 obj/SKYROVER/drv_adxl345.o
                0x0000000008004408                adxl345Detect
 .text.bma280Read
                0x0000000008004460       0x58 obj/SKYROVER/drv_bma280.o
 .text.bma280Init
                0x00000000080044b8       0x30 obj/SKYROVER/drv_bma280.o
 .text.bma280Detect
                0x00000000080044e8       0x38 obj/SKYROVER/drv_bma280.o
                0x00000000080044e8                bma280Detect
 .text.bmp085_calculate
                0x0000000008004520       0xe0 obj/SKYROVER/drv_bmp085.o
 .text.bmp085_get_up
                0x0000000008004600       0x54 obj/SKYROVER/drv_bmp085.o
 .text.bmp085_get_ut
                0x0000000008004654       0x3c obj/SKYROVER/drv_bmp085.o
 .text.bmp085_start_up
                0x0000000008004690       0x24 obj/SKYROVER/drv_bmp085.o
 .text.bmp085_start_ut
                0x00000000080046b4       0x14 obj/SKYROVER/drv_bmp085.o
 .text.EXTI15_10_IRQHandler
                0x00000000080046c8       0x24 obj/SKYROVER/drv_bmp085.o
                0x00000000080046c8                EXTI15_10_IRQHandler
 .text.bmp085Detect
                0x00000000080046ec      0x1dc obj/SKYROVER/drv_bmp085.o
                0x00000000080046ec                bmp085Detect
 .text.ms5611_calculate
                0x00000000080048c8      0x150 obj/SKYROVER/drv_ms5611.o
 .text.ms5611_read_adc
                0x0000000008004a18       0x24 obj/SKYROVER/drv_ms5611.o
 .text.ms5611_get_up
                0x0000000008004a3c       0x10 obj/SKYROVER/drv_ms5611.o
 .text.ms5611_get_ut
                0x0000000008004a4c       0x10 obj/SKYROVER/drv_ms5611.o
 .text.ms5611_start_up
                0x0000000008004a5c        0xa obj/SKYROVER/drv_ms5611.o
 .text.ms5611_start_ut
                0x0000000008004a66        0xa obj/SKYROVER/drv_ms5611.o
 .text.ms5611Detect
                0x0000000008004a70      0x13c obj/SKYROVER/drv_ms5611.o
                0x0000000008004a70                ms5611Detect
 .text.hmc5883lDetect
                0x0000000008004bac       0x38 obj/SKYROVER/drv_hmc5883l.o
                0x0000000008004bac                hmc5883lDetect
 .text.hmc5883lRead
                0x0000000008004be4       0x8c obj/SKYROVER/drv_hmc5883l.o
                0x0000000008004be4                hmc5883lRead
 .text.hmc5883lInit
                0x0000000008004c70      0x1b4 obj/SKYROVER/drv_hmc5883l.o
                0x0000000008004c70                hmc5883lInit
 .text.mma8452Read
                0x0000000008004e24       0x6c obj/SKYROVER/drv_mma845x.o
 .text.mma8452Init
                0x0000000008004e90       0x8c obj/SKYROVER/drv_mma845x.o
 .text.mma8452Detect
                0x0000000008004f1c       0x5c obj/SKYROVER/drv_mma845x.o
                0x0000000008004f1c                mma8452Detect
 .text.mpu3050ReadTemp
                0x0000000008004f78       0x30 obj/SKYROVER/drv_mpu3050.o
 .text.mpu3050Read
                0x0000000008004fa8       0x68 obj/SKYROVER/drv_mpu3050.o
 .text.mpu3050Init
                0x0000000008005010       0x5c obj/SKYROVER/drv_mpu3050.o
 .text.mpu3050Detect
                0x000000000800506c       0x78 obj/SKYROVER/drv_mpu3050.o
                0x000000000800506c                mpu3050Detect
 .text.mpu6050AccInit
                0x00000000080050e4       0x28 obj/SKYROVER/drv_mpu6050.o
 .text.mpu6050GyroRead
                0x000000000800510c       0x68 obj/SKYROVER/drv_mpu6050.o
 .text.mpu6050AccRead
                0x0000000008005174       0x54 obj/SKYROVER/drv_mpu6050.o
 .text.mpu6050GyroInit
                0x00000000080051c8       0xa8 obj/SKYROVER/drv_mpu6050.o
 .text.mpu6050Detect
                0x0000000008005270      0x128 obj/SKYROVER/drv_mpu6050.o
                0x0000000008005270                mpu6050Detect
 .text.l3g4200dRead
                0x0000000008005398       0x68 obj/SKYROVER/drv_l3g4200d.o
 .text.l3g4200dInit
                0x0000000008005400       0x44 obj/SKYROVER/drv_l3g4200d.o
 .text.l3g4200dDetect
                0x0000000008005444       0x64 obj/SKYROVER/drv_l3g4200d.o
                0x0000000008005444                l3g4200dDetect
 .text.pwmWriteBrushed
                0x00000000080054a8       0x24 obj/SKYROVER/drv_pwm.o
 .text.pwmWriteStandard
                0x00000000080054cc       0x10 obj/SKYROVER/drv_pwm.o
 .text.pwmOutConfig
                0x00000000080054dc      0x134 obj/SKYROVER/drv_pwm.o
 .text.ppmCallback
                0x0000000008005610       0x8c obj/SKYROVER/drv_pwm.o
 .text.pwmICConfig
                0x000000000800569c       0x30 obj/SKYROVER/drv_pwm.o
                0x000000000800569c                pwmICConfig
 .text.pwmInConfig
                0x00000000080056cc       0x64 obj/SKYROVER/drv_pwm.o
 .text.pwmCallback
                0x0000000008005730       0x60 obj/SKYROVER/drv_pwm.o
 .text.pwmInit  0x0000000008005790      0x160 obj/SKYROVER/drv_pwm.o
                0x0000000008005790                pwmInit
 .text.pwmWriteMotor
                0x00000000080058f0       0x1c obj/SKYROVER/drv_pwm.o
                0x00000000080058f0                pwmWriteMotor
 .text.pwmWriteServo
                0x000000000800590c       0x1c obj/SKYROVER/drv_pwm.o
                0x000000000800590c                pwmWriteServo
 .text.pwmRead  0x0000000008005928        0xc obj/SKYROVER/drv_pwm.o
                0x0000000008005928                pwmRead
 .text.spiTransfer
                0x0000000008005934       0x54 obj/SKYROVER/drv_spi.o
                0x0000000008005934                spiTransfer
 .text.spiInit  0x0000000008005988       0xf8 obj/SKYROVER/drv_spi.o
                0x0000000008005988                spiInit
 .text.configureTimerChannelCallback
                0x0000000008005a80       0x4c obj/SKYROVER/drv_timer.o
                0x0000000008005a80                configureTimerChannelCallback
 .text.configureTimerInputCaptureCompareChannel
                0x0000000008005acc       0x2c obj/SKYROVER/drv_timer.o
                0x0000000008005acc                configureTimerInputCaptureCompareChannel
 .text.configureTimerCaptureCompareInterrupt
                0x0000000008005af8       0x1e obj/SKYROVER/drv_timer.o
                0x0000000008005af8                configureTimerCaptureCompareInterrupt
 .text.timerNVICConfig
                0x0000000008005b16       0x1e obj/SKYROVER/drv_timer.o
                0x0000000008005b16                timerNVICConfig
 .text.configTimeBase
                0x0000000008005b34       0x44 obj/SKYROVER/drv_timer.o
                0x0000000008005b34                configTimeBase
 .text.timerInConfig
                0x0000000008005b78       0x1c obj/SKYROVER/drv_timer.o
                0x0000000008005b78                timerInConfig
 .text.findTimerConfig
                0x0000000008005b94       0x40 obj/SKYROVER/drv_timer.o
                0x0000000008005b94                findTimerConfig
 .text.timCCxHandler
                0x0000000008005bd4       0x9e obj/SKYROVER/drv_timer.o
 *fill*         0x0000000008005c72        0x2 
 .text.TIM1_CC_IRQHandler
                0x0000000008005c74        0xc obj/SKYROVER/drv_timer.o
                0x0000000008005c74                TIM1_CC_IRQHandler
 .text.TIM2_IRQHandler
                0x0000000008005c80        0x8 obj/SKYROVER/drv_timer.o
                0x0000000008005c80                TIM2_IRQHandler
 .text.TIM3_IRQHandler
                0x0000000008005c88        0xc obj/SKYROVER/drv_timer.o
                0x0000000008005c88                TIM3_IRQHandler
 .text.TIM4_IRQHandler
                0x0000000008005c94        0xc obj/SKYROVER/drv_timer.o
                0x0000000008005c94                TIM4_IRQHandler
 .text.hexairbotReadRawRC
                0x0000000008005ca0        0xc obj/SKYROVER/hexairbot.o
 .text.hexairbotInit
                0x0000000008005cac       0x18 obj/SKYROVER/hexairbot.o
                0x0000000008005cac                hexairbotInit
 .text.hexairbotSetData
                0x0000000008005cc4       0x1c obj/SKYROVER/hexairbot.o
                0x0000000008005cc4                hexairbotSetData
 .text.hexairbotFrameComplete
                0x0000000008005ce0       0x14 obj/SKYROVER/hexairbot.o
                0x0000000008005ce0                hexairbotFrameComplete
 .text.Reset_Handler
                0x0000000008005cf4       0xb0 obj/SKYROVER/startup_stm32f10x_md_gcc.o
                0x0000000008005cf4                Reset_Handler
 .text.Default_Handler
                0x0000000008005da4        0x4 obj/SKYROVER/startup_stm32f10x_md_gcc.o
                0x0000000008005da4                BusFault_Handler
                0x0000000008005da4                DebugMon_Handler
                0x0000000008005da4                PVD_IRQHandler
                0x0000000008005da4                NMI_Handler
                0x0000000008005da4                EXTI3_IRQHandler
                0x0000000008005da4                EXTI0_IRQHandler
                0x0000000008005da4                UsageFault_Handler
                0x0000000008005da4                ADC1_2_IRQHandler
                0x0000000008005da4                SPI1_IRQHandler
                0x0000000008005da4                TAMPER_IRQHandler
                0x0000000008005da4                USART3_IRQHandler
                0x0000000008005da4                RTC_IRQHandler
                0x0000000008005da4                DMA1_Channel7_IRQHandler
                0x0000000008005da4                CAN1_RX1_IRQHandler
                0x0000000008005da4                DMA1_Channel6_IRQHandler
                0x0000000008005da4                RCC_IRQHandler
                0x0000000008005da4                TIM1_TRG_COM_IRQHandler
                0x0000000008005da4                DMA1_Channel1_IRQHandler
                0x0000000008005da4                Default_Handler
                0x0000000008005da4                EXTI9_5_IRQHandler
                0x0000000008005da4                SPI2_IRQHandler
                0x0000000008005da4                MemManage_Handler
                0x0000000008005da4                DMA1_Channel5_IRQHandler
                0x0000000008005da4                EXTI4_IRQHandler
                0x0000000008005da4                USB_HP_CAN1_TX_IRQHandler
                0x0000000008005da4                DMA1_Channel3_IRQHandler
                0x0000000008005da4                TIM1_UP_IRQHandler
                0x0000000008005da4                WWDG_IRQHandler
                0x0000000008005da4                TIM1_BRK_IRQHandler
                0x0000000008005da4                EXTI1_IRQHandler
                0x0000000008005da4                RTCAlarm_IRQHandler
                0x0000000008005da4                DMA1_Channel2_IRQHandler
                0x0000000008005da4                CAN1_SCE_IRQHandler
                0x0000000008005da4                FLASH_IRQHandler
                0x0000000008005da4                EXTI2_IRQHandler
 .text.beep     0x0000000008005da8       0x70 obj/SKYROVER/buzzer.o
 .text.beep_code
                0x0000000008005e18       0xa8 obj/SKYROVER/buzzer.o
 .text.buzzer   0x0000000008005ec0      0x120 obj/SKYROVER/buzzer.o
                0x0000000008005ec0                buzzer
 .text.i2a      0x0000000008005fe0       0x28 obj/SKYROVER/cli.o
 .text._atof    0x0000000008006008      0x12c obj/SKYROVER/cli.o
 .text.cliPrint
                0x0000000008006134       0x1c obj/SKYROVER/cli.o
 .text.cliVersion
                0x0000000008006150        0xc obj/SKYROVER/cli.o
 .text.cliHelp  0x000000000800615c       0x2c obj/SKYROVER/cli.o
 .text.cliStatus
                0x0000000008006188       0xe4 obj/SKYROVER/cli.o
 .text.cliCompare
                0x000000000800626c       0x1a obj/SKYROVER/cli.o
 *fill*         0x0000000008006286        0x2 
 .text.cliSave  0x0000000008006288       0x30 obj/SKYROVER/cli.o
 .text.cliMap   0x00000000080062b8       0xa0 obj/SKYROVER/cli.o
 .text.cliGpsPassthrough
                0x0000000008006358       0x20 obj/SKYROVER/cli.o
 .text.cliFeature
                0x0000000008006378       0xec obj/SKYROVER/cli.o
 .text.cliExit  0x0000000008006464       0x38 obj/SKYROVER/cli.o
 .text.cliDefaults
                0x000000000800649c       0x2c obj/SKYROVER/cli.o
 .text.cliMixer
                0x00000000080064c8       0xa0 obj/SKYROVER/cli.o
 .text.cliProfile
                0x0000000008006568       0x4c obj/SKYROVER/cli.o
 .text.cliMotor
                0x00000000080065b4       0xa8 obj/SKYROVER/cli.o
 .text.cliAux   0x000000000800665c       0x60 obj/SKYROVER/cli.o
 .text.itoa     0x00000000080066bc       0x24 obj/SKYROVER/cli.o
                0x00000000080066bc                itoa
 .text.ftoa     0x00000000080066e0       0xd0 obj/SKYROVER/cli.o
 .text.cliPrintVar
                0x00000000080067b0       0x9c obj/SKYROVER/cli.o
 .text.cliSet   0x000000000800684c      0x154 obj/SKYROVER/cli.o
 .text.cliDump  0x00000000080069a0      0x1b4 obj/SKYROVER/cli.o
 .text.cliCMix  0x0000000008006b54      0x244 obj/SKYROVER/cli.o
 .text.cliProcess
                0x0000000008006d98      0x1e0 obj/SKYROVER/cli.o
                0x0000000008006d98                cliProcess
 .text.validEEPROM
                0x0000000008006f78       0x44 obj/SKYROVER/config.o
 .text.parseRcChannels
                0x0000000008006fbc       0x30 obj/SKYROVER/config.o
                0x0000000008006fbc                parseRcChannels
 .text.readEEPROM
                0x0000000008006fec      0x110 obj/SKYROVER/config.o
                0x0000000008006fec                readEEPROM
 .text.writeEEPROM
                0x00000000080070fc       0xc8 obj/SKYROVER/config.o
                0x00000000080070fc                writeEEPROM
 .text.sensors  0x00000000080071c4       0x14 obj/SKYROVER/config.o
                0x00000000080071c4                sensors
 .text.sensorsSet
                0x00000000080071d8       0x10 obj/SKYROVER/config.o
                0x00000000080071d8                sensorsSet
 .text.sensorsClear
                0x00000000080071e8       0x10 obj/SKYROVER/config.o
                0x00000000080071e8                sensorsClear
 .text.sensorsMask
                0x00000000080071f8        0xc obj/SKYROVER/config.o
                0x00000000080071f8                sensorsMask
 .text.feature  0x0000000008007204       0x14 obj/SKYROVER/config.o
                0x0000000008007204                feature
 .text.featureSet
                0x0000000008007218       0x10 obj/SKYROVER/config.o
                0x0000000008007218                featureSet
 .text.checkFirstTime
                0x0000000008007228      0x308 obj/SKYROVER/config.o
                0x0000000008007228                checkFirstTime
 .text.featureClear
                0x0000000008007530       0x10 obj/SKYROVER/config.o
                0x0000000008007530                featureClear
 .text.featureMask
                0x0000000008007540        0xc obj/SKYROVER/config.o
                0x0000000008007540                featureMask
 .text.GPS_calc_longitude_scaling
                0x000000000800754c       0x3c obj/SKYROVER/gps.o
 .text.gpsSetState
                0x0000000008007588       0x18 obj/SKYROVER/gps.o
 .text.GPS_distance_cm_bearing.isra.1
                0x00000000080075a0       0x84 obj/SKYROVER/gps.o
 .text.get_I.isra.2
                0x0000000008007624       0x4e obj/SKYROVER/gps.o
 *fill*         0x0000000008007672        0x2 
 .text.grab_fields.constprop.6
                0x0000000008007674       0x3c obj/SKYROVER/gps.o
 .text.gpsInitHardware
                0x00000000080076b0       0xd4 obj/SKYROVER/gps.o
                0x00000000080076b0                gpsInitHardware
 .text.gpsThread
                0x0000000008007784       0x78 obj/SKYROVER/gps.o
                0x0000000008007784                gpsThread
 .text.GPS_reset_home_position
                0x00000000080077fc       0x48 obj/SKYROVER/gps.o
                0x00000000080077fc                GPS_reset_home_position
 .text.GPS_reset_nav
                0x0000000008007844       0x5c obj/SKYROVER/gps.o
                0x0000000008007844                GPS_reset_nav
 .text.gpsSetPIDs
                0x00000000080078a0       0xa4 obj/SKYROVER/gps.o
                0x00000000080078a0                gpsSetPIDs
 .text.gpsInit  0x0000000008007944       0x70 obj/SKYROVER/gps.o
                0x0000000008007944                gpsInit
 .text.gpsSetPassthrough
                0x00000000080079b4       0x78 obj/SKYROVER/gps.o
                0x00000000080079b4                gpsSetPassthrough
 .text.GPS_set_next_wp
                0x0000000008007a2c       0x88 obj/SKYROVER/gps.o
                0x0000000008007a2c                GPS_set_next_wp
 .text.wrap_18000
                0x0000000008007ab4       0x24 obj/SKYROVER/gps.o
                0x0000000008007ab4                wrap_18000
 .text.GPS_coord_to_degrees
                0x0000000008007ad8       0xa0 obj/SKYROVER/gps.o
                0x0000000008007ad8                GPS_coord_to_degrees
 .text.gpsNewData
                0x0000000008007b78      0xc00 obj/SKYROVER/gps.o
 .text.calculateHeading
                0x0000000008008778       0xf8 obj/SKYROVER/imu.o
 .text.imuInit  0x0000000008008870       0x58 obj/SKYROVER/imu.o
                0x0000000008008870                imuInit
 .text.rotateV  0x00000000080088c8      0x16e obj/SKYROVER/imu.o
                0x00000000080088c8                rotateV
 .text.applyDeadband
                0x0000000008008a36       0x1e obj/SKYROVER/imu.o
                0x0000000008008a36                applyDeadband
 *fill*         0x0000000008008a54        0x4 
 .text.acc_calc
                0x0000000008008a58      0x190 obj/SKYROVER/imu.o
                0x0000000008008a58                acc_calc
 .text.computeIMU
                0x0000000008008be8      0x340 obj/SKYROVER/imu.o
                0x0000000008008be8                computeIMU
 .text.accSum_reset
                0x0000000008008f28       0x20 obj/SKYROVER/imu.o
                0x0000000008008f28                accSum_reset
 .text.getEstimatedAltitude
                0x0000000008008f48      0x37c obj/SKYROVER/imu.o
                0x0000000008008f48                getEstimatedAltitude
 .text._putc    0x00000000080092c4        0xc obj/SKYROVER/main.o
 .text.startup.main
                0x00000000080092d0      0x2b8 obj/SKYROVER/main.o
                0x00000000080092d0                main
 .text.HardFault_Handler
                0x0000000008009588       0x14 obj/SKYROVER/main.o
                0x0000000008009588                HardFault_Handler
 .text.servoMiddle
                0x000000000800959c       0x28 obj/SKYROVER/mixer.o
                0x000000000800959c                servoMiddle
 .text.mixerResetMotors
                0x00000000080095c4       0x30 obj/SKYROVER/mixer.o
                0x00000000080095c4                mixerResetMotors
 .text.mixerInit
                0x00000000080095f4      0x114 obj/SKYROVER/mixer.o
                0x00000000080095f4                mixerInit
 .text.mixerLoadMix
                0x0000000008009708       0x4c obj/SKYROVER/mixer.o
                0x0000000008009708                mixerLoadMix
 .text.writeServos
                0x0000000008009754       0xc0 obj/SKYROVER/mixer.o
                0x0000000008009754                writeServos
 .text.writeMotors
                0x0000000008009814       0x28 obj/SKYROVER/mixer.o
                0x0000000008009814                writeMotors
 .text.writeAllMotors
                0x000000000800983c       0x24 obj/SKYROVER/mixer.o
                0x000000000800983c                writeAllMotors
 .text.mixTable
                0x0000000008009860      0x644 obj/SKYROVER/mixer.o
                0x0000000008009860                mixTable
 .text.pidMultiWii
                0x0000000008009ea4      0x230 obj/SKYROVER/mw.o
 .text.pidRewrite
                0x000000000800a0d4      0x164 obj/SKYROVER/mw.o
 .text.blinkLED
                0x000000000800a238       0x4c obj/SKYROVER/mw.o
                0x000000000800a238                blinkLED
 *fill*         0x000000000800a284        0x4 
 .text.annexCode
                0x000000000800a288      0x410 obj/SKYROVER/mw.o
                0x000000000800a288                annexCode
 .text.pwmReadRawRC
                0x000000000800a698       0x28 obj/SKYROVER/mw.o
                0x000000000800a698                pwmReadRawRC
 .text.computeRC
                0x000000000800a6c0       0xa0 obj/SKYROVER/mw.o
                0x000000000800a6c0                computeRC
 .text.mwArm    0x000000000800a760       0x40 obj/SKYROVER/mw.o
                0x000000000800a760                mwArm
 .text.mwDisarm
                0x000000000800a7a0       0x10 obj/SKYROVER/mw.o
                0x000000000800a7a0                mwDisarm
 .text.setPIDController
                0x000000000800a7b0       0x1c obj/SKYROVER/mw.o
                0x000000000800a7b0                setPIDController
 .text.loop     0x000000000800a7cc      0xafc obj/SKYROVER/mw.o
                0x000000000800a7cc                loop
 .text.sensorsAutodetect
                0x000000000800b2c8      0x1d8 obj/SKYROVER/sensors.o
                0x000000000800b2c8                sensorsAutodetect
 .text.batteryAdcToVoltage
                0x000000000800b4a0       0x3c obj/SKYROVER/sensors.o
                0x000000000800b4a0                batteryAdcToVoltage
 .text.batteryInit
                0x000000000800b4dc       0x58 obj/SKYROVER/sensors.o
                0x000000000800b4dc                batteryInit
 .text.ACC_getADC
                0x000000000800b534      0x1cc obj/SKYROVER/sensors.o
                0x000000000800b534                ACC_getADC
 .text.Baro_Common
                0x000000000800b700       0x44 obj/SKYROVER/sensors.o
                0x000000000800b700                Baro_Common
 .text.Baro_update
                0x000000000800b744       0x70 obj/SKYROVER/sensors.o
                0x000000000800b744                Baro_update
 .text.Gyro_getADC
                0x000000000800b7b4      0x198 obj/SKYROVER/sensors.o
                0x000000000800b7b4                Gyro_getADC
 .text.Mag_init
                0x000000000800b94c       0x20 obj/SKYROVER/sensors.o
                0x000000000800b94c                Mag_init
 .text.Mag_getADC
                0x000000000800b96c      0x120 obj/SKYROVER/sensors.o
                0x000000000800b96c                Mag_getADC
 .text.serialize32
                0x000000000800ba8c       0x64 obj/SKYROVER/serial.o
                0x000000000800ba8c                serialize32
 .text.serialize16
                0x000000000800baf0       0x40 obj/SKYROVER/serial.o
                0x000000000800baf0                serialize16
 .text.serialize8
                0x000000000800bb30       0x20 obj/SKYROVER/serial.o
                0x000000000800bb30                serialize8
 .text.read8    0x000000000800bb50       0x18 obj/SKYROVER/serial.o
                0x000000000800bb50                read8
 .text.read16   0x000000000800bb68       0x14 obj/SKYROVER/serial.o
                0x000000000800bb68                read16
 .text.read32   0x000000000800bb7c       0x12 obj/SKYROVER/serial.o
                0x000000000800bb7c                read32
 *fill*         0x000000000800bb8e        0x2 
 .text.headSerialResponse
                0x000000000800bb90       0x40 obj/SKYROVER/serial.o
                0x000000000800bb90                headSerialResponse
 .text.headSerialReply
                0x000000000800bbd0        0x8 obj/SKYROVER/serial.o
                0x000000000800bbd0                headSerialReply
 .text.headSerialError
                0x000000000800bbd8        0x8 obj/SKYROVER/serial.o
                0x000000000800bbd8                headSerialError
 .text.tailSerialReply
                0x000000000800bbe0        0xc obj/SKYROVER/serial.o
                0x000000000800bbe0                tailSerialReply
 .text.s_struct
                0x000000000800bbec       0x20 obj/SKYROVER/serial.o
                0x000000000800bbec                s_struct
 .text.serializeNames
                0x000000000800bc0c       0x12 obj/SKYROVER/serial.o
                0x000000000800bc0c                serializeNames
 *fill*         0x000000000800bc1e        0x2 
 .text.serializeBoxNamesReply
                0x000000000800bc20       0x6c obj/SKYROVER/serial.o
                0x000000000800bc20                serializeBoxNamesReply
 .text.serialInit
                0x000000000800bc8c      0x110 obj/SKYROVER/serial.o
                0x000000000800bc8c                serialInit
 .text.serialCom
                0x000000000800bd9c      0xbdc obj/SKYROVER/serial.o
                0x000000000800bd9c                serialCom
 .text.sbusReadRawRC
                0x000000000800c978       0x20 obj/SKYROVER/sbus.o
 .text.sbusDataReceive
                0x000000000800c998       0x5c obj/SKYROVER/sbus.o
 .text.sbusInit
                0x000000000800c9f4       0x5c obj/SKYROVER/sbus.o
                0x000000000800c9f4                sbusInit
 .text.sbusFrameComplete
                0x000000000800ca50       0xb0 obj/SKYROVER/sbus.o
                0x000000000800ca50                sbusFrameComplete
 .text.sumdReadRawRC
                0x000000000800cb00       0x1c obj/SKYROVER/sumd.o
 .text.sumdDataReceive
                0x000000000800cb1c       0x74 obj/SKYROVER/sumd.o
 .text.sumdInit
                0x000000000800cb90       0x30 obj/SKYROVER/sumd.o
                0x000000000800cb90                sumdInit
 .text.sumdFrameComplete
                0x000000000800cbc0       0x68 obj/SKYROVER/sumd.o
                0x000000000800cbc0                sumdFrameComplete
 .text.spektrumDataReceive
                0x000000000800cc28       0x68 obj/SKYROVER/spektrum.o
 .text.spektrumReadRawRC
                0x000000000800cc90       0x90 obj/SKYROVER/spektrum.o
 .text.spektrumInit
                0x000000000800cd20       0x68 obj/SKYROVER/spektrum.o
                0x000000000800cd20                spektrumInit
 .text.spektrumFrameComplete
                0x000000000800cd88        0xc obj/SKYROVER/spektrum.o
                0x000000000800cd88                spektrumFrameComplete
 .text.sendDataHead
                0x000000000800cd94       0x20 obj/SKYROVER/telemetry.o
 .text.sendTelemetryTail
                0x000000000800cdb4       0x10 obj/SKYROVER/telemetry.o
 .text.serializeFrsky
                0x000000000800cdc4       0x30 obj/SKYROVER/telemetry.o
 .text.serialize16
                0x000000000800cdf4       0x16 obj/SKYROVER/telemetry.o
 *fill*         0x000000000800ce0a        0x2 
 .text.initTelemetry
                0x000000000800ce0c       0x30 obj/SKYROVER/telemetry.o
                0x000000000800ce0c                initTelemetry
 .text.updateTelemetryState
                0x000000000800ce3c       0x5c obj/SKYROVER/telemetry.o
                0x000000000800ce3c                updateTelemetryState
 .text.sendTelemetry
                0x000000000800ce98      0x30c obj/SKYROVER/telemetry.o
                0x000000000800ce98                sendTelemetry
 .text.gpioInit
                0x000000000800d1a4       0x76 obj/SKYROVER/drv_gpio.o
                0x000000000800d1a4                gpioInit
 *fill*         0x000000000800d21a        0x2 
 .text.gpioExtiLineConfig
                0x000000000800d21c       0x34 obj/SKYROVER/drv_gpio.o
                0x000000000800d21c                gpioExtiLineConfig
 .text.i2c_ev_handler
                0x000000000800d250      0x31c obj/SKYROVER/drv_i2c.o
 .text.I2C1_EV_IRQHandler
                0x000000000800d56c        0x4 obj/SKYROVER/drv_i2c.o
                0x000000000800d56c                I2C1_EV_IRQHandler
 .text.I2C2_EV_IRQHandler
                0x000000000800d570        0x4 obj/SKYROVER/drv_i2c.o
                0x000000000800d570                I2C2_EV_IRQHandler
 .text.i2cInit  0x000000000800d574      0x130 obj/SKYROVER/drv_i2c.o
                0x000000000800d574                i2cInit
 .text.i2cRead  0x000000000800d6a4       0xc4 obj/SKYROVER/drv_i2c.o
                0x000000000800d6a4                i2cRead
 .text.i2cWriteBuffer
                0x000000000800d768       0xc4 obj/SKYROVER/drv_i2c.o
                0x000000000800d768                i2cWriteBuffer
 .text.i2cWrite
                0x000000000800d82c       0x10 obj/SKYROVER/drv_i2c.o
                0x000000000800d82c                i2cWrite
 .text.i2c_er_handler
                0x000000000800d83c       0xac obj/SKYROVER/drv_i2c.o
 .text.I2C2_ER_IRQHandler
                0x000000000800d8e8        0x4 obj/SKYROVER/drv_i2c.o
                0x000000000800d8e8                I2C2_ER_IRQHandler
 .text.I2C1_ER_IRQHandler
                0x000000000800d8ec        0x4 obj/SKYROVER/drv_i2c.o
                0x000000000800d8ec                I2C1_ER_IRQHandler
 .text.i2cGetErrorCounter
                0x000000000800d8f0        0xc obj/SKYROVER/drv_i2c.o
                0x000000000800d8f0                i2cGetErrorCounter
 .text.SysTick_Handler
                0x000000000800d8fc       0x1c obj/SKYROVER/drv_system.o
                0x000000000800d8fc                SysTick_Handler
 .text.micros   0x000000000800d918       0x34 obj/SKYROVER/drv_system.o
                0x000000000800d918                micros
 .text.millis   0x000000000800d94c        0xc obj/SKYROVER/drv_system.o
                0x000000000800d94c                millis
 .text.delayMicroseconds
                0x000000000800d958       0x16 obj/SKYROVER/drv_system.o
                0x000000000800d958                delayMicroseconds
 .text.delay    0x000000000800d96e       0x14 obj/SKYROVER/drv_system.o
                0x000000000800d96e                delay
 *fill*         0x000000000800d982        0x2 
 .text.systemInit
                0x000000000800d984      0x130 obj/SKYROVER/drv_system.o
                0x000000000800d984                systemInit
 .text.failureMode
                0x000000000800dab4       0x38 obj/SKYROVER/drv_system.o
                0x000000000800dab4                failureMode
 .text.systemReset
                0x000000000800daec       0x20 obj/SKYROVER/drv_system.o
                0x000000000800daec                systemReset
 .text.systemBeep
                0x000000000800db0c        0x2 obj/SKYROVER/drv_system.o
                0x000000000800db0c                systemBeep
 .text.serialWrite
                0x000000000800db0e        0xa obj/SKYROVER/drv_serial.o
                0x000000000800db0e                serialWrite
 .text.serialPrint
                0x000000000800db18       0x16 obj/SKYROVER/drv_serial.o
                0x000000000800db18                serialPrint
 .text.serialTotalBytesWaiting
                0x000000000800db2e        0xa obj/SKYROVER/drv_serial.o
                0x000000000800db2e                serialTotalBytesWaiting
 .text.serialRead
                0x000000000800db38        0xa obj/SKYROVER/drv_serial.o
                0x000000000800db38                serialRead
 .text.serialSetBaudRate
                0x000000000800db42        0xa obj/SKYROVER/drv_serial.o
                0x000000000800db42                serialSetBaudRate
 .text.isSerialTransmitBufferEmpty
                0x000000000800db4c        0xa obj/SKYROVER/drv_serial.o
                0x000000000800db4c                isSerialTransmitBufferEmpty
 .text.softSerialTotalBytesWaiting
                0x000000000800db56       0x18 obj/SKYROVER/drv_softserial.o
                0x000000000800db56                softSerialTotalBytesWaiting
 .text.softSerialWriteByte
                0x000000000800db6e       0x18 obj/SKYROVER/drv_softserial.o
                0x000000000800db6e                softSerialWriteByte
 .text.softSerialSetBaudRate
                0x000000000800db86        0x2 obj/SKYROVER/drv_softserial.o
                0x000000000800db86                softSerialSetBaudRate
 .text.isSoftSerialTransmitBufferEmpty
                0x000000000800db88        0xe obj/SKYROVER/drv_softserial.o
                0x000000000800db88                isSoftSerialTransmitBufferEmpty
 .text.softSerialReadByte
                0x000000000800db96       0x22 obj/SKYROVER/drv_softserial.o
                0x000000000800db96                softSerialReadByte
 .text.readRxSignal
                0x000000000800dbb8       0x20 obj/SKYROVER/drv_softserial.o
                0x000000000800dbb8                readRxSignal
 .text.setTxSignal
                0x000000000800dbd8       0x2e obj/SKYROVER/drv_softserial.o
                0x000000000800dbd8                setTxSignal
 .text.serialInputPortConfig
                0x000000000800dc06       0x20 obj/SKYROVER/drv_softserial.o
                0x000000000800dc06                serialInputPortConfig
 *fill*         0x000000000800dc26        0x2 
 .text.serialTimerConfig
                0x000000000800dc28       0x2c obj/SKYROVER/drv_softserial.o
                0x000000000800dc28                serialTimerConfig
 .text.serialOutputPortConfig
                0x000000000800dc54       0x20 obj/SKYROVER/drv_softserial.o
                0x000000000800dc54                serialOutputPortConfig
 .text.setupSoftSerial1
                0x000000000800dc74       0x8c obj/SKYROVER/drv_softserial.o
                0x000000000800dc74                setupSoftSerial1
 .text.updateBufferIndex
                0x000000000800dd00       0x14 obj/SKYROVER/drv_softserial.o
                0x000000000800dd00                updateBufferIndex
 .text.searchForStartBit
                0x000000000800dd14       0x30 obj/SKYROVER/drv_softserial.o
                0x000000000800dd14                searchForStartBit
 .text.searchForStopBit
                0x000000000800dd44       0x38 obj/SKYROVER/drv_softserial.o
                0x000000000800dd44                searchForStopBit
 .text.readDataBit
                0x000000000800dd7c       0x46 obj/SKYROVER/drv_softserial.o
                0x000000000800dd7c                readDataBit
 .text.processRxState
                0x000000000800ddc2       0x2a obj/SKYROVER/drv_softserial.o
                0x000000000800ddc2                processRxState
 .text.processTxState
                0x000000000800ddec       0x74 obj/SKYROVER/drv_softserial.o
                0x000000000800ddec                processTxState
 .text.onSerialTimer
                0x000000000800de60       0x20 obj/SKYROVER/drv_softserial.o
                0x000000000800de60                onSerialTimer
 .text.uartTotalBytesWaiting
                0x000000000800de80       0x16 obj/SKYROVER/drv_uart.o
                0x000000000800de80                uartTotalBytesWaiting
 .text.isUartTransmitBufferEmpty
                0x000000000800de96       0x18 obj/SKYROVER/drv_uart.o
                0x000000000800de96                isUartTransmitBufferEmpty
 .text.uartStartTxDMA
                0x000000000800deae       0x30 obj/SKYROVER/drv_uart.o
 .text.uartSetBaudRate
                0x000000000800dede       0x4a obj/SKYROVER/drv_uart.o
                0x000000000800dede                uartSetBaudRate
 .text.uartRead
                0x000000000800df28       0x30 obj/SKYROVER/drv_uart.o
                0x000000000800df28                uartRead
 .text.uartWrite
                0x000000000800df58       0x3c obj/SKYROVER/drv_uart.o
                0x000000000800df58                uartWrite
 .text.serialUSART1
                0x000000000800df94       0xa0 obj/SKYROVER/drv_uart.o
                0x000000000800df94                serialUSART1
 .text.serialUSART2
                0x000000000800e034       0x98 obj/SKYROVER/drv_uart.o
                0x000000000800e034                serialUSART2
 .text.uartOpen
                0x000000000800e0cc      0x170 obj/SKYROVER/drv_uart.o
                0x000000000800e0cc                uartOpen
 .text.DMA1_Channel4_IRQHandler
                0x000000000800e23c       0x34 obj/SKYROVER/drv_uart.o
                0x000000000800e23c                DMA1_Channel4_IRQHandler
 .text.USART1_IRQHandler
                0x000000000800e270       0x3c obj/SKYROVER/drv_uart.o
                0x000000000800e270                USART1_IRQHandler
 .text.USART2_IRQHandler
                0x000000000800e2ac       0x78 obj/SKYROVER/drv_uart.o
                0x000000000800e2ac                USART2_IRQHandler
 .text.Hw_VCom_Init
                0x000000000800e324       0x24 obj/SKYROVER/drv_vcom.o
                0x000000000800e324                Hw_VCom_Init
 .text.Hw_VCom_Getch
                0x000000000800e348       0x22 obj/SKYROVER/drv_vcom.o
                0x000000000800e348                Hw_VCom_Getch
 .text.Hw_VCom_IsReceived
                0x000000000800e36a       0x10 obj/SKYROVER/drv_vcom.o
                0x000000000800e36a                Hw_VCom_IsReceived
 *fill*         0x000000000800e37a        0x2 
 .text.Hw_VCom_Putch
                0x000000000800e37c       0x14 obj/SKYROVER/drv_vcom.o
                0x000000000800e37c                Hw_VCom_Putch
 .text.usb_putc
                0x000000000800e390        0x6 obj/SKYROVER/drv_vcom.o
 *fill*         0x000000000800e396        0x2 
 .text.Hw_VCom_Printf
                0x000000000800e398       0x20 obj/SKYROVER/drv_vcom.o
                0x000000000800e398                Hw_VCom_Printf
 .text.Hw_VCom_Q_Init
                0x000000000800e3b8       0x14 obj/SKYROVER/drv_vcom_q.o
                0x000000000800e3b8                Hw_VCom_Q_Init
 .text.HW_VCOM_Q_SIZE
                0x000000000800e3cc       0x34 obj/SKYROVER/drv_vcom_q.o
                0x000000000800e3cc                HW_VCOM_Q_SIZE
 .text.HW_VCOM_Q_VAILD
                0x000000000800e400        0x4 obj/SKYROVER/drv_vcom_q.o
                0x000000000800e400                HW_VCOM_Q_VAILD
 .text.Hw_VCom_Q_Push
                0x000000000800e404       0x58 obj/SKYROVER/drv_vcom_q.o
                0x000000000800e404                Hw_VCom_Q_Push
 .text.Hw_VCom_Q_Pop
                0x000000000800e45c       0x4c obj/SKYROVER/drv_vcom_q.o
                0x000000000800e45c                Hw_VCom_Q_Pop
 .text.I2C_delay
                0x000000000800e4a8       0x14 obj/SKYROVER/drv_u8g.o
 .text.I2C_Start_NoAck
                0x000000000800e4bc       0x28 obj/SKYROVER/drv_u8g.o
 .text.I2C_Stop
                0x000000000800e4e4       0x2c obj/SKYROVER/drv_u8g.o
 .text.I2C_NoAck
                0x000000000800e510       0x2c obj/SKYROVER/drv_u8g.o
 .text.I2C_SendByte
                0x000000000800e53c       0x44 obj/SKYROVER/drv_u8g.o
 .text.I2C_SW_Init
                0x000000000800e580       0x24 obj/SKYROVER/drv_u8g.o
                0x000000000800e580                I2C_SW_Init
 .text.u8g_Delay
                0x000000000800e5a4        0x4 obj/SKYROVER/drv_u8g.o
                0x000000000800e5a4                u8g_Delay
 .text.u8g_com_ssd_start_sequence
                0x000000000800e5a8       0x38 obj/SKYROVER/drv_u8g.o
                0x000000000800e5a8                u8g_com_ssd_start_sequence
 .text.u8g_com_sw_i2c_fn
                0x000000000800e5e0       0xa0 obj/SKYROVER/drv_u8g.o
                0x000000000800e5e0                u8g_com_sw_i2c_fn
 .text.uli2a    0x000000000800e680       0x4a obj/SKYROVER/printf.o
 .text.ui2a     0x000000000800e6ca       0x4a obj/SKYROVER/printf.o
 .text.putchw   0x000000000800e714       0x48 obj/SKYROVER/printf.o
 .text.putcp    0x000000000800e75c        0xa obj/SKYROVER/printf.o
 .text.tfp_format
                0x000000000800e766      0x16c obj/SKYROVER/printf.o
                0x000000000800e766                tfp_format
 *fill*         0x000000000800e8d2        0x2 
 .text.init_printf
                0x000000000800e8d4       0x14 obj/SKYROVER/printf.o
                0x000000000800e8d4                init_printf
 .text.tfp_printf
                0x000000000800e8e8       0x38 obj/SKYROVER/printf.o
                0x000000000800e8e8                tfp_printf
 .text.tfp_sprintf
                0x000000000800e920       0x28 obj/SKYROVER/printf.o
                0x000000000800e920                tfp_sprintf
 .text.constrain
                0x000000000800e948       0x10 obj/SKYROVER/utils.o
                0x000000000800e948                constrain
 .text.initBoardAlignment
                0x000000000800e958      0x170 obj/SKYROVER/utils.o
                0x000000000800e958                initBoardAlignment
 .text.alignBoard
                0x000000000800eac8       0xc4 obj/SKYROVER/utils.o
                0x000000000800eac8                alignBoard
 .text.alignSensors
                0x000000000800eb8c       0x7c obj/SKYROVER/utils.o
                0x000000000800eb8c                alignSensors
 .text.SystemInit
                0x000000000800ec08       0x4c obj/SKYROVER/system_stm32f10x.o
                0x000000000800ec08                SystemInit
 .text.SystemCoreClockUpdate
                0x000000000800ec54       0x74 obj/SKYROVER/system_stm32f10x.o
                0x000000000800ec54                SystemCoreClockUpdate
 .text.SetSysClock
                0x000000000800ecc8      0x138 obj/SKYROVER/system_stm32f10x.o
                0x000000000800ecc8                SetSysClock
 .text.NVIC_PriorityGroupConfig
                0x000000000800ee00       0x14 obj/SKYROVER/misc.o
                0x000000000800ee00                NVIC_PriorityGroupConfig
 .text.NVIC_Init
                0x000000000800ee14       0x68 obj/SKYROVER/misc.o
                0x000000000800ee14                NVIC_Init
 .text.ADC_Init
                0x000000000800ee7c       0x48 obj/SKYROVER/stm32f10x_adc.o
                0x000000000800ee7c                ADC_Init
 .text.ADC_Cmd  0x000000000800eec4       0x12 obj/SKYROVER/stm32f10x_adc.o
                0x000000000800eec4                ADC_Cmd
 .text.ADC_DMACmd
                0x000000000800eed6       0x12 obj/SKYROVER/stm32f10x_adc.o
                0x000000000800eed6                ADC_DMACmd
 .text.ADC_ResetCalibration
                0x000000000800eee8        0xa obj/SKYROVER/stm32f10x_adc.o
                0x000000000800eee8                ADC_ResetCalibration
 .text.ADC_GetResetCalibrationStatus
                0x000000000800eef2        0x8 obj/SKYROVER/stm32f10x_adc.o
                0x000000000800eef2                ADC_GetResetCalibrationStatus
 .text.ADC_StartCalibration
                0x000000000800eefa        0xa obj/SKYROVER/stm32f10x_adc.o
                0x000000000800eefa                ADC_StartCalibration
 .text.ADC_GetCalibrationStatus
                0x000000000800ef04        0x8 obj/SKYROVER/stm32f10x_adc.o
                0x000000000800ef04                ADC_GetCalibrationStatus
 .text.ADC_SoftwareStartConvCmd
                0x000000000800ef0c       0x12 obj/SKYROVER/stm32f10x_adc.o
                0x000000000800ef0c                ADC_SoftwareStartConvCmd
 .text.ADC_RegularChannelConfig
                0x000000000800ef1e       0x9a obj/SKYROVER/stm32f10x_adc.o
                0x000000000800ef1e                ADC_RegularChannelConfig
 .text.DMA_DeInit
                0x000000000800efb8       0xf0 obj/SKYROVER/stm32f10x_dma.o
                0x000000000800efb8                DMA_DeInit
 .text.DMA_Init
                0x000000000800f0a8       0x40 obj/SKYROVER/stm32f10x_dma.o
                0x000000000800f0a8                DMA_Init
 .text.DMA_StructInit
                0x000000000800f0e8       0x1a obj/SKYROVER/stm32f10x_dma.o
                0x000000000800f0e8                DMA_StructInit
 .text.DMA_Cmd  0x000000000800f102       0x16 obj/SKYROVER/stm32f10x_dma.o
                0x000000000800f102                DMA_Cmd
 .text.DMA_ITConfig
                0x000000000800f118       0x10 obj/SKYROVER/stm32f10x_dma.o
                0x000000000800f118                DMA_ITConfig
 .text.DMA_SetCurrDataCounter
                0x000000000800f128        0x4 obj/SKYROVER/stm32f10x_dma.o
                0x000000000800f128                DMA_SetCurrDataCounter
 .text.DMA_GetCurrDataCounter
                0x000000000800f12c        0x6 obj/SKYROVER/stm32f10x_dma.o
                0x000000000800f12c                DMA_GetCurrDataCounter
 *fill*         0x000000000800f132        0x2 
 .text.DMA_ClearITPendingBit
                0x000000000800f134       0x14 obj/SKYROVER/stm32f10x_dma.o
                0x000000000800f134                DMA_ClearITPendingBit
 .text.EXTI_Init
                0x000000000800f148       0x78 obj/SKYROVER/stm32f10x_exti.o
                0x000000000800f148                EXTI_Init
 .text.EXTI_GetITStatus
                0x000000000800f1c0       0x20 obj/SKYROVER/stm32f10x_exti.o
                0x000000000800f1c0                EXTI_GetITStatus
 .text.EXTI_ClearITPendingBit
                0x000000000800f1e0        0xc obj/SKYROVER/stm32f10x_exti.o
                0x000000000800f1e0                EXTI_ClearITPendingBit
 .text.FLASH_Unlock
                0x000000000800f1ec       0x18 obj/SKYROVER/stm32f10x_flash.o
                0x000000000800f1ec                FLASH_Unlock
 .text.FLASH_Lock
                0x000000000800f204       0x10 obj/SKYROVER/stm32f10x_flash.o
                0x000000000800f204                FLASH_Lock
 .text.FLASH_ClearFlag
                0x000000000800f214        0xc obj/SKYROVER/stm32f10x_flash.o
                0x000000000800f214                FLASH_ClearFlag
 .text.FLASH_GetBank1Status
                0x000000000800f220       0x28 obj/SKYROVER/stm32f10x_flash.o
                0x000000000800f220                FLASH_GetBank1Status
 .text.FLASH_WaitForLastOperation
                0x000000000800f248       0x22 obj/SKYROVER/stm32f10x_flash.o
                0x000000000800f248                FLASH_WaitForLastOperation
 *fill*         0x000000000800f26a        0x2 
 .text.FLASH_ProgramWord
                0x000000000800f26c       0x54 obj/SKYROVER/stm32f10x_flash.o
                0x000000000800f26c                FLASH_ProgramWord
 .text.FLASH_ErasePage
                0x000000000800f2c0       0x3c obj/SKYROVER/stm32f10x_flash.o
                0x000000000800f2c0                FLASH_ErasePage
 .text.GPIO_Init
                0x000000000800f2fc       0xa0 obj/SKYROVER/stm32f10x_gpio.o
                0x000000000800f2fc                GPIO_Init
 .text.GPIO_SetBits
                0x000000000800f39c        0x4 obj/SKYROVER/stm32f10x_gpio.o
                0x000000000800f39c                GPIO_SetBits
 .text.GPIO_ResetBits
                0x000000000800f3a0        0x4 obj/SKYROVER/stm32f10x_gpio.o
                0x000000000800f3a0                GPIO_ResetBits
 .text.I2C_DeInit
                0x000000000800f3a4       0x34 obj/SKYROVER/stm32f10x_i2c.o
                0x000000000800f3a4                I2C_DeInit
 .text.I2C_Init
                0x000000000800f3d8       0xd4 obj/SKYROVER/stm32f10x_i2c.o
                0x000000000800f3d8                I2C_Init
 .text.I2C_StructInit
                0x000000000800f4ac       0x1c obj/SKYROVER/stm32f10x_i2c.o
                0x000000000800f4ac                I2C_StructInit
 .text.I2C_Cmd  0x000000000800f4c8       0x18 obj/SKYROVER/stm32f10x_i2c.o
                0x000000000800f4c8                I2C_Cmd
 .text.I2C_GenerateSTART
                0x000000000800f4e0       0x18 obj/SKYROVER/stm32f10x_i2c.o
                0x000000000800f4e0                I2C_GenerateSTART
 .text.I2C_GenerateSTOP
                0x000000000800f4f8       0x18 obj/SKYROVER/stm32f10x_i2c.o
                0x000000000800f4f8                I2C_GenerateSTOP
 .text.I2C_AcknowledgeConfig
                0x000000000800f510       0x18 obj/SKYROVER/stm32f10x_i2c.o
                0x000000000800f510                I2C_AcknowledgeConfig
 .text.I2C_ITConfig
                0x000000000800f528       0x12 obj/SKYROVER/stm32f10x_i2c.o
                0x000000000800f528                I2C_ITConfig
 .text.I2C_SendData
                0x000000000800f53a        0x4 obj/SKYROVER/stm32f10x_i2c.o
                0x000000000800f53a                I2C_SendData
 .text.I2C_ReceiveData
                0x000000000800f53e        0x6 obj/SKYROVER/stm32f10x_i2c.o
                0x000000000800f53e                I2C_ReceiveData
 .text.I2C_Send7bitAddress
                0x000000000800f544       0x10 obj/SKYROVER/stm32f10x_i2c.o
                0x000000000800f544                I2C_Send7bitAddress
 .text.RCC_USBCLKConfig
                0x000000000800f554        0xc obj/SKYROVER/stm32f10x_rcc.o
                0x000000000800f554                RCC_USBCLKConfig
 .text.RCC_GetClocksFreq
                0x000000000800f560       0x9c obj/SKYROVER/stm32f10x_rcc.o
                0x000000000800f560                RCC_GetClocksFreq
 .text.RCC_AHBPeriphClockCmd
                0x000000000800f5fc       0x18 obj/SKYROVER/stm32f10x_rcc.o
                0x000000000800f5fc                RCC_AHBPeriphClockCmd
 .text.RCC_APB2PeriphClockCmd
                0x000000000800f614       0x18 obj/SKYROVER/stm32f10x_rcc.o
                0x000000000800f614                RCC_APB2PeriphClockCmd
 .text.RCC_APB1PeriphClockCmd
                0x000000000800f62c       0x18 obj/SKYROVER/stm32f10x_rcc.o
                0x000000000800f62c                RCC_APB1PeriphClockCmd
 .text.RCC_APB2PeriphResetCmd
                0x000000000800f644       0x18 obj/SKYROVER/stm32f10x_rcc.o
                0x000000000800f644                RCC_APB2PeriphResetCmd
 .text.RCC_APB1PeriphResetCmd
                0x000000000800f65c       0x18 obj/SKYROVER/stm32f10x_rcc.o
                0x000000000800f65c                RCC_APB1PeriphResetCmd
 .text.RCC_ClearFlag
                0x000000000800f674       0x10 obj/SKYROVER/stm32f10x_rcc.o
                0x000000000800f674                RCC_ClearFlag
 .text.SPI_I2S_DeInit
                0x000000000800f684       0x64 obj/SKYROVER/stm32f10x_spi.o
                0x000000000800f684                SPI_I2S_DeInit
 .text.SPI_Init
                0x000000000800f6e8       0x3e obj/SKYROVER/stm32f10x_spi.o
                0x000000000800f6e8                SPI_Init
 .text.SPI_Cmd  0x000000000800f726       0x18 obj/SKYROVER/stm32f10x_spi.o
                0x000000000800f726                SPI_Cmd
 .text.SPI_I2S_SendData
                0x000000000800f73e        0x4 obj/SKYROVER/stm32f10x_spi.o
                0x000000000800f73e                SPI_I2S_SendData
 .text.SPI_I2S_ReceiveData
                0x000000000800f742        0x6 obj/SKYROVER/stm32f10x_spi.o
                0x000000000800f742                SPI_I2S_ReceiveData
 .text.SPI_I2S_GetFlagStatus
                0x000000000800f748        0xc obj/SKYROVER/stm32f10x_spi.o
                0x000000000800f748                SPI_I2S_GetFlagStatus
 .text.TI1_Config
                0x000000000800f754       0x68 obj/SKYROVER/stm32f10x_tim.o
 .text.TI2_Config
                0x000000000800f7bc       0x78 obj/SKYROVER/stm32f10x_tim.o
 .text.TIM_TimeBaseInit
                0x000000000800f834       0x94 obj/SKYROVER/stm32f10x_tim.o
                0x000000000800f834                TIM_TimeBaseInit
 .text.TIM_OC1Init
                0x000000000800f8c8       0x88 obj/SKYROVER/stm32f10x_tim.o
                0x000000000800f8c8                TIM_OC1Init
 .text.TIM_OC2Init
                0x000000000800f950       0x88 obj/SKYROVER/stm32f10x_tim.o
                0x000000000800f950                TIM_OC2Init
 .text.TIM_OC3Init
                0x000000000800f9d8       0x84 obj/SKYROVER/stm32f10x_tim.o
                0x000000000800f9d8                TIM_OC3Init
 .text.TIM_OC4Init
                0x000000000800fa5c       0x68 obj/SKYROVER/stm32f10x_tim.o
                0x000000000800fa5c                TIM_OC4Init
 .text.TIM_TimeBaseStructInit
                0x000000000800fac4       0x12 obj/SKYROVER/stm32f10x_tim.o
                0x000000000800fac4                TIM_TimeBaseStructInit
 .text.TIM_OCStructInit
                0x000000000800fad6       0x14 obj/SKYROVER/stm32f10x_tim.o
                0x000000000800fad6                TIM_OCStructInit
 .text.TIM_ICStructInit
                0x000000000800faea       0x10 obj/SKYROVER/stm32f10x_tim.o
                0x000000000800faea                TIM_ICStructInit
 .text.TIM_Cmd  0x000000000800fafa       0x18 obj/SKYROVER/stm32f10x_tim.o
                0x000000000800fafa                TIM_Cmd
 .text.TIM_CtrlPWMOutputs
                0x000000000800fb12       0x1c obj/SKYROVER/stm32f10x_tim.o
                0x000000000800fb12                TIM_CtrlPWMOutputs
 .text.TIM_ITConfig
                0x000000000800fb2e       0x12 obj/SKYROVER/stm32f10x_tim.o
                0x000000000800fb2e                TIM_ITConfig
 .text.TIM_OC1PreloadConfig
                0x000000000800fb40       0x10 obj/SKYROVER/stm32f10x_tim.o
                0x000000000800fb40                TIM_OC1PreloadConfig
 .text.TIM_OC2PreloadConfig
                0x000000000800fb50       0x14 obj/SKYROVER/stm32f10x_tim.o
                0x000000000800fb50                TIM_OC2PreloadConfig
 .text.TIM_OC3PreloadConfig
                0x000000000800fb64       0x10 obj/SKYROVER/stm32f10x_tim.o
                0x000000000800fb64                TIM_OC3PreloadConfig
 .text.TIM_OC4PreloadConfig
                0x000000000800fb74       0x14 obj/SKYROVER/stm32f10x_tim.o
                0x000000000800fb74                TIM_OC4PreloadConfig
 .text.TIM_SetIC1Prescaler
                0x000000000800fb88       0x16 obj/SKYROVER/stm32f10x_tim.o
                0x000000000800fb88                TIM_SetIC1Prescaler
 .text.TIM_SetIC2Prescaler
                0x000000000800fb9e       0x1a obj/SKYROVER/stm32f10x_tim.o
                0x000000000800fb9e                TIM_SetIC2Prescaler
 .text.TIM_SetIC3Prescaler
                0x000000000800fbb8       0x16 obj/SKYROVER/stm32f10x_tim.o
                0x000000000800fbb8                TIM_SetIC3Prescaler
 .text.TIM_SetIC4Prescaler
                0x000000000800fbce       0x1a obj/SKYROVER/stm32f10x_tim.o
                0x000000000800fbce                TIM_SetIC4Prescaler
 .text.TIM_ICInit
                0x000000000800fbe8      0x138 obj/SKYROVER/stm32f10x_tim.o
                0x000000000800fbe8                TIM_ICInit
 .text.TIM_GetCapture1
                0x000000000800fd20        0x6 obj/SKYROVER/stm32f10x_tim.o
                0x000000000800fd20                TIM_GetCapture1
 .text.TIM_GetCapture2
                0x000000000800fd26        0x6 obj/SKYROVER/stm32f10x_tim.o
                0x000000000800fd26                TIM_GetCapture2
 .text.TIM_GetCapture3
                0x000000000800fd2c        0x6 obj/SKYROVER/stm32f10x_tim.o
                0x000000000800fd2c                TIM_GetCapture3
 .text.TIM_GetCapture4
                0x000000000800fd32        0x8 obj/SKYROVER/stm32f10x_tim.o
                0x000000000800fd32                TIM_GetCapture4
 .text.TIM_GetITStatus
                0x000000000800fd3a       0x16 obj/SKYROVER/stm32f10x_tim.o
                0x000000000800fd3a                TIM_GetITStatus
 .text.TIM_ClearITPendingBit
                0x000000000800fd50        0x8 obj/SKYROVER/stm32f10x_tim.o
                0x000000000800fd50                TIM_ClearITPendingBit
 .text.USART_Init
                0x000000000800fd58       0xb0 obj/SKYROVER/stm32f10x_usart.o
                0x000000000800fd58                USART_Init
 .text.USART_Cmd
                0x000000000800fe08       0x18 obj/SKYROVER/stm32f10x_usart.o
                0x000000000800fe08                USART_Cmd
 .text.USART_ITConfig
                0x000000000800fe20       0x34 obj/SKYROVER/stm32f10x_usart.o
                0x000000000800fe20                USART_ITConfig
 .text.USART_DMACmd
                0x000000000800fe54       0x12 obj/SKYROVER/stm32f10x_usart.o
                0x000000000800fe54                USART_DMACmd
 .text.vListInitialise
                0x000000000800fe66       0x16 obj/SKYROVER/list.o
                0x000000000800fe66                vListInitialise
 .text.vListInitialiseItem
                0x000000000800fe7c        0x6 obj/SKYROVER/list.o
                0x000000000800fe7c                vListInitialiseItem
 .text.vListInsertEnd
                0x000000000800fe82       0x18 obj/SKYROVER/list.o
                0x000000000800fe82                vListInsertEnd
 .text.vListInsert
                0x000000000800fe9a       0x30 obj/SKYROVER/list.o
                0x000000000800fe9a                vListInsert
 .text.uxListRemove
                0x000000000800feca       0x20 obj/SKYROVER/list.o
                0x000000000800feca                uxListRemove
 .text.prvUnlockQueue
                0x000000000800feea       0x64 obj/SKYROVER/queue.o
 .text.prvCopyDataFromQueue
                0x000000000800ff4e       0x26 obj/SKYROVER/queue.o
 .text.prvCopyDataToQueue
                0x000000000800ff74       0x66 obj/SKYROVER/queue.o
 .text.xQueueGenericReset
                0x000000000800ffda       0x64 obj/SKYROVER/queue.o
                0x000000000800ffda                xQueueGenericReset
 .text.xQueueGenericCreate
                0x000000000801003e       0x42 obj/SKYROVER/queue.o
                0x000000000801003e                xQueueGenericCreate
 .text.xQueueGenericSend
                0x0000000008010080      0x100 obj/SKYROVER/queue.o
                0x0000000008010080                xQueueGenericSend
 .text.xQueueCreateMutex
                0x0000000008010180       0x52 obj/SKYROVER/queue.o
                0x0000000008010180                xQueueCreateMutex
 .text.xQueueGenericSendFromISR
                0x00000000080101d2       0x84 obj/SKYROVER/queue.o
                0x00000000080101d2                xQueueGenericSendFromISR
 .text.xQueueGenericReceive
                0x0000000008010256      0x126 obj/SKYROVER/queue.o
                0x0000000008010256                xQueueGenericReceive
 .text.vQueueWaitForMessageRestricted
                0x000000000801037c       0x3a obj/SKYROVER/queue.o
                0x000000000801037c                vQueueWaitForMessageRestricted
 *fill*         0x00000000080103b6        0x2 
 .text.prvAddCurrentTaskToDelayedList
                0x00000000080103b8       0x50 obj/SKYROVER/tasks.o
 .text.xTaskGenericCreate
                0x0000000008010408      0x198 obj/SKYROVER/tasks.o
                0x0000000008010408                xTaskGenericCreate
 .text.vTaskStartScheduler
                0x00000000080105a0       0x5c obj/SKYROVER/tasks.o
                0x00000000080105a0                vTaskStartScheduler
 .text.vTaskSuspendAll
                0x00000000080105fc       0x10 obj/SKYROVER/tasks.o
                0x00000000080105fc                vTaskSuspendAll
 .text.xTaskGetTickCount
                0x000000000801060c       0x18 obj/SKYROVER/tasks.o
                0x000000000801060c                xTaskGetTickCount
 .text.xTaskIncrementTick
                0x0000000008010624      0x114 obj/SKYROVER/tasks.o
                0x0000000008010624                xTaskIncrementTick
 .text.xTaskResumeAll
                0x0000000008010738       0xc8 obj/SKYROVER/tasks.o
                0x0000000008010738                xTaskResumeAll
 .text.prvIdleTask
                0x0000000008010800       0x64 obj/SKYROVER/tasks.o
 .text.vTaskDelay
                0x0000000008010864       0x3c obj/SKYROVER/tasks.o
                0x0000000008010864                vTaskDelay
 .text.vTaskSwitchContext
                0x00000000080108a0       0x68 obj/SKYROVER/tasks.o
                0x00000000080108a0                vTaskSwitchContext
 .text.vTaskPlaceOnEventList
                0x0000000008010908       0x4c obj/SKYROVER/tasks.o
                0x0000000008010908                vTaskPlaceOnEventList
 .text.vTaskPlaceOnEventListRestricted
                0x0000000008010954       0x34 obj/SKYROVER/tasks.o
                0x0000000008010954                vTaskPlaceOnEventListRestricted
 .text.xTaskRemoveFromEventList
                0x0000000008010988       0x74 obj/SKYROVER/tasks.o
                0x0000000008010988                xTaskRemoveFromEventList
 .text.vTaskSetTimeOutState
                0x00000000080109fc       0x20 obj/SKYROVER/tasks.o
                0x00000000080109fc                vTaskSetTimeOutState
 .text.xTaskCheckForTimeOut
                0x0000000008010a1c       0x5c obj/SKYROVER/tasks.o
                0x0000000008010a1c                xTaskCheckForTimeOut
 .text.vTaskMissedYield
                0x0000000008010a78        0xc obj/SKYROVER/tasks.o
                0x0000000008010a78                vTaskMissedYield
 .text.xTaskGetCurrentTaskHandle
                0x0000000008010a84        0xc obj/SKYROVER/tasks.o
                0x0000000008010a84                xTaskGetCurrentTaskHandle
 .text.xTaskGetSchedulerState
                0x0000000008010a90       0x1c obj/SKYROVER/tasks.o
                0x0000000008010a90                xTaskGetSchedulerState
 .text.vTaskPriorityInherit
                0x0000000008010aac       0x6c obj/SKYROVER/tasks.o
                0x0000000008010aac                vTaskPriorityInherit
 .text.vTaskPriorityDisinherit
                0x0000000008010b18       0x48 obj/SKYROVER/tasks.o
                0x0000000008010b18                vTaskPriorityDisinherit
 .text.prvCheckForValidListAndQueue
                0x0000000008010b60       0x4c obj/SKYROVER/timers.o
 .text.prvInsertTimerInActiveList
                0x0000000008010bac       0x3c obj/SKYROVER/timers.o
 .text.xTimerCreateTimerTask
                0x0000000008010be8       0x40 obj/SKYROVER/timers.o
                0x0000000008010be8                xTimerCreateTimerTask
 .text.xTimerGenericCommand
                0x0000000008010c28       0x44 obj/SKYROVER/timers.o
                0x0000000008010c28                xTimerGenericCommand
 .text.prvSwitchTimerLists.isra.1
                0x0000000008010c6c       0x64 obj/SKYROVER/timers.o
 .text.prvTimerTask
                0x0000000008010cd0      0x150 obj/SKYROVER/timers.o
 .text.osThreadCreate
                0x0000000008010e20       0x32 obj/SKYROVER/cmsis_os.o
                0x0000000008010e20                osThreadCreate
 .text.osKernelStart
                0x0000000008010e52       0x10 obj/SKYROVER/cmsis_os.o
                0x0000000008010e52                osKernelStart
 .text.osDelay  0x0000000008010e62       0x10 obj/SKYROVER/cmsis_os.o
                0x0000000008010e62                osDelay
 .text.osMutexCreate
                0x0000000008010e72        0x6 obj/SKYROVER/cmsis_os.o
                0x0000000008010e72                osMutexCreate
 .text.osMutexWait
                0x0000000008010e78       0x24 obj/SKYROVER/cmsis_os.o
                0x0000000008010e78                osMutexWait
 .text.osMutexRelease
                0x0000000008010e9c       0x1e obj/SKYROVER/cmsis_os.o
                0x0000000008010e9c                osMutexRelease
 *fill*         0x0000000008010eba        0x2 
 .text.pvPortMalloc
                0x0000000008010ebc       0xb4 obj/SKYROVER/heap_2.o
                0x0000000008010ebc                pvPortMalloc
 .text.vPortFree
                0x0000000008010f70       0x40 obj/SKYROVER/heap_2.o
                0x0000000008010f70                vPortFree
 .text.prvPortStartFirstTask
                0x0000000008010fb0       0x14 obj/SKYROVER/port.o
 .text.pxPortInitialiseStack
                0x0000000008010fc4       0x1c obj/SKYROVER/port.o
                0x0000000008010fc4                pxPortInitialiseStack
 .text.SVC_Handler
                0x0000000008010fe0       0x20 obj/SKYROVER/port.o
                0x0000000008010fe0                SVC_Handler
 .text.vPortYield
                0x0000000008011000       0x18 obj/SKYROVER/port.o
                0x0000000008011000                vPortYield
 .text.ulPortSetInterruptMask
                0x0000000008011018       0x10 obj/SKYROVER/port.o
                0x0000000008011018                ulPortSetInterruptMask
 .text.vPortEnterCritical
                0x0000000008011028       0x1c obj/SKYROVER/port.o
                0x0000000008011028                vPortEnterCritical
 .text.prvTaskExitError
                0x0000000008011044       0x1c obj/SKYROVER/port.o
 .text.vPortClearInterruptMask
                0x0000000008011060        0x6 obj/SKYROVER/port.o
                0x0000000008011060                vPortClearInterruptMask
 *fill*         0x0000000008011066        0x2 
 .text.vPortExitCritical
                0x0000000008011068       0x14 obj/SKYROVER/port.o
                0x0000000008011068                vPortExitCritical
 .text.PendSV_Handler
                0x000000000801107c       0x3c obj/SKYROVER/port.o
                0x000000000801107c                PendSV_Handler
 .text.xPortSysTickHandler
                0x00000000080110b8       0x24 obj/SKYROVER/port.o
                0x00000000080110b8                xPortSysTickHandler
 .text.vPortSetupTimerInterrupt
                0x00000000080110dc       0x24 obj/SKYROVER/port.o
                0x00000000080110dc                vPortSetupTimerInterrupt
 .text.xPortStartScheduler
                0x0000000008011100       0x8c obj/SKYROVER/port.o
                0x0000000008011100                xPortStartScheduler
 .text.vPortValidateInterruptPriority
                0x000000000801118c       0x44 obj/SKYROVER/port.o
                0x000000000801118c                vPortValidateInterruptPriority
 .text.Standard_GetConfiguration
                0x00000000080111d0       0x24 obj/SKYROVER/usb_core.o
                0x00000000080111d0                Standard_GetConfiguration
 .text.Standard_GetInterface
                0x00000000080111f4       0x24 obj/SKYROVER/usb_core.o
                0x00000000080111f4                Standard_GetInterface
 .text.Standard_GetStatus
                0x0000000008011218       0x9c obj/SKYROVER/usb_core.o
                0x0000000008011218                Standard_GetStatus
 .text.DataStageIn
                0x00000000080112b4       0xa0 obj/SKYROVER/usb_core.o
 .text.Standard_SetConfiguration
                0x0000000008011354       0x38 obj/SKYROVER/usb_core.o
                0x0000000008011354                Standard_SetConfiguration
 .text.Standard_SetInterface
                0x000000000801138c       0x48 obj/SKYROVER/usb_core.o
                0x000000000801138c                Standard_SetInterface
 .text.Standard_ClearFeature
                0x00000000080113d4       0xdc obj/SKYROVER/usb_core.o
                0x00000000080113d4                Standard_ClearFeature
 .text.Standard_SetEndPointFeature
                0x00000000080114b0       0x8c obj/SKYROVER/usb_core.o
                0x00000000080114b0                Standard_SetEndPointFeature
 .text.Standard_SetDeviceFeature
                0x000000000801153c       0x24 obj/SKYROVER/usb_core.o
                0x000000000801153c                Standard_SetDeviceFeature
 .text.Standard_GetDescriptorData
                0x0000000008011560       0x1c obj/SKYROVER/usb_core.o
                0x0000000008011560                Standard_GetDescriptorData
 .text.Post0_Process
                0x000000000801157c       0x40 obj/SKYROVER/usb_core.o
                0x000000000801157c                Post0_Process
 .text.Out0_Process
                0x00000000080115bc       0xd4 obj/SKYROVER/usb_core.o
                0x00000000080115bc                Out0_Process
 .text.Setup0_Process
                0x0000000008011690      0x2f4 obj/SKYROVER/usb_core.o
                0x0000000008011690                Setup0_Process
 .text.SetDeviceAddress
                0x0000000008011984       0x40 obj/SKYROVER/usb_core.o
                0x0000000008011984                SetDeviceAddress
 .text.In0_Process
                0x00000000080119c4       0x60 obj/SKYROVER/usb_core.o
                0x00000000080119c4                In0_Process
 .text.NOP_Process
                0x0000000008011a24        0x2 obj/SKYROVER/usb_core.o
                0x0000000008011a24                NOP_Process
 *fill*         0x0000000008011a26        0x2 
 .text.USB_Init
                0x0000000008011a28       0x38 obj/SKYROVER/usb_init.o
                0x0000000008011a28                USB_Init
 .text.CTR_LP   0x0000000008011a60      0x18c obj/SKYROVER/usb_int.o
                0x0000000008011a60                CTR_LP
 .text.UserToPMABufferCopy
                0x0000000008011bec       0x2e obj/SKYROVER/usb_mem.o
                0x0000000008011bec                UserToPMABufferCopy
 .text.PMAToUserBufferCopy
                0x0000000008011c1a       0x24 obj/SKYROVER/usb_mem.o
                0x0000000008011c1a                PMAToUserBufferCopy
 *fill*         0x0000000008011c3e        0x2 
 .text.SetBTABLE
                0x0000000008011c40       0x10 obj/SKYROVER/usb_regs.o
                0x0000000008011c40                SetBTABLE
 .text.SetEPType
                0x0000000008011c50       0x18 obj/SKYROVER/usb_regs.o
                0x0000000008011c50                SetEPType
 .text.SetEPTxStatus
                0x0000000008011c68       0x3a obj/SKYROVER/usb_regs.o
                0x0000000008011c68                SetEPTxStatus
 .text.SetEPRxStatus
                0x0000000008011ca2       0x3a obj/SKYROVER/usb_regs.o
                0x0000000008011ca2                SetEPRxStatus
 .text.SetEPTxValid
                0x0000000008011cdc       0x22 obj/SKYROVER/usb_regs.o
                0x0000000008011cdc                SetEPTxValid
 .text.SetEPRxValid
                0x0000000008011cfe       0x22 obj/SKYROVER/usb_regs.o
                0x0000000008011cfe                SetEPRxValid
 .text.Clear_Status_Out
                0x0000000008011d20       0x1e obj/SKYROVER/usb_regs.o
                0x0000000008011d20                Clear_Status_Out
 .text.ClearDTOG_RX
                0x0000000008011d3e       0x24 obj/SKYROVER/usb_regs.o
                0x0000000008011d3e                ClearDTOG_RX
 .text.ClearDTOG_TX
                0x0000000008011d62       0x24 obj/SKYROVER/usb_regs.o
                0x0000000008011d62                ClearDTOG_TX
 *fill*         0x0000000008011d86        0x2 
 .text.SetEPTxAddr
                0x0000000008011d88       0x20 obj/SKYROVER/usb_regs.o
                0x0000000008011d88                SetEPTxAddr
 .text.SetEPRxAddr
                0x0000000008011da8       0x20 obj/SKYROVER/usb_regs.o
                0x0000000008011da8                SetEPRxAddr
 .text.GetEPTxAddr
                0x0000000008011dc8       0x1c obj/SKYROVER/usb_regs.o
                0x0000000008011dc8                GetEPTxAddr
 .text.GetEPRxAddr
                0x0000000008011de4       0x1c obj/SKYROVER/usb_regs.o
                0x0000000008011de4                GetEPRxAddr
 .text.SetEPTxCount
                0x0000000008011e00       0x1c obj/SKYROVER/usb_regs.o
                0x0000000008011e00                SetEPTxCount
 .text.SetEPRxCount
                0x0000000008011e1c       0x3c obj/SKYROVER/usb_regs.o
                0x0000000008011e1c                SetEPRxCount
 .text.GetEPRxCount
                0x0000000008011e58       0x20 obj/SKYROVER/usb_regs.o
                0x0000000008011e58                GetEPRxCount
 .text.ByteSwap
                0x0000000008011e78        0xa obj/SKYROVER/usb_regs.o
                0x0000000008011e78                ByteSwap
 *fill*         0x0000000008011e82        0x2 
 .text.USB_SIL_Init
                0x0000000008011e84       0x20 obj/SKYROVER/usb_sil.o
                0x0000000008011e84                USB_SIL_Init
 .text.USB_SIL_Read
                0x0000000008011ea4       0x24 obj/SKYROVER/usb_sil.o
                0x0000000008011ea4                USB_SIL_Read
 .text.IntToUnicode
                0x0000000008011ec8       0x2a obj/SKYROVER/hw_config.o
 .text.USB_LP_CAN1_RX0_IRQHandler
                0x0000000008011ef2        0x4 obj/SKYROVER/hw_config.o
                0x0000000008011ef2                USB_LP_CAN1_RX0_IRQHandler
 .text.USBWakeUp_IRQHandler
                0x0000000008011ef6        0x8 obj/SKYROVER/hw_config.o
                0x0000000008011ef6                USBWakeUp_IRQHandler
 *fill*         0x0000000008011efe        0x2 
 .text.Set_System
                0x0000000008011f00       0x4c obj/SKYROVER/hw_config.o
                0x0000000008011f00                Set_System
 .text.Set_USBClock
                0x0000000008011f4c       0x16 obj/SKYROVER/hw_config.o
                0x0000000008011f4c                Set_USBClock
 .text.USB_Interrupts_Config
                0x0000000008011f62       0x3a obj/SKYROVER/hw_config.o
                0x0000000008011f62                USB_Interrupts_Config
 .text.USB_Cable_Config
                0x0000000008011f9c       0x1c obj/SKYROVER/hw_config.o
                0x0000000008011f9c                USB_Cable_Config
 .text.USB_To_USART_Send_Data
                0x0000000008011fb8       0x30 obj/SKYROVER/hw_config.o
                0x0000000008011fb8                USB_To_USART_Send_Data
 .text.Handle_USBAsynchXfer
                0x0000000008011fe8       0x94 obj/SKYROVER/hw_config.o
                0x0000000008011fe8                Handle_USBAsynchXfer
 .text.USB_Send_Data
                0x000000000801207c       0x30 obj/SKYROVER/hw_config.o
                0x000000000801207c                USB_Send_Data
 .text.Get_SerialNum
                0x00000000080120ac       0x34 obj/SKYROVER/hw_config.o
                0x00000000080120ac                Get_SerialNum
 .text.EP1_IN_Callback
                0x00000000080120e0       0x64 obj/SKYROVER/usb_endp.o
                0x00000000080120e0                EP1_IN_Callback
 .text.EP3_OUT_Callback
                0x0000000008012144       0x24 obj/SKYROVER/usb_endp.o
                0x0000000008012144                EP3_OUT_Callback
 .text.SOF_Callback
                0x0000000008012168       0x28 obj/SKYROVER/usb_endp.o
                0x0000000008012168                SOF_Callback
 .text.USB_Istr
                0x0000000008012190       0x7c obj/SKYROVER/usb_istr.o
                0x0000000008012190                USB_Istr
 .text.Virtual_Com_Port_SetConfiguration
                0x000000000801220c       0x18 obj/SKYROVER/usb_prop.o
                0x000000000801220c                Virtual_Com_Port_SetConfiguration
 .text.Virtual_Com_Port_SetDeviceAddress
                0x0000000008012224        0xc obj/SKYROVER/usb_prop.o
                0x0000000008012224                Virtual_Com_Port_SetDeviceAddress
 .text.Virtual_Com_Port_Status_In
                0x0000000008012230       0x14 obj/SKYROVER/usb_prop.o
                0x0000000008012230                Virtual_Com_Port_Status_In
 .text.Virtual_Com_Port_Status_Out
                0x0000000008012244        0x2 obj/SKYROVER/usb_prop.o
                0x0000000008012244                Virtual_Com_Port_Status_Out
 *fill*         0x0000000008012246        0x2 
 .text.Virtual_Com_Port_Data_Setup
                0x0000000008012248       0x5c obj/SKYROVER/usb_prop.o
                0x0000000008012248                Virtual_Com_Port_Data_Setup
 .text.Virtual_Com_Port_NoData_Setup
                0x00000000080122a4       0x24 obj/SKYROVER/usb_prop.o
                0x00000000080122a4                Virtual_Com_Port_NoData_Setup
 .text.Virtual_Com_Port_Get_Interface_Setting
                0x00000000080122c8        0xe obj/SKYROVER/usb_prop.o
                0x00000000080122c8                Virtual_Com_Port_Get_Interface_Setting
 *fill*         0x00000000080122d6        0x2 
 .text.Virtual_Com_Port_GetLineCoding
                0x00000000080122d8       0x18 obj/SKYROVER/usb_prop.o
                0x00000000080122d8                Virtual_Com_Port_GetLineCoding
 .text.Virtual_Com_Port_SetLineCoding
                0x00000000080122f0       0x18 obj/SKYROVER/usb_prop.o
                0x00000000080122f0                Virtual_Com_Port_SetLineCoding
 .text.Virtual_Com_Port_GetStringDescriptor
                0x0000000008012308       0x20 obj/SKYROVER/usb_prop.o
                0x0000000008012308                Virtual_Com_Port_GetStringDescriptor
 .text.Virtual_Com_Port_GetConfigDescriptor
                0x0000000008012328        0xc obj/SKYROVER/usb_prop.o
                0x0000000008012328                Virtual_Com_Port_GetConfigDescriptor
 .text.Virtual_Com_Port_GetDeviceDescriptor
                0x0000000008012334        0xc obj/SKYROVER/usb_prop.o
                0x0000000008012334                Virtual_Com_Port_GetDeviceDescriptor
 .text.Virtual_Com_Port_Reset
                0x0000000008012340       0xe0 obj/SKYROVER/usb_prop.o
                0x0000000008012340                Virtual_Com_Port_Reset
 .text.Virtual_Com_Port_init
                0x0000000008012420       0x24 obj/SKYROVER/usb_prop.o
                0x0000000008012420                Virtual_Com_Port_init
 .text.PowerOn  0x0000000008012444       0x30 obj/SKYROVER/usb_pwr.o
                0x0000000008012444                PowerOn
 .text.thread_lcd_show_goboot
                0x0000000008012474        0xc obj/SKYROVER/thread_lcd.o
                0x0000000008012474                thread_lcd_show_goboot
 .text._draw_intro
                0x0000000008012480       0x58 obj/SKYROVER/thread_lcd.o
                0x0000000008012480                _draw_intro
 .text._draw_status
                0x00000000080124d8      0x14c obj/SKYROVER/thread_lcd.o
                0x00000000080124d8                _draw_status
 .text._draw_go_boot
                0x0000000008012624       0x3c obj/SKYROVER/thread_lcd.o
                0x0000000008012624                _draw_go_boot
 .text.thread_lcd
                0x0000000008012660       0x90 obj/SKYROVER/thread_lcd.o
                0x0000000008012660                thread_lcd
 .text.thread_main
                0x00000000080126f0       0x90 obj/SKYROVER/thread_main.o
                0x00000000080126f0                thread_main
 .text._menu_show_menu
                0x0000000008012780      0x108 obj/SKYROVER/thread_menu.o
 .text.cmd_go_bootloader
                0x0000000008012888       0x34 obj/SKYROVER/thread_menu.o
                0x0000000008012888                cmd_go_bootloader
 .text.cmd_bluetooth_setup
                0x00000000080128bc      0x118 obj/SKYROVER/thread_menu.o
                0x00000000080128bc                cmd_bluetooth_setup
 .text.cmd_bluetooth_check
                0x00000000080129d4       0xe4 obj/SKYROVER/thread_menu.o
                0x00000000080129d4                cmd_bluetooth_check
 .text.thread_menu
                0x0000000008012ab8       0xfc obj/SKYROVER/thread_menu.o
                0x0000000008012ab8                thread_menu
 .text.thread_mw
                0x0000000008012bb4       0x34 obj/SKYROVER/thread_mw.o
                0x0000000008012bb4                thread_mw
 .text.u8g_DrawHBitmap
                0x0000000008012be8       0x32 obj/SKYROVER/u8g_bitmap.o
                0x0000000008012be8                u8g_DrawHBitmap
 .text.u8g_DrawBitmap
                0x0000000008012c1a       0x42 obj/SKYROVER/u8g_bitmap.o
                0x0000000008012c1a                u8g_DrawBitmap
 .text.u8g_IsBBXIntersection
                0x0000000008012c5c       0x56 obj/SKYROVER/u8g_clip.o
                0x0000000008012c5c                u8g_IsBBXIntersection
 .text.u8g_InitCom
                0x0000000008012cb2        0xc obj/SKYROVER/u8g_com_api.o
                0x0000000008012cb2                u8g_InitCom
 .text.u8g_SetChipSelect
                0x0000000008012cbe        0xc obj/SKYROVER/u8g_com_api.o
                0x0000000008012cbe                u8g_SetChipSelect
 .text.u8g_SetResetLow
                0x0000000008012cca        0xe obj/SKYROVER/u8g_com_api.o
                0x0000000008012cca                u8g_SetResetLow
 .text.u8g_SetResetHigh