Archive member included because of file (symbol)

/Users/imac/Develop/stm32f4/arm_gcc/gcc-arm-none-eabi-4_8-2014q2/bin/../lib/gcc/arm-none-eabi/4.8.4/../../../../arm-none-eabi/lib/armv7-m/libm.a(lib_a-sf_cos.o)
                              obj/SKYROVER/gps.o (cosf)
/Users/imac/Develop/stm32f4/arm_gcc/gcc-arm-none-eabi-4_8-2014q2/bin/../lib/gcc/arm-none-eabi/4.8.4/../../../../arm-none-eabi/lib/armv7-m/libm.a(lib_a-sf_lrint.o)
                              obj/SKYROVER/imu.o (lrintf)
/Users/imac/Develop/stm32f4/arm_gcc/gcc-arm-none-eabi-4_8-2014q2/bin/../lib/gcc/arm-none-eabi/4.8.4/../../../../arm-none-eabi/lib/armv7-m/libm.a(lib_a-sf_sin.o)
                              obj/SKYROVER/gps.o (sinf)
/Users/imac/Develop/stm32f4/arm_gcc/gcc-arm-none-eabi-4_8-2014q2/bin/../lib/gcc/arm-none-eabi/4.8.4/../../../../arm-none-eabi/lib/armv7-m/libm.a(lib_a-wf_atan2.o)
                              obj/SKYROVER/gps.o (atan2f)
/Users/imac/Develop/stm32f4/arm_gcc/gcc-arm-none-eabi-4_8-2014q2/bin/../lib/gcc/arm-none-eabi/4.8.4/../../../../arm-none-eabi/lib/armv7-m/libm.a(lib_a-wf_pow.o)
                              obj/SKYROVER/imu.o (powf)
/Users/imac/Develop/stm32f4/arm_gcc/gcc-arm-none-eabi-4_8-2014q2/bin/../lib/gcc/arm-none-eabi/4.8.4/../../../../arm-none-eabi/lib/armv7-m/libm.a(lib_a-wf_sqrt.o)
                              obj/SKYROVER/gps.o (sqrtf)
/Users/imac/Develop/stm32f4/arm_gcc/gcc-arm-none-eabi-4_8-2014q2/bin/../lib/gcc/arm-none-eabi/4.8.4/../../../../arm-none-eabi/lib/armv7-m/libm.a(lib_a-ef_atan2.o)
                              /Users/imac/Develop/stm32f4/arm_gcc/gcc-arm-none-eabi-4_8-2014q2/bin/../lib/gcc/arm-none-eabi/4.8.4/../../../../arm-none-eabi/lib/armv7-m/libm.a(lib_a-wf_atan2.o) (__ieee754_atan2f)
/Users/imac/Develop/stm32f4/arm_gcc/gcc-arm-none-eabi-4_8-2014q2/bin/../lib/gcc/arm-none-eabi/4.8.4/../../../../arm-none-eabi/lib/armv7-m/libm.a(lib_a-ef_pow.o)
                              /Users/imac/Develop/stm32f4/arm_gcc/gcc-arm-none-eabi-4_8-2014q2/bin/../lib/gcc/arm-none-eabi/4.8.4/../../../../arm-none-eabi/lib/armv7-m/libm.a(lib_a-wf_pow.o) (__ieee754_powf)
/Users/imac/Develop/stm32f4/arm_gcc/gcc-arm-none-eabi-4_8-2014q2/bin/../lib/gcc/arm-none-eabi/4.8.4/../../../../arm-none-eabi/lib/armv7-m/libm.a(lib_a-ef_rem_pio2.o)
                              /Users/imac/Develop/stm32f4/arm_gcc/gcc-arm-none-eabi-4_8-2014q2/bin/../lib/gcc/arm-none-eabi/4.8.4/../../../../arm-none-eabi/lib/armv7-m/libm.a(lib_a-sf_cos.o) (__ieee754_rem_pio2f)
/Users/imac/Develop/stm32f4/arm_gcc/gcc-arm-none-eabi-4_8-2014q2/bin/../lib/gcc/arm-none-eabi/4.8.4/../../../../arm-none-eabi/lib/armv7-m/libm.a(lib_a-ef_sqrt.o)
                              /Users/imac/Develop/stm32f4/arm_gcc/gcc-arm-none-eabi-4_8-2014q2/bin/../lib/gcc/arm-none-eabi/4.8.4/../../../../arm-none-eabi/lib/armv7-m/libm.a(lib_a-wf_sqrt.o) (__ieee754_sqrtf)
/Users/imac/Develop/stm32f4/arm_gcc/gcc-arm-none-eabi-4_8-2014q2/bin/../lib/gcc/arm-none-eabi/4.8.4/../../../../arm-none-eabi/lib/armv7-m/libm.a(lib_a-kf_cos.o)
                              /Users/imac/Develop/stm32f4/arm_gcc/gcc-arm-none-eabi-4_8-2014q2/bin/../lib/gcc/arm-none-eabi/4.8.4/../../../../arm-none-eabi/lib/armv7-m/libm.a(lib_a-sf_cos.o) (__kernel_cosf)
/Users/imac/Develop/stm32f4/arm_gcc/gcc-arm-none-eabi-4_8-2014q2/bin/../lib/gcc/arm-none-eabi/4.8.4/../../../../arm-none-eabi/lib/armv7-m/libm.a(lib_a-kf_rem_pio2.o)
                              /Users/imac/Develop/stm32f4/arm_gcc/gcc-arm-none-eabi-4_8-2014q2/bin/../lib/gcc/arm-none-eabi/4.8.4/../../../../arm-none-eabi/lib/armv7-m/libm.a(lib_a-ef_rem_pio2.o) (__kernel_rem_pio2f)
/Users/imac/Develop/stm32f4/arm_gcc/gcc-arm-none-eabi-4_8-2014q2/bin/../lib/gcc/arm-none-eabi/4.8.4/../../../../arm-none-eabi/lib/armv7-m/libm.a(lib_a-kf_sin.o)
                              /Users/imac/Develop/stm32f4/arm_gcc/gcc-arm-none-eabi-4_8-2014q2/bin/../lib/gcc/arm-none-eabi/4.8.4/../../../../arm-none-eabi/lib/armv7-m/libm.a(lib_a-sf_cos.o) (__kernel_sinf)
/Users/imac/Develop/stm32f4/arm_gcc/gcc-arm-none-eabi-4_8-2014q2/bin/../lib/gcc/arm-none-eabi/4.8.4/../../../../arm-none-eabi/lib/armv7-m/libm.a(lib_a-s_lib_ver.o)
                              /Users/imac/Develop/stm32f4/arm_gcc/gcc-arm-none-eabi-4_8-2014q2/bin/../lib/gcc/arm-none-eabi/4.8.4/../../../../arm-none-eabi/lib/armv7-m/libm.a(lib_a-wf_pow.o) (__fdlib_version)
/Users/imac/Develop/stm32f4/arm_gcc/gcc-arm-none-eabi-4_8-2014q2/bin/../lib/gcc/arm-none-eabi/4.8.4/../../../../arm-none-eabi/lib/armv7-m/libm.a(lib_a-s_matherr.o)
                              /Users/imac/Develop/stm32f4/arm_gcc/gcc-arm-none-eabi-4_8-2014q2/bin/../lib/gcc/arm-none-eabi/4.8.4/../../../../arm-none-eabi/lib/armv7-m/libm.a(lib_a-wf_pow.o) (matherr)
/Users/imac/Develop/stm32f4/arm_gcc/gcc-arm-none-eabi-4_8-2014q2/bin/../lib/gcc/arm-none-eabi/4.8.4/../../../../arm-none-eabi/lib/armv7-m/libm.a(lib_a-s_rint.o)
[...]
Memory Configuration

Name             Origin             Length             Attributes
FLASH            0x0000000008003000 0x000000000001cc00 xr
RAM              0x0000000020000000 0x0000000000005000 xrw
MEMORY_B1        0x0000000060000000 0x0000000000000000 xr
*default*        0x0000000000000000 0xffffffffffffffff

Linker script and memory map

LOAD /Users/imac/Develop/stm32f4/arm_gcc/gcc-arm-none-eabi-4_8-2014q2/bin/../lib/gcc/arm-none-eabi/4.8.4/armv7-m/crti.o
LOAD /Users/imac/Develop/stm32f4/arm_gcc/gcc-arm-none-eabi-4_8-2014q2/bin/../lib/gcc/arm-none-eabi/4.8.4/armv7-m/crtbegin.o
LOAD /Users/imac/Develop/stm32f4/arm_gcc/gcc-arm-none-eabi-4_8-2014q2/bin/../lib/gcc/arm-none-eabi/4.8.4/../../../../arm-none-eabi/lib/armv7-m/crt0.o
LOAD obj/SKYROVER/drv_adc.o
LOAD obj/SKYROVER/drv_adxl345.o
LOAD obj/SKYROVER/drv_bma280.o
LOAD obj/SKYROVER/drv_bmp085.o
LOAD obj/SKYROVER/drv_ms5611.o
LOAD obj/SKYROVER/drv_hcsr04.o
LOAD obj/SKYROVER/drv_hmc5883l.o
LOAD obj/SKYROVER/drv_ledring.o
LOAD obj/SKYROVER/drv_mma845x.o
LOAD obj/SKYROVER/drv_mpu3050.o
LOAD obj/SKYROVER/drv_mpu6050.o
LOAD obj/SKYROVER/drv_l3g4200d.o
LOAD obj/SKYROVER/drv_pwm.o
LOAD obj/SKYROVER/drv_spi.o
LOAD obj/SKYROVER/drv_timer.o
LOAD obj/SKYROVER/hexairbot.o
LOAD obj/SKYROVER/startup_stm32f10x_md_gcc.o
LOAD obj/SKYROVER/buzzer.o
LOAD obj/SKYROVER/cli.o
LOAD obj/SKYROVER/config.o
LOAD obj/SKYROVER/gps.o
LOAD obj/SKYROVER/imu.o
LOAD obj/SKYROVER/main.o
LOAD obj/SKYROVER/mixer.o
LOAD obj/SKYROVER/mw.o
LOAD obj/SKYROVER/sensors.o
LOAD obj/SKYROVER/serial.o
LOAD obj/SKYROVER/sbus.o
LOAD obj/SKYROVER/sumd.o
LOAD obj/SKYROVER/spektrum.o
LOAD obj/SKYROVER/telemetry.o
LOAD obj/SKYROVER/drv_gpio.o
LOAD obj/SKYROVER/drv_i2c.o
LOAD obj/SKYROVER/drv_i2c_soft.o
LOAD obj/SKYROVER/drv_system.o
LOAD obj/SKYROVER/drv_serial.o
LOAD obj/SKYROVER/drv_softserial.o
LOAD obj/SKYROVER/drv_uart.o
LOAD obj/SKYROVER/drv_vcom.o
LOAD obj/SKYROVER/drv_vcom_q.o
LOAD obj/SKYROVER/drv_u8g.o
LOAD obj/SKYROVER/printf.o
LOAD obj/SKYROVER/utils.o
LOAD obj/SKYROVER/system_stm32f10x.o
LOAD obj/SKYROVER/misc.o
LOAD obj/SKYROVER/stm32f10x_adc.o
LOAD obj/SKYROVER/stm32f10x_bkp.o
LOAD obj/SKYROVER/stm32f10x_can.o
LOAD obj/SKYROVER/stm32f10x_cec.o
LOAD obj/SKYROVER/stm32f10x_crc.o
LOAD obj/SKYROVER/stm32f10x_dac.o
LOAD obj/SKYROVER/stm32f10x_dbgmcu.o
LOAD obj/SKYROVER/stm32f10x_dma.o
LOAD obj/SKYROVER/stm32f10x_exti.o
LOAD obj/SKYROVER/stm32f10x_flash.o
LOAD obj/SKYROVER/stm32f10x_fsmc.o
LOAD obj/SKYROVER/stm32f10x_gpio.o
LOAD obj/SKYROVER/stm32f10x_i2c.o
LOAD obj/SKYROVER/stm32f10x_iwdg.o
LOAD obj/SKYROVER/stm32f10x_pwr.o
LOAD obj/SKYROVER/stm32f10x_rcc.o
LOAD obj/SKYROVER/stm32f10x_rtc.o
LOAD obj/SKYROVER/stm32f10x_sdio.o
LOAD obj/SKYROVER/stm32f10x_spi.o
LOAD obj/SKYROVER/stm32f10x_tim.o
LOAD obj/SKYROVER/stm32f10x_usart.o
LOAD obj/SKYROVER/stm32f10x_wwdg.o
LOAD obj/SKYROVER/croutine.o
LOAD obj/SKYROVER/list.o
LOAD obj/SKYROVER/queue.o
LOAD obj/SKYROVER/tasks.o
LOAD obj/SKYROVER/timers.o
LOAD obj/SKYROVER/cmsis_os.o
LOAD obj/SKYROVER/heap_2.o
LOAD obj/SKYROVER/port.o
LOAD obj/SKYROVER/usb_core.o
LOAD obj/SKYROVER/usb_init.o
LOAD obj/SKYROVER/usb_int.o
LOAD obj/SKYROVER/usb_mem.o
LOAD obj/SKYROVER/usb_regs.o
LOAD obj/SKYROVER/usb_sil.o
LOAD obj/SKYROVER/hw_config.o
LOAD obj/SKYROVER/usb_desc.o
LOAD obj/SKYROVER/usb_endp.o
LOAD obj/SKYROVER/usb_istr.o
LOAD obj/SKYROVER/usb_prop.o
LOAD obj/SKYROVER/usb_pwr.o
LOAD obj/SKYROVER/thread_lcd.o
LOAD obj/SKYROVER/thread_main.o
LOAD obj/SKYROVER/thread_menu.o
LOAD obj/SKYROVER/thread_mw.o
LOAD obj/SKYROVER/chessengine.o
LOAD obj/SKYROVER/u8g_bitmap.o
LOAD obj/SKYROVER/u8g_circle.o
LOAD obj/SKYROVER/u8g_clip.o
LOAD obj/SKYROVER/u8g_com_api.o
LOAD obj/SKYROVER/u8g_com_api_16gr.o
LOAD obj/SKYROVER/u8g_com_i2c.o
LOAD obj/SKYROVER/u8g_com_io.o
LOAD obj/SKYROVER/u8g_com_null.o
LOAD obj/SKYROVER/u8g_cursor.o
LOAD obj/SKYROVER/u8g_delay.o
LOAD obj/SKYROVER/u8g_dev_a2_micro_printer.o
LOAD obj/SKYROVER/u8g_dev_flipdisc_2x7.o
LOAD obj/SKYROVER/u8g_dev_gprof.o
LOAD obj/SKYROVER/u8g_dev_ht1632.o
LOAD obj/SKYROVER/u8g_dev_ili9325d_320x240.o
LOAD obj/SKYROVER/u8g_dev_ks0108_128x64.o
LOAD obj/SKYROVER/u8g_dev_lc7981_160x80.o
LOAD obj/SKYROVER/u8g_dev_lc7981_240x128.o
LOAD obj/SKYROVER/u8g_dev_lc7981_240x64.o
LOAD obj/SKYROVER/u8g_dev_lc7981_320x64.o
LOAD obj/SKYROVER/u8g_dev_ld7032_60x32.o
LOAD obj/SKYROVER/u8g_dev_null.o
LOAD obj/SKYROVER/u8g_dev_pcd8544_84x48.o
LOAD obj/SKYROVER/u8g_dev_pcf8812_96x65.o
LOAD obj/SKYROVER/u8g_dev_sbn1661_122x32.o
LOAD obj/SKYROVER/u8g_dev_ssd1306_128x32.o
LOAD obj/SKYROVER/u8g_dev_ssd1306_128x64.o
LOAD obj/SKYROVER/u8g_dev_ssd1309_128x64.o
LOAD obj/SKYROVER/u8g_dev_ssd1322_nhd31oled_bw.o
LOAD obj/SKYROVER/u8g_dev_ssd1322_nhd31oled_gr.o
LOAD obj/SKYROVER/u8g_dev_ssd1325_nhd27oled_bw.o
LOAD obj/SKYROVER/u8g_dev_ssd1325_nhd27oled_bw_new.o
LOAD obj/SKYROVER/u8g_dev_ssd1325_nhd27oled_gr.o
LOAD obj/SKYROVER/u8g_dev_ssd1325_nhd27oled_gr_new.o
LOAD obj/SKYROVER/u8g_dev_ssd1327_96x96_gr.o
LOAD obj/SKYROVER/u8g_dev_ssd1351_128x128.o
LOAD obj/SKYROVER/u8g_dev_st7565_64128n.o
LOAD obj/SKYROVER/u8g_dev_st7565_dogm128.o
LOAD obj/SKYROVER/u8g_dev_st7565_dogm132.o
LOAD obj/SKYROVER/u8g_dev_st7565_lm6059.o
LOAD obj/SKYROVER/u8g_dev_st7565_lm6063.o
LOAD obj/SKYROVER/u8g_dev_st7565_nhd_c12832.o
LOAD obj/SKYROVER/u8g_dev_st7565_nhd_c12864.o
LOAD obj/SKYROVER/u8g_dev_st7687_c144mvgd.o
LOAD obj/SKYROVER/u8g_dev_st7920_128x64.o
LOAD obj/SKYROVER/u8g_dev_st7920_192x32.o
LOAD obj/SKYROVER/u8g_dev_st7920_202x32.o
LOAD obj/SKYROVER/u8g_dev_t6963_128x128.o
LOAD obj/SKYROVER/u8g_dev_t6963_128x64.o
LOAD obj/SKYROVER/u8g_dev_t6963_240x128.o
LOAD obj/SKYROVER/u8g_dev_t6963_240x64.o
LOAD obj/SKYROVER/u8g_dev_tls8204_84x48.o
LOAD obj/SKYROVER/u8g_dev_uc1601_c128032.o
LOAD obj/SKYROVER/u8g_dev_uc1608_240x64.o
LOAD obj/SKYROVER/u8g_dev_uc1610_dogxl160.o
LOAD obj/SKYROVER/u8g_dev_uc1701_dogs102.o
LOAD obj/SKYROVER/u8g_dev_uc1701_mini12864.o
LOAD obj/SKYROVER/u8g_ellipse.o
LOAD obj/SKYROVER/u8g_font.o
LOAD obj/SKYROVER/u8g_font_data.o
LOAD obj/SKYROVER/u8g_line.o
LOAD obj/SKYROVER/u8g_ll_api.o
LOAD obj/SKYROVER/u8g_page.o
LOAD obj/SKYROVER/u8g_pb.o
LOAD obj/SKYROVER/u8g_pb14v1.o
LOAD obj/SKYROVER/u8g_pb16h1.o
LOAD obj/SKYROVER/u8g_pb16h2.o
LOAD obj/SKYROVER/u8g_pb16v1.o
LOAD obj/SKYROVER/u8g_pb16v2.o
LOAD obj/SKYROVER/u8g_pb32h1.o
LOAD obj/SKYROVER/u8g_pb8h1.o
LOAD obj/SKYROVER/u8g_pb8h1f.o
LOAD obj/SKYROVER/u8g_pb8h2.o
LOAD obj/SKYROVER/u8g_pb8h8.o
LOAD obj/SKYROVER/u8g_pb8v1.o
LOAD obj/SKYROVER/u8g_pb8v2.o
LOAD obj/SKYROVER/u8g_pbxh16.o
LOAD obj/SKYROVER/u8g_pbxh24.o
LOAD obj/SKYROVER/u8g_polygon.o
LOAD obj/SKYROVER/u8g_rect.o
LOAD obj/SKYROVER/u8g_rot.o
LOAD obj/SKYROVER/u8g_scale.o
LOAD obj/SKYROVER/u8g_state.o
LOAD obj/SKYROVER/u8g_u16toa.o
LOAD obj/SKYROVER/u8g_u8toa.o
LOAD obj/SKYROVER/u8g_virtual_screen.o
LOAD /Users/imac/Develop/stm32f4/arm_gcc/gcc-arm-none-eabi-4_8-2014q2/bin/../lib/gcc/arm-none-eabi/4.8.4/../../../../arm-none-eabi/lib/armv7-m/libm.a
START GROUP
LOAD /Users/imac/Develop/stm32f4/arm_gcc/gcc-arm-none-eabi-4_8-2014q2/bin/../lib/gcc/arm-none-eabi/4.8.4/armv7-m/libgcc.a
LOAD /Users/imac/Develop/stm32f4/arm_gcc/gcc-arm-none-eabi-4_8-2014q2/bin/../lib/gcc/arm-none-eabi/4.8.4/../../../../arm-none-eabi/lib/armv7-m/libc.a
END GROUP
LOAD /Users/imac/Develop/stm32f4/arm_gcc/gcc-arm-none-eabi-4_8-2014q2/bin/../lib/gcc/arm-none-eabi/4.8.4/armv7-m/crtend.o
LOAD /Users/imac/Develop/stm32f4/arm_gcc/gcc-arm-none-eabi-4_8-2014q2/bin/../lib/gcc/arm-none-eabi/4.8.4/armv7-m/crtn.o
                0x0000000020005000                _estack = 0x20005000
                0x0000000000000000                _Min_Heap_Size = 0x0
                0x0000000000000400                _Min_Stack_Size = 0x400

.isr_vector     0x0000000008003000      0x10c
                0x0000000008003000                . = ALIGN (0x4)
 *(.isr_vector)
 .isr_vector    0x0000000008003000      0x10c obj/SKYROVER/startup_stm32f10x_md_gcc.o
                0x0000000008003000                g_pfnVectors
                0x000000000800310c                . = ALIGN (0x4)

.text           0x0000000008003110    0x17a04
                0x0000000008003110                . = ALIGN (0x4)
 *(.text)
 .text          0x0000000008003110       0x54 /Users/imac/Develop/stm32f4/arm_gcc/gcc-arm-none-eabi-4_8-2014q2/bin/../lib/gcc/arm-none-eabi/4.8.4/armv7-m/crtbegin.o
 .text          0x0000000008003164      0x370 /Users/imac/Develop/stm32f4/arm_gcc/gcc-arm-none-eabi-4_8-2014q2/bin/../lib/gcc/arm-none-eabi/4.8.4/armv7-m/libgcc.a(_arm_addsubdf3.o)
                0x0000000008003164                __aeabi_drsub
                0x000000000800316c                __subdf3
                0x000000000800316c                __aeabi_dsub
                0x0000000008003170                __aeabi_dadd
                0x0000000008003170                __adddf3
                0x00000000080033e8                __aeabi_ui2d
                0x00000000080033e8                __floatunsidf
                0x0000000008003408                __floatsidf
                0x0000000008003408                __aeabi_i2d
                0x000000000800342c                __extendsfdf2
                0x000000000800342c                __aeabi_f2d
                0x0000000008003468                __aeabi_ul2d
                0x0000000008003468                __floatundidf
                0x0000000008003478                __aeabi_l2d
                0x0000000008003478                __floatdidf
 .text          0x00000000080034d4      0x424 /Users/imac/Develop/stm32f4/arm_gcc/gcc-arm-none-eabi-4_8-2014q2/bin/../lib/gcc/arm-none-eabi/4.8.4/armv7-m/libgcc.a(_arm_muldivdf3.o)
                0x00000000080034d4                __aeabi_dmul
                0x00000000080034d4                __muldf3
                0x0000000008003728                __aeabi_ddiv
                0x0000000008003728                __divdf3
 .text          0x00000000080038f8      0x110 /Users/imac/Develop/stm32f4/arm_gcc/gcc-arm-none-eabi-4_8-2014q2/bin/../lib/gcc/arm-none-eabi/4.8.4/armv7-m/libgcc.a(_arm_cmpdf2.o)
                0x00000000080038f8                __gtdf2
                0x00000000080038f8                __gedf2
                0x0000000008003900                __ltdf2
                0x0000000008003900                __ledf2
                0x0000000008003908                __eqdf2
                0x0000000008003908                __nedf2
                0x0000000008003908                __cmpdf2
                0x0000000008003984                __aeabi_cdrcmple
                0x0000000008003994                __aeabi_cdcmple
                0x0000000008003994                __aeabi_cdcmpeq
                0x00000000080039a4                __aeabi_dcmpeq
                0x00000000080039b8                __aeabi_dcmplt
                0x00000000080039cc                __aeabi_dcmple
                0x00000000080039e0                __aeabi_dcmpge
                0x00000000080039f4                __aeabi_dcmpgt
 .text          0x0000000008003a08       0xa0 /Users/imac/Develop/stm32f4/arm_gcc/gcc-arm-none-eabi-4_8-2014q2/bin/../lib/gcc/arm-none-eabi/4.8.4/armv7-m/libgcc.a(_arm_truncdfsf2.o)
                0x0000000008003a08                __aeabi_d2f
                0x0000000008003a08                __truncdfsf2
 .text          0x0000000008003aa8      0x21c /Users/imac/Develop/stm32f4/arm_gcc/gcc-arm-none-eabi-4_8-2014q2/bin/../lib/gcc/arm-none-eabi/4.8.4/armv7-m/libgcc.a(_arm_addsubsf3.o)
                0x0000000008003aa8                __aeabi_frsub
                0x0000000008003ab0                __aeabi_fsub
                0x0000000008003ab0                __subsf3
                0x0000000008003ab4                __aeabi_fadd
                0x0000000008003ab4                __addsf3
                0x0000000008003c14                __aeabi_ui2f
                0x0000000008003c14                __floatunsisf
                0x0000000008003c1c                __floatsisf
                0x0000000008003c1c                __aeabi_i2f
                0x0000000008003c38                __aeabi_ul2f
                0x0000000008003c38                __floatundisf
                0x0000000008003c48                __aeabi_l2f
                0x0000000008003c48                __floatdisf
 .text          0x0000000008003cc4      0x2a0 /Users/imac/Develop/stm32f4/arm_gcc/gcc-arm-none-eabi-4_8-2014q2/bin/../lib/gcc/arm-none-eabi/4.8.4/armv7-m/libgcc.a(_arm_muldivsf3.o)
                0x0000000008003cc4                __mulsf3
                0x0000000008003cc4                __aeabi_fmul
                0x0000000008003e2c                __divsf3
                0x0000000008003e2c                __aeabi_fdiv
 .text          0x0000000008003f64       0xec /Users/imac/Develop/stm32f4/arm_gcc/gcc-arm-none-eabi-4_8-2014q2/bin/../lib/gcc/arm-none-eabi/4.8.4/armv7-m/libgcc.a(_arm_cmpsf2.o)
                0x0000000008003f64                __gesf2
                0x0000000008003f64                __gtsf2
                0x0000000008003f6c                __ltsf2
                0x0000000008003f6c                __lesf2
                0x0000000008003f74                __nesf2
                0x0000000008003f74                __eqsf2
                0x0000000008003f74                __cmpsf2
                0x0000000008003fd4                __aeabi_cfrcmple
                0x0000000008003fdc                __aeabi_cfcmpeq
                0x0000000008003fdc                __aeabi_cfcmple
                0x0000000008003fec                __aeabi_fcmpeq
                0x0000000008004000                __aeabi_fcmplt
                0x0000000008004014                __aeabi_fcmple
                0x0000000008004028                __aeabi_fcmpge
                0x000000000800403c                __aeabi_fcmpgt
 .text          0x0000000008004050       0x4c /Users/imac/Develop/stm32f4/arm_gcc/gcc-arm-none-eabi-4_8-2014q2/bin/../lib/gcc/arm-none-eabi/4.8.4/armv7-m/libgcc.a(_arm_fixsfsi.o)
                0x0000000008004050                __fixsfsi
                0x0000000008004050                __aeabi_f2iz
 .text          0x000000000800409c       0x40 /Users/imac/Develop/stm32f4/arm_gcc/gcc-arm-none-eabi-4_8-2014q2/bin/../lib/gcc/arm-none-eabi/4.8.4/armv7-m/libgcc.a(_arm_fixunssfsi.o)
                0x000000000800409c                __aeabi_f2uiz
                0x000000000800409c                __fixunssfsi
 .text          0x00000000080040dc       0xec /Users/imac/Develop/stm32f4/arm_gcc/gcc-arm-none-eabi-4_8-2014q2/bin/../lib/gcc/arm-none-eabi/4.8.4/../../../../arm-none-eabi/lib/armv7-m/libc.a(lib_a-memcpy.o)
                0x00000000080040dc                memcpy
 *(.text*)
 .text.adcInit  0x00000000080041c8       0xf0 obj/SKYROVER/drv_adc.o
                0x00000000080041c8                adcInit
 .text.adcGetChannel
                0x00000000080042b8       0x10 obj/SKYROVER/drv_adc.o
                0x00000000080042b8                adcGetChannel
 .text.adxl345Read
                0x00000000080042c8       0xe0 obj/SKYROVER/drv_adxl345.o
 .text.adxl345Init
                0x00000000080043a8       0x64 obj/SKYROVER/drv_adxl345.o
 .text.adxl345Detect
                0x000000000800440c       0x5c obj/SKYROVER/drv_adxl345.o
                0x000000000800440c                adxl345Detect
 .text.bma280Read
                0x0000000008004468       0x5c obj/SKYROVER/drv_bma280.o
 .text.bma280Init
                0x00000000080044c4       0x30 obj/SKYROVER/drv_bma280.o
 .text.bma280Detect
                0x00000000080044f4       0x3c obj/SKYROVER/drv_bma280.o
                0x00000000080044f4                bma280Detect
 .text.bmp085_calculate
                0x0000000008004530       0xdc obj/SKYROVER/drv_bmp085.o
 .text.bmp085_get_up
                0x000000000800460c       0x58 obj/SKYROVER/drv_bmp085.o
 .text.bmp085_get_ut
                0x0000000008004664       0x40 obj/SKYROVER/drv_bmp085.o
 .text.bmp085_start_up
                0x00000000080046a4       0x24 obj/SKYROVER/drv_bmp085.o
 .text.bmp085_start_ut
                0x00000000080046c8       0x14 obj/SKYROVER/drv_bmp085.o
 .text.EXTI15_10_IRQHandler
                0x00000000080046dc       0x24 obj/SKYROVER/drv_bmp085.o
                0x00000000080046dc                EXTI15_10_IRQHandler
 .text.bmp085Detect
                0x0000000008004700      0x1dc obj/SKYROVER/drv_bmp085.o
                0x0000000008004700                bmp085Detect
 .text.ms5611_calculate
                0x00000000080048dc      0x158 obj/SKYROVER/drv_ms5611.o
 .text.ms5611_read_adc
                0x0000000008004a34       0x28 obj/SKYROVER/drv_ms5611.o
 .text.ms5611_get_up
                0x0000000008004a5c       0x10 obj/SKYROVER/drv_ms5611.o
 .text.ms5611_get_ut
                0x0000000008004a6c       0x10 obj/SKYROVER/drv_ms5611.o
 .text.ms5611_start_up
                0x0000000008004a7c        0xa obj/SKYROVER/drv_ms5611.o
 .text.ms5611_start_ut
                0x0000000008004a86        0xa obj/SKYROVER/drv_ms5611.o
 .text.ms5611Detect
                0x0000000008004a90      0x138 obj/SKYROVER/drv_ms5611.o
                0x0000000008004a90                ms5611Detect
 .text.hmc5883lDetect
                0x0000000008004bc8       0x38 obj/SKYROVER/drv_hmc5883l.o
                0x0000000008004bc8                hmc5883lDetect
 .text.hmc5883lRead
                0x0000000008004c00       0x8c obj/SKYROVER/drv_hmc5883l.o
                0x0000000008004c00                hmc5883lRead
 .text.hmc5883lInit
                0x0000000008004c8c      0x1b4 obj/SKYROVER/drv_hmc5883l.o
                0x0000000008004c8c                hmc5883lInit
 .text.mma8452Read
                0x0000000008004e40       0x70 obj/SKYROVER/drv_mma845x.o
 .text.mma8452Init
                0x0000000008004eb0       0x90 obj/SKYROVER/drv_mma845x.o
 .text.mma8452Detect
                0x0000000008004f40       0x5c obj/SKYROVER/drv_mma845x.o
                0x0000000008004f40                mma8452Detect
 .text.mpu3050ReadTemp
                0x0000000008004f9c       0x32 obj/SKYROVER/drv_mpu3050.o
 *fill*         0x0000000008004fce        0x2 
 .text.mpu3050Read
                0x0000000008004fd0       0x68 obj/SKYROVER/drv_mpu3050.o
 .text.mpu3050Init
                0x0000000008005038       0x5c obj/SKYROVER/drv_mpu3050.o
 .text.mpu3050Detect
                0x0000000008005094       0x78 obj/SKYROVER/drv_mpu3050.o
                0x0000000008005094                mpu3050Detect
 .text.mpu6050AccInit
                0x000000000800510c       0x28 obj/SKYROVER/drv_mpu6050.o
 .text.mpu6050GyroRead
                0x0000000008005134       0x68 obj/SKYROVER/drv_mpu6050.o
 .text.mpu6050AccRead
                0x000000000800519c       0x54 obj/SKYROVER/drv_mpu6050.o
 .text.mpu6050GyroInit
                0x00000000080051f0       0xa8 obj/SKYROVER/drv_mpu6050.o
 .text.mpu6050Detect
                0x0000000008005298      0x128 obj/SKYROVER/drv_mpu6050.o
                0x0000000008005298                mpu6050Detect
 .text.l3g4200dRead
                0x00000000080053c0       0x68 obj/SKYROVER/drv_l3g4200d.o
 .text.l3g4200dInit
                0x0000000008005428       0x44 obj/SKYROVER/drv_l3g4200d.o
 .text.l3g4200dDetect
                0x000000000800546c       0x64 obj/SKYROVER/drv_l3g4200d.o
                0x000000000800546c                l3g4200dDetect
 .text.pwmWriteBrushed
                0x00000000080054d0       0x24 obj/SKYROVER/drv_pwm.o
 .text.pwmWriteStandard
                0x00000000080054f4       0x10 obj/SKYROVER/drv_pwm.o
 .text.pwmOutConfig
                0x0000000008005504      0x128 obj/SKYROVER/drv_pwm.o
 .text.ppmCallback
                0x000000000800562c       0x8c obj/SKYROVER/drv_pwm.o
 .text.pwmICConfig
                0x00000000080056b8       0x32 obj/SKYROVER/drv_pwm.o
                0x00000000080056b8                pwmICConfig
 *fill*         0x00000000080056ea        0x2 
 .text.pwmCallback
                0x00000000080056ec       0x5c obj/SKYROVER/drv_pwm.o
 .text.pwmInConfig
                0x0000000008005748       0x64 obj/SKYROVER/drv_pwm.o
 .text.pwmInit  0x00000000080057ac      0x150 obj/SKYROVER/drv_pwm.o
                0x00000000080057ac                pwmInit
 .text.pwmWriteMotor
                0x00000000080058fc       0x1c obj/SKYROVER/drv_pwm.o
                0x00000000080058fc                pwmWriteMotor
 .text.pwmWriteServo
                0x0000000008005918       0x1c obj/SKYROVER/drv_pwm.o
                0x0000000008005918                pwmWriteServo
 .text.pwmRead  0x0000000008005934        0xc obj/SKYROVER/drv_pwm.o
                0x0000000008005934                pwmRead
 .text.spiTransfer
                0x0000000008005940       0x54 obj/SKYROVER/drv_spi.o
                0x0000000008005940                spiTransfer
 .text.spiInit  0x0000000008005994       0xf4 obj/SKYROVER/drv_spi.o
                0x0000000008005994                spiInit
 .text.configureTimerChannelCallback
                0x0000000008005a88       0x48 obj/SKYROVER/drv_timer.o
                0x0000000008005a88                configureTimerChannelCallback
 .text.configureTimerInputCaptureCompareChannel
                0x0000000008005ad0       0x2c obj/SKYROVER/drv_timer.o
                0x0000000008005ad0                configureTimerInputCaptureCompareChannel
 .text.configureTimerCaptureCompareInterrupt
                0x0000000008005afc       0x1e obj/SKYROVER/drv_timer.o
                0x0000000008005afc                configureTimerCaptureCompareInterrupt
 .text.timerNVICConfig
                0x0000000008005b1a       0x22 obj/SKYROVER/drv_timer.o
                0x0000000008005b1a                timerNVICConfig
 .text.configTimeBase
                0x0000000008005b3c       0x44 obj/SKYROVER/drv_timer.o
                0x0000000008005b3c                configTimeBase
 .text.timerInConfig
                0x0000000008005b80       0x1c obj/SKYROVER/drv_timer.o
                0x0000000008005b80                timerInConfig
 .text.findTimerConfig
                0x0000000008005b9c       0x3c obj/SKYROVER/drv_timer.o
                0x0000000008005b9c                findTimerConfig
 .text.timCCxHandler
                0x0000000008005bd8       0x9e obj/SKYROVER/drv_timer.o
 *fill*         0x0000000008005c76        0x2 
 .text.TIM1_CC_IRQHandler
                0x0000000008005c78        0xc obj/SKYROVER/drv_timer.o
                0x0000000008005c78                TIM1_CC_IRQHandler
 .text.TIM2_IRQHandler
                0x0000000008005c84        0x8 obj/SKYROVER/drv_timer.o
                0x0000000008005c84                TIM2_IRQHandler
 .text.TIM3_IRQHandler
                0x0000000008005c8c        0xc obj/SKYROVER/drv_timer.o
                0x0000000008005c8c                TIM3_IRQHandler
 .text.TIM4_IRQHandler
                0x0000000008005c98        0xc obj/SKYROVER/drv_timer.o
                0x0000000008005c98                TIM4_IRQHandler
 .text.hexairbotReadRawRC
                0x0000000008005ca4        0xc obj/SKYROVER/hexairbot.o
 .text.hexairbotInit
                0x0000000008005cb0       0x18 obj/SKYROVER/hexairbot.o
                0x0000000008005cb0                hexairbotInit
 .text.hexairbotSetData
                0x0000000008005cc8       0x1c obj/SKYROVER/hexairbot.o
                0x0000000008005cc8                hexairbotSetData
 .text.hexairbotFrameComplete
                0x0000000008005ce4       0x14 obj/SKYROVER/hexairbot.o
                0x0000000008005ce4                hexairbotFrameComplete
 .text.Reset_Handler
                0x0000000008005cf8       0xb0 obj/SKYROVER/startup_stm32f10x_md_gcc.o
                0x0000000008005cf8                Reset_Handler
 .text.Default_Handler
                0x0000000008005da8        0x4 obj/SKYROVER/startup_stm32f10x_md_gcc.o
                0x0000000008005da8                BusFault_Handler
                0x0000000008005da8                DebugMon_Handler
                0x0000000008005da8                PVD_IRQHandler
                0x0000000008005da8                NMI_Handler
                0x0000000008005da8                EXTI3_IRQHandler
                0x0000000008005da8                EXTI0_IRQHandler
                0x0000000008005da8                UsageFault_Handler
                0x0000000008005da8                ADC1_2_IRQHandler
                0x0000000008005da8                SPI1_IRQHandler
                0x0000000008005da8                TAMPER_IRQHandler
                0x0000000008005da8                USART3_IRQHandler
                0x0000000008005da8                RTC_IRQHandler
                0x0000000008005da8                DMA1_Channel7_IRQHandler
                0x0000000008005da8                CAN1_RX1_IRQHandler
                0x0000000008005da8                DMA1_Channel6_IRQHandler
                0x0000000008005da8                RCC_IRQHandler
                0x0000000008005da8                TIM1_TRG_COM_IRQHandler
                0x0000000008005da8                DMA1_Channel1_IRQHandler
                0x0000000008005da8                Default_Handler
                0x0000000008005da8                EXTI9_5_IRQHandler
                0x0000000008005da8                SPI2_IRQHandler
                0x0000000008005da8                MemManage_Handler
                0x0000000008005da8                DMA1_Channel5_IRQHandler
                0x0000000008005da8                EXTI4_IRQHandler
                0x0000000008005da8                USB_HP_CAN1_TX_IRQHandler
                0x0000000008005da8                DMA1_Channel3_IRQHandler
                0x0000000008005da8                TIM1_UP_IRQHandler
                0x0000000008005da8                WWDG_IRQHandler
                0x0000000008005da8                TIM1_BRK_IRQHandler
                0x0000000008005da8                EXTI1_IRQHandler
                0x0000000008005da8                RTCAlarm_IRQHandler
                0x0000000008005da8                DMA1_Channel2_IRQHandler
                0x0000000008005da8                CAN1_SCE_IRQHandler
                0x0000000008005da8                FLASH_IRQHandler
                0x0000000008005da8                EXTI2_IRQHandler
 .text.beep     0x0000000008005dac       0x70 obj/SKYROVER/buzzer.o
 .text.beep_code
                0x0000000008005e1c       0xa8 obj/SKYROVER/buzzer.o
 .text.buzzer   0x0000000008005ec4      0x128 obj/SKYROVER/buzzer.o
                0x0000000008005ec4                buzzer
 .text.i2a      0x0000000008005fec       0x28 obj/SKYROVER/cli.o
 .text._atof    0x0000000008006014      0x12c obj/SKYROVER/cli.o
 .text.cliPrint
                0x0000000008006140       0x1c obj/SKYROVER/cli.o
 .text.cliVersion
                0x000000000800615c        0xc obj/SKYROVER/cli.o
 .text.cliHelp  0x0000000008006168       0x2c obj/SKYROVER/cli.o
 .text.cliStatus
                0x0000000008006194       0xe4 obj/SKYROVER/cli.o
 .text.cliCompare
                0x0000000008006278       0x1a obj/SKYROVER/cli.o
 *fill*         0x0000000008006292        0x2 
 .text.cliSave  0x0000000008006294       0x30 obj/SKYROVER/cli.o
 .text.cliMap   0x00000000080062c4       0xa4 obj/SKYROVER/cli.o
 .text.cliGpsPassthrough
                0x0000000008006368       0x20 obj/SKYROVER/cli.o
 .text.cliFeature
                0x0000000008006388       0xe8 obj/SKYROVER/cli.o
 .text.cliExit  0x0000000008006470       0x38 obj/SKYROVER/cli.o
 .text.cliDefaults
                0x00000000080064a8       0x2c obj/SKYROVER/cli.o
 .text.cliMixer
                0x00000000080064d4       0xa0 obj/SKYROVER/cli.o
 .text.cliProfile
                0x0000000008006574       0x4c obj/SKYROVER/cli.o
 .text.cliMotor
                0x00000000080065c0       0xa8 obj/SKYROVER/cli.o
 .text.cliAux   0x0000000008006668       0x60 obj/SKYROVER/cli.o
 .text.itoa     0x00000000080066c8       0x24 obj/SKYROVER/cli.o
                0x00000000080066c8                itoa
 .text.ftoa     0x00000000080066ec       0xd0 obj/SKYROVER/cli.o
 .text.cliPrintVar
                0x00000000080067bc       0xa0 obj/SKYROVER/cli.o
 .text.cliSet   0x000000000800685c      0x158 obj/SKYROVER/cli.o
 .text.cliDump  0x00000000080069b4      0x1b0 obj/SKYROVER/cli.o
 .text.cliCMix  0x0000000008006b64      0x248 obj/SKYROVER/cli.o
 .text.cliProcess
                0x0000000008006dac      0x1e4 obj/SKYROVER/cli.o
                0x0000000008006dac                cliProcess
 .text.validEEPROM
                0x0000000008006f90       0x44 obj/SKYROVER/config.o
 .text.parseRcChannels
                0x0000000008006fd4       0x30 obj/SKYROVER/config.o
                0x0000000008006fd4                parseRcChannels
 .text.readEEPROM
                0x0000000008007004      0x10c obj/SKYROVER/config.o
                0x0000000008007004                readEEPROM
 .text.writeEEPROM
                0x0000000008007110       0xcc obj/SKYROVER/config.o
                0x0000000008007110                writeEEPROM
 .text.sensors  0x00000000080071dc       0x14 obj/SKYROVER/config.o
                0x00000000080071dc                sensors
 .text.sensorsSet
                0x00000000080071f0       0x10 obj/SKYROVER/config.o
                0x00000000080071f0                sensorsSet
 .text.sensorsClear
                0x0000000008007200       0x10 obj/SKYROVER/config.o
                0x0000000008007200                sensorsClear
 .text.sensorsMask
                0x0000000008007210        0xc obj/SKYROVER/config.o
                0x0000000008007210                sensorsMask
 .text.feature  0x000000000800721c       0x14 obj/SKYROVER/config.o
                0x000000000800721c                feature
 .text.featureSet
                0x0000000008007230       0x10 obj/SKYROVER/config.o
                0x0000000008007230                featureSet
 .text.checkFirstTime
                0x0000000008007240      0x308 obj/SKYROVER/config.o
                0x0000000008007240                checkFirstTime
 .text.featureClear
                0x0000000008007548       0x10 obj/SKYROVER/config.o
                0x0000000008007548                featureClear
 .text.featureMask
                0x0000000008007558        0xc obj/SKYROVER/config.o
                0x0000000008007558                featureMask
 .text.gpsSetState
                0x0000000008007564       0x18 obj/SKYROVER/gps.o
 .text.GPS_calc_longitude_scaling
                0x000000000800757c       0x3c obj/SKYROVER/gps.o
 .text.GPS_distance_cm_bearing.isra.3
                0x00000000080075b8       0x84 obj/SKYROVER/gps.o
 .text.get_I.isra.4
                0x000000000800763c       0x4e obj/SKYROVER/gps.o
 *fill*         0x000000000800768a        0x2 
 .text.grab_fields.constprop.6
                0x000000000800768c       0x3c obj/SKYROVER/gps.o
 .text.gpsInitHardware
                0x00000000080076c8       0xd0 obj/SKYROVER/gps.o
                0x00000000080076c8                gpsInitHardware
 .text.gpsThread
                0x0000000008007798       0x78 obj/SKYROVER/gps.o
                0x0000000008007798                gpsThread
 .text.GPS_reset_home_position
                0x0000000008007810       0x48 obj/SKYROVER/gps.o
                0x0000000008007810                GPS_reset_home_position
 .text.GPS_reset_nav
                0x0000000008007858       0x58 obj/SKYROVER/gps.o
                0x0000000008007858                GPS_reset_nav
 .text.gpsSetPIDs
                0x00000000080078b0       0xa4 obj/SKYROVER/gps.o
                0x00000000080078b0                gpsSetPIDs
 .text.gpsInit  0x0000000008007954       0x70 obj/SKYROVER/gps.o
                0x0000000008007954                gpsInit
 .text.gpsSetPassthrough
                0x00000000080079c4       0x7c obj/SKYROVER/gps.o
                0x00000000080079c4                gpsSetPassthrough
 .text.GPS_set_next_wp
                0x0000000008007a40       0x8c obj/SKYROVER/gps.o
                0x0000000008007a40                GPS_set_next_wp
 .text.wrap_18000
                0x0000000008007acc       0x24 obj/SKYROVER/gps.o
                0x0000000008007acc                wrap_18000
 .text.GPS_coord_to_degrees
                0x0000000008007af0       0xa0 obj/SKYROVER/gps.o
                0x0000000008007af0                GPS_coord_to_degrees
 .text.gpsNewData
                0x0000000008007b90      0xbd8 obj/SKYROVER/gps.o
 .text.calculateHeading
                0x0000000008008768       0xf8 obj/SKYROVER/imu.o
 .text.imuInit  0x0000000008008860       0x58 obj/SKYROVER/imu.o
                0x0000000008008860                imuInit
 .text.rotateV  0x00000000080088b8      0x170 obj/SKYROVER/imu.o
                0x00000000080088b8                rotateV
 .text.applyDeadband
                0x0000000008008a28       0x1e obj/SKYROVER/imu.o
                0x0000000008008a28                applyDeadband
 *fill*         0x0000000008008a46        0x2 
 .text.acc_calc
                0x0000000008008a48      0x190 obj/SKYROVER/imu.o
                0x0000000008008a48                acc_calc
 .text.computeIMU
                0x0000000008008bd8      0x358 obj/SKYROVER/imu.o
                0x0000000008008bd8                computeIMU
 .text.accSum_reset
                0x0000000008008f30       0x20 obj/SKYROVER/imu.o
                0x0000000008008f30                accSum_reset
 .text.getEstimatedAltitude
                0x0000000008008f50      0x37c obj/SKYROVER/imu.o
                0x0000000008008f50                getEstimatedAltitude
 .text._putc    0x00000000080092cc        0xc obj/SKYROVER/main.o
 .text.startup.main
                0x00000000080092d8      0x2b8 obj/SKYROVER/main.o
                0x00000000080092d8                main
 .text.HardFault_Handler
                0x0000000008009590       0x14 obj/SKYROVER/main.o
                0x0000000008009590                HardFault_Handler
 .text.servoMiddle
                0x00000000080095a4       0x28 obj/SKYROVER/mixer.o
                0x00000000080095a4                servoMiddle
 .text.mixerResetMotors
                0x00000000080095cc       0x30 obj/SKYROVER/mixer.o
                0x00000000080095cc                mixerResetMotors
 .text.mixerInit
                0x00000000080095fc      0x114 obj/SKYROVER/mixer.o
                0x00000000080095fc                mixerInit
 .text.mixerLoadMix
                0x0000000008009710       0x50 obj/SKYROVER/mixer.o
                0x0000000008009710                mixerLoadMix
 .text.writeServos
                0x0000000008009760       0xc0 obj/SKYROVER/mixer.o
                0x0000000008009760                writeServos
 .text.writeMotors
                0x0000000008009820       0x28 obj/SKYROVER/mixer.o
                0x0000000008009820                writeMotors
 .text.writeAllMotors
                0x0000000008009848       0x24 obj/SKYROVER/mixer.o
                0x0000000008009848                writeAllMotors
 .text.mixTable
                0x000000000800986c      0x65c obj/SKYROVER/mixer.o
                0x000000000800986c                mixTable
 .text.pidMultiWii
                0x0000000008009ec8      0x238 obj/SKYROVER/mw.o
 .text.pidRewrite
                0x000000000800a100      0x178 obj/SKYROVER/mw.o
 .text.blinkLED
                0x000000000800a278       0x4c obj/SKYROVER/mw.o
                0x000000000800a278                blinkLED
 *fill*         0x000000000800a2c4        0x4 
 .text.annexCode
                0x000000000800a2c8      0x418 obj/SKYROVER/mw.o
                0x000000000800a2c8                annexCode
 .text.pwmReadRawRC
                0x000000000800a6e0       0x28 obj/SKYROVER/mw.o
                0x000000000800a6e0                pwmReadRawRC
 .text.computeRC
                0x000000000800a708       0xb0 obj/SKYROVER/mw.o
                0x000000000800a708                computeRC
 .text.mwArm    0x000000000800a7b8       0x40 obj/SKYROVER/mw.o
                0x000000000800a7b8                mwArm
 .text.mwDisarm
                0x000000000800a7f8       0x10 obj/SKYROVER/mw.o
                0x000000000800a7f8                mwDisarm
 .text.setPIDController
                0x000000000800a808       0x1c obj/SKYROVER/mw.o
                0x000000000800a808                setPIDController
 .text.loop     0x000000000800a824      0xae4 obj/SKYROVER/mw.o
                0x000000000800a824                loop
 .text.sensorsAutodetect
                0x000000000800b308      0x1cc obj/SKYROVER/sensors.o
                0x000000000800b308                sensorsAutodetect
 .text.batteryAdcToVoltage
                0x000000000800b4d4       0x3c obj/SKYROVER/sensors.o
                0x000000000800b4d4                batteryAdcToVoltage
 .text.batteryInit
                0x000000000800b510       0x54 obj/SKYROVER/sensors.o
                0x000000000800b510                batteryInit
 .text.ACC_getADC
                0x000000000800b564      0x1d4 obj/SKYROVER/sensors.o
                0x000000000800b564                ACC_getADC
 .text.Baro_Common
                0x000000000800b738       0x44 obj/SKYROVER/sensors.o
                0x000000000800b738                Baro_Common
 .text.Baro_update
                0x000000000800b77c       0x70 obj/SKYROVER/sensors.o
                0x000000000800b77c                Baro_update
 .text.Gyro_getADC
                0x000000000800b7ec      0x194 obj/SKYROVER/sensors.o
                0x000000000800b7ec                Gyro_getADC
 .text.Mag_init
                0x000000000800b980       0x20 obj/SKYROVER/sensors.o
                0x000000000800b980                Mag_init
 .text.Mag_getADC
                0x000000000800b9a0      0x114 obj/SKYROVER/sensors.o
                0x000000000800b9a0                Mag_getADC
 .text.serialize32
                0x000000000800bab4       0x64 obj/SKYROVER/serial.o
                0x000000000800bab4                serialize32
 .text.serialize16
                0x000000000800bb18       0x40 obj/SKYROVER/serial.o
                0x000000000800bb18                serialize16
 .text.serialize8
                0x000000000800bb58       0x20 obj/SKYROVER/serial.o
                0x000000000800bb58                serialize8
 .text.read8    0x000000000800bb78       0x18 obj/SKYROVER/serial.o
                0x000000000800bb78                read8
 .text.read16   0x000000000800bb90       0x14 obj/SKYROVER/serial.o
                0x000000000800bb90                read16
 .text.read32   0x000000000800bba4       0x12 obj/SKYROVER/serial.o
                0x000000000800bba4                read32
 *fill*         0x000000000800bbb6        0x2 
 .text.headSerialResponse
                0x000000000800bbb8       0x40 obj/SKYROVER/serial.o
                0x000000000800bbb8                headSerialResponse
 .text.headSerialReply
                0x000000000800bbf8        0x8 obj/SKYROVER/serial.o
                0x000000000800bbf8                headSerialReply
 .text.headSerialError
                0x000000000800bc00        0x8 obj/SKYROVER/serial.o
                0x000000000800bc00                headSerialError
 .text.tailSerialReply
                0x000000000800bc08        0xc obj/SKYROVER/serial.o
                0x000000000800bc08                tailSerialReply
 .text.s_struct
                0x000000000800bc14       0x20 obj/SKYROVER/serial.o
                0x000000000800bc14                s_struct
 .text.serializeNames
                0x000000000800bc34       0x12 obj/SKYROVER/serial.o
                0x000000000800bc34                serializeNames
 *fill*         0x000000000800bc46        0x2 
 .text.serializeBoxNamesReply
                0x000000000800bc48       0x6c obj/SKYROVER/serial.o
                0x000000000800bc48                serializeBoxNamesReply
 .text.serialInit
                0x000000000800bcb4      0x110 obj/SKYROVER/serial.o
                0x000000000800bcb4                serialInit
 .text.serialCom
                0x000000000800bdc4      0xbb8 obj/SKYROVER/serial.o
                0x000000000800bdc4                serialCom
 .text.sbusReadRawRC
                0x000000000800c97c       0x20 obj/SKYROVER/sbus.o
 .text.sbusDataReceive
                0x000000000800c99c       0x58 obj/SKYROVER/sbus.o
 .text.sbusInit
                0x000000000800c9f4       0x54 obj/SKYROVER/sbus.o
                0x000000000800c9f4                sbusInit
 .text.sbusFrameComplete
                0x000000000800ca48       0xb0 obj/SKYROVER/sbus.o
                0x000000000800ca48                sbusFrameComplete
 .text.sumdReadRawRC
                0x000000000800caf8       0x1c obj/SKYROVER/sumd.o
 .text.sumdDataReceive
                0x000000000800cb14       0x70 obj/SKYROVER/sumd.o
 .text.sumdInit
                0x000000000800cb84       0x30 obj/SKYROVER/sumd.o
                0x000000000800cb84                sumdInit
 .text.sumdFrameComplete
                0x000000000800cbb4       0x6c obj/SKYROVER/sumd.o
                0x000000000800cbb4                sumdFrameComplete
 .text.spektrumDataReceive
                0x000000000800cc20       0x68 obj/SKYROVER/spektrum.o
 .text.spektrumReadRawRC
                0x000000000800cc88       0x90 obj/SKYROVER/spektrum.o
 .text.spektrumInit
                0x000000000800cd18       0x68 obj/SKYROVER/spektrum.o
                0x000000000800cd18                spektrumInit
 .text.spektrumFrameComplete
                0x000000000800cd80        0xc obj/SKYROVER/spektrum.o
                0x000000000800cd80                spektrumFrameComplete
 .text.sendDataHead
                0x000000000800cd8c       0x20 obj/SKYROVER/telemetry.o
 .text.sendTelemetryTail
                0x000000000800cdac       0x10 obj/SKYROVER/telemetry.o
 .text.serializeFrsky
                0x000000000800cdbc       0x30 obj/SKYROVER/telemetry.o
 .text.serialize16
                0x000000000800cdec       0x16 obj/SKYROVER/telemetry.o
 *fill*         0x000000000800ce02        0x2 
 .text.initTelemetry
                0x000000000800ce04       0x30 obj/SKYROVER/telemetry.o
                0x000000000800ce04                initTelemetry
 .text.updateTelemetryState
                0x000000000800ce34       0x5c obj/SKYROVER/telemetry.o
                0x000000000800ce34                updateTelemetryState
 .text.sendTelemetry
                0x000000000800ce90      0x314 obj/SKYROVER/telemetry.o
                0x000000000800ce90                sendTelemetry
 .text.gpioInit
                0x000000000800d1a4       0x72 obj/SKYROVER/drv_gpio.o
                0x000000000800d1a4                gpioInit
 .text.gpioExtiLineConfig
                0x000000000800d216       0x2a obj/SKYROVER/drv_gpio.o
                0x000000000800d216                gpioExtiLineConfig
 .text.i2c_ev_handler
                0x000000000800d240      0x300 obj/SKYROVER/drv_i2c.o
 .text.I2C1_EV_IRQHandler
                0x000000000800d540        0x4 obj/SKYROVER/drv_i2c.o
                0x000000000800d540                I2C1_EV_IRQHandler
 .text.I2C2_EV_IRQHandler
                0x000000000800d544        0x4 obj/SKYROVER/drv_i2c.o
                0x000000000800d544                I2C2_EV_IRQHandler
 .text.i2cInit  0x000000000800d548      0x134 obj/SKYROVER/drv_i2c.o
                0x000000000800d548                i2cInit
 .text.i2c_er_handler
                0x000000000800d67c       0x98 obj/SKYROVER/drv_i2c.o
 .text.I2C1_ER_IRQHandler
                0x000000000800d714        0x4 obj/SKYROVER/drv_i2c.o
                0x000000000800d714                I2C1_ER_IRQHandler
 .text.I2C2_ER_IRQHandler
                0x000000000800d718        0x4 obj/SKYROVER/drv_i2c.o
                0x000000000800d718                I2C2_ER_IRQHandler
 .text.i2cWriteBuffer
                0x000000000800d71c       0xb4 obj/SKYROVER/drv_i2c.o
                0x000000000800d71c                i2cWriteBuffer
 .text.i2cWrite
                0x000000000800d7d0       0x14 obj/SKYROVER/drv_i2c.o
                0x000000000800d7d0                i2cWrite
 .text.i2cRead  0x000000000800d7e4       0xb4 obj/SKYROVER/drv_i2c.o
                0x000000000800d7e4                i2cRead
 .text.i2cGetErrorCounter
                0x000000000800d898        0xc obj/SKYROVER/drv_i2c.o
                0x000000000800d898                i2cGetErrorCounter
 .text.SysTick_Handler
                0x000000000800d8a4       0x1c obj/SKYROVER/drv_system.o
                0x000000000800d8a4                SysTick_Handler
 .text.micros   0x000000000800d8c0       0x34 obj/SKYROVER/drv_system.o
                0x000000000800d8c0                micros
 .text.millis   0x000000000800d8f4        0xc obj/SKYROVER/drv_system.o
                0x000000000800d8f4                millis
 .text.delayMicroseconds
                0x000000000800d900       0x16 obj/SKYROVER/drv_system.o
                0x000000000800d900                delayMicroseconds
 .text.delay    0x000000000800d916       0x14 obj/SKYROVER/drv_system.o
                0x000000000800d916                delay
 *fill*         0x000000000800d92a        0x2 
 .text.systemInit
                0x000000000800d92c      0x118 obj/SKYROVER/drv_system.o
                0x000000000800d92c                systemInit
 .text.failureMode
                0x000000000800da44       0x38 obj/SKYROVER/drv_system.o
                0x000000000800da44                failureMode
 .text.systemReset
                0x000000000800da7c       0x20 obj/SKYROVER/drv_system.o
                0x000000000800da7c                systemReset
 .text.systemBeep
                0x000000000800da9c        0x2 obj/SKYROVER/drv_system.o
                0x000000000800da9c                systemBeep
 .text.serialWrite
                0x000000000800da9e        0xa obj/SKYROVER/drv_serial.o
                0x000000000800da9e                serialWrite
 .text.serialPrint
                0x000000000800daa8       0x16 obj/SKYROVER/drv_serial.o
                0x000000000800daa8                serialPrint
 .text.serialTotalBytesWaiting
                0x000000000800dabe        0xa obj/SKYROVER/drv_serial.o
                0x000000000800dabe                serialTotalBytesWaiting
 .text.serialRead
                0x000000000800dac8        0xa obj/SKYROVER/drv_serial.o
                0x000000000800dac8                serialRead
 .text.serialSetBaudRate
                0x000000000800dad2        0xa obj/SKYROVER/drv_serial.o
                0x000000000800dad2                serialSetBaudRate
 .text.isSerialTransmitBufferEmpty
                0x000000000800dadc        0xa obj/SKYROVER/drv_serial.o
                0x000000000800dadc                isSerialTransmitBufferEmpty
 .text.softSerialTotalBytesWaiting
                0x000000000800dae6       0x18 obj/SKYROVER/drv_softserial.o
                0x000000000800dae6                softSerialTotalBytesWaiting
 .text.softSerialWriteByte
                0x000000000800dafe       0x18 obj/SKYROVER/drv_softserial.o
                0x000000000800dafe                softSerialWriteByte
 .text.softSerialSetBaudRate
                0x000000000800db16        0x2 obj/SKYROVER/drv_softserial.o
                0x000000000800db16                softSerialSetBaudRate
 .text.isSoftSerialTransmitBufferEmpty
                0x000000000800db18        0xc obj/SKYROVER/drv_softserial.o
                0x000000000800db18                isSoftSerialTransmitBufferEmpty
 .text.softSerialReadByte
                0x000000000800db24       0x22 obj/SKYROVER/drv_softserial.o
                0x000000000800db24                softSerialReadByte
 .text.readRxSignal
                0x000000000800db46       0x20 obj/SKYROVER/drv_softserial.o
                0x000000000800db46                readRxSignal
 .text.setTxSignal
                0x000000000800db66       0x2a obj/SKYROVER/drv_softserial.o
                0x000000000800db66                setTxSignal
 .text.serialInputPortConfig
                0x000000000800db90       0x24 obj/SKYROVER/drv_softserial.o
                0x000000000800db90                serialInputPortConfig
 .text.serialTimerConfig
                0x000000000800dbb4       0x2c obj/SKYROVER/drv_softserial.o
                0x000000000800dbb4                serialTimerConfig
 .text.serialOutputPortConfig
                0x000000000800dbe0       0x24 obj/SKYROVER/drv_softserial.o
                0x000000000800dbe0                serialOutputPortConfig
 .text.setupSoftSerial1
                0x000000000800dc04       0x8c obj/SKYROVER/drv_softserial.o
                0x000000000800dc04                setupSoftSerial1
 .text.updateBufferIndex
                0x000000000800dc90       0x12 obj/SKYROVER/drv_softserial.o
                0x000000000800dc90                updateBufferIndex
 .text.searchForStartBit
                0x000000000800dca2       0x30 obj/SKYROVER/drv_softserial.o
                0x000000000800dca2                searchForStartBit
 .text.searchForStopBit
                0x000000000800dcd2       0x38 obj/SKYROVER/drv_softserial.o
                0x000000000800dcd2                searchForStopBit
 .text.readDataBit
                0x000000000800dd0a       0x40 obj/SKYROVER/drv_softserial.o
                0x000000000800dd0a                readDataBit
 .text.processRxState
                0x000000000800dd4a       0x28 obj/SKYROVER/drv_softserial.o
                0x000000000800dd4a                processRxState
 .text.processTxState
                0x000000000800dd72       0x7c obj/SKYROVER/drv_softserial.o
                0x000000000800dd72                processTxState
 *fill*         0x000000000800ddee        0x2 
 .text.onSerialTimer
                0x000000000800ddf0       0x20 obj/SKYROVER/drv_softserial.o
                0x000000000800ddf0                onSerialTimer
 .text.uartTotalBytesWaiting
                0x000000000800de10       0x16 obj/SKYROVER/drv_uart.o
                0x000000000800de10                uartTotalBytesWaiting
 .text.isUartTransmitBufferEmpty
                0x000000000800de26       0x16 obj/SKYROVER/drv_uart.o
                0x000000000800de26                isUartTransmitBufferEmpty
 .text.uartSetBaudRate
                0x000000000800de3c       0x4a obj/SKYROVER/drv_uart.o
                0x000000000800de3c                uartSetBaudRate
 .text.uartStartTxDMA
                0x000000000800de86       0x30 obj/SKYROVER/drv_uart.o
 .text.uartRead
                0x000000000800deb6       0x32 obj/SKYROVER/drv_uart.o
                0x000000000800deb6                uartRead
 .text.uartWrite
                0x000000000800dee8       0x3c obj/SKYROVER/drv_uart.o
                0x000000000800dee8                uartWrite
 .text.serialUSART1
                0x000000000800df24       0xa4 obj/SKYROVER/drv_uart.o
                0x000000000800df24                serialUSART1
 .text.serialUSART2
                0x000000000800dfc8       0x9c obj/SKYROVER/drv_uart.o
                0x000000000800dfc8                serialUSART2
 .text.uartOpen
                0x000000000800e064      0x170 obj/SKYROVER/drv_uart.o
                0x000000000800e064                uartOpen
 .text.DMA1_Channel4_IRQHandler
                0x000000000800e1d4       0x34 obj/SKYROVER/drv_uart.o
                0x000000000800e1d4                DMA1_Channel4_IRQHandler
 .text.USART1_IRQHandler
                0x000000000800e208       0x3c obj/SKYROVER/drv_uart.o
                0x000000000800e208                USART1_IRQHandler
 .text.USART2_IRQHandler
                0x000000000800e244       0x74 obj/SKYROVER/drv_uart.o
                0x000000000800e244                USART2_IRQHandler
 .text.Hw_VCom_Init
                0x000000000800e2b8       0x24 obj/SKYROVER/drv_vcom.o
                0x000000000800e2b8                Hw_VCom_Init
 .text.Hw_VCom_Getch
                0x000000000800e2dc       0x26 obj/SKYROVER/drv_vcom.o
                0x000000000800e2dc                Hw_VCom_Getch
 .text.Hw_VCom_IsReceived
                0x000000000800e302       0x10 obj/SKYROVER/drv_vcom.o
                0x000000000800e302                Hw_VCom_IsReceived
 *fill*         0x000000000800e312        0x2 
 .text.Hw_VCom_Putch
                0x000000000800e314       0x14 obj/SKYROVER/drv_vcom.o
                0x000000000800e314                Hw_VCom_Putch
 .text.usb_putc
                0x000000000800e328        0x6 obj/SKYROVER/drv_vcom.o
 *fill*         0x000000000800e32e        0x2 
 .text.Hw_VCom_Printf
                0x000000000800e330       0x24 obj/SKYROVER/drv_vcom.o
                0x000000000800e330                Hw_VCom_Printf
 .text.Hw_VCom_Q_Init
                0x000000000800e354       0x14 obj/SKYROVER/drv_vcom_q.o
                0x000000000800e354                Hw_VCom_Q_Init
 .text.HW_VCOM_Q_SIZE
                0x000000000800e368       0x34 obj/SKYROVER/drv_vcom_q.o
                0x000000000800e368                HW_VCOM_Q_SIZE
 .text.HW_VCOM_Q_VAILD
                0x000000000800e39c        0x4 obj/SKYROVER/drv_vcom_q.o
                0x000000000800e39c                HW_VCOM_Q_VAILD
 .text.Hw_VCom_Q_Push
                0x000000000800e3a0       0x5c obj/SKYROVER/drv_vcom_q.o
                0x000000000800e3a0                Hw_VCom_Q_Push
 .text.Hw_VCom_Q_Pop
                0x000000000800e3fc       0x54 obj/SKYROVER/drv_vcom_q.o
                0x000000000800e3fc                Hw_VCom_Q_Pop
 .text.I2C_delay
                0x000000000800e450       0x14 obj/SKYROVER/drv_u8g.o
 .text.I2C_Start_NoAck
                0x000000000800e464       0x28 obj/SKYROVER/drv_u8g.o
 .text.I2C_Stop
                0x000000000800e48c       0x2c obj/SKYROVER/drv_u8g.o
 .text.I2C_NoAck
                0x000000000800e4b8       0x2c obj/SKYROVER/drv_u8g.o
 .text.I2C_SendByte
                0x000000000800e4e4       0x44 obj/SKYROVER/drv_u8g.o
 .text.I2C_SW_Init
                0x000000000800e528       0x28 obj/SKYROVER/drv_u8g.o
                0x000000000800e528                I2C_SW_Init
 .text.u8g_Delay
                0x000000000800e550        0x4 obj/SKYROVER/drv_u8g.o
                0x000000000800e550                u8g_Delay
 .text.u8g_com_ssd_start_sequence
                0x000000000800e554       0x38 obj/SKYROVER/drv_u8g.o
                0x000000000800e554                u8g_com_ssd_start_sequence
 .text.u8g_com_sw_i2c_fn
                0x000000000800e58c       0xa4 obj/SKYROVER/drv_u8g.o
                0x000000000800e58c                u8g_com_sw_i2c_fn
 .text.uli2a    0x000000000800e630       0x50 obj/SKYROVER/printf.o
 .text.ui2a     0x000000000800e680       0x50 obj/SKYROVER/printf.o
 .text.putchw   0x000000000800e6d0       0x48 obj/SKYROVER/printf.o
 .text.putcp    0x000000000800e718        0xa obj/SKYROVER/printf.o
 .text.tfp_format
                0x000000000800e722      0x18a obj/SKYROVER/printf.o
                0x000000000800e722                tfp_format
 .text.init_printf
                0x000000000800e8ac       0x14 obj/SKYROVER/printf.o
                0x000000000800e8ac                init_printf
 .text.tfp_printf
                0x000000000800e8c0       0x3c obj/SKYROVER/printf.o
                0x000000000800e8c0                tfp_printf
 .text.tfp_sprintf
                0x000000000800e8fc       0x2c obj/SKYROVER/printf.o
                0x000000000800e8fc                tfp_sprintf
 .text.constrain
                0x000000000800e928       0x10 obj/SKYROVER/utils.o
                0x000000000800e928                constrain
 .text.initBoardAlignment
                0x000000000800e938      0x170 obj/SKYROVER/utils.o
                0x000000000800e938                initBoardAlignment
 .text.alignBoard
                0x000000000800eaa8       0xc4 obj/SKYROVER/utils.o
                0x000000000800eaa8                alignBoard
 .text.alignSensors
                0x000000000800eb6c       0x7c obj/SKYROVER/utils.o
                0x000000000800eb6c                alignSensors
 .text.SystemInit
                0x000000000800ebe8       0x4c obj/SKYROVER/system_stm32f10x.o
                0x000000000800ebe8                SystemInit
 .text.SystemCoreClockUpdate
                0x000000000800ec34       0x6c obj/SKYROVER/system_stm32f10x.o
                0x000000000800ec34                SystemCoreClockUpdate
 .text.SetSysClock
                0x000000000800eca0      0x130 obj/SKYROVER/system_stm32f10x.o
                0x000000000800eca0                SetSysClock
 .text.NVIC_PriorityGroupConfig
                0x000000000800edd0       0x14 obj/SKYROVER/misc.o
                0x000000000800edd0                NVIC_PriorityGroupConfig
 .text.NVIC_Init
                0x000000000800ede4       0x68 obj/SKYROVER/misc.o
                0x000000000800ede4                NVIC_Init
 .text.ADC_Init
                0x000000000800ee4c       0x48 obj/SKYROVER/stm32f10x_adc.o
                0x000000000800ee4c                ADC_Init
 .text.ADC_Cmd  0x000000000800ee94       0x12 obj/SKYROVER/stm32f10x_adc.o
                0x000000000800ee94                ADC_Cmd
 .text.ADC_DMACmd
                0x000000000800eea6       0x12 obj/SKYROVER/stm32f10x_adc.o
                0x000000000800eea6                ADC_DMACmd
 .text.ADC_ResetCalibration
                0x000000000800eeb8        0xa obj/SKYROVER/stm32f10x_adc.o
                0x000000000800eeb8                ADC_ResetCalibration
 .text.ADC_GetResetCalibrationStatus
                0x000000000800eec2        0x8 obj/SKYROVER/stm32f10x_adc.o
                0x000000000800eec2                ADC_GetResetCalibrationStatus
 .text.ADC_StartCalibration
                0x000000000800eeca        0xa obj/SKYROVER/stm32f10x_adc.o
                0x000000000800eeca                ADC_StartCalibration
 .text.ADC_GetCalibrationStatus
                0x000000000800eed4        0x8 obj/SKYROVER/stm32f10x_adc.o
                0x000000000800eed4                ADC_GetCalibrationStatus
 .text.ADC_SoftwareStartConvCmd
                0x000000000800eedc       0x12 obj/SKYROVER/stm32f10x_adc.o
                0x000000000800eedc                ADC_SoftwareStartConvCmd
 .text.ADC_RegularChannelConfig
                0x000000000800eeee       0x90 obj/SKYROVER/stm32f10x_adc.o
                0x000000000800eeee                ADC_RegularChannelConfig
 *fill*         0x000000000800ef7e        0x2 
 .text.DMA_DeInit
                0x000000000800ef80       0xf0 obj/SKYROVER/stm32f10x_dma.o
                0x000000000800ef80                DMA_DeInit
 .text.DMA_Init
                0x000000000800f070       0x3c obj/SKYROVER/stm32f10x_dma.o
                0x000000000800f070                DMA_Init
 .text.DMA_StructInit
                0x000000000800f0ac       0x1a obj/SKYROVER/stm32f10x_dma.o
                0x000000000800f0ac                DMA_StructInit
 .text.DMA_Cmd  0x000000000800f0c6       0x16 obj/SKYROVER/stm32f10x_dma.o
                0x000000000800f0c6                DMA_Cmd
 .text.DMA_ITConfig
                0x000000000800f0dc       0x10 obj/SKYROVER/stm32f10x_dma.o
                0x000000000800f0dc                DMA_ITConfig
 .text.DMA_SetCurrDataCounter
                0x000000000800f0ec        0x4 obj/SKYROVER/stm32f10x_dma.o
                0x000000000800f0ec                DMA_SetCurrDataCounter
 .text.DMA_GetCurrDataCounter
                0x000000000800f0f0        0x6 obj/SKYROVER/stm32f10x_dma.o
                0x000000000800f0f0                DMA_GetCurrDataCounter
 *fill*         0x000000000800f0f6        0x2 
 .text.DMA_ClearITPendingBit
                0x000000000800f0f8       0x14 obj/SKYROVER/stm32f10x_dma.o
                0x000000000800f0f8                DMA_ClearITPendingBit
 .text.EXTI_Init
                0x000000000800f10c       0x74 obj/SKYROVER/stm32f10x_exti.o
                0x000000000800f10c                EXTI_Init
 .text.EXTI_GetITStatus
                0x000000000800f180       0x1c obj/SKYROVER/stm32f10x_exti.o
                0x000000000800f180                EXTI_GetITStatus
 .text.EXTI_ClearITPendingBit
                0x000000000800f19c        0xc obj/SKYROVER/stm32f10x_exti.o
                0x000000000800f19c                EXTI_ClearITPendingBit
 .text.FLASH_Unlock
                0x000000000800f1a8       0x18 obj/SKYROVER/stm32f10x_flash.o
                0x000000000800f1a8                FLASH_Unlock
 .text.FLASH_Lock
                0x000000000800f1c0       0x10 obj/SKYROVER/stm32f10x_flash.o
                0x000000000800f1c0                FLASH_Lock
 .text.FLASH_ClearFlag
                0x000000000800f1d0        0xc obj/SKYROVER/stm32f10x_flash.o
                0x000000000800f1d0                FLASH_ClearFlag
 .text.FLASH_GetBank1Status
                0x000000000800f1dc       0x28 obj/SKYROVER/stm32f10x_flash.o
                0x000000000800f1dc                FLASH_GetBank1Status
 .text.FLASH_WaitForLastOperation
                0x000000000800f204       0x22 obj/SKYROVER/stm32f10x_flash.o
                0x000000000800f204                FLASH_WaitForLastOperation
 *fill*         0x000000000800f226        0x2 
 .text.FLASH_ErasePage
                0x000000000800f228       0x3c obj/SKYROVER/stm32f10x_flash.o
                0x000000000800f228                FLASH_ErasePage
 .text.FLASH_ProgramWord
                0x000000000800f264       0x54 obj/SKYROVER/stm32f10x_flash.o
                0x000000000800f264                FLASH_ProgramWord
 .text.GPIO_Init
                0x000000000800f2b8       0x9c obj/SKYROVER/stm32f10x_gpio.o
                0x000000000800f2b8                GPIO_Init
 .text.GPIO_SetBits
                0x000000000800f354        0x4 obj/SKYROVER/stm32f10x_gpio.o
                0x000000000800f354                GPIO_SetBits
 .text.GPIO_ResetBits
                0x000000000800f358        0x4 obj/SKYROVER/stm32f10x_gpio.o
                0x000000000800f358                GPIO_ResetBits
 .text.I2C_DeInit
                0x000000000800f35c       0x34 obj/SKYROVER/stm32f10x_i2c.o
                0x000000000800f35c                I2C_DeInit
 .text.I2C_Init
                0x000000000800f390       0xdc obj/SKYROVER/stm32f10x_i2c.o
                0x000000000800f390                I2C_Init
 .text.I2C_StructInit
                0x000000000800f46c       0x1c obj/SKYROVER/stm32f10x_i2c.o
                0x000000000800f46c                I2C_StructInit
 .text.I2C_Cmd  0x000000000800f488       0x18 obj/SKYROVER/stm32f10x_i2c.o
                0x000000000800f488                I2C_Cmd
 .text.I2C_GenerateSTART
                0x000000000800f4a0       0x18 obj/SKYROVER/stm32f10x_i2c.o
                0x000000000800f4a0                I2C_GenerateSTART
 .text.I2C_GenerateSTOP
                0x000000000800f4b8       0x18 obj/SKYROVER/stm32f10x_i2c.o
                0x000000000800f4b8                I2C_GenerateSTOP
 .text.I2C_AcknowledgeConfig
                0x000000000800f4d0       0x18 obj/SKYROVER/stm32f10x_i2c.o
                0x000000000800f4d0                I2C_AcknowledgeConfig
 .text.I2C_ITConfig
                0x000000000800f4e8       0x12 obj/SKYROVER/stm32f10x_i2c.o
                0x000000000800f4e8                I2C_ITConfig
 .text.I2C_SendData
                0x000000000800f4fa        0x4 obj/SKYROVER/stm32f10x_i2c.o
                0x000000000800f4fa                I2C_SendData
 .text.I2C_ReceiveData
                0x000000000800f4fe        0x6 obj/SKYROVER/stm32f10x_i2c.o
                0x000000000800f4fe                I2C_ReceiveData
 .text.I2C_Send7bitAddress
                0x000000000800f504       0x10 obj/SKYROVER/stm32f10x_i2c.o
                0x000000000800f504                I2C_Send7bitAddress
 .text.RCC_USBCLKConfig
                0x000000000800f514        0xc obj/SKYROVER/stm32f10x_rcc.o
                0x000000000800f514                RCC_USBCLKConfig
 .text.RCC_GetClocksFreq
                0x000000000800f520       0x98 obj/SKYROVER/stm32f10x_rcc.o
                0x000000000800f520                RCC_GetClocksFreq
 .text.RCC_AHBPeriphClockCmd
                0x000000000800f5b8       0x18 obj/SKYROVER/stm32f10x_rcc.o
                0x000000000800f5b8                RCC_AHBPeriphClockCmd
 .text.RCC_APB2PeriphClockCmd
                0x000000000800f5d0       0x18 obj/SKYROVER/stm32f10x_rcc.o
                0x000000000800f5d0                RCC_APB2PeriphClockCmd
 .text.RCC_APB1PeriphClockCmd
                0x000000000800f5e8       0x18 obj/SKYROVER/stm32f10x_rcc.o
                0x000000000800f5e8                RCC_APB1PeriphClockCmd
 .text.RCC_APB2PeriphResetCmd
                0x000000000800f600       0x18 obj/SKYROVER/stm32f10x_rcc.o
                0x000000000800f600                RCC_APB2PeriphResetCmd
 .text.RCC_APB1PeriphResetCmd
                0x000000000800f618       0x18 obj/SKYROVER/stm32f10x_rcc.o
                0x000000000800f618                RCC_APB1PeriphResetCmd
 .text.RCC_ClearFlag
                0x000000000800f630       0x10 obj/SKYROVER/stm32f10x_rcc.o
                0x000000000800f630                RCC_ClearFlag
 .text.SPI_I2S_DeInit
                0x000000000800f640       0x64 obj/SKYROVER/stm32f10x_spi.o
                0x000000000800f640                SPI_I2S_DeInit
 .text.SPI_Init
                0x000000000800f6a4       0x3e obj/SKYROVER/stm32f10x_spi.o
                0x000000000800f6a4                SPI_Init
 .text.SPI_Cmd  0x000000000800f6e2       0x18 obj/SKYROVER/stm32f10x_spi.o
                0x000000000800f6e2                SPI_Cmd
 .text.SPI_I2S_SendData
                0x000000000800f6fa        0x4 obj/SKYROVER/stm32f10x_spi.o
                0x000000000800f6fa                SPI_I2S_SendData
 .text.SPI_I2S_ReceiveData
                0x000000000800f6fe        0x6 obj/SKYROVER/stm32f10x_spi.o
                0x000000000800f6fe                SPI_I2S_ReceiveData
 .text.SPI_I2S_GetFlagStatus
                0x000000000800f704        0xc obj/SKYROVER/stm32f10x_spi.o
                0x000000000800f704                SPI_I2S_GetFlagStatus
 .text.TI1_Config
                0x000000000800f710       0x68 obj/SKYROVER/stm32f10x_tim.o
 .text.TI2_Config
                0x000000000800f778       0x78 obj/SKYROVER/stm32f10x_tim.o
 .text.TIM_TimeBaseInit
                0x000000000800f7f0       0x94 obj/SKYROVER/stm32f10x_tim.o
                0x000000000800f7f0                TIM_TimeBaseInit
 .text.TIM_OC1Init
                0x000000000800f884       0x88 obj/SKYROVER/stm32f10x_tim.o
                0x000000000800f884                TIM_OC1Init
 .text.TIM_OC2Init
                0x000000000800f90c       0x88 obj/SKYROVER/stm32f10x_tim.o
                0x000000000800f90c                TIM_OC2Init
 .text.TIM_OC3Init
                0x000000000800f994       0x84 obj/SKYROVER/stm32f10x_tim.o
                0x000000000800f994                TIM_OC3Init
 .text.TIM_OC4Init
                0x000000000800fa18       0x68 obj/SKYROVER/stm32f10x_tim.o
                0x000000000800fa18                TIM_OC4Init
 .text.TIM_TimeBaseStructInit
                0x000000000800fa80       0x12 obj/SKYROVER/stm32f10x_tim.o
                0x000000000800fa80                TIM_TimeBaseStructInit
 .text.TIM_OCStructInit
                0x000000000800fa92       0x14 obj/SKYROVER/stm32f10x_tim.o
                0x000000000800fa92                TIM_OCStructInit
 .text.TIM_ICStructInit
                0x000000000800faa6       0x10 obj/SKYROVER/stm32f10x_tim.o
                0x000000000800faa6                TIM_ICStructInit
 .text.TIM_Cmd  0x000000000800fab6       0x18 obj/SKYROVER/stm32f10x_tim.o
                0x000000000800fab6                TIM_Cmd
 .text.TIM_CtrlPWMOutputs
                0x000000000800face       0x1c obj/SKYROVER/stm32f10x_tim.o
                0x000000000800face                TIM_CtrlPWMOutputs
 .text.TIM_ITConfig
                0x000000000800faea       0x12 obj/SKYROVER/stm32f10x_tim.o
                0x000000000800faea                TIM_ITConfig
 .text.TIM_OC1PreloadConfig
                0x000000000800fafc       0x10 obj/SKYROVER/stm32f10x_tim.o
                0x000000000800fafc                TIM_OC1PreloadConfig
 .text.TIM_OC2PreloadConfig
                0x000000000800fb0c       0x14 obj/SKYROVER/stm32f10x_tim.o
                0x000000000800fb0c                TIM_OC2PreloadConfig
 .text.TIM_OC3PreloadConfig
                0x000000000800fb20       0x10 obj/SKYROVER/stm32f10x_tim.o
                0x000000000800fb20                TIM_OC3PreloadConfig
 .text.TIM_OC4PreloadConfig
                0x000000000800fb30       0x14 obj/SKYROVER/stm32f10x_tim.o
                0x000000000800fb30                TIM_OC4PreloadConfig
 .text.TIM_SetIC1Prescaler
                0x000000000800fb44       0x16 obj/SKYROVER/stm32f10x_tim.o
                0x000000000800fb44                TIM_SetIC1Prescaler
 .text.TIM_SetIC2Prescaler
                0x000000000800fb5a       0x1a obj/SKYROVER/stm32f10x_tim.o
                0x000000000800fb5a                TIM_SetIC2Prescaler
 .text.TIM_SetIC3Prescaler
                0x000000000800fb74       0x16 obj/SKYROVER/stm32f10x_tim.o
                0x000000000800fb74                TIM_SetIC3Prescaler
 .text.TIM_SetIC4Prescaler
                0x000000000800fb8a       0x1a obj/SKYROVER/stm32f10x_tim.o
                0x000000000800fb8a                TIM_SetIC4Prescaler
 .text.TIM_ICInit
                0x000000000800fba4      0x130 obj/SKYROVER/stm32f10x_tim.o
                0x000000000800fba4                TIM_ICInit
 .text.TIM_GetCapture1
                0x000000000800fcd4        0x6 obj/SKYROVER/stm32f10x_tim.o
                0x000000000800fcd4                TIM_GetCapture1
 .text.TIM_GetCapture2
                0x000000000800fcda        0x6 obj/SKYROVER/stm32f10x_tim.o
                0x000000000800fcda                TIM_GetCapture2
 .text.TIM_GetCapture3
                0x000000000800fce0        0x6 obj/SKYROVER/stm32f10x_tim.o
                0x000000000800fce0                TIM_GetCapture3
 .text.TIM_GetCapture4
                0x000000000800fce6        0x8 obj/SKYROVER/stm32f10x_tim.o
                0x000000000800fce6                TIM_GetCapture4
 .text.TIM_GetITStatus
                0x000000000800fcee       0x16 obj/SKYROVER/stm32f10x_tim.o
                0x000000000800fcee                TIM_GetITStatus
 .text.TIM_ClearITPendingBit
                0x000000000800fd04        0x8 obj/SKYROVER/stm32f10x_tim.o
                0x000000000800fd04                TIM_ClearITPendingBit
 .text.USART_Init
                0x000000000800fd0c       0xa8 obj/SKYROVER/stm32f10x_usart.o
                0x000000000800fd0c                USART_Init
 .text.USART_Cmd
                0x000000000800fdb4       0x18 obj/SKYROVER/stm32f10x_usart.o
                0x000000000800fdb4                USART_Cmd
 .text.USART_ITConfig
                0x000000000800fdcc       0x30 obj/SKYROVER/stm32f10x_usart.o
                0x000000000800fdcc                USART_ITConfig
 .text.USART_DMACmd
                0x000000000800fdfc       0x12 obj/SKYROVER/stm32f10x_usart.o
                0x000000000800fdfc                USART_DMACmd
 .text.vListInitialise
                0x000000000800fe0e       0x16 obj/SKYROVER/list.o
                0x000000000800fe0e                vListInitialise
 .text.vListInitialiseItem
                0x000000000800fe24        0x6 obj/SKYROVER/list.o
                0x000000000800fe24                vListInitialiseItem
 .text.vListInsertEnd
                0x000000000800fe2a       0x18 obj/SKYROVER/list.o
                0x000000000800fe2a                vListInsertEnd
 .text.vListInsert
                0x000000000800fe42       0x30 obj/SKYROVER/list.o
                0x000000000800fe42                vListInsert
 .text.uxListRemove
                0x000000000800fe72       0x20 obj/SKYROVER/list.o
                0x000000000800fe72                uxListRemove
 .text.prvCopyDataToQueue
                0x000000000800fe92       0x66 obj/SKYROVER/queue.o
 .text.prvCopyDataFromQueue
                0x000000000800fef8       0x26 obj/SKYROVER/queue.o
 .text.prvUnlockQueue
                0x000000000800ff1e       0x64 obj/SKYROVER/queue.o
 .text.xQueueGenericReset
                0x000000000800ff82       0x62 obj/SKYROVER/queue.o
                0x000000000800ff82                xQueueGenericReset
 .text.xQueueGenericCreate
                0x000000000800ffe4       0x42 obj/SKYROVER/queue.o
                0x000000000800ffe4                xQueueGenericCreate
 .text.xQueueGenericSend
                0x0000000008010026      0x100 obj/SKYROVER/queue.o
                0x0000000008010026                xQueueGenericSend
 .text.xQueueCreateMutex
                0x0000000008010126       0x50 obj/SKYROVER/queue.o
                0x0000000008010126                xQueueCreateMutex
 .text.xQueueGenericSendFromISR
                0x0000000008010176       0x84 obj/SKYROVER/queue.o
                0x0000000008010176                xQueueGenericSendFromISR
 .text.xQueueGenericReceive
                0x00000000080101fa      0x11a obj/SKYROVER/queue.o
                0x00000000080101fa                xQueueGenericReceive
 .text.vQueueWaitForMessageRestricted
                0x0000000008010314       0x3a obj/SKYROVER/queue.o
                0x0000000008010314                vQueueWaitForMessageRestricted
 *fill*         0x000000000801034e        0x2 
 .text.prvAddCurrentTaskToDelayedList
                0x0000000008010350       0x50 obj/SKYROVER/tasks.o
 .text.xTaskGenericCreate
                0x00000000080103a0      0x194 obj/SKYROVER/tasks.o
                0x00000000080103a0                xTaskGenericCreate
 .text.vTaskStartScheduler
                0x0000000008010534       0x5c obj/SKYROVER/tasks.o
                0x0000000008010534                vTaskStartScheduler
 .text.vTaskSuspendAll
                0x0000000008010590       0x10 obj/SKYROVER/tasks.o
                0x0000000008010590                vTaskSuspendAll
 .text.xTaskGetTickCount
                0x00000000080105a0       0x18 obj/SKYROVER/tasks.o
                0x00000000080105a0                xTaskGetTickCount
 .text.xTaskIncrementTick
                0x00000000080105b8      0x11c obj/SKYROVER/tasks.o
                0x00000000080105b8                xTaskIncrementTick
 .text.xTaskResumeAll
                0x00000000080106d4       0xc8 obj/SKYROVER/tasks.o
                0x00000000080106d4                xTaskResumeAll
 .text.vTaskDelay
                0x000000000801079c       0x3c obj/SKYROVER/tasks.o
                0x000000000801079c                vTaskDelay
 .text.prvIdleTask
                0x00000000080107d8       0x64 obj/SKYROVER/tasks.o
 .text.vTaskSwitchContext
                0x000000000801083c       0x68 obj/SKYROVER/tasks.o
                0x000000000801083c                vTaskSwitchContext
 .text.vTaskPlaceOnEventList
                0x00000000080108a4       0x4c obj/SKYROVER/tasks.o
                0x00000000080108a4                vTaskPlaceOnEventList
 .text.vTaskPlaceOnEventListRestricted
                0x00000000080108f0       0x34 obj/SKYROVER/tasks.o
                0x00000000080108f0                vTaskPlaceOnEventListRestricted
 .text.xTaskRemoveFromEventList
                0x0000000008010924       0x74 obj/SKYROVER/tasks.o
                0x0000000008010924                xTaskRemoveFromEventList
 .text.vTaskSetTimeOutState
                0x0000000008010998       0x20 obj/SKYROVER/tasks.o
                0x0000000008010998                vTaskSetTimeOutState
 .text.xTaskCheckForTimeOut
                0x00000000080109b8       0x5c obj/SKYROVER/tasks.o
                0x00000000080109b8                xTaskCheckForTimeOut
 .text.vTaskMissedYield
                0x0000000008010a14        0xc obj/SKYROVER/tasks.o
                0x0000000008010a14                vTaskMissedYield
 .text.xTaskGetCurrentTaskHandle
                0x0000000008010a20        0xc obj/SKYROVER/tasks.o
                0x0000000008010a20                xTaskGetCurrentTaskHandle
 .text.xTaskGetSchedulerState
                0x0000000008010a2c       0x1c obj/SKYROVER/tasks.o
                0x0000000008010a2c                xTaskGetSchedulerState
 .text.vTaskPriorityInherit
                0x0000000008010a48       0x68 obj/SKYROVER/tasks.o
                0x0000000008010a48                vTaskPriorityInherit
 .text.vTaskPriorityDisinherit
                0x0000000008010ab0       0x48 obj/SKYROVER/tasks.o
                0x0000000008010ab0                vTaskPriorityDisinherit
 .text.prvCheckForValidListAndQueue
                0x0000000008010af8       0x4c obj/SKYROVER/timers.o
 .text.prvInsertTimerInActiveList
                0x0000000008010b44       0x3c obj/SKYROVER/timers.o
 .text.xTimerCreateTimerTask
                0x0000000008010b80       0x44 obj/SKYROVER/timers.o
                0x0000000008010b80                xTimerCreateTimerTask
 .text.xTimerGenericCommand
                0x0000000008010bc4       0x44 obj/SKYROVER/timers.o
                0x0000000008010bc4                xTimerGenericCommand
 .text.prvSwitchTimerLists.isra.1
                0x0000000008010c08       0x68 obj/SKYROVER/timers.o
 .text.prvTimerTask
                0x0000000008010c70      0x15c obj/SKYROVER/timers.o
 .text.osThreadCreate
                0x0000000008010dcc       0x30 obj/SKYROVER/cmsis_os.o
                0x0000000008010dcc                osThreadCreate
 .text.osKernelStart
                0x0000000008010dfc       0x10 obj/SKYROVER/cmsis_os.o
                0x0000000008010dfc                osKernelStart
 .text.osDelay  0x0000000008010e0c       0x10 obj/SKYROVER/cmsis_os.o
                0x0000000008010e0c                osDelay
 .text.osMutexCreate
                0x0000000008010e1c        0x6 obj/SKYROVER/cmsis_os.o
                0x0000000008010e1c                osMutexCreate
 .text.osMutexWait
                0x0000000008010e22       0x24 obj/SKYROVER/cmsis_os.o
                0x0000000008010e22                osMutexWait
 .text.osMutexRelease
                0x0000000008010e46       0x1e obj/SKYROVER/cmsis_os.o
                0x0000000008010e46                osMutexRelease
 .text.pvPortMalloc
                0x0000000008010e64       0xb8 obj/SKYROVER/heap_2.o
                0x0000000008010e64                pvPortMalloc
 .text.vPortFree
                0x0000000008010f1c       0x40 obj/SKYROVER/heap_2.o
                0x0000000008010f1c                vPortFree
 .text.prvPortStartFirstTask
                0x0000000008010f5c       0x14 obj/SKYROVER/port.o
 .text.pxPortInitialiseStack
                0x0000000008010f70       0x1c obj/SKYROVER/port.o
                0x0000000008010f70                pxPortInitialiseStack
 .text.SVC_Handler
                0x0000000008010f8c       0x20 obj/SKYROVER/port.o
                0x0000000008010f8c                SVC_Handler
 .text.vPortYield
                0x0000000008010fac       0x18 obj/SKYROVER/port.o
                0x0000000008010fac                vPortYield
 .text.ulPortSetInterruptMask
                0x0000000008010fc4       0x10 obj/SKYROVER/port.o
                0x0000000008010fc4                ulPortSetInterruptMask
 .text.prvTaskExitError
                0x0000000008010fd4       0x1c obj/SKYROVER/port.o
 .text.vPortEnterCritical
                0x0000000008010ff0       0x1c obj/SKYROVER/port.o
                0x0000000008010ff0                vPortEnterCritical
 .text.vPortClearInterruptMask
                0x000000000801100c        0x6 obj/SKYROVER/port.o
                0x000000000801100c                vPortClearInterruptMask
 *fill*         0x0000000008011012        0x2 
 .text.vPortExitCritical
                0x0000000008011014       0x14 obj/SKYROVER/port.o
                0x0000000008011014                vPortExitCritical
 .text.PendSV_Handler
                0x0000000008011028       0x3c obj/SKYROVER/port.o
                0x0000000008011028                PendSV_Handler
 .text.xPortSysTickHandler
                0x0000000008011064       0x24 obj/SKYROVER/port.o
                0x0000000008011064                xPortSysTickHandler
 .text.vPortSetupTimerInterrupt
                0x0000000008011088       0x24 obj/SKYROVER/port.o
                0x0000000008011088                vPortSetupTimerInterrupt
 .text.xPortStartScheduler
                0x00000000080110ac       0x8c obj/SKYROVER/port.o
                0x00000000080110ac                xPortStartScheduler
 .text.vPortValidateInterruptPriority
                0x0000000008011138       0x44 obj/SKYROVER/port.o
                0x0000000008011138                vPortValidateInterruptPriority
 .text.Standard_GetConfiguration
                0x000000000801117c       0x24 obj/SKYROVER/usb_core.o
                0x000000000801117c                Standard_GetConfiguration
 .text.Standard_GetInterface
                0x00000000080111a0       0x24 obj/SKYROVER/usb_core.o
                0x00000000080111a0                Standard_GetInterface
 .text.Standard_GetStatus
                0x00000000080111c4       0x90 obj/SKYROVER/usb_core.o
                0x00000000080111c4                Standard_GetStatus
 .text.DataStageIn
                0x0000000008011254       0xa4 obj/SKYROVER/usb_core.o
 .text.Standard_SetConfiguration
                0x00000000080112f8       0x38 obj/SKYROVER/usb_core.o
                0x00000000080112f8                Standard_SetConfiguration
 .text.Standard_SetInterface
                0x0000000008011330       0x48 obj/SKYROVER/usb_core.o
                0x0000000008011330                Standard_SetInterface
 .text.Standard_ClearFeature
                0x0000000008011378       0xd8 obj/SKYROVER/usb_core.o
                0x0000000008011378                Standard_ClearFeature
 .text.Standard_SetEndPointFeature
                0x0000000008011450       0x8c obj/SKYROVER/usb_core.o
                0x0000000008011450                Standard_SetEndPointFeature
 .text.Standard_SetDeviceFeature
                0x00000000080114dc       0x24 obj/SKYROVER/usb_core.o
                0x00000000080114dc                Standard_SetDeviceFeature
 .text.Standard_GetDescriptorData
                0x0000000008011500       0x1c obj/SKYROVER/usb_core.o
                0x0000000008011500                Standard_GetDescriptorData
 .text.Post0_Process
                0x000000000801151c       0x40 obj/SKYROVER/usb_core.o
                0x000000000801151c                Post0_Process
 .text.Setup0_Process
                0x000000000801155c      0x2dc obj/SKYROVER/usb_core.o
                0x000000000801155c                Setup0_Process
 .text.Out0_Process
                0x0000000008011838       0xd0 obj/SKYROVER/usb_core.o
                0x0000000008011838                Out0_Process
 .text.SetDeviceAddress
                0x0000000008011908       0x40 obj/SKYROVER/usb_core.o
                0x0000000008011908                SetDeviceAddress
 .text.In0_Process
                0x0000000008011948       0x5c obj/SKYROVER/usb_core.o
                0x0000000008011948                In0_Process
 .text.NOP_Process
                0x00000000080119a4        0x2 obj/SKYROVER/usb_core.o
                0x00000000080119a4                NOP_Process
 *fill*         0x00000000080119a6        0x2 
 .text.USB_Init
                0x00000000080119a8       0x38 obj/SKYROVER/usb_init.o
                0x00000000080119a8                USB_Init
 .text.CTR_LP   0x00000000080119e0      0x16c obj/SKYROVER/usb_int.o
                0x00000000080119e0                CTR_LP
 .text.UserToPMABufferCopy
                0x0000000008011b4c       0x30 obj/SKYROVER/usb_mem.o
                0x0000000008011b4c                UserToPMABufferCopy
 .text.PMAToUserBufferCopy
                0x0000000008011b7c       0x24 obj/SKYROVER/usb_mem.o
                0x0000000008011b7c                PMAToUserBufferCopy
 .text.SetBTABLE
                0x0000000008011ba0       0x10 obj/SKYROVER/usb_regs.o
                0x0000000008011ba0                SetBTABLE
 .text.SetEPType
                0x0000000008011bb0       0x1c obj/SKYROVER/usb_regs.o
                0x0000000008011bb0                SetEPType
 .text.SetEPTxStatus
                0x0000000008011bcc       0x32 obj/SKYROVER/usb_regs.o
                0x0000000008011bcc                SetEPTxStatus
 .text.SetEPRxStatus
                0x0000000008011bfe       0x32 obj/SKYROVER/usb_regs.o
                0x0000000008011bfe                SetEPRxStatus
 .text.SetEPTxValid
                0x0000000008011c30       0x26 obj/SKYROVER/usb_regs.o
                0x0000000008011c30                SetEPTxValid
 .text.SetEPRxValid
                0x0000000008011c56       0x26 obj/SKYROVER/usb_regs.o
                0x0000000008011c56                SetEPRxValid
 .text.Clear_Status_Out
                0x0000000008011c7c       0x20 obj/SKYROVER/usb_regs.o
                0x0000000008011c7c                Clear_Status_Out
 .text.ClearDTOG_RX
                0x0000000008011c9c       0x24 obj/SKYROVER/usb_regs.o
                0x0000000008011c9c                ClearDTOG_RX
 .text.ClearDTOG_TX
                0x0000000008011cc0       0x24 obj/SKYROVER/usb_regs.o
                0x0000000008011cc0                ClearDTOG_TX
 .text.SetEPTxAddr
                0x0000000008011ce4       0x20 obj/SKYROVER/usb_regs.o
                0x0000000008011ce4                SetEPTxAddr
 .text.SetEPRxAddr
                0x0000000008011d04       0x20 obj/SKYROVER/usb_regs.o
                0x0000000008011d04                SetEPRxAddr
 .text.GetEPTxAddr
                0x0000000008011d24       0x1c obj/SKYROVER/usb_regs.o
                0x0000000008011d24                GetEPTxAddr
 .text.GetEPRxAddr
                0x0000000008011d40       0x1c obj/SKYROVER/usb_regs.o
                0x0000000008011d40                GetEPRxAddr
 .text.SetEPTxCount
                0x0000000008011d5c       0x1c obj/SKYROVER/usb_regs.o
                0x0000000008011d5c                SetEPTxCount
 .text.SetEPRxCount
                0x0000000008011d78       0x40 obj/SKYROVER/usb_regs.o
                0x0000000008011d78                SetEPRxCount
 .text.GetEPRxCount
                0x0000000008011db8       0x20 obj/SKYROVER/usb_regs.o
                0x0000000008011db8                GetEPRxCount
 .text.ByteSwap
                0x0000000008011dd8        0xa obj/SKYROVER/usb_regs.o
                0x0000000008011dd8                ByteSwap
 *fill*         0x0000000008011de2        0x2 
 .text.USB_SIL_Init
                0x0000000008011de4       0x20 obj/SKYROVER/usb_sil.o
                0x0000000008011de4                USB_SIL_Init
 .text.USB_SIL_Read
                0x0000000008011e04       0x24 obj/SKYROVER/usb_sil.o
                0x0000000008011e04                USB_SIL_Read
 .text.IntToUnicode
                0x0000000008011e28       0x24 obj/SKYROVER/hw_config.o
 .text.USB_LP_CAN1_RX0_IRQHandler
                0x0000000008011e4c        0x4 obj/SKYROVER/hw_config.o
                0x0000000008011e4c                USB_LP_CAN1_RX0_IRQHandler
 .text.USBWakeUp_IRQHandler
                0x0000000008011e50        0x8 obj/SKYROVER/hw_config.o
                0x0000000008011e50                USBWakeUp_IRQHandler
 .text.Set_System
                0x0000000008011e58       0x50 obj/SKYROVER/hw_config.o
                0x0000000008011e58                Set_System
 .text.Set_USBClock
                0x0000000008011ea8       0x16 obj/SKYROVER/hw_config.o
                0x0000000008011ea8                Set_USBClock
 .text.USB_Interrupts_Config
                0x0000000008011ebe       0x3c obj/SKYROVER/hw_config.o
                0x0000000008011ebe                USB_Interrupts_Config
 *fill*         0x0000000008011efa        0x2 
 .text.USB_Cable_Config
                0x0000000008011efc       0x1c obj/SKYROVER/hw_config.o
                0x0000000008011efc                USB_Cable_Config
 .text.USB_To_USART_Send_Data
                0x0000000008011f18       0x34 obj/SKYROVER/hw_config.o
                0x0000000008011f18                USB_To_USART_Send_Data
 .text.Handle_USBAsynchXfer
                0x0000000008011f4c       0x90 obj/SKYROVER/hw_config.o
                0x0000000008011f4c                Handle_USBAsynchXfer
 .text.USB_Send_Data
                0x0000000008011fdc       0x30 obj/SKYROVER/hw_config.o
                0x0000000008011fdc                USB_Send_Data
 .text.Get_SerialNum
                0x000000000801200c       0x34 obj/SKYROVER/hw_config.o
                0x000000000801200c                Get_SerialNum
 .text.EP1_IN_Callback
                0x0000000008012040       0x64 obj/SKYROVER/usb_endp.o
                0x0000000008012040                EP1_IN_Callback
 .text.EP3_OUT_Callback
                0x00000000080120a4       0x24 obj/SKYROVER/usb_endp.o
                0x00000000080120a4                EP3_OUT_Callback
 .text.SOF_Callback
                0x00000000080120c8       0x2c obj/SKYROVER/usb_endp.o
                0x00000000080120c8                SOF_Callback
 .text.USB_Istr
                0x00000000080120f4       0x6c obj/SKYROVER/usb_istr.o
                0x00000000080120f4                USB_Istr
 .text.Virtual_Com_Port_SetConfiguration
                0x0000000008012160       0x18 obj/SKYROVER/usb_prop.o
                0x0000000008012160                Virtual_Com_Port_SetConfiguration
 .text.Virtual_Com_Port_SetDeviceAddress
                0x0000000008012178        0xc obj/SKYROVER/usb_prop.o
                0x0000000008012178                Virtual_Com_Port_SetDeviceAddress
 .text.Virtual_Com_Port_Status_In
                0x0000000008012184       0x14 obj/SKYROVER/usb_prop.o
                0x0000000008012184                Virtual_Com_Port_Status_In
 .text.Virtual_Com_Port_Status_Out
                0x0000000008012198        0x2 obj/SKYROVER/usb_prop.o
                0x0000000008012198                Virtual_Com_Port_Status_Out
 *fill*         0x000000000801219a        0x2 
 .text.Virtual_Com_Port_Data_Setup
                0x000000000801219c       0x5c obj/SKYROVER/usb_prop.o
                0x000000000801219c                Virtual_Com_Port_Data_Setup
 .text.Virtual_Com_Port_NoData_Setup
                0x00000000080121f8       0x24 obj/SKYROVER/usb_prop.o
                0x00000000080121f8                Virtual_Com_Port_NoData_Setup
 .text.Virtual_Com_Port_Get_Interface_Setting
                0x000000000801221c       0x10 obj/SKYROVER/usb_prop.o
                0x000000000801221c                Virtual_Com_Port_Get_Interface_Setting
 .text.Virtual_Com_Port_GetLineCoding
                0x000000000801222c       0x18 obj/SKYROVER/usb_prop.o
                0x000000000801222c                Virtual_Com_Port_GetLineCoding
 .text.Virtual_Com_Port_SetLineCoding
                0x0000000008012244       0x18 obj/SKYROVER/usb_prop.o
                0x0000000008012244                Virtual_Com_Port_SetLineCoding
 .text.Virtual_Com_Port_init
                0x000000000801225c       0x24 obj/SKYROVER/usb_prop.o
                0x000000000801225c                Virtual_Com_Port_init
 .text.Virtual_Com_Port_Reset
                0x0000000008012280       0xe0 obj/SKYROVER/usb_prop.o
                0x0000000008012280                Virtual_Com_Port_Reset
 .text.Virtual_Com_Port_GetDeviceDescriptor
                0x0000000008012360        0xc obj/SKYROVER/usb_prop.o
                0x0000000008012360                Virtual_Com_Port_GetDeviceDescriptor
 .text.Virtual_Com_Port_GetConfigDescriptor
                0x000000000801236c        0xc obj/SKYROVER/usb_prop.o
                0x000000000801236c                Virtual_Com_Port_GetConfigDescriptor
 .text.Virtual_Com_Port_GetStringDescriptor
                0x0000000008012378       0x20 obj/SKYROVER/usb_prop.o
                0x0000000008012378                Virtual_Com_Port_GetStringDescriptor
 .text.PowerOn  0x0000000008012398       0x30 obj/SKYROVER/usb_pwr.o
                0x0000000008012398                PowerOn
 .text._draw_intro
                0x00000000080123c8       0x48 obj/SKYROVER/thread_lcd.o
                0x00000000080123c8                _draw_intro
 .text._draw_status
                0x0000000008012410      0x124 obj/SKYROVER/thread_lcd.o
                0x0000000008012410                _draw_status
 .text.thread_lcd
                0x0000000008012534       0x88 obj/SKYROVER/thread_lcd.o
                0x0000000008012534                thread_lcd
 .text.thread_main
                0x00000000080125bc       0x90 obj/SKYROVER/thread_main.o
                0x00000000080125bc                thread_main
 .text._menu_show_menu
                0x000000000801264c      0x108 obj/SKYROVER/thread_menu.o
 .text.cmd_go_bootloader
                0x0000000008012754       0x18 obj/SKYROVER/thread_menu.o
                0x0000000008012754                cmd_go_bootloader
 .text.cmd_bluetooth_setup
                0x000000000801276c      0x118 obj/SKYROVER/thread_menu.o
                0x000000000801276c                cmd_bluetooth_setup
 .text.cmd_bluetooth_check
                0x0000000008012884       0xe4 obj/SKYROVER/thread_menu.o
                0x0000000008012884                cmd_bluetooth_check
 .text.thread_menu
                0x0000000008012968       0xf0 obj/SKYROVER/thread_menu.o
                0x0000000008012968                thread_menu
 .text.thread_mw
                0x0000000008012a58       0x34 obj/SKYROVER/thread_mw.o
                0x0000000008012a58                thread_mw
 .text.u8g_DrawHBitmap
                0x0000000008012a8c       0x34 obj/SKYROVER/u8g_bitmap.o
                0x0000000008012a8c                u8g_DrawHBitmap
 .text.u8g_DrawBitmap
                0x0000000008012ac0       0x46 obj/SKYROVER/u8g_bitmap.o
                0x0000000008012ac0                u8g_DrawBitmap
 .text.u8g_IsBBXIntersection
                0x0000000008012b06       0x56 obj/SKYROVER/u8g_clip.o
                0x0000000008012b06                u8g_IsBBXIntersection
 .text.u8g_InitCom
                0x0000000008012b5c        0xc obj/SKYROVER/u8g_com_api.o
                0x0000000008012b5c                u8g_InitCom
 .text.u8g_SetChipSelect
                0x0000000008012b68        0xc obj/SKYROVER/u8g_com_api.o
                0x0000000008012b68                u8g_SetChipSelect
 .text.u8g_SetResetLow
                0x0000000008012b74        0xe obj/SKYROVER/u8g_com_api.o
                0x0000000008012b74                u8g_SetResetLow
 .text.u8g_SetResetHigh
                0x0000000008012b82        0xe obj/SKYROVER/u8g_com_api.o
                0x0000000008012b82                u8g_SetResetHigh
 .text.u8g_SetAddress
                0x0000000008012b90        0xc obj/SKYROVER/u8g_com_api.o
                0x0000000008012b90                u8g_SetAddress
 .text.u8g_WriteByte
                0x0000000008012b9c        0xc obj/SKYROVER/u8g_com_api.o
                0x0000000008012b9c                u8g_WriteByte
 .text.u8g_WriteSequence