Archive member included because of file (symbol)

d:/smartrover-devframe-x86-64/tools/gcc-arm-none-eabi-4_8-2014q2-20140609-win32/bin/../lib/gcc/arm-none-eabi/4.8.4/armv7-m\libgcc.a(_arm_addsubdf3.o)
                              ./src/gps.o (__aeabi_dadd)
d:/smartrover-devframe-x86-64/tools/gcc-arm-none-eabi-4_8-2014q2-20140609-win32/bin/../lib/gcc/arm-none-eabi/4.8.4/armv7-m\libgcc.a(_arm_muldivdf3.o)
                              ./src/gps.o (__aeabi_dmul)
d:/smartrover-devframe-x86-64/tools/gcc-arm-none-eabi-4_8-2014q2-20140609-win32/bin/../lib/gcc/arm-none-eabi/4.8.4/armv7-m\libgcc.a(_arm_truncdfsf2.o)
                              ./src/gps.o (__aeabi_d2f)
d:/smartrover-devframe-x86-64/tools/gcc-arm-none-eabi-4_8-2014q2-20140609-win32/bin/../lib/gcc/arm-none-eabi/4.8.4/armv7-m\libgcc.a(_arm_addsubsf3.o)
                              ./src/cli.o (__aeabi_fsub)
d:/smartrover-devframe-x86-64/tools/gcc-arm-none-eabi-4_8-2014q2-20140609-win32/bin/../lib/gcc/arm-none-eabi/4.8.4/armv7-m\libgcc.a(_arm_muldivsf3.o)
                              ./src/cli.o (__aeabi_fmul)
d:/smartrover-devframe-x86-64/tools/gcc-arm-none-eabi-4_8-2014q2-20140609-win32/bin/../lib/gcc/arm-none-eabi/4.8.4/armv7-m\libgcc.a(_arm_cmpsf2.o)
                              ./src/cli.o (__aeabi_fcmpeq)
d:/smartrover-devframe-x86-64/tools/gcc-arm-none-eabi-4_8-2014q2-20140609-win32/bin/../lib/gcc/arm-none-eabi/4.8.4/armv7-m\libgcc.a(_arm_fixsfsi.o)
                              ./src/cli.o (__aeabi_f2iz)
d:/smartrover-devframe-x86-64/tools/gcc-arm-none-eabi-4_8-2014q2-20140609-win32/bin/../lib/gcc/arm-none-eabi/4.8.4/armv7-m\libgcc.a(_arm_fixunssfsi.o)
                              ./src/gps.o (__aeabi_f2uiz)
d:/smartrover-devframe-x86-64/tools/gcc-arm-none-eabi-4_8-2014q2-20140609-win32/bin/../lib/gcc/arm-none-eabi/4.8.4/../../../../arm-none-eabi/lib/armv7-m\libg.a(lib_a-atoi.o)
                              ./src/cli.o (atoi)
d:/smartrover-devframe-x86-64/tools/gcc-arm-none-eabi-4_8-2014q2-20140609-win32/bin/../lib/gcc/arm-none-eabi/4.8.4/../../../../arm-none-eabi/lib/armv7-m\libg.a(lib_a-bsearch.o)
                              ./src/cli.o (bsearch)
d:/smartrover-devframe-x86-64/tools/gcc-arm-none-eabi-4_8-2014q2-20140609-win32/bin/../lib/gcc/arm-none-eabi/4.8.4/../../../../arm-none-eabi/lib/armv7-m\libg.a(lib_a-ctype_.o)
                              ./src/cli.o (__ctype_ptr__)
d:/smartrover-devframe-x86-64/tools/gcc-arm-none-eabi-4_8-2014q2-20140609-win32/bin/../lib/gcc/arm-none-eabi/4.8.4/../../../../arm-none-eabi/lib/armv7-m\libg.a(lib_a-exit.o)
                              d:/smartrover-devframe-x86-64/tools/gcc-arm-none-eabi-4_8-2014q2-20140609-win32/bin/../lib/gcc/arm-none-eabi/4.8.4/../../../../arm-none-eabi/lib/armv7-m/crt0.o (exit)
d:/smartrover-devframe-x86-64/tools/gcc-arm-none-eabi-4_8-2014q2-20140609-win32/bin/../lib/gcc/arm-none-eabi/4.8.4/../../../../arm-none-eabi/lib/armv7-m\libg.a(lib_a-impure.o)
                              d:/smartrover-devframe-x86-64/tools/gcc-arm-none-eabi-4_8-2014q2-20140609-win32/bin/../lib/gcc/arm-none-eabi/4.8.4/../../../../arm-none-eabi/lib/armv7-m\libg.a(lib_a-exit.o) (_global_impure_ptr)
d:/smartrover-devframe-x86-64/tools/gcc-arm-none-eabi-4_8-2014q2-20140609-win32/bin/../lib/gcc/arm-none-eabi/4.8.4/../../../../arm-none-eabi/lib/armv7-m\libg.a(lib_a-init.o)
                              d:/smartrover-devframe-x86-64/tools/gcc-arm-none-eabi-4_8-2014q2-20140609-win32/bin/../lib/gcc/arm-none-eabi/4.8.4/../../../../arm-none-eabi/lib/armv7-m/crt0.o (__libc_init_array)
d:/smartrover-devframe-x86-64/tools/gcc-arm-none-eabi-4_8-2014q2-20140609-win32/bin/../lib/gcc/arm-none-eabi/4.8.4/../../../../arm-none-eabi/lib/armv7-m\libg.a(lib_a-memcpy.o)
                              ./src/config.o (memcpy)
d:/smartrover-devframe-x86-64/tools/gcc-arm-none-eabi-4_8-2014q2-20140609-win32/bin/../lib/gcc/arm-none-eabi/4.8.4/../../../../arm-none-eabi/lib/armv7-m\libg.a(lib_a-memset.o)
                              d:/smartrover-devframe-x86-64/tools/gcc-arm-none-eabi-4_8-2014q2-20140609-win32/bin/../lib/gcc/arm-none-eabi/4.8.4/../../../../arm-none-eabi/lib/armv7-m/crt0.o (memset)
d:/smartrover-devframe-x86-64/tools/gcc-arm-none-eabi-4_8-2014q2-20140609-win32/bin/../lib/gcc/arm-none-eabi/4.8.4/../../../../arm-none-eabi/lib/armv7-m\libg.a(lib_a-strcat.o)
                              ./src/cli.o (strcat)
d:/smartrover-devframe-x86-64/tools/gcc-arm-none-eabi-4_8-2014q2-20140609-win32/bin/../lib/gcc/arm-none-eabi/4.8.4/../../../../arm-none-eabi/lib/armv7-m\libg.a(lib_a-strchr.o)
                              ./src/cli.o (strchr)
d:/smartrover-devframe-x86-64/tools/gcc-arm-none-eabi-4_8-2014q2-20140609-win32/bin/../lib/gcc/arm-none-eabi/4.8.4/../../../../arm-none-eabi/lib/armv7-m\libg.a(lib_a-strcpy.o)
                              d:/smartrover-devframe-x86-64/tools/gcc-arm-none-eabi-4_8-2014q2-20140609-win32/bin/../lib/gcc/arm-none-eabi/4.8.4/../../../../arm-none-eabi/lib/armv7-m\libg.a(lib_a-strcat.o) (strcpy)
[...]
Memory Configuration

Name             Origin             Length             Attributes
FLASH            0x08000000         0x0001fc00         xr
RAM              0x20000000         0x00005000         xrw
MEMORY_B1        0x60000000         0x00000000         xr
*default*        0x00000000         0xffffffff

Linker script and memory map

LOAD d:/smartrover-devframe-x86-64/tools/gcc-arm-none-eabi-4_8-2014q2-20140609-win32/bin/../lib/gcc/arm-none-eabi/4.8.4/armv7-m/crti.o
LOAD d:/smartrover-devframe-x86-64/tools/gcc-arm-none-eabi-4_8-2014q2-20140609-win32/bin/../lib/gcc/arm-none-eabi/4.8.4/armv7-m/crtbegin.o
LOAD d:/smartrover-devframe-x86-64/tools/gcc-arm-none-eabi-4_8-2014q2-20140609-win32/bin/../lib/gcc/arm-none-eabi/4.8.4/../../../../arm-none-eabi/lib/armv7-m/crt0.o
LOAD ./src/buzzer.o
LOAD ./src/cli.o
LOAD ./src/config.o
LOAD ./src/drv_adc.o
LOAD ./src/drv_adxl345.o
LOAD ./src/drv_bma280.o
LOAD ./src/drv_bmp085.o
LOAD ./src/drv_gpio.o
LOAD ./src/drv_hcsr04.o
LOAD ./src/drv_hmc5883l.o
LOAD ./src/drv_i2c.o
LOAD ./src/drv_i2c_soft.o
LOAD ./src/drv_l3g4200d.o
LOAD ./src/drv_ledring.o
LOAD ./src/drv_mma845x.o
LOAD ./src/drv_mpu3050.o
LOAD ./src/drv_mpu6050.o
LOAD ./src/drv_ms5611.o
LOAD ./src/drv_pwm.o
LOAD ./src/drv_serial.o
LOAD ./src/drv_softserial.o
LOAD ./src/drv_spi.o
LOAD ./src/drv_system.o
LOAD ./src/drv_timer.o
LOAD ./src/drv_uart.o
LOAD ./src/drv_vcom.o
LOAD ./src/drv_vcom_q.o
LOAD ./src/gps.o
LOAD ./src/hexairbot.o
LOAD ./src/imu.o
LOAD ./src/main.o
LOAD ./src/mixer.o
LOAD ./src/mw.o
LOAD ./src/printf.o
LOAD ./src/sbus.o
LOAD ./src/sensors.o
LOAD ./src/serial.o
LOAD ./src/spektrum.o
LOAD ./src/sumd.o
LOAD ./src/telemetry.o
LOAD ./src/utils.o
LOAD ./lib/USB_Port/hw_config.o
LOAD ./lib/USB_Port/usb_desc.o
LOAD ./lib/USB_Port/usb_endp.o
LOAD ./lib/USB_Port/usb_istr.o
LOAD ./lib/USB_Port/usb_prop.o
LOAD ./lib/USB_Port/usb_pwr.o
LOAD ./lib/STM32_USB-FS-Device_Driver/src/usb_core.o
LOAD ./lib/STM32_USB-FS-Device_Driver/src/usb_init.o
LOAD ./lib/STM32_USB-FS-Device_Driver/src/usb_int.o
LOAD ./lib/STM32_USB-FS-Device_Driver/src/usb_mem.o
LOAD ./lib/STM32_USB-FS-Device_Driver/src/usb_regs.o
LOAD ./lib/STM32_USB-FS-Device_Driver/src/usb_sil.o
LOAD ./lib/STM32F10x_StdPeriph_Driver/src/misc.o
LOAD ./lib/STM32F10x_StdPeriph_Driver/src/stm32f10x_adc.o
LOAD ./lib/STM32F10x_StdPeriph_Driver/src/stm32f10x_bkp.o
LOAD ./lib/STM32F10x_StdPeriph_Driver/src/stm32f10x_can.o
LOAD ./lib/STM32F10x_StdPeriph_Driver/src/stm32f10x_cec.o
LOAD ./lib/STM32F10x_StdPeriph_Driver/src/stm32f10x_crc.o
LOAD ./lib/STM32F10x_StdPeriph_Driver/src/stm32f10x_dac.o
LOAD ./lib/STM32F10x_StdPeriph_Driver/src/stm32f10x_dbgmcu.o
LOAD ./lib/STM32F10x_StdPeriph_Driver/src/stm32f10x_dma.o
LOAD ./lib/STM32F10x_StdPeriph_Driver/src/stm32f10x_exti.o
LOAD ./lib/STM32F10x_StdPeriph_Driver/src/stm32f10x_flash.o
LOAD ./lib/STM32F10x_StdPeriph_Driver/src/stm32f10x_fsmc.o
LOAD ./lib/STM32F10x_StdPeriph_Driver/src/stm32f10x_gpio.o
LOAD ./lib/STM32F10x_StdPeriph_Driver/src/stm32f10x_i2c.o
LOAD ./lib/STM32F10x_StdPeriph_Driver/src/stm32f10x_iwdg.o
LOAD ./lib/STM32F10x_StdPeriph_Driver/src/stm32f10x_pwr.o
LOAD ./lib/STM32F10x_StdPeriph_Driver/src/stm32f10x_rcc.o
LOAD ./lib/STM32F10x_StdPeriph_Driver/src/stm32f10x_rtc.o
LOAD ./lib/STM32F10x_StdPeriph_Driver/src/stm32f10x_sdio.o
LOAD ./lib/STM32F10x_StdPeriph_Driver/src/stm32f10x_spi.o
LOAD ./lib/STM32F10x_StdPeriph_Driver/src/stm32f10x_tim.o
LOAD ./lib/STM32F10x_StdPeriph_Driver/src/stm32f10x_usart.o
LOAD ./lib/STM32F10x_StdPeriph_Driver/src/stm32f10x_wwdg.o
LOAD ./lib/FreeRTOS/Source/portable/GCC/ARM_CM3/heap_2.o
LOAD ./lib/FreeRTOS/Source/portable/GCC/ARM_CM3/port.o
LOAD ./lib/FreeRTOS/Source/CMSIS_RTOS/cmsis_os.o
LOAD ./lib/FreeRTOS/Source/croutine.o
LOAD ./lib/FreeRTOS/Source/list.o
LOAD ./lib/FreeRTOS/Source/queue.o
LOAD ./lib/FreeRTOS/Source/tasks.o
LOAD ./lib/FreeRTOS/Source/timers.o
LOAD ./lib/CMSIS/Device/ST/STM32F10x/system_stm32f10x.o
START GROUP
LOAD d:/smartrover-devframe-x86-64/tools/gcc-arm-none-eabi-4_8-2014q2-20140609-win32/bin/../lib/gcc/arm-none-eabi/4.8.4/armv7-m\libgcc.a
LOAD d:/smartrover-devframe-x86-64/tools/gcc-arm-none-eabi-4_8-2014q2-20140609-win32/bin/../lib/gcc/arm-none-eabi/4.8.4/../../../../arm-none-eabi/lib/armv7-m\libg.a
LOAD d:/smartrover-devframe-x86-64/tools/gcc-arm-none-eabi-4_8-2014q2-20140609-win32/bin/../lib/gcc/arm-none-eabi/4.8.4/../../../../arm-none-eabi/lib/armv7-m\libc.a
END GROUP
LOAD d:/smartrover-devframe-x86-64/tools/gcc-arm-none-eabi-4_8-2014q2-20140609-win32/bin/../lib/gcc/arm-none-eabi/4.8.4/armv7-m/crtend.o
LOAD d:/smartrover-devframe-x86-64/tools/gcc-arm-none-eabi-4_8-2014q2-20140609-win32/bin/../lib/gcc/arm-none-eabi/4.8.4/armv7-m/crtn.o
                0x20005000                _estack = 0x20005000
                0x00000000                _Min_Heap_Size = 0x0
                0x00000400                _Min_Stack_Size = 0x400

.isr_vector     0x08000000        0x0
                0x08000000                . = ALIGN (0x4)
 *(.isr_vector)
                0x08000000                . = ALIGN (0x4)

.text           0x08000000      0x16c
                0x08000000                . = ALIGN (0x4)
 *(.text)
 .text          0x08000000       0x54 d:/smartrover-devframe-x86-64/tools/gcc-arm-none-eabi-4_8-2014q2-20140609-win32/bin/../lib/gcc/arm-none-eabi/4.8.4/armv7-m/crtbegin.o
 *(.text*)
 .text.startup.register_fini
                0x08000054       0x14 d:/smartrover-devframe-x86-64/tools/gcc-arm-none-eabi-4_8-2014q2-20140609-win32/bin/../lib/gcc/arm-none-eabi/4.8.4/../../../../arm-none-eabi/lib/armv7-m\libg.a(lib_a-__call_atexit.o)
 .text.atexit   0x08000068        0xc d:/smartrover-devframe-x86-64/tools/gcc-arm-none-eabi-4_8-2014q2-20140609-win32/bin/../lib/gcc/arm-none-eabi/4.8.4/../../../../arm-none-eabi/lib/armv7-m\libg.a(lib_a-atexit.o)
                0x08000068                atexit
 .text.__libc_fini_array
                0x08000074       0x30 d:/smartrover-devframe-x86-64/tools/gcc-arm-none-eabi-4_8-2014q2-20140609-win32/bin/../lib/gcc/arm-none-eabi/4.8.4/../../../../arm-none-eabi/lib/armv7-m\libg.a(lib_a-fini.o)
                0x08000074                __libc_fini_array
 .text.__register_exitproc
                0x080000a4       0xa8 d:/smartrover-devframe-x86-64/tools/gcc-arm-none-eabi-4_8-2014q2-20140609-win32/bin/../lib/gcc/arm-none-eabi/4.8.4/../../../../arm-none-eabi/lib/armv7-m\libg.a(lib_a-__atexit.o)
                0x080000a4                __register_exitproc
 *(.rodata)
 *(.rodata*)
 .rodata.str1.4
                0x0800014c        0x4 d:/smartrover-devframe-x86-64/tools/gcc-arm-none-eabi-4_8-2014q2-20140609-win32/bin/../lib/gcc/arm-none-eabi/4.8.4/../../../../arm-none-eabi/lib/armv7-m\libg.a(lib_a-impure.o)
 .rodata._global_impure_ptr
                0x08000150        0x4 d:/smartrover-devframe-x86-64/tools/gcc-arm-none-eabi-4_8-2014q2-20140609-win32/bin/../lib/gcc/arm-none-eabi/4.8.4/../../../../arm-none-eabi/lib/armv7-m\libg.a(lib_a-impure.o)
                0x08000150                _global_impure_ptr
 *(.glue_7)
 .glue_7        0x00000000        0x0 linker stubs
 *(.glue_7t)
 .glue_7t       0x00000000        0x0 linker stubs
 *(.eh_frame)
 .eh_frame      0x08000154        0x0 d:/smartrover-devframe-x86-64/tools/gcc-arm-none-eabi-4_8-2014q2-20140609-win32/bin/../lib/gcc/arm-none-eabi/4.8.4/armv7-m/crtbegin.o
 *(.init)
 .init          0x08000154        0x4 d:/smartrover-devframe-x86-64/tools/gcc-arm-none-eabi-4_8-2014q2-20140609-win32/bin/../lib/gcc/arm-none-eabi/4.8.4/armv7-m/crti.o
                0x08000154                _init
 .init          0x08000158        0x8 d:/smartrover-devframe-x86-64/tools/gcc-arm-none-eabi-4_8-2014q2-20140609-win32/bin/../lib/gcc/arm-none-eabi/4.8.4/armv7-m/crtn.o
 *(.fini)
 .fini          0x08000160        0x4 d:/smartrover-devframe-x86-64/tools/gcc-arm-none-eabi-4_8-2014q2-20140609-win32/bin/../lib/gcc/arm-none-eabi/4.8.4/armv7-m/crti.o
                0x08000160                _fini
 .fini          0x08000164        0x8 d:/smartrover-devframe-x86-64/tools/gcc-arm-none-eabi-4_8-2014q2-20140609-win32/bin/../lib/gcc/arm-none-eabi/4.8.4/armv7-m/crtn.o
                0x0800016c                . = ALIGN (0x4)
                0x0800016c                _etext = .

.vfp11_veneer   0x0800016c        0x0
 .vfp11_veneer  0x00000000        0x0 linker stubs

.v4_bx          0x0800016c        0x0
 .v4_bx         0x00000000        0x0 linker stubs

.iplt           0x0800016c        0x0
 .iplt          0x00000000        0x0 d:/smartrover-devframe-x86-64/tools/gcc-arm-none-eabi-4_8-2014q2-20140609-win32/bin/../lib/gcc/arm-none-eabi/4.8.4/armv7-m/crtbegin.o

.rel.dyn        0x0800016c        0x0
 .rel.iplt      0x00000000        0x0 d:/smartrover-devframe-x86-64/tools/gcc-arm-none-eabi-4_8-2014q2-20140609-win32/bin/../lib/gcc/arm-none-eabi/4.8.4/armv7-m/crtbegin.o

.ARM.extab
 *(.ARM.extab* .gnu.linkonce.armextab.*)

.ARM            0x0800016c        0x0
                0x0800016c                __exidx_start = .
 *(.ARM.exidx*)
                0x0800016c                __exidx_end = .

.preinit_array  0x0800016c        0x0
                0x0800016c                PROVIDE (__preinit_array_start, .)
 *(.preinit_array*)
                0x0800016c                PROVIDE (__preinit_array_end, .)

.init_array     0x0800016c        0x8
                0x0800016c                PROVIDE (__init_array_start, .)
 *(SORT(.init_array.*))
 .init_array.00000
                0x0800016c        0x4 d:/smartrover-devframe-x86-64/tools/gcc-arm-none-eabi-4_8-2014q2-20140609-win32/bin/../lib/gcc/arm-none-eabi/4.8.4/../../../../arm-none-eabi/lib/armv7-m\libg.a(lib_a-__call_atexit.o)
 *(.init_array*)
 .init_array    0x08000170        0x4 d:/smartrover-devframe-x86-64/tools/gcc-arm-none-eabi-4_8-2014q2-20140609-win32/bin/../lib/gcc/arm-none-eabi/4.8.4/armv7-m/crtbegin.o
                0x08000174                PROVIDE (__init_array_end, .)

.fini_array     0x08000174        0x4
                0x08000174                PROVIDE (__fini_array_start, .)
 *(.fini_array*)
 .fini_array    0x08000174        0x4 d:/smartrover-devframe-x86-64/tools/gcc-arm-none-eabi-4_8-2014q2-20140609-win32/bin/../lib/gcc/arm-none-eabi/4.8.4/armv7-m/crtbegin.o
 *(SORT(.fini_array.*))
                0x08000178                PROVIDE (__fini_array_end, .)
                0x08000178                _sidata = .

.data           0x20000000      0x428 load address 0x08000178
                0x20000000                . = ALIGN (0x4)
                0x20000000                _sdata = .
 *(.data)
 *(.data*)
 .data.impure_data
                0x20000000      0x428 d:/smartrover-devframe-x86-64/tools/gcc-arm-none-eabi-4_8-2014q2-20140609-win32/bin/../lib/gcc/arm-none-eabi/4.8.4/../../../../arm-none-eabi/lib/armv7-m\libg.a(lib_a-impure.o)
                0x20000428                . = ALIGN (0x4)
                0x20000428                _edata = .

.jcr            0x20000428        0x0 load address 0x080005a0
 .jcr           0x20000428        0x0 d:/smartrover-devframe-x86-64/tools/gcc-arm-none-eabi-4_8-2014q2-20140609-win32/bin/../lib/gcc/arm-none-eabi/4.8.4/armv7-m/crtbegin.o

.igot.plt       0x20000428        0x0 load address 0x080005a0
 .igot.plt      0x00000000        0x0 d:/smartrover-devframe-x86-64/tools/gcc-arm-none-eabi-4_8-2014q2-20140609-win32/bin/../lib/gcc/arm-none-eabi/4.8.4/armv7-m/crtbegin.o
                0x20000428                . = ALIGN (0x4)

.bss            0x20000428       0x1c load address 0x080005a0
                0x20000428                _sbss = .
                0x20000428                __bss_start__ = _sbss
 *(.bss)
 .bss           0x20000428       0x1c d:/smartrover-devframe-x86-64/tools/gcc-arm-none-eabi-4_8-2014q2-20140609-win32/bin/../lib/gcc/arm-none-eabi/4.8.4/armv7-m/crtbegin.o
 *(.bss*)
 *(COMMON)
                0x20000444                . = ALIGN (0x4)
                0x20000444                _ebss = .
                0x20000444                __bss_end__ = _ebss

._user_heap_stack
                0x20000444      0x400 load address 0x080005a0
                0x20000444                . = ALIGN (0x4)
                0x20000444                PROVIDE (end, .)
                0x20000444                PROVIDE (_end, .)
                0x20000444                . = (. + _Min_Heap_Size)
                0x20000844                . = (. + _Min_Stack_Size)
 *fill*         0x20000444      0x400 
                0x20000844                . = ALIGN (0x4)

.memory_b1_text
 *(.mb1text)
 *(.mb1text*)
 *(.mb1rodata)
 *(.mb1rodata*)

/DISCARD/
 libc.a(*)
 libm.a(*)
 libgcc.a(*)

.ARM.attributes
                0x00000000       0x29
 *(.ARM.attributes)
 .ARM.attributes
                0x00000000       0x1d d:/smartrover-devframe-x86-64/tools/gcc-arm-none-eabi-4_8-2014q2-20140609-win32/bin/../lib/gcc/arm-none-eabi/4.8.4/armv7-m/crti.o
 .ARM.attributes
                0x0000001d       0x2d d:/smartrover-devframe-x86-64/tools/gcc-arm-none-eabi-4_8-2014q2-20140609-win32/bin/../lib/gcc/arm-none-eabi/4.8.4/armv7-m/crtbegin.o
 .ARM.attributes
                0x0000004a       0x2d d:/smartrover-devframe-x86-64/tools/gcc-arm-none-eabi-4_8-2014q2-20140609-win32/bin/../lib/gcc/arm-none-eabi/4.8.4/../../../../arm-none-eabi/lib/armv7-m\libg.a(lib_a-impure.o)
 .ARM.attributes
                0x00000077       0x2d d:/smartrover-devframe-x86-64/tools/gcc-arm-none-eabi-4_8-2014q2-20140609-win32/bin/../lib/gcc/arm-none-eabi/4.8.4/../../../../arm-none-eabi/lib/armv7-m\libg.a(lib_a-__call_atexit.o)
 .ARM.attributes
                0x000000a4       0x2d d:/smartrover-devframe-x86-64/tools/gcc-arm-none-eabi-4_8-2014q2-20140609-win32/bin/../lib/gcc/arm-none-eabi/4.8.4/../../../../arm-none-eabi/lib/armv7-m\libg.a(lib_a-atexit.o)
 .ARM.attributes
                0x000000d1       0x2d d:/smartrover-devframe-x86-64/tools/gcc-arm-none-eabi-4_8-2014q2-20140609-win32/bin/../lib/gcc/arm-none-eabi/4.8.4/../../../../arm-none-eabi/lib/armv7-m\libg.a(lib_a-fini.o)
 .ARM.attributes
                0x000000fe       0x2d d:/smartrover-devframe-x86-64/tools/gcc-arm-none-eabi-4_8-2014q2-20140609-win32/bin/../lib/gcc/arm-none-eabi/4.8.4/../../../../arm-none-eabi/lib/armv7-m\libg.a(lib_a-__atexit.o)
 .ARM.attributes
                0x0000012b       0x1d d:/smartrover-devframe-x86-64/tools/gcc-arm-none-eabi-4_8-2014q2-20140609-win32/bin/../lib/gcc/arm-none-eabi/4.8.4/armv7-m/crtn.o
OUTPUT(SkyRover_Rev1.elf elf32-littlearm)

.debug_frame    0x00000000       0xc4
 .debug_frame   0x00000000       0x48 d:/smartrover-devframe-x86-64/tools/gcc-arm-none-eabi-4_8-2014q2-20140609-win32/bin/../lib/gcc/arm-none-eabi/4.8.4/../../../../arm-none-eabi/lib/armv7-m\libg.a(lib_a-__call_atexit.o)
 .debug_frame   0x00000048       0x20 d:/smartrover-devframe-x86-64/tools/gcc-arm-none-eabi-4_8-2014q2-20140609-win32/bin/../lib/gcc/arm-none-eabi/4.8.4/../../../../arm-none-eabi/lib/armv7-m\libg.a(lib_a-atexit.o)
 .debug_frame   0x00000068       0x2c d:/smartrover-devframe-x86-64/tools/gcc-arm-none-eabi-4_8-2014q2-20140609-win32/bin/../lib/gcc/arm-none-eabi/4.8.4/../../../../arm-none-eabi/lib/armv7-m\libg.a(lib_a-fini.o)
 .debug_frame   0x00000094       0x30 d:/smartrover-devframe-x86-64/tools/gcc-arm-none-eabi-4_8-2014q2-20140609-win32/bin/../lib/gcc/arm-none-eabi/4.8.4/../../../../arm-none-eabi/lib/armv7-m\libg.a(lib_a-__atexit.o)
